Archive member included to satisfy reference by file (symbol)

c:/ti/ccs1220/ccs/tools/compiler/gcc-arm-none-eabi-9-2019-q4-major/bin/../lib/gcc/arm-none-eabi/9.2.1/../../../../arm-none-eabi/lib/thumb/v7e-m/nofp\libc.a(lib_a-exit.o)
                              c:/ti/ccs1220/ccs/tools/compiler/gcc-arm-none-eabi-9-2019-q4-major/bin/../lib/gcc/arm-none-eabi/9.2.1/../../../../arm-none-eabi/lib/thumb/v7e-m/nofp/crt0.o (exit)
c:/ti/ccs1220/ccs/tools/compiler/gcc-arm-none-eabi-9-2019-q4-major/bin/../lib/gcc/arm-none-eabi/9.2.1/../../../../arm-none-eabi/lib/thumb/v7e-m/nofp\libc.a(lib_a-impure.o)
                              c:/ti/ccs1220/ccs/tools/compiler/gcc-arm-none-eabi-9-2019-q4-major/bin/../lib/gcc/arm-none-eabi/9.2.1/../../../../arm-none-eabi/lib/thumb/v7e-m/nofp\libc.a(lib_a-exit.o) (_global_impure_ptr)
c:/ti/ccs1220/ccs/tools/compiler/gcc-arm-none-eabi-9-2019-q4-major/bin/../lib/gcc/arm-none-eabi/9.2.1/../../../../arm-none-eabi/lib/thumb/v7e-m/nofp\libc.a(lib_a-init.o)
                              c:/ti/ccs1220/ccs/tools/compiler/gcc-arm-none-eabi-9-2019-q4-major/bin/../lib/gcc/arm-none-eabi/9.2.1/../../../../arm-none-eabi/lib/thumb/v7e-m/nofp/crt0.o (__libc_init_array)
c:/ti/ccs1220/ccs/tools/compiler/gcc-arm-none-eabi-9-2019-q4-major/bin/../lib/gcc/arm-none-eabi/9.2.1/../../../../arm-none-eabi/lib/thumb/v7e-m/nofp\libc.a(lib_a-memset.o)
                              c:/ti/ccs1220/ccs/tools/compiler/gcc-arm-none-eabi-9-2019-q4-major/bin/../lib/gcc/arm-none-eabi/9.2.1/../../../../arm-none-eabi/lib/thumb/v7e-m/nofp/crt0.o (memset)
c:/ti/ccs1220/ccs/tools/compiler/gcc-arm-none-eabi-9-2019-q4-major/bin/../lib/gcc/arm-none-eabi/9.2.1/../../../../arm-none-eabi/lib/thumb/v7e-m/nofp\libc.a(lib_a-sprintf.o)
                              ./Source/App/Main/AppsDownloader.o (sprintf)
c:/ti/ccs1220/ccs/tools/compiler/gcc-arm-none-eabi-9-2019-q4-major/bin/../lib/gcc/arm-none-eabi/9.2.1/../../../../arm-none-eabi/lib/thumb/v7e-m/nofp\libc.a(lib_a-svfprintf.o)
                              c:/ti/ccs1220/ccs/tools/compiler/gcc-arm-none-eabi-9-2019-q4-major/bin/../lib/gcc/arm-none-eabi/9.2.1/../../../../arm-none-eabi/lib/thumb/v7e-m/nofp\libc.a(lib_a-sprintf.o) (_svfprintf_r)
c:/ti/ccs1220/ccs/tools/compiler/gcc-arm-none-eabi-9-2019-q4-major/bin/../lib/gcc/arm-none-eabi/9.2.1/../../../../arm-none-eabi/lib/thumb/v7e-m/nofp\libc.a(lib_a-__call_atexit.o)
                              c:/ti/ccs1220/ccs/tools/compiler/gcc-arm-none-eabi-9-2019-q4-major/bin/../lib/gcc/arm-none-eabi/9.2.1/../../../../arm-none-eabi/lib/thumb/v7e-m/nofp\libc.a(lib_a-exit.o) (__call_exitprocs)
c:/ti/ccs1220/ccs/tools/compiler/gcc-arm-none-eabi-9-2019-q4-major/bin/../lib/gcc/arm-none-eabi/9.2.1/../../../../arm-none-eabi/lib/thumb/v7e-m/nofp\libc.a(lib_a-atexit.o)
                              c:/ti/ccs1220/ccs/tools/compiler/gcc-arm-none-eabi-9-2019-q4-major/bin/../lib/gcc/arm-none-eabi/9.2.1/../../../../arm-none-eabi/lib/thumb/v7e-m/nofp\libc.a(lib_a-__call_atexit.o) (atexit)
c:/ti/ccs1220/ccs/tools/compiler/gcc-arm-none-eabi-9-2019-q4-major/bin/../lib/gcc/arm-none-eabi/9.2.1/../../../../arm-none-eabi/lib/thumb/v7e-m/nofp\libc.a(lib_a-dtoa.o)
                              c:/ti/ccs1220/ccs/tools/compiler/gcc-arm-none-eabi-9-2019-q4-major/bin/../lib/gcc/arm-none-eabi/9.2.1/../../../../arm-none-eabi/lib/thumb/v7e-m/nofp\libc.a(lib_a-svfprintf.o) (_dtoa_r)
c:/ti/ccs1220/ccs/tools/compiler/gcc-arm-none-eabi-9-2019-q4-major/bin/../lib/gcc/arm-none-eabi/9.2.1/../../../../arm-none-eabi/lib/thumb/v7e-m/nofp\libc.a(lib_a-fini.o)
                              c:/ti/ccs1220/ccs/tools/compiler/gcc-arm-none-eabi-9-2019-q4-major/bin/../lib/gcc/arm-none-eabi/9.2.1/../../../../arm-none-eabi/lib/thumb/v7e-m/nofp\libc.a(lib_a-__call_atexit.o) (__libc_fini_array)
c:/ti/ccs1220/ccs/tools/compiler/gcc-arm-none-eabi-9-2019-q4-major/bin/../lib/gcc/arm-none-eabi/9.2.1/../../../../arm-none-eabi/lib/thumb/v7e-m/nofp\libc.a(lib_a-freer.o)
                              c:/ti/ccs1220/ccs/tools/compiler/gcc-arm-none-eabi-9-2019-q4-major/bin/../lib/gcc/arm-none-eabi/9.2.1/../../../../arm-none-eabi/lib/thumb/v7e-m/nofp\libc.a(lib_a-svfprintf.o) (_free_r)
c:/ti/ccs1220/ccs/tools/compiler/gcc-arm-none-eabi-9-2019-q4-major/bin/../lib/gcc/arm-none-eabi/9.2.1/../../../../arm-none-eabi/lib/thumb/v7e-m/nofp\libc.a(lib_a-localeconv.o)
                              c:/ti/ccs1220/ccs/tools/compiler/gcc-arm-none-eabi-9-2019-q4-major/bin/../lib/gcc/arm-none-eabi/9.2.1/../../../../arm-none-eabi/lib/thumb/v7e-m/nofp\libc.a(lib_a-svfprintf.o) (_localeconv_r)
c:/ti/ccs1220/ccs/tools/compiler/gcc-arm-none-eabi-9-2019-q4-major/bin/../lib/gcc/arm-none-eabi/9.2.1/../../../../arm-none-eabi/lib/thumb/v7e-m/nofp\libc.a(lib_a-lock.o)
                              c:/ti/ccs1220/ccs/tools/compiler/gcc-arm-none-eabi-9-2019-q4-major/bin/../lib/gcc/arm-none-eabi/9.2.1/../../../../arm-none-eabi/lib/thumb/v7e-m/nofp\libc.a(lib_a-__call_atexit.o) (__retarget_lock_acquire_recursive)
[...]
Memory Configuration

Name             Origin             Length             Attributes
ROM              0x00000000         0x00020000         xr
RAM              0x20000000         0x00004000         xrw
*default*        0x00000000         0xffffffff

Linker script and memory map

LOAD c:/ti/ccs1220/ccs/tools/compiler/gcc-arm-none-eabi-9-2019-q4-major/bin/../lib/gcc/arm-none-eabi/9.2.1/thumb/v7e-m/nofp/crti.o
LOAD c:/ti/ccs1220/ccs/tools/compiler/gcc-arm-none-eabi-9-2019-q4-major/bin/../lib/gcc/arm-none-eabi/9.2.1/thumb/v7e-m/nofp/crtbegin.o
LOAD c:/ti/ccs1220/ccs/tools/compiler/gcc-arm-none-eabi-9-2019-q4-major/bin/../lib/gcc/arm-none-eabi/9.2.1/../../../../arm-none-eabi/lib/thumb/v7e-m/nofp/crt0.o
LOAD ./Source/App/Main/AppsDownloader.o
LOAD ./Source/App/Main/main.o
LOAD ./Source/BSP/bsp.o
LOAD ./Source/BSP/startup_tm4c_gnu.o
LOAD ./Source/Driver/ADC/ADC_Driver.o
LOAD ./Source/Driver/CAN/CAN_Driver.o
LOAD ./Source/Driver/FLASH/FLASH.o
LOAD ./Source/Driver/GPIO/GPIOdriver.o
LOAD ./Source/Driver/I2C/I2C.o
LOAD ./Source/Driver/LCD/LCD.o
LOAD ./Source/Driver/SPI/SPI.o
LOAD ./Source/Driver/Timer/Timer.o
LOAD ./Source/Driver/Timer/timercnter.o
LOAD ./Source/Driver/UART/UART.o
LOAD ./Source/Middleware/MCP3208/MCP3208.o
LOAD ./Source/Middleware/OLED_SSD1306/SSD1306.o
LOAD ./Source/Middleware/RTC_DS3231/DS3231.o
                0x00000400                STACK_SIZE = 0x400
                0x00000080                HEAP_SIZE = 0x80

.isr_vector     0x00000000      0x26c
 *(.isr_vector)
 .isr_vector    0x00000000      0x26c ./Source/BSP/startup_tm4c_gnu.o
                0x00000000                g_pfnVectors
                0x0000026c                . = ALIGN (0x4)

.eh_frame       0x0000026c        0x4
 .eh_frame      0x0000026c        0x0 c:/ti/ccs1220/ccs/tools/compiler/gcc-arm-none-eabi-9-2019-q4-major/bin/../lib/gcc/arm-none-eabi/9.2.1/thumb/v7e-m/nofp/crtbegin.o
 .eh_frame      0x0000026c        0x4 c:/ti/ccs1220/ccs/tools/compiler/gcc-arm-none-eabi-9-2019-q4-major/bin/../lib/gcc/arm-none-eabi/9.2.1/thumb/v7e-m/nofp/crtend.o

.ARM.extab      0x00000270        0x0
 .ARM.extab     0x00000270        0x0 c:/ti/ccs1220/ccs/tools/compiler/gcc-arm-none-eabi-9-2019-q4-major/bin/../lib/gcc/arm-none-eabi/9.2.1/../../../../arm-none-eabi/lib/thumb/v7e-m/nofp/crt0.o

.ARM.exidx      0x00000270        0x8
 .ARM.exidx     0x00000270        0x8 c:/ti/ccs1220/ccs/tools/compiler/gcc-arm-none-eabi-9-2019-q4-major/bin/../lib/gcc/arm-none-eabi/9.2.1/../../../../arm-none-eabi/lib/thumb/v7e-m/nofp/crt0.o

.text           0x00000280     0xaa68
                0x00000280                . = ALIGN (0x4)
 *(.text)
 .text          0x00000280        0x0 c:/ti/ccs1220/ccs/tools/compiler/gcc-arm-none-eabi-9-2019-q4-major/bin/../lib/gcc/arm-none-eabi/9.2.1/thumb/v7e-m/nofp/crti.o
 .text          0x00000280       0x40 c:/ti/ccs1220/ccs/tools/compiler/gcc-arm-none-eabi-9-2019-q4-major/bin/../lib/gcc/arm-none-eabi/9.2.1/thumb/v7e-m/nofp/crtbegin.o
 .text          0x000002c0       0x74 c:/ti/ccs1220/ccs/tools/compiler/gcc-arm-none-eabi-9-2019-q4-major/bin/../lib/gcc/arm-none-eabi/9.2.1/../../../../arm-none-eabi/lib/thumb/v7e-m/nofp/crt0.o
                0x000002c0                _start
                0x000002c0                _mainCRTStartup
 .text          0x00000334        0x0 ./Source/App/Main/AppsDownloader.o
 .text          0x00000334        0x0 ./Source/App/Main/main.o
 .text          0x00000334        0x0 ./Source/BSP/bsp.o
 .text          0x00000334        0x0 ./Source/BSP/startup_tm4c_gnu.o
 .text          0x00000334        0x0 ./Source/Driver/ADC/ADC_Driver.o
 .text          0x00000334        0x0 ./Source/Driver/CAN/CAN_Driver.o
 .text          0x00000334        0x0 ./Source/Driver/FLASH/FLASH.o
 .text          0x00000334        0x0 ./Source/Driver/GPIO/GPIOdriver.o
 .text          0x00000334        0x0 ./Source/Driver/I2C/I2C.o
 .text          0x00000334        0x0 ./Source/Driver/LCD/LCD.o
 .text          0x00000334        0x0 ./Source/Driver/SPI/SPI.o
 .text          0x00000334        0x0 ./Source/Driver/Timer/Timer.o
 .text          0x00000334        0x0 ./Source/Driver/Timer/timercnter.o
 .text          0x00000334        0x0 ./Source/Driver/UART/UART.o
 .text          0x00000334        0x0 ./Source/Middleware/MCP3208/MCP3208.o
 .text          0x00000334        0x0 ./Source/Middleware/OLED_SSD1306/SSD1306.o
 .text          0x00000334        0x0 ./Source/Middleware/RTC_DS3231/DS3231.o
 .text          0x00000334        0x0 c:/ti/ccs1220/ccs/tools/compiler/gcc-arm-none-eabi-9-2019-q4-major/bin/../lib/gcc/arm-none-eabi/9.2.1/../../../../arm-none-eabi/lib/thumb/v7e-m/nofp\libc.a(lib_a-exit.o)
 .text          0x00000334        0x0 c:/ti/ccs1220/ccs/tools/compiler/gcc-arm-none-eabi-9-2019-q4-major/bin/../lib/gcc/arm-none-eabi/9.2.1/../../../../arm-none-eabi/lib/thumb/v7e-m/nofp\libc.a(lib_a-impure.o)
 .text          0x00000334        0x0 c:/ti/ccs1220/ccs/tools/compiler/gcc-arm-none-eabi-9-2019-q4-major/bin/../lib/gcc/arm-none-eabi/9.2.1/../../../../arm-none-eabi/lib/thumb/v7e-m/nofp\libc.a(lib_a-init.o)
 .text          0x00000334        0x0 c:/ti/ccs1220/ccs/tools/compiler/gcc-arm-none-eabi-9-2019-q4-major/bin/../lib/gcc/arm-none-eabi/9.2.1/../../../../arm-none-eabi/lib/thumb/v7e-m/nofp\libc.a(lib_a-memset.o)
 .text          0x00000334        0x0 c:/ti/ccs1220/ccs/tools/compiler/gcc-arm-none-eabi-9-2019-q4-major/bin/../lib/gcc/arm-none-eabi/9.2.1/../../../../arm-none-eabi/lib/thumb/v7e-m/nofp\libc.a(lib_a-sprintf.o)
 .text          0x00000334        0x0 c:/ti/ccs1220/ccs/tools/compiler/gcc-arm-none-eabi-9-2019-q4-major/bin/../lib/gcc/arm-none-eabi/9.2.1/../../../../arm-none-eabi/lib/thumb/v7e-m/nofp\libc.a(lib_a-svfprintf.o)
 .text          0x00000334        0x0 c:/ti/ccs1220/ccs/tools/compiler/gcc-arm-none-eabi-9-2019-q4-major/bin/../lib/gcc/arm-none-eabi/9.2.1/../../../../arm-none-eabi/lib/thumb/v7e-m/nofp\libc.a(lib_a-__call_atexit.o)
 .text          0x00000334        0x0 c:/ti/ccs1220/ccs/tools/compiler/gcc-arm-none-eabi-9-2019-q4-major/bin/../lib/gcc/arm-none-eabi/9.2.1/../../../../arm-none-eabi/lib/thumb/v7e-m/nofp\libc.a(lib_a-atexit.o)
 .text          0x00000334        0x0 c:/ti/ccs1220/ccs/tools/compiler/gcc-arm-none-eabi-9-2019-q4-major/bin/../lib/gcc/arm-none-eabi/9.2.1/../../../../arm-none-eabi/lib/thumb/v7e-m/nofp\libc.a(lib_a-dtoa.o)
 .text          0x00000334        0x0 c:/ti/ccs1220/ccs/tools/compiler/gcc-arm-none-eabi-9-2019-q4-major/bin/../lib/gcc/arm-none-eabi/9.2.1/../../../../arm-none-eabi/lib/thumb/v7e-m/nofp\libc.a(lib_a-fini.o)
 .text          0x00000334        0x0 c:/ti/ccs1220/ccs/tools/compiler/gcc-arm-none-eabi-9-2019-q4-major/bin/../lib/gcc/arm-none-eabi/9.2.1/../../../../arm-none-eabi/lib/thumb/v7e-m/nofp\libc.a(lib_a-freer.o)
 .text          0x00000334        0x0 c:/ti/ccs1220/ccs/tools/compiler/gcc-arm-none-eabi-9-2019-q4-major/bin/../lib/gcc/arm-none-eabi/9.2.1/../../../../arm-none-eabi/lib/thumb/v7e-m/nofp\libc.a(lib_a-localeconv.o)
 .text          0x00000334        0x0 c:/ti/ccs1220/ccs/tools/compiler/gcc-arm-none-eabi-9-2019-q4-major/bin/../lib/gcc/arm-none-eabi/9.2.1/../../../../arm-none-eabi/lib/thumb/v7e-m/nofp\libc.a(lib_a-lock.o)
 .text          0x00000334        0x0 c:/ti/ccs1220/ccs/tools/compiler/gcc-arm-none-eabi-9-2019-q4-major/bin/../lib/gcc/arm-none-eabi/9.2.1/../../../../arm-none-eabi/lib/thumb/v7e-m/nofp\libc.a(lib_a-mallocr.o)
 *fill*         0x00000334        0xc 
 .text          0x00000340       0xa0 c:/ti/ccs1220/ccs/tools/compiler/gcc-arm-none-eabi-9-2019-q4-major/bin/../lib/gcc/arm-none-eabi/9.2.1/../../../../arm-none-eabi/lib/thumb/v7e-m/nofp\libc.a(lib_a-memchr.o)
                0x00000340                memchr
 .text          0x000003e0      0x134 c:/ti/ccs1220/ccs/tools/compiler/gcc-arm-none-eabi-9-2019-q4-major/bin/../lib/gcc/arm-none-eabi/9.2.1/../../../../arm-none-eabi/lib/thumb/v7e-m/nofp\libc.a(lib_a-memcpy.o)
                0x000003e0                memcpy
 .text          0x00000514        0x0 c:/ti/ccs1220/ccs/tools/compiler/gcc-arm-none-eabi-9-2019-q4-major/bin/../lib/gcc/arm-none-eabi/9.2.1/../../../../arm-none-eabi/lib/thumb/v7e-m/nofp\libc.a(lib_a-mlock.o)
 .text          0x00000514        0x0 c:/ti/ccs1220/ccs/tools/compiler/gcc-arm-none-eabi-9-2019-q4-major/bin/../lib/gcc/arm-none-eabi/9.2.1/../../../../arm-none-eabi/lib/thumb/v7e-m/nofp\libc.a(lib_a-mprec.o)
 .text          0x00000514        0x0 c:/ti/ccs1220/ccs/tools/compiler/gcc-arm-none-eabi-9-2019-q4-major/bin/../lib/gcc/arm-none-eabi/9.2.1/../../../../arm-none-eabi/lib/thumb/v7e-m/nofp\libc.a(lib_a-s_frexp.o)
 .text          0x00000514        0x0 c:/ti/ccs1220/ccs/tools/compiler/gcc-arm-none-eabi-9-2019-q4-major/bin/../lib/gcc/arm-none-eabi/9.2.1/../../../../arm-none-eabi/lib/thumb/v7e-m/nofp\libc.a(lib_a-sbrkr.o)
 *fill*         0x00000514       0x2c 
 .text          0x00000540       0xdc c:/ti/ccs1220/ccs/tools/compiler/gcc-arm-none-eabi-9-2019-q4-major/bin/../lib/gcc/arm-none-eabi/9.2.1/../../../../arm-none-eabi/lib/thumb/v7e-m/nofp\libc.a(lib_a-strlen.o)
                0x00000540                strlen
 .text          0x0000061c        0x0 c:/ti/ccs1220/ccs/tools/compiler/gcc-arm-none-eabi-9-2019-q4-major/bin/../lib/gcc/arm-none-eabi/9.2.1/../../../../arm-none-eabi/lib/thumb/v7e-m/nofp\libc.a(lib_a-strncpy.o)
 .text          0x0000061c        0x0 c:/ti/ccs1220/ccs/tools/compiler/gcc-arm-none-eabi-9-2019-q4-major/bin/../lib/gcc/arm-none-eabi/9.2.1/../../../../arm-none-eabi/lib/thumb/v7e-m/nofp\libc.a(lib_a-svfiprintf.o)
 .text          0x0000061c        0x0 c:/ti/ccs1220/ccs/tools/compiler/gcc-arm-none-eabi-9-2019-q4-major/bin/../lib/gcc/arm-none-eabi/9.2.1/../../../../arm-none-eabi/lib/thumb/v7e-m/nofp\libc.a(lib_a-__atexit.o)
 .text          0x0000061c        0x0 c:/ti/ccs1220/ccs/tools/compiler/gcc-arm-none-eabi-9-2019-q4-major/bin/../lib/gcc/arm-none-eabi/9.2.1/../../../../arm-none-eabi/lib/thumb/v7e-m/nofp\libc.a(lib_a-callocr.o)
 .text          0x0000061c        0x0 c:/ti/ccs1220/ccs/tools/compiler/gcc-arm-none-eabi-9-2019-q4-major/bin/../lib/gcc/arm-none-eabi/9.2.1/../../../../arm-none-eabi/lib/thumb/v7e-m/nofp\libc.a(lib_a-locale.o)
 .text          0x0000061c        0x0 c:/ti/ccs1220/ccs/tools/compiler/gcc-arm-none-eabi-9-2019-q4-major/bin/../lib/gcc/arm-none-eabi/9.2.1/../../../../arm-none-eabi/lib/thumb/v7e-m/nofp\libc.a(lib_a-mbtowc_r.o)
 .text          0x0000061c        0x0 c:/ti/ccs1220/ccs/tools/compiler/gcc-arm-none-eabi-9-2019-q4-major/bin/../lib/gcc/arm-none-eabi/9.2.1/../../../../arm-none-eabi/lib/thumb/v7e-m/nofp\libc.a(lib_a-memmove.o)
 .text          0x0000061c        0x0 c:/ti/ccs1220/ccs/tools/compiler/gcc-arm-none-eabi-9-2019-q4-major/bin/../lib/gcc/arm-none-eabi/9.2.1/../../../../arm-none-eabi/lib/thumb/v7e-m/nofp\libc.a(lib_a-reallocr.o)
 .text          0x0000061c        0x0 c:/ti/ccs1220/ccs/tools/compiler/gcc-arm-none-eabi-9-2019-q4-major/bin/../lib/gcc/arm-none-eabi/9.2.1/../../../../arm-none-eabi/lib/thumb/v7e-m/nofp\libc.a(lib_a-reent.o)
 *fill*         0x0000061c        0x4 
 .text          0x00000620      0x2dc c:/ti/ccs1220/ccs/tools/compiler/gcc-arm-none-eabi-9-2019-q4-major/bin/../lib/gcc/arm-none-eabi/9.2.1/../../../../arm-none-eabi/lib/thumb/v7e-m/nofp\libc.a(lib_a-strcmp.o)
                0x00000628                strcmp
 .text          0x000008fc        0x0 c:/ti/ccs1220/ccs/tools/compiler/gcc-arm-none-eabi-9-2019-q4-major/bin/../lib/gcc/arm-none-eabi/9.2.1/../../../../arm-none-eabi/lib/thumb/v7e-m/nofp\libc.a(lib_a-wctomb_r.o)
 .text          0x000008fc        0x0 c:/ti/ccs1220/ccs/tools/compiler/gcc-arm-none-eabi-9-2019-q4-major/bin/../lib/gcc/arm-none-eabi/9.2.1/../../../../arm-none-eabi/lib/thumb/v7e-m/nofp\libc.a(lib_a-ctype_.o)
 .text          0x000008fc      0x254 c:/ti/ccs1220/ccs/tools/compiler/gcc-arm-none-eabi-9-2019-q4-major/bin/../lib/gcc/arm-none-eabi/9.2.1/thumb/v7e-m/nofp\libgcc.a(_arm_muldf3.o)
 .text          0x00000b50      0x168 c:/ti/ccs1220/ccs/tools/compiler/gcc-arm-none-eabi-9-2019-q4-major/bin/../lib/gcc/arm-none-eabi/9.2.1/thumb/v7e-m/nofp\libgcc.a(_arm_mulsf3.o)
                0x00000b50                __aeabi_fmul
                0x00000b50                __mulsf3
 .text          0x00000cb8      0x378 c:/ti/ccs1220/ccs/tools/compiler/gcc-arm-none-eabi-9-2019-q4-major/bin/../lib/gcc/arm-none-eabi/9.2.1/thumb/v7e-m/nofp\libgcc.a(_arm_addsubdf3.o)
                0x00000cb8                __aeabi_drsub
                0x00000cc0                __aeabi_dsub
                0x00000cc0                __subdf3
                0x00000cc4                __aeabi_dadd
                0x00000cc4                __adddf3
                0x00000f3c                __floatunsidf
                0x00000f3c                __aeabi_ui2d
                0x00000f5c                __floatsidf
                0x00000f5c                __aeabi_i2d
                0x00000f80                __aeabi_f2d
                0x00000f80                __extendsfdf2
                0x00000fc4                __floatundidf
                0x00000fc4                __aeabi_ul2d
                0x00000fd4                __floatdidf
                0x00000fd4                __aeabi_l2d
 .text          0x00001030      0x424 c:/ti/ccs1220/ccs/tools/compiler/gcc-arm-none-eabi-9-2019-q4-major/bin/../lib/gcc/arm-none-eabi/9.2.1/thumb/v7e-m/nofp\libgcc.a(_arm_muldivdf3.o)
                0x00001030                __aeabi_dmul
                0x00001030                __muldf3
                0x00001284                __divdf3
                0x00001284                __aeabi_ddiv
 .text          0x00001454      0x110 c:/ti/ccs1220/ccs/tools/compiler/gcc-arm-none-eabi-9-2019-q4-major/bin/../lib/gcc/arm-none-eabi/9.2.1/thumb/v7e-m/nofp\libgcc.a(_arm_cmpdf2.o)
                0x00001454                __gtdf2
                0x00001454                __gedf2
                0x0000145c                __ltdf2
                0x0000145c                __ledf2
                0x00001464                __nedf2
                0x00001464                __eqdf2
                0x00001464                __cmpdf2
                0x000014e0                __aeabi_cdrcmple
                0x000014f0                __aeabi_cdcmpeq
                0x000014f0                __aeabi_cdcmple
                0x00001500                __aeabi_dcmpeq
                0x00001514                __aeabi_dcmplt
                0x00001528                __aeabi_dcmple
                0x0000153c                __aeabi_dcmpge
                0x00001550                __aeabi_dcmpgt
 .text          0x00001564       0x2c c:/ti/ccs1220/ccs/tools/compiler/gcc-arm-none-eabi-9-2019-q4-major/bin/../lib/gcc/arm-none-eabi/9.2.1/thumb/v7e-m/nofp\libgcc.a(_arm_unorddf2.o)
                0x00001564                __unorddf2
                0x00001564                __aeabi_dcmpun
 .text          0x00001590       0x50 c:/ti/ccs1220/ccs/tools/compiler/gcc-arm-none-eabi-9-2019-q4-major/bin/../lib/gcc/arm-none-eabi/9.2.1/thumb/v7e-m/nofp\libgcc.a(_arm_fixdfsi.o)
                0x00001590                __aeabi_d2iz
                0x00001590                __fixdfsi
 .text          0x000015e0       0xa0 c:/ti/ccs1220/ccs/tools/compiler/gcc-arm-none-eabi-9-2019-q4-major/bin/../lib/gcc/arm-none-eabi/9.2.1/thumb/v7e-m/nofp\libgcc.a(_arm_truncdfsf2.o)
                0x000015e0                __truncdfsf2
                0x000015e0                __aeabi_d2f
 .text          0x00001680      0x21c c:/ti/ccs1220/ccs/tools/compiler/gcc-arm-none-eabi-9-2019-q4-major/bin/../lib/gcc/arm-none-eabi/9.2.1/thumb/v7e-m/nofp\libgcc.a(_arm_addsubsf3.o)
                0x00001680                __aeabi_frsub
                0x00001688                __subsf3
                0x00001688                __aeabi_fsub
                0x0000168c                __aeabi_fadd
                0x0000168c                __addsf3
                0x000017ec                __aeabi_ui2f
                0x000017ec                __floatunsisf
                0x000017f4                __aeabi_i2f
                0x000017f4                __floatsisf
                0x00001810                __aeabi_ul2f
                0x00001810                __floatundisf
                0x00001820                __aeabi_l2f
                0x00001820                __floatdisf
 .text          0x0000189c       0x40 c:/ti/ccs1220/ccs/tools/compiler/gcc-arm-none-eabi-9-2019-q4-major/bin/../lib/gcc/arm-none-eabi/9.2.1/thumb/v7e-m/nofp\libgcc.a(_arm_fixunssfsi.o)
                0x0000189c                __fixunssfsi
                0x0000189c                __aeabi_f2uiz
 .text          0x000018dc       0x30 c:/ti/ccs1220/ccs/tools/compiler/gcc-arm-none-eabi-9-2019-q4-major/bin/../lib/gcc/arm-none-eabi/9.2.1/thumb/v7e-m/nofp\libgcc.a(_aeabi_uldivmod.o)
                0x000018dc                __aeabi_uldivmod
 .text          0x0000190c      0x2c0 c:/ti/ccs1220/ccs/tools/compiler/gcc-arm-none-eabi-9-2019-q4-major/bin/../lib/gcc/arm-none-eabi/9.2.1/thumb/v7e-m/nofp\libgcc.a(_udivmoddi4.o)
                0x0000190c                __udivmoddi4
 .text          0x00001bcc        0x4 c:/ti/ccs1220/ccs/tools/compiler/gcc-arm-none-eabi-9-2019-q4-major/bin/../lib/gcc/arm-none-eabi/9.2.1/thumb/v7e-m/nofp\libgcc.a(_dvmd_tls.o)
                0x00001bcc                __aeabi_idiv0
                0x00001bcc                __aeabi_ldiv0
 .text          0x00001bd0        0x0 c:/ti/ccs1220/ccs/tools/compiler/gcc-arm-none-eabi-9-2019-q4-major/bin/../lib/gcc/arm-none-eabi/9.2.1/../../../../arm-none-eabi/lib/thumb/v7e-m/nofp\libnosys.a(sbrk.o)
 .text          0x00001bd0        0x0 c:/ti/ccs1220/ccs/tools/compiler/gcc-arm-none-eabi-9-2019-q4-major/bin/../lib/gcc/arm-none-eabi/9.2.1/../../../../arm-none-eabi/lib/thumb/v7e-m/nofp\libnosys.a(_exit.o)
 .text          0x00001bd0        0x0 c:/ti/ccs1220/ccs/tools/compiler/gcc-arm-none-eabi-9-2019-q4-major/bin/../lib/gcc/arm-none-eabi/9.2.1/thumb/v7e-m/nofp/crtend.o
 .text          0x00001bd0        0x0 c:/ti/ccs1220/ccs/tools/compiler/gcc-arm-none-eabi-9-2019-q4-major/bin/../lib/gcc/arm-none-eabi/9.2.1/thumb/v7e-m/nofp/crtn.o
 *(.text*)
 .text.downloadNflashApps
                0x00001bd0      0x2ac ./Source/App/Main/AppsDownloader.o
                0x00001bd0                downloadNflashApps
 .text.main     0x00001e7c       0x50 ./Source/App/Main/main.o
                0x00001e7c                main
 .text.verify_apps
                0x00001ecc       0x20 ./Source/App/Main/main.o
                0x00001ecc                verify_apps
 .text.NVIC_SystemReset
                0x00001eec       0x30 ./Source/BSP/bsp.o
 .text.assert_failed
                0x00001f1c        0x6 ./Source/BSP/bsp.o
                0x00001f1c                assert_failed
 *fill*         0x00001f22        0x2 
 .text.SysTick_Handler
                0x00001f24       0x2c ./Source/BSP/bsp.o
                0x00001f24                SysTick_Handler
 .text.Reset_Handler
                0x00001f50       0x74 ./Source/BSP/startup_tm4c_gnu.o
                0x00001f50                Reset_Handler
 .text.NMI_Handler
                0x00001fc4       0x18 ./Source/BSP/startup_tm4c_gnu.o
                0x00001fc4                NMI_Handler
 .text.MemManage_Handler
                0x00001fdc       0x1c ./Source/BSP/startup_tm4c_gnu.o
                0x00001fdc                MemManage_Handler
 .text.HardFault_Handler
                0x00001ff8       0x1c ./Source/BSP/startup_tm4c_gnu.o
                0x00001ff8                HardFault_Handler
 .text.BusFault_Handler
                0x00002014       0x1c ./Source/BSP/startup_tm4c_gnu.o
                0x00002014                BusFault_Handler
 .text.UsageFault_Handler
                0x00002030       0x20 ./Source/BSP/startup_tm4c_gnu.o
                0x00002030                UsageFault_Handler
 .text.Default_Handler
                0x00002050       0x1c ./Source/BSP/startup_tm4c_gnu.o
                0x00002050                uDMAST_IRQHandler
                0x00002050                GPIOPortP4_IRQHandler
                0x00002050                PWM1Gen3_IRQHandler
                0x00002050                WideTimer5B_IRQHandler
                0x00002050                DebugMon_Handler
                0x00002050                QEI2_IRQHandler
                0x00002050                FlashCtrl_IRQHandler
                0x00002050                GPIOPortP7_IRQHandler
                0x00002050                Timer0B_IRQHandler
                0x00002050                I2C0_IRQHandler
                0x00002050                WideTimer4B_IRQHandler
                0x00002050                PendSV_Handler
                0x00002050                I2C1_IRQHandler
                0x00002050                GPIOPortP5_IRQHandler
                0x00002050                PWMGen0_IRQHandler
                0x00002050                UART1_IRQHandler
                0x00002050                CAN1_IRQHandler
                0x00002050                Timer1B_IRQHandler
                0x00002050                Watchdog_IRQHandler
                0x00002050                GPIOPortS_IRQHandler
                0x00002050                GPIOPortQ7_IRQHandler
                0x00002050                PWM1Gen2_IRQHandler
                0x00002050                UART0_IRQHandler
                0x00002050                GPIOPortL_IRQHandler
                0x00002050                SSI0_IRQHandler
                0x00002050                GPIOPortM_IRQHandler
                0x00002050                FPU_IRQHandler
                0x00002050                ADCSeq1_IRQHandler
                0x00002050                GPIOPortP0_IRQHandler
                0x00002050                WideTimer0B_IRQHandler
                0x00002050                PWMFault_IRQHandler
                0x00002050                WideTimer1A_IRQHandler
                0x00002050                I2C5_IRQHandler
                0x00002050                I2C4_IRQHandler
                0x00002050                GPIOPortQ5_IRQHandler
                0x00002050                PWMGen1_IRQHandler
                0x00002050                SSI1_IRQHandler
                0x00002050                I2C2_IRQHandler
                0x00002050                UART5_IRQHandler
                0x00002050                GPIOPortC_IRQHandler
                0x00002050                GPIOPortK_IRQHandler
                0x00002050                ADCSeq2_IRQHandler
                0x00002050                PWMGen2_IRQHandler
                0x00002050                UART2_IRQHandler
                0x00002050                GPIOPortP3_IRQHandler
                0x00002050                ADC1Seq0_IRQHandler
                0x00002050                UART4_IRQHandler
                0x00002050                GPIOPortJ_IRQHandler
                0x00002050                Default_Handler
                0x00002050                WideTimer0A_IRQHandler
                0x00002050                Timer5A_IRQHandler
                0x00002050                WideTimer3B_IRQHandler
                0x00002050                WideTimer2B_IRQHandler
                0x00002050                WideTimer5A_IRQHandler
                0x00002050                Timer4A_IRQHandler
                0x00002050                QEI1_IRQHandler
                0x00002050                PWM1Fault_IRQHandler
                0x00002050                GPIOPortP6_IRQHandler
                0x00002050                QEI0_IRQHandler
                0x00002050                ADC1Seq2_IRQHandler
                0x00002050                ADC1Seq1_IRQHandler
                0x00002050                PWMGen3_IRQHandler
                0x00002050                GPIOPortD_IRQHandler
                0x00002050                USB0_IRQHandler
                0x00002050                I2C3_IRQHandler
                0x00002050                SVC_Handler
                0x00002050                GPIOPortP2_IRQHandler
                0x00002050                GPIOPortQ4_IRQHandler
                0x00002050                Timer3B_IRQHandler
                0x00002050                Timer3A_IRQHandler
                0x00002050                GPIOPortA_IRQHandler
                0x00002050                ADC1Seq3_IRQHandler
                0x00002050                Timer0A_IRQHandler
                0x00002050                GPIOPortP1_IRQHandler
                0x00002050                ADCSeq0_IRQHandler
                0x00002050                Timer1A_IRQHandler
                0x00002050                GPIOPortG_IRQHandler
                0x00002050                GPIOPortQ3_IRQHandler
                0x00002050                GPIOPortQ1_IRQHandler
                0x00002050                Timer5B_IRQHandler
                0x00002050                ADCSeq3_IRQHandler
                0x00002050                WideTimer4A_IRQHandler
                0x00002050                GPIOPortE_IRQHandler
                0x00002050                CAN0_IRQHandler
                0x00002050                GPIOPortQ0_IRQHandler
                0x00002050                Comp0_IRQHandler
                0x00002050                Comp1_IRQHandler
                0x00002050                Comp2_IRQHandler
                0x00002050                GPIOPortQ6_IRQHandler
                0x00002050                SSI2_IRQHandler
                0x00002050                PWM1Gen0_IRQHandler
                0x00002050                GPIOPortF_IRQHandler
                0x00002050                UART7_IRQHandler
                0x00002050                UART6_IRQHandler
                0x00002050                WideTimer2A_IRQHandler
                0x00002050                GPIOPortB_IRQHandler
                0x00002050                WideTimer3A_IRQHandler
                0x00002050                CAN2_IRQHandler
                0x00002050                WideTimer1B_IRQHandler
                0x00002050                GPIOPortH_IRQHandler
                0x00002050                GPIOPortQ2_IRQHandler
                0x00002050                GPIOPortR_IRQHandler
                0x00002050                Timer4B_IRQHandler
                0x00002050                Timer2A_IRQHandler
                0x00002050                SSI3_IRQHandler
                0x00002050                Timer2B_IRQHandler
                0x00002050                uDMAError_IRQHandler
                0x00002050                GPIOPortN_IRQHandler
                0x00002050                UART3_IRQHandler
                0x00002050                SysCtrl_IRQHandler
                0x00002050                Hibernate_IRQHandler
                0x00002050                PWM1Gen1_IRQHandler
 .text.ADC_Init
                0x0000206c       0x40 ./Source/Driver/ADC/ADC_Driver.o
                0x0000206c                ADC_Init
 .text.ADC_port_Init
                0x000020ac       0x9c ./Source/Driver/ADC/ADC_Driver.o
 .text.ADC_SS_Init
                0x00002148       0x4c ./Source/Driver/ADC/ADC_Driver.o
                0x00002148                ADC_SS_Init
 .text.analogRead
                0x00002194      0x180 ./Source/Driver/ADC/ADC_Driver.o
                0x00002194                analogRead
 .text.CAN0_Driver
                0x00002314       0xc0 ./Source/Driver/CAN/CAN_Driver.o
                0x00002314                CAN0_Driver
 .text.CAN0_Init
                0x000023d4       0xf8 ./Source/Driver/CAN/CAN_Driver.o
                0x000023d4                CAN0_Init
 .text.CAN0_Transmit_Obj
                0x000024cc       0xd4 ./Source/Driver/CAN/CAN_Driver.o
 .text.CAN0_Transmit_Data
                0x000025a0       0xc8 ./Source/Driver/CAN/CAN_Driver.o
 .text.FlashProgram_ByteArr
                0x00002668      0x164 ./Source/Driver/FLASH/FLASH.o
                0x00002668                FlashProgram_ByteArr
 .text.FlashProgram
                0x000027cc       0x90 ./Source/Driver/FLASH/FLASH.o
                0x000027cc                FlashProgram
 .text.FlashErase
                0x0000285c       0x74 ./Source/Driver/FLASH/FLASH.o
                0x0000285c                FlashErase
 .text.GPIO_Init
                0x000028d0       0x6c ./Source/Driver/GPIO/GPIOdriver.o
                0x000028d0                GPIO_Init
 .text.DigitalWrite
                0x0000293c      0x15c ./Source/Driver/GPIO/GPIOdriver.o
                0x0000293c                DigitalWrite
 .text.DigitalRead
                0x00002a98      0x19c ./Source/Driver/GPIO/GPIOdriver.o
                0x00002a98                DigitalRead
 .text.I2C_Init
                0x00002c34      0x2b8 ./Source/Driver/I2C/I2C.o
                0x00002c34                I2C_Init
 .text.Check_I2C_BUS_busy
                0x00002eec        0xc ./Source/Driver/I2C/I2C.o
 .text.Check_I2C_busy
                0x00002ef8       0x34 ./Source/Driver/I2C/I2C.o
 .text.Check_I2C_error
                0x00002f2c       0x88 ./Source/Driver/I2C/I2C.o
 .text.I2C_Write
                0x00002fb4       0x2a ./Source/Driver/I2C/I2C.o
                0x00002fb4                I2C_Write
 .text.I2C_Write_Memory
                0x00002fde       0x30 ./Source/Driver/I2C/I2C.o
                0x00002fde                I2C_Write_Memory
 *fill*         0x0000300e        0x2 
 .text.I2C_Write_Multiple
                0x00003010      0x194 ./Source/Driver/I2C/I2C.o
                0x00003010                I2C_Write_Multiple
 .text.I2C_Write_Memory_Multiple
                0x000031a4      0x1cc ./Source/Driver/I2C/I2C.o
                0x000031a4                I2C_Write_Memory_Multiple
 .text.I2C_Read
                0x00003370       0x26 ./Source/Driver/I2C/I2C.o
                0x00003370                I2C_Read
 *fill*         0x00003396        0x2 
 .text.I2C_Read_Multiple
                0x00003398      0x1a4 ./Source/Driver/I2C/I2C.o
                0x00003398                I2C_Read_Multiple
 .text.I2C_Read_Memory
                0x0000353c       0x36 ./Source/Driver/I2C/I2C.o
                0x0000353c                I2C_Read_Memory
 .text.I2C_Read_Memory_Multiple
                0x00003572       0x36 ./Source/Driver/I2C/I2C.o
                0x00003572                I2C_Read_Memory_Multiple
 .text.LCD_Setup
                0x000035a8       0x68 ./Source/Driver/LCD/LCD.o
                0x000035a8                LCD_Setup
 .text.LCD_Init
                0x00003610       0x7a ./Source/Driver/LCD/LCD.o
                0x00003610                LCD_Init
 .text.LCD_SetCursor
                0x0000368a       0x96 ./Source/Driver/LCD/LCD.o
                0x0000368a                LCD_SetCursor
 .text.LCD_Clear
                0x00003720        0xe ./Source/Driver/LCD/LCD.o
                0x00003720                LCD_Clear
 .text.LCD_Write
                0x0000372e       0x42 ./Source/Driver/LCD/LCD.o
                0x0000372e                LCD_Write
 .text.Data_Write
                0x00003770       0x34 ./Source/Driver/LCD/LCD.o
 .text.Cmd_Write
                0x000037a4       0x34 ./Source/Driver/LCD/LCD.o
 .text.upper_nibble
                0x000037d8       0xac ./Source/Driver/LCD/LCD.o
 .text.lower_nibble
                0x00003884       0xac ./Source/Driver/LCD/LCD.o
 .text.toggle_enable_signal
                0x00003930       0x30 ./Source/Driver/LCD/LCD.o
 .text.delay    0x00003960       0x48 ./Source/Driver/LCD/LCD.o
 .text.LCD_nextline
                0x000039a8        0xe ./Source/Driver/LCD/LCD.o
                0x000039a8                LCD_nextline
 *fill*         0x000039b6        0x2 
 .text.SSI_2_Init
                0x000039b8       0xd4 ./Source/Driver/SPI/SPI.o
                0x000039b8                SSI_2_Init
 .text.SPI_Write
                0x00003a8c       0x58 ./Source/Driver/SPI/SPI.o
                0x00003a8c                SPI_Write
 .text.SPI_Read_Write
                0x00003ae4       0x58 ./Source/Driver/SPI/SPI.o
                0x00003ae4                SPI_Read_Write
 .text.Enable_Chip_Select
                0x00003b3c       0x10 ./Source/Driver/SPI/SPI.o
                0x00003b3c                Enable_Chip_Select
 .text.Disable_Chip_Select
                0x00003b4c       0x10 ./Source/Driver/SPI/SPI.o
                0x00003b4c                Disable_Chip_Select
 .text.Timer_Init
                0x00003b5c       0x68 ./Source/Driver/Timer/Timer.o
                0x00003b5c                Timer_Init
 .text.Start_Timer_0
                0x00003bc4       0x1c ./Source/Driver/Timer/Timer.o
 .text.Stop_Timer_0
                0x00003be0       0x1c ./Source/Driver/Timer/Timer.o
                0x00003be0                Stop_Timer_0
 .text.Refresh_Timer_0
                0x00003bfc       0x28 ./Source/Driver/Timer/Timer.o
                0x00003bfc                Refresh_Timer_0
 .text.Timer_scheduler
                0x00003c24      0x194 ./Source/Driver/Timer/Timer.o
                0x00003c24                Timer_scheduler
 .text.Clear_Timer_Flag
                0x00003db8       0x60 ./Source/Driver/Timer/Timer.o
 .text.init_Timer_Counter
                0x00003e18       0x6c ./Source/Driver/Timer/timercnter.o
                0x00003e18                init_Timer_Counter
 .text.Start_Timer_counter
                0x00003e84       0x1c ./Source/Driver/Timer/timercnter.o
                0x00003e84                Start_Timer_counter
 .text.Stop_Timer_counter
                0x00003ea0       0x24 ./Source/Driver/Timer/timercnter.o
                0x00003ea0                Stop_Timer_counter
 .text.Pause_Timer_counter
                0x00003ec4       0x1c ./Source/Driver/Timer/timercnter.o
                0x00003ec4                Pause_Timer_counter
 .text.Refresh_Timer_counter
                0x00003ee0       0x30 ./Source/Driver/Timer/timercnter.o
                0x00003ee0                Refresh_Timer_counter
 .text.millis   0x00003f10       0x24 ./Source/Driver/Timer/timercnter.o
                0x00003f10                millis
 *fill*         0x00003f34        0x4 
 .text.UART_init
                0x00003f38      0x394 ./Source/Driver/UART/UART.o
                0x00003f38                UART_init
 .text.UART_print
                0x000042cc       0x40 ./Source/Driver/UART/UART.o
                0x000042cc                UART_print
 .text.UART_Transmit
                0x0000430c       0x50 ./Source/Driver/UART/UART.o
                0x0000430c                UART_Transmit
 .text.Delay    0x0000435c       0x2c ./Source/Driver/UART/UART.o
                0x0000435c                Delay
 .text.UART_Receive
                0x00004388       0x40 ./Source/Driver/UART/UART.o
                0x00004388                UART_Receive
 .text.UART_Receive_Long
                0x000043c8       0x58 ./Source/Driver/UART/UART.o
                0x000043c8                UART_Receive_Long
 .text.UART_RxReady
                0x00004420       0x38 ./Source/Driver/UART/UART.o
                0x00004420                UART_RxReady
 .text.MCP3208  0x00004458      0x118 ./Source/Middleware/MCP3208/MCP3208.o
                0x00004458                MCP3208
 .text.ssd1306_command
                0x00004570       0x1e ./Source/Middleware/OLED_SSD1306/SSD1306.o
                0x00004570                ssd1306_command
 .text.ssd1306_data
                0x0000458e       0x1e ./Source/Middleware/OLED_SSD1306/SSD1306.o
                0x0000458e                ssd1306_data
 .text.ssd1306_init
                0x000045ac       0xd6 ./Source/Middleware/OLED_SSD1306/SSD1306.o
                0x000045ac                ssd1306_init
 *fill*         0x00004682        0x2 
 .text.ssd1306_clear
                0x00004684       0x34 ./Source/Middleware/OLED_SSD1306/SSD1306.o
                0x00004684                ssd1306_clear
 .text.ssd1306_clear_row
                0x000046b8       0x36 ./Source/Middleware/OLED_SSD1306/SSD1306.o
                0x000046b8                ssd1306_clear_row
 *fill*         0x000046ee        0x2 
 .text.ssd1306_draw_pixel
                0x000046f0       0xa4 ./Source/Middleware/OLED_SSD1306/SSD1306.o
                0x000046f0                ssd1306_draw_pixel
 .text.ssd1306_draw_line
                0x00004794      0x110 ./Source/Middleware/OLED_SSD1306/SSD1306.o
                0x00004794                ssd1306_draw_line
 .text.ssd1306_refresh
                0x000048a4       0x58 ./Source/Middleware/OLED_SSD1306/SSD1306.o
                0x000048a4                ssd1306_refresh
 .text.ssd1306_setcursor
                0x000048fc       0x64 ./Source/Middleware/OLED_SSD1306/SSD1306.o
                0x000048fc                ssd1306_setcursor
 .text.ssd1306_Print_String
                0x00004960       0xe8 ./Source/Middleware/OLED_SSD1306/SSD1306.o
                0x00004960                ssd1306_Print_String
 .text.ssd1306_set_text_size
                0x00004a48       0x34 ./Source/Middleware/OLED_SSD1306/SSD1306.o
                0x00004a48                ssd1306_set_text_size
 .text.ssd1306_shiva_logo
                0x00004a7c       0x3c ./Source/Middleware/OLED_SSD1306/SSD1306.o
                0x00004a7c                ssd1306_shiva_logo
 .text.ssd1306_fill_rect
                0x00004ab8       0x78 ./Source/Middleware/OLED_SSD1306/SSD1306.o
                0x00004ab8                ssd1306_fill_rect
 .text.ssd1306_DrawRect
                0x00004b30       0xa8 ./Source/Middleware/OLED_SSD1306/SSD1306.o
                0x00004b30                ssd1306_DrawRect
 .text.ssd1306_SetDrawWindow
                0x00004bd8       0x5a ./Source/Middleware/OLED_SSD1306/SSD1306.o
                0x00004bd8                ssd1306_SetDrawWindow
 .text.ssd1306_set_display_mode
                0x00004c32       0x40 ./Source/Middleware/OLED_SSD1306/SSD1306.o
                0x00004c32                ssd1306_set_display_mode
 .text.ssd1306_DrawCircle
                0x00004c72      0x182 ./Source/Middleware/OLED_SSD1306/SSD1306.o
                0x00004c72                ssd1306_DrawCircle
 .text.ssd1306_clear_refresh
                0x00004df4       0x4e ./Source/Middleware/OLED_SSD1306/SSD1306.o
                0x00004df4                ssd1306_clear_refresh
 .text.process_get_data
                0x00004e42       0x24 ./Source/Middleware/RTC_DS3231/DS3231.o
 *fill*         0x00004e66        0x2 
 .text.process_set_data
                0x00004e68       0x34 ./Source/Middleware/RTC_DS3231/DS3231.o
 .text.ds3231_read_sec
                0x00004e9c       0x2a ./Source/Middleware/RTC_DS3231/DS3231.o
                0x00004e9c                ds3231_read_sec
 .text.ds3231_write_sec
                0x00004ec6       0x2a ./Source/Middleware/RTC_DS3231/DS3231.o
                0x00004ec6                ds3231_write_sec
 .text.ds3231_read_min
                0x00004ef0       0x2a ./Source/Middleware/RTC_DS3231/DS3231.o
                0x00004ef0                ds3231_read_min
 .text.ds3231_write_min
                0x00004f1a       0x2a ./Source/Middleware/RTC_DS3231/DS3231.o
                0x00004f1a                ds3231_write_min
 .text.ds3231_read_hrs
                0x00004f44       0x2a ./Source/Middleware/RTC_DS3231/DS3231.o
                0x00004f44                ds3231_read_hrs
 .text.ds3231_write_hrs
                0x00004f6e       0x2a ./Source/Middleware/RTC_DS3231/DS3231.o
                0x00004f6e                ds3231_write_hrs
 .text.exit     0x00004f98       0x20 c:/ti/ccs1220/ccs/tools/compiler/gcc-arm-none-eabi-9-2019-q4-major/bin/../lib/gcc/arm-none-eabi/9.2.1/../../../../arm-none-eabi/lib/thumb/v7e-m/nofp\libc.a(lib_a-exit.o)
                0x00004f98                exit
 .text.__libc_init_array
                0x00004fb8       0x48 c:/ti/ccs1220/ccs/tools/compiler/gcc-arm-none-eabi-9-2019-q4-major/bin/../lib/gcc/arm-none-eabi/9.2.1/../../../../arm-none-eabi/lib/thumb/v7e-m/nofp\libc.a(lib_a-init.o)
                0x00004fb8                __libc_init_array
 .text.memset   0x00005000       0xa0 c:/ti/ccs1220/ccs/tools/compiler/gcc-arm-none-eabi-9-2019-q4-major/bin/../lib/gcc/arm-none-eabi/9.2.1/../../../../arm-none-eabi/lib/thumb/v7e-m/nofp\libc.a(lib_a-memset.o)
                0x00005000                memset
 .text._sprintf_r
                0x000050a0       0x38 c:/ti/ccs1220/ccs/tools/compiler/gcc-arm-none-eabi-9-2019-q4-major/bin/../lib/gcc/arm-none-eabi/9.2.1/../../../../arm-none-eabi/lib/thumb/v7e-m/nofp\libc.a(lib_a-sprintf.o)
                0x000050a0                _sprintf_r
 .text.sprintf  0x000050d8       0x44 c:/ti/ccs1220/ccs/tools/compiler/gcc-arm-none-eabi-9-2019-q4-major/bin/../lib/gcc/arm-none-eabi/9.2.1/../../../../arm-none-eabi/lib/thumb/v7e-m/nofp\libc.a(lib_a-sprintf.o)
                0x000050d8                sprintf
 .text._svfprintf_r
                0x0000511c     0x1acc c:/ti/ccs1220/ccs/tools/compiler/gcc-arm-none-eabi-9-2019-q4-major/bin/../lib/gcc/arm-none-eabi/9.2.1/../../../../arm-none-eabi/lib/thumb/v7e-m/nofp\libc.a(lib_a-svfprintf.o)
                0x0000511c                _svfprintf_r
 .text.startup.register_fini
                0x00006be8       0x14 c:/ti/ccs1220/ccs/tools/compiler/gcc-arm-none-eabi-9-2019-q4-major/bin/../lib/gcc/arm-none-eabi/9.2.1/../../../../arm-none-eabi/lib/thumb/v7e-m/nofp\libc.a(lib_a-__call_atexit.o)
 .text.__call_exitprocs
                0x00006bfc       0xc4 c:/ti/ccs1220/ccs/tools/compiler/gcc-arm-none-eabi-9-2019-q4-major/bin/../lib/gcc/arm-none-eabi/9.2.1/../../../../arm-none-eabi/lib/thumb/v7e-m/nofp\libc.a(lib_a-__call_atexit.o)
                0x00006bfc                __call_exitprocs
 .text.atexit   0x00006cc0        0xc c:/ti/ccs1220/ccs/tools/compiler/gcc-arm-none-eabi-9-2019-q4-major/bin/../lib/gcc/arm-none-eabi/9.2.1/../../../../arm-none-eabi/lib/thumb/v7e-m/nofp\libc.a(lib_a-atexit.o)
                0x00006cc0                atexit
 .text.quorem   0x00006ccc      0x11c c:/ti/ccs1220/ccs/tools/compiler/gcc-arm-none-eabi-9-2019-q4-major/bin/../lib/gcc/arm-none-eabi/9.2.1/../../../../arm-none-eabi/lib/thumb/v7e-m/nofp\libc.a(lib_a-dtoa.o)
 .text._dtoa_r  0x00006de8      0xeb8 c:/ti/ccs1220/ccs/tools/compiler/gcc-arm-none-eabi-9-2019-q4-major/bin/../lib/gcc/arm-none-eabi/9.2.1/../../../../arm-none-eabi/lib/thumb/v7e-m/nofp\libc.a(lib_a-dtoa.o)
                0x00006de8                _dtoa_r
 .text.__libc_fini_array
                0x00007ca0       0x2c c:/ti/ccs1220/ccs/tools/compiler/gcc-arm-none-eabi-9-2019-q4-major/bin/../lib/gcc/arm-none-eabi/9.2.1/../../../../arm-none-eabi/lib/thumb/v7e-m/nofp\libc.a(lib_a-fini.o)
                0x00007ca0                __libc_fini_array
 .text._malloc_trim_r
                0x00007ccc       0xa0 c:/ti/ccs1220/ccs/tools/compiler/gcc-arm-none-eabi-9-2019-q4-major/bin/../lib/gcc/arm-none-eabi/9.2.1/../../../../arm-none-eabi/lib/thumb/v7e-m/nofp\libc.a(lib_a-freer.o)
                0x00007ccc                _malloc_trim_r
 .text._free_r  0x00007d6c      0x208 c:/ti/ccs1220/ccs/tools/compiler/gcc-arm-none-eabi-9-2019-q4-major/bin/../lib/gcc/arm-none-eabi/9.2.1/../../../../arm-none-eabi/lib/thumb/v7e-m/nofp\libc.a(lib_a-freer.o)
                0x00007d6c                _free_r
 .text.__localeconv_l
                0x00007f74        0x4 c:/ti/ccs1220/ccs/tools/compiler/gcc-arm-none-eabi-9-2019-q4-major/bin/../lib/gcc/arm-none-eabi/9.2.1/../../../../arm-none-eabi/lib/thumb/v7e-m/nofp\libc.a(lib_a-localeconv.o)
                0x00007f74                __localeconv_l
 .text._localeconv_r
                0x00007f78        0x8 c:/ti/ccs1220/ccs/tools/compiler/gcc-arm-none-eabi-9-2019-q4-major/bin/../lib/gcc/arm-none-eabi/9.2.1/../../../../arm-none-eabi/lib/thumb/v7e-m/nofp\libc.a(lib_a-localeconv.o)
                0x00007f78                _localeconv_r
 .text.localeconv
                0x00007f80        0x8 c:/ti/ccs1220/ccs/tools/compiler/gcc-arm-none-eabi-9-2019-q4-major/bin/../lib/gcc/arm-none-eabi/9.2.1/../../../../arm-none-eabi/lib/thumb/v7e-m/nofp\libc.a(lib_a-localeconv.o)
                0x00007f80                localeconv
 .text.__retarget_lock_init
                0x00007f88        0x4 c:/ti/ccs1220/ccs/tools/compiler/gcc-arm-none-eabi-9-2019-q4-major/bin/../lib/gcc/arm-none-eabi/9.2.1/../../../../arm-none-eabi/lib/thumb/v7e-m/nofp\libc.a(lib_a-lock.o)
                0x00007f88                __retarget_lock_init
 .text.__retarget_lock_init_recursive
                0x00007f8c        0x4 c:/ti/ccs1220/ccs/tools/compiler/gcc-arm-none-eabi-9-2019-q4-major/bin/../lib/gcc/arm-none-eabi/9.2.1/../../../../arm-none-eabi/lib/thumb/v7e-m/nofp\libc.a(lib_a-lock.o)
                0x00007f8c                __retarget_lock_init_recursive
 .text.__retarget_lock_close
                0x00007f90        0x4 c:/ti/ccs1220/ccs/tools/compiler/gcc-arm-none-eabi-9-2019-q4-major/bin/../lib/gcc/arm-none-eabi/9.2.1/../../../../arm-none-eabi/lib/thumb/v7e-m/nofp\libc.a(lib_a-lock.o)
                0x00007f90                __retarget_lock_close
 .text.__retarget_lock_close_recursive
                0x00007f94        0x4 c:/ti/ccs1220/ccs/tools/compiler/gcc-arm-none-eabi-9-2019-q4-major/bin/../lib/gcc/arm-none-eabi/9.2.1/../../../../arm-none-eabi/lib/thumb/v7e-m/nofp\libc.a(lib_a-lock.o)
                0x00007f94                __retarget_lock_close_recursive
 .text.__retarget_lock_acquire
                0x00007f98        0x4 c:/ti/ccs1220/ccs/tools/compiler/gcc-arm-none-eabi-9-2019-q4-major/bin/../lib/gcc/arm-none-eabi/9.2.1/../../../../arm-none-eabi/lib/thumb/v7e-m/nofp\libc.a(lib_a-lock.o)
                0x00007f98                __retarget_lock_acquire
 .text.__retarget_lock_acquire_recursive
                0x00007f9c        0x4 c:/ti/ccs1220/ccs/tools/compiler/gcc-arm-none-eabi-9-2019-q4-major/bin/../lib/gcc/arm-none-eabi/9.2.1/../../../../arm-none-eabi/lib/thumb/v7e-m/nofp\libc.a(lib_a-lock.o)
                0x00007f9c                __retarget_lock_acquire_recursive
 .text.__retarget_lock_try_acquire
                0x00007fa0        0x4 c:/ti/ccs1220/ccs/tools/compiler/gcc-arm-none-eabi-9-2019-q4-major/bin/../lib/gcc/arm-none-eabi/9.2.1/../../../../arm-none-eabi/lib/thumb/v7e-m/nofp\libc.a(lib_a-lock.o)
                0x00007fa0                __retarget_lock_try_acquire
 .text.__retarget_lock_try_acquire_recursive
                0x00007fa4        0x4 c:/ti/ccs1220/ccs/tools/compiler/gcc-arm-none-eabi-9-2019-q4-major/bin/../lib/gcc/arm-none-eabi/9.2.1/../../../../arm-none-eabi/lib/thumb/v7e-m/nofp\libc.a(lib_a-lock.o)
                0x00007fa4                __retarget_lock_try_acquire_recursive
 .text.__retarget_lock_release
                0x00007fa8        0x4 c:/ti/ccs1220/ccs/tools/compiler/gcc-arm-none-eabi-9-2019-q4-major/bin/../lib/gcc/arm-none-eabi/9.2.1/../../../../arm-none-eabi/lib/thumb/v7e-m/nofp\libc.a(lib_a-lock.o)
                0x00007fa8                __retarget_lock_release
 .text.__retarget_lock_release_recursive
                0x00007fac        0x4 c:/ti/ccs1220/ccs/tools/compiler/gcc-arm-none-eabi-9-2019-q4-major/bin/../lib/gcc/arm-none-eabi/9.2.1/../../../../arm-none-eabi/lib/thumb/v7e-m/nofp\libc.a(lib_a-lock.o)
                0x00007fac                __retarget_lock_release_recursive
 .text._malloc_r
                0x00007fb0      0x574 c:/ti/ccs1220/ccs/tools/compiler/gcc-arm-none-eabi-9-2019-q4-major/bin/../lib/gcc/arm-none-eabi/9.2.1/../../../../arm-none-eabi/lib/thumb/v7e-m/nofp\libc.a(lib_a-mallocr.o)
                0x00007fb0                _malloc_r
 .text.__malloc_lock
                0x00008524        0xc c:/ti/ccs1220/ccs/tools/compiler/gcc-arm-none-eabi-9-2019-q4-major/bin/../lib/gcc/arm-none-eabi/9.2.1/../../../../arm-none-eabi/lib/thumb/v7e-m/nofp\libc.a(lib_a-mlock.o)
                0x00008524                __malloc_lock
 .text.__malloc_unlock
                0x00008530        0xc c:/ti/ccs1220/ccs/tools/compiler/gcc-arm-none-eabi-9-2019-q4-major/bin/../lib/gcc/arm-none-eabi/9.2.1/../../../../arm-none-eabi/lib/thumb/v7e-m/nofp\libc.a(lib_a-mlock.o)
                0x00008530                __malloc_unlock
 .text._Balloc  0x0000853c       0x4c c:/ti/ccs1220/ccs/tools/compiler/gcc-arm-none-eabi-9-2019-q4-major/bin/../lib/gcc/arm-none-eabi/9.2.1/../../../../arm-none-eabi/lib/thumb/v7e-m/nofp\libc.a(lib_a-mprec.o)
                0x0000853c                _Balloc
 .text._Bfree   0x00008588       0x14 c:/ti/ccs1220/ccs/tools/compiler/gcc-arm-none-eabi-9-2019-q4-major/bin/../lib/gcc/arm-none-eabi/9.2.1/../../../../arm-none-eabi/lib/thumb/v7e-m/nofp\libc.a(lib_a-mprec.o)
                0x00008588                _Bfree
 .text.__multadd
                0x0000859c       0x80 c:/ti/ccs1220/ccs/tools/compiler/gcc-arm-none-eabi-9-2019-q4-major/bin/../lib/gcc/arm-none-eabi/9.2.1/../../../../arm-none-eabi/lib/thumb/v7e-m/nofp\libc.a(lib_a-mprec.o)
                0x0000859c                __multadd
 .text.__s2b    0x0000861c       0xa0 c:/ti/ccs1220/ccs/tools/compiler/gcc-arm-none-eabi-9-2019-q4-major/bin/../lib/gcc/arm-none-eabi/9.2.1/../../../../arm-none-eabi/lib/thumb/v7e-m/nofp\libc.a(lib_a-mprec.o)
                0x0000861c                __s2b
 .text.__hi0bits
                0x000086bc       0x40 c:/ti/ccs1220/ccs/tools/compiler/gcc-arm-none-eabi-9-2019-q4-major/bin/../lib/gcc/arm-none-eabi/9.2.1/../../../../arm-none-eabi/lib/thumb/v7e-m/nofp\libc.a(lib_a-mprec.o)
                0x000086bc                __hi0bits
 .text.__lo0bits
                0x000086fc       0x60 c:/ti/ccs1220/ccs/tools/compiler/gcc-arm-none-eabi-9-2019-q4-major/bin/../lib/gcc/arm-none-eabi/9.2.1/../../../../arm-none-eabi/lib/thumb/v7e-m/nofp\libc.a(lib_a-mprec.o)
                0x000086fc                __lo0bits
 .text.__i2b    0x0000875c       0x14 c:/ti/ccs1220/ccs/tools/compiler/gcc-arm-none-eabi-9-2019-q4-major/bin/../lib/gcc/arm-none-eabi/9.2.1/../../../../arm-none-eabi/lib/thumb/v7e-m/nofp\libc.a(lib_a-mprec.o)
                0x0000875c                __i2b
 .text.__multiply
                0x00008770      0x144 c:/ti/ccs1220/ccs/tools/compiler/gcc-arm-none-eabi-9-2019-q4-major/bin/../lib/gcc/arm-none-eabi/9.2.1/../../../../arm-none-eabi/lib/thumb/v7e-m/nofp\libc.a(lib_a-mprec.o)
                0x00008770                __multiply
 .text.__pow5mult
                0x000088b4       0xa0 c:/ti/ccs1220/ccs/tools/compiler/gcc-arm-none-eabi-9-2019-q4-major/bin/../lib/gcc/arm-none-eabi/9.2.1/../../../../arm-none-eabi/lib/thumb/v7e-m/nofp\libc.a(lib_a-mprec.o)
                0x000088b4                __pow5mult
 .text.__lshift
                0x00008954       0xd4 c:/ti/ccs1220/ccs/tools/compiler/gcc-arm-none-eabi-9-2019-q4-major/bin/../lib/gcc/arm-none-eabi/9.2.1/../../../../arm-none-eabi/lib/thumb/v7e-m/nofp\libc.a(lib_a-mprec.o)
                0x00008954                __lshift
 .text.__mcmp   0x00008a28       0x3c c:/ti/ccs1220/ccs/tools/compiler/gcc-arm-none-eabi-9-2019-q4-major/bin/../lib/gcc/arm-none-eabi/9.2.1/../../../../arm-none-eabi/lib/thumb/v7e-m/nofp\libc.a(lib_a-mprec.o)
                0x00008a28                __mcmp
 .text.__mdiff  0x00008a64      0x138 c:/ti/ccs1220/ccs/tools/compiler/gcc-arm-none-eabi-9-2019-q4-major/bin/../lib/gcc/arm-none-eabi/9.2.1/../../../../arm-none-eabi/lib/thumb/v7e-m/nofp\libc.a(lib_a-mprec.o)
                0x00008a64                __mdiff
 .text.__ulp    0x00008b9c       0x44 c:/ti/ccs1220/ccs/tools/compiler/gcc-arm-none-eabi-9-2019-q4-major/bin/../lib/gcc/arm-none-eabi/9.2.1/../../../../arm-none-eabi/lib/thumb/v7e-m/nofp\libc.a(lib_a-mprec.o)
                0x00008b9c                __ulp
 .text.__b2d    0x00008be0       0xcc c:/ti/ccs1220/ccs/tools/compiler/gcc-arm-none-eabi-9-2019-q4-major/bin/../lib/gcc/arm-none-eabi/9.2.1/../../../../arm-none-eabi/lib/thumb/v7e-m/nofp\libc.a(lib_a-mprec.o)
                0x00008be0                __b2d
 .text.__d2b    0x00008cac       0xa8 c:/ti/ccs1220/ccs/tools/compiler/gcc-arm-none-eabi-9-2019-q4-major/bin/../lib/gcc/arm-none-eabi/9.2.1/../../../../arm-none-eabi/lib/thumb/v7e-m/nofp\libc.a(lib_a-mprec.o)
                0x00008cac                __d2b
 .text.__ratio  0x00008d54       0x60 c:/ti/ccs1220/ccs/tools/compiler/gcc-arm-none-eabi-9-2019-q4-major/bin/../lib/gcc/arm-none-eabi/9.2.1/../../../../arm-none-eabi/lib/thumb/v7e-m/nofp\libc.a(lib_a-mprec.o)
                0x00008d54                __ratio
 .text._mprec_log10
                0x00008db4       0x38 c:/ti/ccs1220/ccs/tools/compiler/gcc-arm-none-eabi-9-2019-q4-major/bin/../lib/gcc/arm-none-eabi/9.2.1/../../../../arm-none-eabi/lib/thumb/v7e-m/nofp\libc.a(lib_a-mprec.o)
                0x00008db4                _mprec_log10
 .text.__copybits
                0x00008dec       0x48 c:/ti/ccs1220/ccs/tools/compiler/gcc-arm-none-eabi-9-2019-q4-major/bin/../lib/gcc/arm-none-eabi/9.2.1/../../../../arm-none-eabi/lib/thumb/v7e-m/nofp\libc.a(lib_a-mprec.o)
                0x00008dec                __copybits
 .text.__any_on
                0x00008e34       0x60 c:/ti/ccs1220/ccs/tools/compiler/gcc-arm-none-eabi-9-2019-q4-major/bin/../lib/gcc/arm-none-eabi/9.2.1/../../../../arm-none-eabi/lib/thumb/v7e-m/nofp\libc.a(lib_a-mprec.o)
                0x00008e34                __any_on
 .text.frexp    0x00008e94       0x70 c:/ti/ccs1220/ccs/tools/compiler/gcc-arm-none-eabi-9-2019-q4-major/bin/../lib/gcc/arm-none-eabi/9.2.1/../../../../arm-none-eabi/lib/thumb/v7e-m/nofp\libc.a(lib_a-s_frexp.o)
                0x00008e94                frexp
 .text._sbrk_r  0x00008f04       0x24 c:/ti/ccs1220/ccs/tools/compiler/gcc-arm-none-eabi-9-2019-q4-major/bin/../lib/gcc/arm-none-eabi/9.2.1/../../../../arm-none-eabi/lib/thumb/v7e-m/nofp\libc.a(lib_a-sbrkr.o)
                0x00008f04                _sbrk_r
 .text.strncpy  0x00008f28       0x68 c:/ti/ccs1220/ccs/tools/compiler/gcc-arm-none-eabi-9-2019-q4-major/bin/../lib/gcc/arm-none-eabi/9.2.1/../../../../arm-none-eabi/lib/thumb/v7e-m/nofp\libc.a(lib_a-strncpy.o)
                0x00008f28                strncpy
 .text.__ssprint_r
                0x00008f90       0xf8 c:/ti/ccs1220/ccs/tools/compiler/gcc-arm-none-eabi-9-2019-q4-major/bin/../lib/gcc/arm-none-eabi/9.2.1/../../../../arm-none-eabi/lib/thumb/v7e-m/nofp\libc.a(lib_a-svfiprintf.o)
                0x00008f90                __ssprint_r
 .text._svfiprintf_r
                0x00009088      0xb14 c:/ti/ccs1220/ccs/tools/compiler/gcc-arm-none-eabi-9-2019-q4-major/bin/../lib/gcc/arm-none-eabi/9.2.1/../../../../arm-none-eabi/lib/thumb/v7e-m/nofp\libc.a(lib_a-svfiprintf.o)
                0x00009088                _svfiprintf_r
 .text.__register_exitproc
                0x00009b9c       0x8c c:/ti/ccs1220/ccs/tools/compiler/gcc-arm-none-eabi-9-2019-q4-major/bin/../lib/gcc/arm-none-eabi/9.2.1/../../../../arm-none-eabi/lib/thumb/v7e-m/nofp\libc.a(lib_a-__atexit.o)
                0x00009b9c                __register_exitproc
 .text._calloc_r
                0x00009c28       0x60 c:/ti/ccs1220/ccs/tools/compiler/gcc-arm-none-eabi-9-2019-q4-major/bin/../lib/gcc/arm-none-eabi/9.2.1/../../../../arm-none-eabi/lib/thumb/v7e-m/nofp\libc.a(lib_a-callocr.o)
                0x00009c28                _calloc_r
 .text._setlocale_r
                0x00009c88       0x40 c:/ti/ccs1220/ccs/tools/compiler/gcc-arm-none-eabi-9-2019-q4-major/bin/../lib/gcc/arm-none-eabi/9.2.1/../../../../arm-none-eabi/lib/thumb/v7e-m/nofp\libc.a(lib_a-locale.o)
                0x00009c88                _setlocale_r
 .text.__locale_mb_cur_max
                0x00009cc8        0xc c:/ti/ccs1220/ccs/tools/compiler/gcc-arm-none-eabi-9-2019-q4-major/bin/../lib/gcc/arm-none-eabi/9.2.1/../../../../arm-none-eabi/lib/thumb/v7e-m/nofp\libc.a(lib_a-locale.o)
                0x00009cc8                __locale_mb_cur_max
 .text.setlocale
                0x00009cd4       0x10 c:/ti/ccs1220/ccs/tools/compiler/gcc-arm-none-eabi-9-2019-q4-major/bin/../lib/gcc/arm-none-eabi/9.2.1/../../../../arm-none-eabi/lib/thumb/v7e-m/nofp\libc.a(lib_a-locale.o)
                0x00009cd4                setlocale
 .text._mbtowc_r
                0x00009ce4       0x14 c:/ti/ccs1220/ccs/tools/compiler/gcc-arm-none-eabi-9-2019-q4-major/bin/../lib/gcc/arm-none-eabi/9.2.1/../../../../arm-none-eabi/lib/thumb/v7e-m/nofp\libc.a(lib_a-mbtowc_r.o)
                0x00009ce4                _mbtowc_r
 .text.__ascii_mbtowc
                0x00009cf8       0x2c c:/ti/ccs1220/ccs/tools/compiler/gcc-arm-none-eabi-9-2019-q4-major/bin/../lib/gcc/arm-none-eabi/9.2.1/../../../../arm-none-eabi/lib/thumb/v7e-m/nofp\libc.a(lib_a-mbtowc_r.o)
                0x00009cf8                __ascii_mbtowc
 .text.memmove  0x00009d24       0xd8 c:/ti/ccs1220/ccs/tools/compiler/gcc-arm-none-eabi-9-2019-q4-major/bin/../lib/gcc/arm-none-eabi/9.2.1/../../../../arm-none-eabi/lib/thumb/v7e-m/nofp\libc.a(lib_a-memmove.o)
                0x00009d24                memmove
 .text._realloc_r
                0x00009dfc      0x3e0 c:/ti/ccs1220/ccs/tools/compiler/gcc-arm-none-eabi-9-2019-q4-major/bin/../lib/gcc/arm-none-eabi/9.2.1/../../../../arm-none-eabi/lib/thumb/v7e-m/nofp\libc.a(lib_a-reallocr.o)
                0x00009dfc                _realloc_r
 .text.cleanup_glue
                0x0000a1dc       0x1c c:/ti/ccs1220/ccs/tools/compiler/gcc-arm-none-eabi-9-2019-q4-major/bin/../lib/gcc/arm-none-eabi/9.2.1/../../../../arm-none-eabi/lib/thumb/v7e-m/nofp\libc.a(lib_a-reent.o)
                0x0000a1dc                cleanup_glue
 .text._reclaim_reent
                0x0000a1f8       0x84 c:/ti/ccs1220/ccs/tools/compiler/gcc-arm-none-eabi-9-2019-q4-major/bin/../lib/gcc/arm-none-eabi/9.2.1/../../../../arm-none-eabi/lib/thumb/v7e-m/nofp\libc.a(lib_a-reent.o)
                0x0000a1f8                _reclaim_reent
 .text._wctomb_r
                0x0000a27c       0x14 c:/ti/ccs1220/ccs/tools/compiler/gcc-arm-none-eabi-9-2019-q4-major/bin/../lib/gcc/arm-none-eabi/9.2.1/../../../../arm-none-eabi/lib/thumb/v7e-m/nofp\libc.a(lib_a-wctomb_r.o)
                0x0000a27c                _wctomb_r
 .text.__ascii_wctomb
                0x0000a290       0x1c c:/ti/ccs1220/ccs/tools/compiler/gcc-arm-none-eabi-9-2019-q4-major/bin/../lib/gcc/arm-none-eabi/9.2.1/../../../../arm-none-eabi/lib/thumb/v7e-m/nofp\libc.a(lib_a-wctomb_r.o)
                0x0000a290                __ascii_wctomb
 .text._sbrk    0x0000a2ac       0x1c c:/ti/ccs1220/ccs/tools/compiler/gcc-arm-none-eabi-9-2019-q4-major/bin/../lib/gcc/arm-none-eabi/9.2.1/../../../../arm-none-eabi/lib/thumb/v7e-m/nofp\libnosys.a(sbrk.o)
                0x0000a2ac                _sbrk
 .text._exit    0x0000a2c8        0x4 c:/ti/ccs1220/ccs/tools/compiler/gcc-arm-none-eabi-9-2019-q4-major/bin/../lib/gcc/arm-none-eabi/9.2.1/../../../../arm-none-eabi/lib/thumb/v7e-m/nofp\libnosys.a(_exit.o)
                0x0000a2c8                _exit
 *(.rodata)
 .rodata        0x0000a2cc       0x50 ./Source/App/Main/AppsDownloader.o
 .rodata        0x0000a31c        0xe ./Source/BSP/startup_tm4c_gnu.o
 *(.rodata*)
 *fill*         0x0000a32a        0x2 
 .rodata.MSG_Obj
                0x0000a32c       0x14 ./Source/Driver/CAN/CAN_Driver.o
                0x0000a32c                MSG_Obj
 .rodata.PORT   0x0000a340       0x18 ./Source/Driver/GPIO/GPIOdriver.o
                0x0000a340                PORT
 .rodata.font_width
                0x0000a358        0x1 ./Source/Middleware/OLED_SSD1306/SSD1306.o
                0x0000a358                font_width
 *fill*         0x0000a359        0x3 
 .rodata.font_5x8
                0x0000a35c      0x2a0 ./Source/Middleware/OLED_SSD1306/SSD1306.o
                0x0000a35c                font_5x8
 .rodata.shiva_logo
                0x0000a5fc      0x400 ./Source/Middleware/OLED_SSD1306/SSD1306.o
                0x0000a5fc                shiva_logo
 .rodata._global_impure_ptr
                0x0000a9fc        0x4 c:/ti/ccs1220/ccs/tools/compiler/gcc-arm-none-eabi-9-2019-q4-major/bin/../lib/gcc/arm-none-eabi/9.2.1/../../../../arm-none-eabi/lib/thumb/v7e-m/nofp\libc.a(lib_a-impure.o)
                0x0000a9fc                _global_impure_ptr
 .rodata._svfprintf_r.str1.4
                0x0000aa00       0x42 c:/ti/ccs1220/ccs/tools/compiler/gcc-arm-none-eabi-9-2019-q4-major/bin/../lib/gcc/arm-none-eabi/9.2.1/../../../../arm-none-eabi/lib/thumb/v7e-m/nofp\libc.a(lib_a-svfprintf.o)
 *fill*         0x0000aa42        0x2 
 .rodata.blanks.7345
                0x0000aa44       0x10 c:/ti/ccs1220/ccs/tools/compiler/gcc-arm-none-eabi-9-2019-q4-major/bin/../lib/gcc/arm-none-eabi/9.2.1/../../../../arm-none-eabi/lib/thumb/v7e-m/nofp\libc.a(lib_a-svfprintf.o)
 .rodata.zeroes.7346
                0x0000aa54       0x10 c:/ti/ccs1220/ccs/tools/compiler/gcc-arm-none-eabi-9-2019-q4-major/bin/../lib/gcc/arm-none-eabi/9.2.1/../../../../arm-none-eabi/lib/thumb/v7e-m/nofp\libc.a(lib_a-svfprintf.o)
 .rodata._dtoa_r.str1.4
                0x0000aa64        0xd c:/ti/ccs1220/ccs/tools/compiler/gcc-arm-none-eabi-9-2019-q4-major/bin/../lib/gcc/arm-none-eabi/9.2.1/../../../../arm-none-eabi/lib/thumb/v7e-m/nofp\libc.a(lib_a-dtoa.o)
                                 0x12 (size before relaxing)
 *fill*         0x0000aa71        0x7 
 .rodata.__mprec_bigtens
                0x0000aa78       0x28 c:/ti/ccs1220/ccs/tools/compiler/gcc-arm-none-eabi-9-2019-q4-major/bin/../lib/gcc/arm-none-eabi/9.2.1/../../../../arm-none-eabi/lib/thumb/v7e-m/nofp\libc.a(lib_a-mprec.o)
                0x0000aa78                __mprec_bigtens
 .rodata.__mprec_tens
                0x0000aaa0       0xc8 c:/ti/ccs1220/ccs/tools/compiler/gcc-arm-none-eabi-9-2019-q4-major/bin/../lib/gcc/arm-none-eabi/9.2.1/../../../../arm-none-eabi/lib/thumb/v7e-m/nofp\libc.a(lib_a-mprec.o)
                0x0000aaa0                __mprec_tens
 .rodata.__mprec_tinytens
                0x0000ab68       0x28 c:/ti/ccs1220/ccs/tools/compiler/gcc-arm-none-eabi-9-2019-q4-major/bin/../lib/gcc/arm-none-eabi/9.2.1/../../../../arm-none-eabi/lib/thumb/v7e-m/nofp\libc.a(lib_a-mprec.o)
                0x0000ab68                __mprec_tinytens
 .rodata.p05.6115
                0x0000ab90        0xc c:/ti/ccs1220/ccs/tools/compiler/gcc-arm-none-eabi-9-2019-q4-major/bin/../lib/gcc/arm-none-eabi/9.2.1/../../../../arm-none-eabi/lib/thumb/v7e-m/nofp\libc.a(lib_a-mprec.o)
 .rodata._svfiprintf_r.str1.4
                0x0000ab9c       0x2f c:/ti/ccs1220/ccs/tools/compiler/gcc-arm-none-eabi-9-2019-q4-major/bin/../lib/gcc/arm-none-eabi/9.2.1/../../../../arm-none-eabi/lib/thumb/v7e-m/nofp\libc.a(lib_a-svfiprintf.o)
 .rodata.blanks.7324
                0x0000ab9c       0x10 c:/ti/ccs1220/ccs/tools/compiler/gcc-arm-none-eabi-9-2019-q4-major/bin/../lib/gcc/arm-none-eabi/9.2.1/../../../../arm-none-eabi/lib/thumb/v7e-m/nofp\libc.a(lib_a-svfiprintf.o)
 .rodata.zeroes.7325
                0x0000abac       0x10 c:/ti/ccs1220/ccs/tools/compiler/gcc-arm-none-eabi-9-2019-q4-major/bin/../lib/gcc/arm-none-eabi/9.2.1/../../../../arm-none-eabi/lib/thumb/v7e-m/nofp\libc.a(lib_a-svfiprintf.o)
 .rodata._setlocale_r.str1.4
                0x0000abbc        0xa c:/ti/ccs1220/ccs/tools/compiler/gcc-arm-none-eabi-9-2019-q4-major/bin/../lib/gcc/arm-none-eabi/9.2.1/../../../../arm-none-eabi/lib/thumb/v7e-m/nofp\libc.a(lib_a-locale.o)
                                  0xd (size before relaxing)
 *fill*         0x0000abc6        0x2 
 .rodata.str1.4
                0x0000abc8        0x2 c:/ti/ccs1220/ccs/tools/compiler/gcc-arm-none-eabi-9-2019-q4-major/bin/../lib/gcc/arm-none-eabi/9.2.1/../../../../arm-none-eabi/lib/thumb/v7e-m/nofp\libc.a(lib_a-locale.o)
 *fill*         0x0000abca        0x2 
 .rodata._ctype_
                0x0000abcc      0x101 c:/ti/ccs1220/ccs/tools/compiler/gcc-arm-none-eabi-9-2019-q4-major/bin/../lib/gcc/arm-none-eabi/9.2.1/../../../../arm-none-eabi/lib/thumb/v7e-m/nofp\libc.a(lib_a-ctype_.o)
                0x0000abcc                _ctype_
 *(.init)
 *fill*         0x0000accd        0x3 
 .init          0x0000acd0        0x4 c:/ti/ccs1220/ccs/tools/compiler/gcc-arm-none-eabi-9-2019-q4-major/bin/../lib/gcc/arm-none-eabi/9.2.1/thumb/v7e-m/nofp/crti.o
                0x0000acd0                _init
 .init          0x0000acd4        0x8 c:/ti/ccs1220/ccs/tools/compiler/gcc-arm-none-eabi-9-2019-q4-major/bin/../lib/gcc/arm-none-eabi/9.2.1/thumb/v7e-m/nofp/crtn.o
 *(.fini)
 .fini          0x0000acdc        0x4 c:/ti/ccs1220/ccs/tools/compiler/gcc-arm-none-eabi-9-2019-q4-major/bin/../lib/gcc/arm-none-eabi/9.2.1/thumb/v7e-m/nofp/crti.o
                0x0000acdc                _fini
 .fini          0x0000ace0        0x8 c:/ti/ccs1220/ccs/tools/compiler/gcc-arm-none-eabi-9-2019-q4-major/bin/../lib/gcc/arm-none-eabi/9.2.1/thumb/v7e-m/nofp/crtn.o
                0x0000ace8                . = ALIGN (0x4)

.glue_7         0x0000ace8        0x0
 .glue_7        0x0000ace8        0x0 linker stubs

.glue_7t        0x0000ace8        0x0
 .glue_7t       0x0000ace8        0x0 linker stubs

.vfp11_veneer   0x0000ace8        0x0
 .vfp11_veneer  0x0000ace8        0x0 linker stubs

.v4_bx          0x0000ace8        0x0
 .v4_bx         0x0000ace8        0x0 linker stubs

.iplt           0x0000ace8        0x0
 .iplt          0x0000ace8        0x0 c:/ti/ccs1220/ccs/tools/compiler/gcc-arm-none-eabi-9-2019-q4-major/bin/../lib/gcc/arm-none-eabi/9.2.1/thumb/v7e-m/nofp/crtbegin.o

.rel.dyn        0x0000ace8        0x0
 .rel.iplt      0x0000ace8        0x0 c:/ti/ccs1220/ccs/tools/compiler/gcc-arm-none-eabi-9-2019-q4-major/bin/../lib/gcc/arm-none-eabi/9.2.1/thumb/v7e-m/nofp/crtbegin.o

.preinit_array  0x0000ace8        0x0
                0x0000ace8                PROVIDE (__preinit_array_start = .)
 *(.preinit_array*)
                0x0000ace8                PROVIDE (__preinit_array_end = .)

.init_array     0x0000ace8        0x8
                0x0000ace8                PROVIDE (__init_array_start = .)
 *(SORT_BY_NAME(.init_array.*))
 .init_array.00000
                0x0000ace8        0x4 c:/ti/ccs1220/ccs/tools/compiler/gcc-arm-none-eabi-9-2019-q4-major/bin/../lib/gcc/arm-none-eabi/9.2.1/../../../../arm-none-eabi/lib/thumb/v7e-m/nofp\libc.a(lib_a-__call_atexit.o)
 *(.init_array*)
 .init_array    0x0000acec        0x4 c:/ti/ccs1220/ccs/tools/compiler/gcc-arm-none-eabi-9-2019-q4-major/bin/../lib/gcc/arm-none-eabi/9.2.1/thumb/v7e-m/nofp/crtbegin.o
                0x0000acf0                PROVIDE (__init_array_end = .)

.fini_array     0x0000acf0        0x4
                0x0000acf0                PROVIDE (__fini_array_start = .)
 *(.fini_array*)
 .fini_array    0x0000acf0        0x4 c:/ti/ccs1220/ccs/tools/compiler/gcc-arm-none-eabi-9-2019-q4-major/bin/../lib/gcc/arm-none-eabi/9.2.1/thumb/v7e-m/nofp/crtbegin.o
 *(SORT_BY_NAME(.fini_array.*))
                0x0000acf4                PROVIDE (__fini_array_end = .)
                0x0000acf4                _etext = .

.data           0x20000000      0xa68 load address 0x0000acf4
                0x0000acf4                __data_load__ = LOADADDR (.data)
                0x20000000                __data_start__ = .
 *(.data)
 .data          0x20000000        0x0 c:/ti/ccs1220/ccs/tools/compiler/gcc-arm-none-eabi-9-2019-q4-major/bin/../lib/gcc/arm-none-eabi/9.2.1/thumb/v7e-m/nofp/crti.o
 .data          0x20000000        0x4 c:/ti/ccs1220/ccs/tools/compiler/gcc-arm-none-eabi-9-2019-q4-major/bin/../lib/gcc/arm-none-eabi/9.2.1/thumb/v7e-m/nofp/crtbegin.o
                0x20000000                __dso_handle
 .data          0x20000004        0x0 c:/ti/ccs1220/ccs/tools/compiler/gcc-arm-none-eabi-9-2019-q4-major/bin/../lib/gcc/arm-none-eabi/9.2.1/../../../../arm-none-eabi/lib/thumb/v7e-m/nofp/crt0.o
 .data          0x20000004        0x0 ./Source/App/Main/AppsDownloader.o
 .data          0x20000004        0x0 ./Source/App/Main/main.o
 .data          0x20000004        0x0 ./Source/BSP/bsp.o
 .data          0x20000004        0x0 ./Source/BSP/startup_tm4c_gnu.o
 .data          0x20000004        0x0 ./Source/Driver/ADC/ADC_Driver.o
 .data          0x20000004        0x0 ./Source/Driver/CAN/CAN_Driver.o
 .data          0x20000004        0x0 ./Source/Driver/FLASH/FLASH.o
 .data          0x20000004        0x0 ./Source/Driver/GPIO/GPIOdriver.o
 .data          0x20000004        0x0 ./Source/Driver/I2C/I2C.o
 .data          0x20000004        0x0 ./Source/Driver/LCD/LCD.o
 .data          0x20000004        0x0 ./Source/Driver/SPI/SPI.o
 .data          0x20000004        0x0 ./Source/Driver/Timer/Timer.o
 .data          0x20000004        0x0 ./Source/Driver/Timer/timercnter.o
 .data          0x20000004        0x0 ./Source/Driver/UART/UART.o
 .data          0x20000004        0x0 ./Source/Middleware/MCP3208/MCP3208.o
 .data          0x20000004        0x0 ./Source/Middleware/OLED_SSD1306/SSD1306.o
 .data          0x20000004        0x0 ./Source/Middleware/RTC_DS3231/DS3231.o
 .data          0x20000004        0x0 c:/ti/ccs1220/ccs/tools/compiler/gcc-arm-none-eabi-9-2019-q4-major/bin/../lib/gcc/arm-none-eabi/9.2.1/../../../../arm-none-eabi/lib/thumb/v7e-m/nofp\libc.a(lib_a-exit.o)
 .data          0x20000004        0x0 c:/ti/ccs1220/ccs/tools/compiler/gcc-arm-none-eabi-9-2019-q4-major/bin/../lib/gcc/arm-none-eabi/9.2.1/../../../../arm-none-eabi/lib/thumb/v7e-m/nofp\libc.a(lib_a-impure.o)
 .data          0x20000004        0x0 c:/ti/ccs1220/ccs/tools/compiler/gcc-arm-none-eabi-9-2019-q4-major/bin/../lib/gcc/arm-none-eabi/9.2.1/../../../../arm-none-eabi/lib/thumb/v7e-m/nofp\libc.a(lib_a-init.o)
 .data          0x20000004        0x0 c:/ti/ccs1220/ccs/tools/compiler/gcc-arm-none-eabi-9-2019-q4-major/bin/../lib/gcc/arm-none-eabi/9.2.1/../../../../arm-none-eabi/lib/thumb/v7e-m/nofp\libc.a(lib_a-memset.o)
 .data          0x20000004        0x0 c:/ti/ccs1220/ccs/tools/compiler/gcc-arm-none-eabi-9-2019-q4-major/bin/../lib/gcc/arm-none-eabi/9.2.1/../../../../arm-none-eabi/lib/thumb/v7e-m/nofp\libc.a(lib_a-sprintf.o)
 .data          0x20000004        0x0 c:/ti/ccs1220/ccs/tools/compiler/gcc-arm-none-eabi-9-2019-q4-major/bin/../lib/gcc/arm-none-eabi/9.2.1/../../../../arm-none-eabi/lib/thumb/v7e-m/nofp\libc.a(lib_a-svfprintf.o)
 .data          0x20000004        0x0 c:/ti/ccs1220/ccs/tools/compiler/gcc-arm-none-eabi-9-2019-q4-major/bin/../lib/gcc/arm-none-eabi/9.2.1/../../../../arm-none-eabi/lib/thumb/v7e-m/nofp\libc.a(lib_a-__call_atexit.o)
 .data          0x20000004        0x0 c:/ti/ccs1220/ccs/tools/compiler/gcc-arm-none-eabi-9-2019-q4-major/bin/../lib/gcc/arm-none-eabi/9.2.1/../../../../arm-none-eabi/lib/thumb/v7e-m/nofp\libc.a(lib_a-atexit.o)
 .data          0x20000004        0x0 c:/ti/ccs1220/ccs/tools/compiler/gcc-arm-none-eabi-9-2019-q4-major/bin/../lib/gcc/arm-none-eabi/9.2.1/../../../../arm-none-eabi/lib/thumb/v7e-m/nofp\libc.a(lib_a-dtoa.o)
 .data          0x20000004        0x0 c:/ti/ccs1220/ccs/tools/compiler/gcc-arm-none-eabi-9-2019-q4-major/bin/../lib/gcc/arm-none-eabi/9.2.1/../../../../arm-none-eabi/lib/thumb/v7e-m/nofp\libc.a(lib_a-fini.o)
 .data          0x20000004        0x0 c:/ti/ccs1220/ccs/tools/compiler/gcc-arm-none-eabi-9-2019-q4-major/bin/../lib/gcc/arm-none-eabi/9.2.1/../../../../arm-none-eabi/lib/thumb/v7e-m/nofp\libc.a(lib_a-freer.o)
 .data          0x20000004        0x0 c:/ti/ccs1220/ccs/tools/compiler/gcc-arm-none-eabi-9-2019-q4-major/bin/../lib/gcc/arm-none-eabi/9.2.1/../../../../arm-none-eabi/lib/thumb/v7e-m/nofp\libc.a(lib_a-localeconv.o)
 .data          0x20000004        0x0 c:/ti/ccs1220/ccs/tools/compiler/gcc-arm-none-eabi-9-2019-q4-major/bin/../lib/gcc/arm-none-eabi/9.2.1/../../../../arm-none-eabi/lib/thumb/v7e-m/nofp\libc.a(lib_a-lock.o)
 .data          0x20000004        0x0 c:/ti/ccs1220/ccs/tools/compiler/gcc-arm-none-eabi-9-2019-q4-major/bin/../lib/gcc/arm-none-eabi/9.2.1/../../../../arm-none-eabi/lib/thumb/v7e-m/nofp\libc.a(lib_a-mallocr.o)
 .data          0x20000004        0x0 c:/ti/ccs1220/ccs/tools/compiler/gcc-arm-none-eabi-9-2019-q4-major/bin/../lib/gcc/arm-none-eabi/9.2.1/../../../../arm-none-eabi/lib/thumb/v7e-m/nofp\libc.a(lib_a-memchr.o)
 .data          0x20000004        0x0 c:/ti/ccs1220/ccs/tools/compiler/gcc-arm-none-eabi-9-2019-q4-major/bin/../lib/gcc/arm-none-eabi/9.2.1/../../../../arm-none-eabi/lib/thumb/v7e-m/nofp\libc.a(lib_a-memcpy.o)
 .data          0x20000004        0x0 c:/ti/ccs1220/ccs/tools/compiler/gcc-arm-none-eabi-9-2019-q4-major/bin/../lib/gcc/arm-none-eabi/9.2.1/../../../../arm-none-eabi/lib/thumb/v7e-m/nofp\libc.a(lib_a-mlock.o)
 .data          0x20000004        0x0 c:/ti/ccs1220/ccs/tools/compiler/gcc-arm-none-eabi-9-2019-q4-major/bin/../lib/gcc/arm-none-eabi/9.2.1/../../../../arm-none-eabi/lib/thumb/v7e-m/nofp\libc.a(lib_a-mprec.o)
 .data          0x20000004        0x0 c:/ti/ccs1220/ccs/tools/compiler/gcc-arm-none-eabi-9-2019-q4-major/bin/../lib/gcc/arm-none-eabi/9.2.1/../../../../arm-none-eabi/lib/thumb/v7e-m/nofp\libc.a(lib_a-s_frexp.o)
 .data          0x20000004        0x0 c:/ti/ccs1220/ccs/tools/compiler/gcc-arm-none-eabi-9-2019-q4-major/bin/../lib/gcc/arm-none-eabi/9.2.1/../../../../arm-none-eabi/lib/thumb/v7e-m/nofp\libc.a(lib_a-sbrkr.o)
 .data          0x20000004        0x0 c:/ti/ccs1220/ccs/tools/compiler/gcc-arm-none-eabi-9-2019-q4-major/bin/../lib/gcc/arm-none-eabi/9.2.1/../../../../arm-none-eabi/lib/thumb/v7e-m/nofp\libc.a(lib_a-strlen.o)
 .data          0x20000004        0x0 c:/ti/ccs1220/ccs/tools/compiler/gcc-arm-none-eabi-9-2019-q4-major/bin/../lib/gcc/arm-none-eabi/9.2.1/../../../../arm-none-eabi/lib/thumb/v7e-m/nofp\libc.a(lib_a-strncpy.o)
 .data          0x20000004        0x0 c:/ti/ccs1220/ccs/tools/compiler/gcc-arm-none-eabi-9-2019-q4-major/bin/../lib/gcc/arm-none-eabi/9.2.1/../../../../arm-none-eabi/lib/thumb/v7e-m/nofp\libc.a(lib_a-svfiprintf.o)
 .data          0x20000004        0x0 c:/ti/ccs1220/ccs/tools/compiler/gcc-arm-none-eabi-9-2019-q4-major/bin/../lib/gcc/arm-none-eabi/9.2.1/../../../../arm-none-eabi/lib/thumb/v7e-m/nofp\libc.a(lib_a-__atexit.o)
 .data          0x20000004        0x0 c:/ti/ccs1220/ccs/tools/compiler/gcc-arm-none-eabi-9-2019-q4-major/bin/../lib/gcc/arm-none-eabi/9.2.1/../../../../arm-none-eabi/lib/thumb/v7e-m/nofp\libc.a(lib_a-callocr.o)
 .data          0x20000004        0x0 c:/ti/ccs1220/ccs/tools/compiler/gcc-arm-none-eabi-9-2019-q4-major/bin/../lib/gcc/arm-none-eabi/9.2.1/../../../../arm-none-eabi/lib/thumb/v7e-m/nofp\libc.a(lib_a-locale.o)
 .data          0x20000004        0x0 c:/ti/ccs1220/ccs/tools/compiler/gcc-arm-none-eabi-9-2019-q4-major/bin/../lib/gcc/arm-none-eabi/9.2.1/../../../../arm-none-eabi/lib/thumb/v7e-m/nofp\libc.a(lib_a-mbtowc_r.o)
 .data          0x20000004        0x0 c:/ti/ccs1220/ccs/tools/compiler/gcc-arm-none-eabi-9-2019-q4-major/bin/../lib/gcc/arm-none-eabi/9.2.1/../../../../arm-none-eabi/lib/thumb/v7e-m/nofp\libc.a(lib_a-memmove.o)
 .data          0x20000004        0x0 c:/ti/ccs1220/ccs/tools/compiler/gcc-arm-none-eabi-9-2019-q4-major/bin/../lib/gcc/arm-none-eabi/9.2.1/../../../../arm-none-eabi/lib/thumb/v7e-m/nofp\libc.a(lib_a-reallocr.o)
 .data          0x20000004        0x0 c:/ti/ccs1220/ccs/tools/compiler/gcc-arm-none-eabi-9-2019-q4-major/bin/../lib/gcc/arm-none-eabi/9.2.1/../../../../arm-none-eabi/lib/thumb/v7e-m/nofp\libc.a(lib_a-reent.o)
 .data          0x20000004        0x0 c:/ti/ccs1220/ccs/tools/compiler/gcc-arm-none-eabi-9-2019-q4-major/bin/../lib/gcc/arm-none-eabi/9.2.1/../../../../arm-none-eabi/lib/thumb/v7e-m/nofp\libc.a(lib_a-strcmp.o)
 .data          0x20000004        0x0 c:/ti/ccs1220/ccs/tools/compiler/gcc-arm-none-eabi-9-2019-q4-major/bin/../lib/gcc/arm-none-eabi/9.2.1/../../../../arm-none-eabi/lib/thumb/v7e-m/nofp\libc.a(lib_a-wctomb_r.o)
 .data          0x20000004        0x0 c:/ti/ccs1220/ccs/tools/compiler/gcc-arm-none-eabi-9-2019-q4-major/bin/../lib/gcc/arm-none-eabi/9.2.1/../../../../arm-none-eabi/lib/thumb/v7e-m/nofp\libc.a(lib_a-ctype_.o)
 .data          0x20000004        0x0 c:/ti/ccs1220/ccs/tools/compiler/gcc-arm-none-eabi-9-2019-q4-major/bin/../lib/gcc/arm-none-eabi/9.2.1/thumb/v7e-m/nofp\libgcc.a(_arm_muldf3.o)
 .data          0x20000004        0x0 c:/ti/ccs1220/ccs/tools/compiler/gcc-arm-none-eabi-9-2019-q4-major/bin/../lib/gcc/arm-none-eabi/9.2.1/thumb/v7e-m/nofp\libgcc.a(_arm_mulsf3.o)
 .data          0x20000004        0x0 c:/ti/ccs1220/ccs/tools/compiler/gcc-arm-none-eabi-9-2019-q4-major/bin/../lib/gcc/arm-none-eabi/9.2.1/thumb/v7e-m/nofp\libgcc.a(_arm_addsubdf3.o)
 .data          0x20000004        0x0 c:/ti/ccs1220/ccs/tools/compiler/gcc-arm-none-eabi-9-2019-q4-major/bin/../lib/gcc/arm-none-eabi/9.2.1/thumb/v7e-m/nofp\libgcc.a(_arm_muldivdf3.o)
 .data          0x20000004        0x0 c:/ti/ccs1220/ccs/tools/compiler/gcc-arm-none-eabi-9-2019-q4-major/bin/../lib/gcc/arm-none-eabi/9.2.1/thumb/v7e-m/nofp\libgcc.a(_arm_cmpdf2.o)
 .data          0x20000004        0x0 c:/ti/ccs1220/ccs/tools/compiler/gcc-arm-none-eabi-9-2019-q4-major/bin/../lib/gcc/arm-none-eabi/9.2.1/thumb/v7e-m/nofp\libgcc.a(_arm_unorddf2.o)
 .data          0x20000004        0x0 c:/ti/ccs1220/ccs/tools/compiler/gcc-arm-none-eabi-9-2019-q4-major/bin/../lib/gcc/arm-none-eabi/9.2.1/thumb/v7e-m/nofp\libgcc.a(_arm_fixdfsi.o)
 .data          0x20000004        0x0 c:/ti/ccs1220/ccs/tools/compiler/gcc-arm-none-eabi-9-2019-q4-major/bin/../lib/gcc/arm-none-eabi/9.2.1/thumb/v7e-m/nofp\libgcc.a(_arm_truncdfsf2.o)
 .data          0x20000004        0x0 c:/ti/ccs1220/ccs/tools/compiler/gcc-arm-none-eabi-9-2019-q4-major/bin/../lib/gcc/arm-none-eabi/9.2.1/thumb/v7e-m/nofp\libgcc.a(_arm_addsubsf3.o)
 .data          0x20000004        0x0 c:/ti/ccs1220/ccs/tools/compiler/gcc-arm-none-eabi-9-2019-q4-major/bin/../lib/gcc/arm-none-eabi/9.2.1/thumb/v7e-m/nofp\libgcc.a(_arm_fixunssfsi.o)
 .data          0x20000004        0x0 c:/ti/ccs1220/ccs/tools/compiler/gcc-arm-none-eabi-9-2019-q4-major/bin/../lib/gcc/arm-none-eabi/9.2.1/thumb/v7e-m/nofp\libgcc.a(_aeabi_uldivmod.o)
 .data          0x20000004        0x0 c:/ti/ccs1220/ccs/tools/compiler/gcc-arm-none-eabi-9-2019-q4-major/bin/../lib/gcc/arm-none-eabi/9.2.1/thumb/v7e-m/nofp\libgcc.a(_udivmoddi4.o)
 .data          0x20000004        0x0 c:/ti/ccs1220/ccs/tools/compiler/gcc-arm-none-eabi-9-2019-q4-major/bin/../lib/gcc/arm-none-eabi/9.2.1/thumb/v7e-m/nofp\libgcc.a(_dvmd_tls.o)
 .data          0x20000004        0x0 c:/ti/ccs1220/ccs/tools/compiler/gcc-arm-none-eabi-9-2019-q4-major/bin/../lib/gcc/arm-none-eabi/9.2.1/../../../../arm-none-eabi/lib/thumb/v7e-m/nofp\libnosys.a(sbrk.o)
 .data          0x20000004        0x0 c:/ti/ccs1220/ccs/tools/compiler/gcc-arm-none-eabi-9-2019-q4-major/bin/../lib/gcc/arm-none-eabi/9.2.1/../../../../arm-none-eabi/lib/thumb/v7e-m/nofp\libnosys.a(_exit.o)
 .data          0x20000004        0x0 c:/ti/ccs1220/ccs/tools/compiler/gcc-arm-none-eabi-9-2019-q4-major/bin/../lib/gcc/arm-none-eabi/9.2.1/thumb/v7e-m/nofp/crtend.o
 .data          0x20000004        0x0 c:/ti/ccs1220/ccs/tools/compiler/gcc-arm-none-eabi-9-2019-q4-major/bin/../lib/gcc/arm-none-eabi/9.2.1/thumb/v7e-m/nofp/crtn.o
 *(.data*)
 .data.CAN_Data_0x010
                0x20000004        0x8 ./Source/Driver/CAN/CAN_Driver.o
                0x20000004                CAN_Data_0x010
 .data.CAN_Data_0x100
                0x2000000c        0x5 ./Source/Driver/CAN/CAN_Driver.o
                0x2000000c                CAN_Data_0x100
 *fill*         0x20000011        0x3 
 .data.CAN_Data_0x200
                0x20000014        0x8 ./Source/Driver/CAN/CAN_Driver.o
                0x20000014                CAN_Data_0x200
 .data.CAN_Data_0x3C2
                0x2000001c        0x7 ./Source/Driver/CAN/CAN_Driver.o
                0x2000001c                CAN_Data_0x3C2
 *fill*         0x20000023        0x1 
 .data.CAN_Data_0x500
                0x20000024        0x1 ./Source/Driver/CAN/CAN_Driver.o
                0x20000024                CAN_Data_0x500
 *fill*         0x20000025        0x3 
 .data.I2C_config
                0x20000028       0x30 ./Source/Driver/I2C/I2C.o
                0x20000028                I2C_config
 .data.UART_config
                0x20000058       0x60 ./Source/Driver/UART/UART.o
                0x20000058                UART_config
 .data._impure_ptr
                0x200000b8        0x4 c:/ti/ccs1220/ccs/tools/compiler/gcc-arm-none-eabi-9-2019-q4-major/bin/../lib/gcc/arm-none-eabi/9.2.1/../../../../arm-none-eabi/lib/thumb/v7e-m/nofp\libc.a(lib_a-impure.o)
                0x200000b8                _impure_ptr
 *fill*         0x200000bc        0x4 
 .data.impure_data
                0x200000c0      0x428 c:/ti/ccs1220/ccs/tools/compiler/gcc-arm-none-eabi-9-2019-q4-major/bin/../lib/gcc/arm-none-eabi/9.2.1/../../../../arm-none-eabi/lib/thumb/v7e-m/nofp\libc.a(lib_a-impure.o)
 .data.__atexit_recursive_mutex
                0x200004e8        0x4 c:/ti/ccs1220/ccs/tools/compiler/gcc-arm-none-eabi-9-2019-q4-major/bin/../lib/gcc/arm-none-eabi/9.2.1/../../../../arm-none-eabi/lib/thumb/v7e-m/nofp\libc.a(lib_a-__call_atexit.o)
                0x200004e8                __atexit_recursive_mutex
 .data.__malloc_av_
                0x200004ec      0x408 c:/ti/ccs1220/ccs/tools/compiler/gcc-arm-none-eabi-9-2019-q4-major/bin/../lib/gcc/arm-none-eabi/9.2.1/../../../../arm-none-eabi/lib/thumb/v7e-m/nofp\libc.a(lib_a-mallocr.o)
                0x200004ec                __malloc_av_
 .data.__malloc_sbrk_base
                0x200008f4        0x4 c:/ti/ccs1220/ccs/tools/compiler/gcc-arm-none-eabi-9-2019-q4-major/bin/../lib/gcc/arm-none-eabi/9.2.1/../../../../arm-none-eabi/lib/thumb/v7e-m/nofp\libc.a(lib_a-mallocr.o)
                0x200008f4                __malloc_sbrk_base
 .data.__malloc_trim_threshold
                0x200008f8        0x4 c:/ti/ccs1220/ccs/tools/compiler/gcc-arm-none-eabi-9-2019-q4-major/bin/../lib/gcc/arm-none-eabi/9.2.1/../../../../arm-none-eabi/lib/thumb/v7e-m/nofp\libc.a(lib_a-mallocr.o)
                0x200008f8                __malloc_trim_threshold
 .data.__global_locale
                0x200008fc      0x16c c:/ti/ccs1220/ccs/tools/compiler/gcc-arm-none-eabi-9-2019-q4-major/bin/../lib/gcc/arm-none-eabi/9.2.1/../../../../arm-none-eabi/lib/thumb/v7e-m/nofp\libc.a(lib_a-locale.o)
                0x200008fc                __global_locale
                0x20000a68                . = ALIGN (0x4)
                0x20000a68                __data_end__ = .
                0x20000a68                _edata = __data_end__

.igot.plt       0x20000a68        0x0 load address 0x0000b75c
 .igot.plt      0x20000a68        0x0 c:/ti/ccs1220/ccs/tools/compiler/gcc-arm-none-eabi-9-2019-q4-major/bin/../lib/gcc/arm-none-eabi/9.2.1/thumb/v7e-m/nofp/crtbegin.o

.bss            0x20000a68      0x514 load address 0x0000b75c
                0x20000a68                __bss_start__ = .
 *(.bss)
 .bss           0x20000a68        0x0 c:/ti/ccs1220/ccs/tools/compiler/gcc-arm-none-eabi-9-2019-q4-major/bin/../lib/gcc/arm-none-eabi/9.2.1/thumb/v7e-m/nofp/crti.o
 .bss           0x20000a68       0x1c c:/ti/ccs1220/ccs/tools/compiler/gcc-arm-none-eabi-9-2019-q4-major/bin/../lib/gcc/arm-none-eabi/9.2.1/thumb/v7e-m/nofp/crtbegin.o
 .bss           0x20000a84        0x0 c:/ti/ccs1220/ccs/tools/compiler/gcc-arm-none-eabi-9-2019-q4-major/bin/../lib/gcc/arm-none-eabi/9.2.1/../../../../arm-none-eabi/lib/thumb/v7e-m/nofp/crt0.o
 .bss           0x20000a84        0x0 ./Source/App/Main/AppsDownloader.o
 .bss           0x20000a84        0x0 ./Source/App/Main/main.o
 .bss           0x20000a84        0x0 ./Source/BSP/bsp.o
 .bss           0x20000a84        0x0 ./Source/BSP/startup_tm4c_gnu.o
 .bss           0x20000a84        0x0 ./Source/Driver/ADC/ADC_Driver.o
 .bss           0x20000a84        0x0 ./Source/Driver/CAN/CAN_Driver.o
 .bss           0x20000a84        0x0 ./Source/Driver/FLASH/FLASH.o
 .bss           0x20000a84        0x0 ./Source/Driver/GPIO/GPIOdriver.o
 .bss           0x20000a84        0x0 ./Source/Driver/I2C/I2C.o
 .bss           0x20000a84        0x0 ./Source/Driver/LCD/LCD.o
 .bss           0x20000a84        0x0 ./Source/Driver/SPI/SPI.o
 .bss           0x20000a84        0x0 ./Source/Driver/Timer/Timer.o
 .bss           0x20000a84        0x0 ./Source/Driver/Timer/timercnter.o
 .bss           0x20000a84        0x0 ./Source/Driver/UART/UART.o
 .bss           0x20000a84        0x0 ./Source/Middleware/MCP3208/MCP3208.o
 .bss           0x20000a84        0x0 ./Source/Middleware/OLED_SSD1306/SSD1306.o
 .bss           0x20000a84        0x0 ./Source/Middleware/RTC_DS3231/DS3231.o
 .bss           0x20000a84        0x0 c:/ti/ccs1220/ccs/tools/compiler/gcc-arm-none-eabi-9-2019-q4-major/bin/../lib/gcc/arm-none-eabi/9.2.1/../../../../arm-none-eabi/lib/thumb/v7e-m/nofp\libc.a(lib_a-exit.o)
 .bss           0x20000a84        0x0 c:/ti/ccs1220/ccs/tools/compiler/gcc-arm-none-eabi-9-2019-q4-major/bin/../lib/gcc/arm-none-eabi/9.2.1/../../../../arm-none-eabi/lib/thumb/v7e-m/nofp\libc.a(lib_a-impure.o)
 .bss           0x20000a84        0x0 c:/ti/ccs1220/ccs/tools/compiler/gcc-arm-none-eabi-9-2019-q4-major/bin/../lib/gcc/arm-none-eabi/9.2.1/../../../../arm-none-eabi/lib/thumb/v7e-m/nofp\libc.a(lib_a-init.o)
 .bss           0x20000a84        0x0 c:/ti/ccs1220/ccs/tools/compiler/gcc-arm-none-eabi-9-2019-q4-major/bin/../lib/gcc/arm-none-eabi/9.2.1/../../../../arm-none-eabi/lib/thumb/v7e-m/nofp\libc.a(lib_a-memset.o)
 .bss           0x20000a84        0x0 c:/ti/ccs1220/ccs/tools/compiler/gcc-arm-none-eabi-9-2019-q4-major/bin/../lib/gcc/arm-none-eabi/9.2.1/../../../../arm-none-eabi/lib/thumb/v7e-m/nofp\libc.a(lib_a-sprintf.o)
 .bss           0x20000a84        0x0 c:/ti/ccs1220/ccs/tools/compiler/gcc-arm-none-eabi-9-2019-q4-major/bin/../lib/gcc/arm-none-eabi/9.2.1/../../../../arm-none-eabi/lib/thumb/v7e-m/nofp\libc.a(lib_a-svfprintf.o)
 .bss           0x20000a84        0x0 c:/ti/ccs1220/ccs/tools/compiler/gcc-arm-none-eabi-9-2019-q4-major/bin/../lib/gcc/arm-none-eabi/9.2.1/../../../../arm-none-eabi/lib/thumb/v7e-m/nofp\libc.a(lib_a-__call_atexit.o)
 .bss           0x20000a84        0x0 c:/ti/ccs1220/ccs/tools/compiler/gcc-arm-none-eabi-9-2019-q4-major/bin/../lib/gcc/arm-none-eabi/9.2.1/../../../../arm-none-eabi/lib/thumb/v7e-m/nofp\libc.a(lib_a-atexit.o)
 .bss           0x20000a84        0x0 c:/ti/ccs1220/ccs/tools/compiler/gcc-arm-none-eabi-9-2019-q4-major/bin/../lib/gcc/arm-none-eabi/9.2.1/../../../../arm-none-eabi/lib/thumb/v7e-m/nofp\libc.a(lib_a-dtoa.o)
 .bss           0x20000a84        0x0 c:/ti/ccs1220/ccs/tools/compiler/gcc-arm-none-eabi-9-2019-q4-major/bin/../lib/gcc/arm-none-eabi/9.2.1/../../../../arm-none-eabi/lib/thumb/v7e-m/nofp\libc.a(lib_a-fini.o)
 .bss           0x20000a84        0x0 c:/ti/ccs1220/ccs/tools/compiler/gcc-arm-none-eabi-9-2019-q4-major/bin/../lib/gcc/arm-none-eabi/9.2.1/../../../../arm-none-eabi/lib/thumb/v7e-m/nofp\libc.a(lib_a-freer.o)
 .bss           0x20000a84        0x0 c:/ti/ccs1220/ccs/tools/compiler/gcc-arm-none-eabi-9-2019-q4-major/bin/../lib/gcc/arm-none-eabi/9.2.1/../../../../arm-none-eabi/lib/thumb/v7e-m/nofp\libc.a(lib_a-localeconv.o)
 .bss           0x20000a84        0x0 c:/ti/ccs1220/ccs/tools/compiler/gcc-arm-none-eabi-9-2019-q4-major/bin/../lib/gcc/arm-none-eabi/9.2.1/../../../../arm-none-eabi/lib/thumb/v7e-m/nofp\libc.a(lib_a-lock.o)
 .bss           0x20000a84        0x0 c:/ti/ccs1220/ccs/tools/compiler/gcc-arm-none-eabi-9-2019-q4-major/bin/../lib/gcc/arm-none-eabi/9.2.1/../../../../arm-none-eabi/lib/thumb/v7e-m/nofp\libc.a(lib_a-mallocr.o)
 .bss           0x20000a84        0x0 c:/ti/ccs1220/ccs/tools/compiler/gcc-arm-none-eabi-9-2019-q4-major/bin/../lib/gcc/arm-none-eabi/9.2.1/../../../../arm-none-eabi/lib/thumb/v7e-m/nofp\libc.a(lib_a-memchr.o)
 .bss           0x20000a84        0x0 c:/ti/ccs1220/ccs/tools/compiler/gcc-arm-none-eabi-9-2019-q4-major/bin/../lib/gcc/arm-none-eabi/9.2.1/../../../../arm-none-eabi/lib/thumb/v7e-m/nofp\libc.a(lib_a-memcpy.o)
 .bss           0x20000a84        0x0 c:/ti/ccs1220/ccs/tools/compiler/gcc-arm-none-eabi-9-2019-q4-major/bin/../lib/gcc/arm-none-eabi/9.2.1/../../../../arm-none-eabi/lib/thumb/v7e-m/nofp\libc.a(lib_a-mlock.o)
 .bss           0x20000a84        0x0 c:/ti/ccs1220/ccs/tools/compiler/gcc-arm-none-eabi-9-2019-q4-major/bin/../lib/gcc/arm-none-eabi/9.2.1/../../../../arm-none-eabi/lib/thumb/v7e-m/nofp\libc.a(lib_a-mprec.o)
 .bss           0x20000a84        0x0 c:/ti/ccs1220/ccs/tools/compiler/gcc-arm-none-eabi-9-2019-q4-major/bin/../lib/gcc/arm-none-eabi/9.2.1/../../../../arm-none-eabi/lib/thumb/v7e-m/nofp\libc.a(lib_a-s_frexp.o)
 .bss           0x20000a84        0x0 c:/ti/ccs1220/ccs/tools/compiler/gcc-arm-none-eabi-9-2019-q4-major/bin/../lib/gcc/arm-none-eabi/9.2.1/../../../../arm-none-eabi/lib/thumb/v7e-m/nofp\libc.a(lib_a-sbrkr.o)
 .bss           0x20000a84        0x0 c:/ti/ccs1220/ccs/tools/compiler/gcc-arm-none-eabi-9-2019-q4-major/bin/../lib/gcc/arm-none-eabi/9.2.1/../../../../arm-none-eabi/lib/thumb/v7e-m/nofp\libc.a(lib_a-strlen.o)
 .bss           0x20000a84        0x0 c:/ti/ccs1220/ccs/tools/compiler/gcc-arm-none-eabi-9-2019-q4-major/bin/../lib/gcc/arm-none-eabi/9.2.1/../../../../arm-none-eabi/lib/thumb/v7e-m/nofp\libc.a(lib_a-strncpy.o)
 .bss           0x20000a84        0x0 c:/ti/ccs1220/ccs/tools/compiler/gcc-arm-none-eabi-9-2019-q4-major/bin/../lib/gcc/arm-none-eabi/9.2.1/../../../../arm-none-eabi/lib/thumb/v7e-m/nofp\libc.a(lib_a-svfiprintf.o)
 .bss           0x20000a84        0x0 c:/ti/ccs1220/ccs/tools/compiler/gcc-arm-none-eabi-9-2019-q4-major/bin/../lib/gcc/arm-none-eabi/9.2.1/../../../../arm-none-eabi/lib/thumb/v7e-m/nofp\libc.a(lib_a-__atexit.o)
 .bss           0x20000a84        0x0 c:/ti/ccs1220/ccs/tools/compiler/gcc-arm-none-eabi-9-2019-q4-major/bin/../lib/gcc/arm-none-eabi/9.2.1/../../../../arm-none-eabi/lib/thumb/v7e-m/nofp\libc.a(lib_a-callocr.o)
 .bss           0x20000a84        0x0 c:/ti/ccs1220/ccs/tools/compiler/gcc-arm-none-eabi-9-2019-q4-major/bin/../lib/gcc/arm-none-eabi/9.2.1/../../../../arm-none-eabi/lib/thumb/v7e-m/nofp\libc.a(lib_a-locale.o)
 .bss           0x20000a84        0x0 c:/ti/ccs1220/ccs/tools/compiler/gcc-arm-none-eabi-9-2019-q4-major/bin/../lib/gcc/arm-none-eabi/9.2.1/../../../../arm-none-eabi/lib/thumb/v7e-m/nofp\libc.a(lib_a-mbtowc_r.o)
 .bss           0x20000a84        0x0 c:/ti/ccs1220/ccs/tools/compiler/gcc-arm-none-eabi-9-2019-q4-major/bin/../lib/gcc/arm-none-eabi/9.2.1/../../../../arm-none-eabi/lib/thumb/v7e-m/nofp\libc.a(lib_a-memmove.o)
 .bss           0x20000a84        0x0 c:/ti/ccs1220/ccs/tools/compiler/gcc-arm-none-eabi-9-2019-q4-major/bin/../lib/gcc/arm-none-eabi/9.2.1/../../../../arm-none-eabi/lib/thumb/v7e-m/nofp\libc.a(lib_a-reallocr.o)
 .bss           0x20000a84        0x0 c:/ti/ccs1220/ccs/tools/compiler/gcc-arm-none-eabi-9-2019-q4-major/bin/../lib/gcc/arm-none-eabi/9.2.1/../../../../arm-none-eabi/lib/thumb/v7e-m/nofp\libc.a(lib_a-reent.o)
 .bss           0x20000a84        0x0 c:/ti/ccs1220/ccs/tools/compiler/gcc-arm-none-eabi-9-2019-q4-major/bin/../lib/gcc/arm-none-eabi/9.2.1/../../../../arm-none-eabi/lib/thumb/v7e-m/nofp\libc.a(lib_a-strcmp.o)
 .bss           0x20000a84        0x0 c:/ti/ccs1220/ccs/tools/compiler/gcc-arm-none-eabi-9-2019-q4-major/bin/../lib/gcc/arm-none-eabi/9.2.1/../../../../arm-none-eabi/lib/thumb/v7e-m/nofp\libc.a(lib_a-wctomb_r.o)
 .bss           0x20000a84        0x0 c:/ti/ccs1220/ccs/tools/compiler/gcc-arm-none-eabi-9-2019-q4-major/bin/../lib/gcc/arm-none-eabi/9.2.1/../../../../arm-none-eabi/lib/thumb/v7e-m/nofp\libc.a(lib_a-ctype_.o)
 .bss           0x20000a84        0x0 c:/ti/ccs1220/ccs/tools/compiler/gcc-arm-none-eabi-9-2019-q4-major/bin/../lib/gcc/arm-none-eabi/9.2.1/thumb/v7e-m/nofp\libgcc.a(_arm_muldf3.o)
 .bss           0x20000a84        0x0 c:/ti/ccs1220/ccs/tools/compiler/gcc-arm-none-eabi-9-2019-q4-major/bin/../lib/gcc/arm-none-eabi/9.2.1/thumb/v7e-m/nofp\libgcc.a(_arm_mulsf3.o)
 .bss           0x20000a84        0x0 c:/ti/ccs1220/ccs/tools/compiler/gcc-arm-none-eabi-9-2019-q4-major/bin/../lib/gcc/arm-none-eabi/9.2.1/thumb/v7e-m/nofp\libgcc.a(_arm_addsubdf3.o)
 .bss           0x20000a84        0x0 c:/ti/ccs1220/ccs/tools/compiler/gcc-arm-none-eabi-9-2019-q4-major/bin/../lib/gcc/arm-none-eabi/9.2.1/thumb/v7e-m/nofp\libgcc.a(_arm_muldivdf3.o)
 .bss           0x20000a84        0x0 c:/ti/ccs1220/ccs/tools/compiler/gcc-arm-none-eabi-9-2019-q4-major/bin/../lib/gcc/arm-none-eabi/9.2.1/thumb/v7e-m/nofp\libgcc.a(_arm_cmpdf2.o)
 .bss           0x20000a84        0x0 c:/ti/ccs1220/ccs/tools/compiler/gcc-arm-none-eabi-9-2019-q4-major/bin/../lib/gcc/arm-none-eabi/9.2.1/thumb/v7e-m/nofp\libgcc.a(_arm_unorddf2.o)
 .bss           0x20000a84        0x0 c:/ti/ccs1220/ccs/tools/compiler/gcc-arm-none-eabi-9-2019-q4-major/bin/../lib/gcc/arm-none-eabi/9.2.1/thumb/v7e-m/nofp\libgcc.a(_arm_fixdfsi.o)
 .bss           0x20000a84        0x0 c:/ti/ccs1220/ccs/tools/compiler/gcc-arm-none-eabi-9-2019-q4-major/bin/../lib/gcc/arm-none-eabi/9.2.1/thumb/v7e-m/nofp\libgcc.a(_arm_truncdfsf2.o)
 .bss           0x20000a84        0x0 c:/ti/ccs1220/ccs/tools/compiler/gcc-arm-none-eabi-9-2019-q4-major/bin/../lib/gcc/arm-none-eabi/9.2.1/thumb/v7e-m/nofp\libgcc.a(_arm_addsubsf3.o)
 .bss           0x20000a84        0x0 c:/ti/ccs1220/ccs/tools/compiler/gcc-arm-none-eabi-9-2019-q4-major/bin/../lib/gcc/arm-none-eabi/9.2.1/thumb/v7e-m/nofp\libgcc.a(_arm_fixunssfsi.o)
 .bss           0x20000a84        0x0 c:/ti/ccs1220/ccs/tools/compiler/gcc-arm-none-eabi-9-2019-q4-major/bin/../lib/gcc/arm-none-eabi/9.2.1/thumb/v7e-m/nofp\libgcc.a(_aeabi_uldivmod.o)
 .bss           0x20000a84        0x0 c:/ti/ccs1220/ccs/tools/compiler/gcc-arm-none-eabi-9-2019-q4-major/bin/../lib/gcc/arm-none-eabi/9.2.1/thumb/v7e-m/nofp\libgcc.a(_udivmoddi4.o)
 .bss           0x20000a84        0x0 c:/ti/ccs1220/ccs/tools/compiler/gcc-arm-none-eabi-9-2019-q4-major/bin/../lib/gcc/arm-none-eabi/9.2.1/thumb/v7e-m/nofp\libgcc.a(_dvmd_tls.o)
 .bss           0x20000a84        0x0 c:/ti/ccs1220/ccs/tools/compiler/gcc-arm-none-eabi-9-2019-q4-major/bin/../lib/gcc/arm-none-eabi/9.2.1/../../../../arm-none-eabi/lib/thumb/v7e-m/nofp\libnosys.a(sbrk.o)
 .bss           0x20000a84        0x0 c:/ti/ccs1220/ccs/tools/compiler/gcc-arm-none-eabi-9-2019-q4-major/bin/../lib/gcc/arm-none-eabi/9.2.1/../../../../arm-none-eabi/lib/thumb/v7e-m/nofp\libnosys.a(_exit.o)
 .bss           0x20000a84        0x0 c:/ti/ccs1220/ccs/tools/compiler/gcc-arm-none-eabi-9-2019-q4-major/bin/../lib/gcc/arm-none-eabi/9.2.1/thumb/v7e-m/nofp/crtend.o
 .bss           0x20000a84        0x0 c:/ti/ccs1220/ccs/tools/compiler/gcc-arm-none-eabi-9-2019-q4-major/bin/../lib/gcc/arm-none-eabi/9.2.1/thumb/v7e-m/nofp/crtn.o
 *(.bss*)
 .bss.l_tickCtr
                0x20000a84        0x4 ./Source/BSP/bsp.o
 .bss.flag.6533
                0x20000a88        0x1 ./Source/BSP/bsp.o
 *fill*         0x20000a89        0x3 
 .bss.ADC_port_Flag
                0x20000a8c        0xc ./Source/Driver/ADC/ADC_Driver.o
 .bss.ADC_Init_Flag
                0x20000a98        0x1 ./Source/Driver/ADC/ADC_Driver.o
 .bss.CAN0_Init_Flag
                0x20000a99        0x1 ./Source/Driver/CAN/CAN_Driver.o
 *fill*         0x20000a9a        0x2 
 .bss.Port_IO_flag
                0x20000a9c        0x6 ./Source/Driver/GPIO/GPIOdriver.o
 .bss.GPIO_Init_flag