Archive member included to satisfy reference by file (symbol)

c:/ti/ccs1220/ccs/tools/compiler/gcc-arm-none-eabi-9-2019-q4-major/bin/../lib/gcc/arm-none-eabi/9.2.1/../../../../arm-none-eabi/lib/thumb/v7e-m/nofp\libc.a(lib_a-exit.o)
                              c:/ti/ccs1220/ccs/tools/compiler/gcc-arm-none-eabi-9-2019-q4-major/bin/../lib/gcc/arm-none-eabi/9.2.1/../../../../arm-none-eabi/lib/thumb/v7e-m/nofp/crt0.o (exit)
c:/ti/ccs1220/ccs/tools/compiler/gcc-arm-none-eabi-9-2019-q4-major/bin/../lib/gcc/arm-none-eabi/9.2.1/../../../../arm-none-eabi/lib/thumb/v7e-m/nofp\libc.a(lib_a-impure.o)
                              c:/ti/ccs1220/ccs/tools/compiler/gcc-arm-none-eabi-9-2019-q4-major/bin/../lib/gcc/arm-none-eabi/9.2.1/../../../../arm-none-eabi/lib/thumb/v7e-m/nofp\libc.a(lib_a-exit.o) (_global_impure_ptr)
c:/ti/ccs1220/ccs/tools/compiler/gcc-arm-none-eabi-9-2019-q4-major/bin/../lib/gcc/arm-none-eabi/9.2.1/../../../../arm-none-eabi/lib/thumb/v7e-m/nofp\libc.a(lib_a-init.o)
                              c:/ti/ccs1220/ccs/tools/compiler/gcc-arm-none-eabi-9-2019-q4-major/bin/../lib/gcc/arm-none-eabi/9.2.1/../../../../arm-none-eabi/lib/thumb/v7e-m/nofp/crt0.o (__libc_init_array)
c:/ti/ccs1220/ccs/tools/compiler/gcc-arm-none-eabi-9-2019-q4-major/bin/../lib/gcc/arm-none-eabi/9.2.1/../../../../arm-none-eabi/lib/thumb/v7e-m/nofp\libc.a(lib_a-memcpy.o)
                              ./Source/FreeRtos/queue.o (memcpy)
c:/ti/ccs1220/ccs/tools/compiler/gcc-arm-none-eabi-9-2019-q4-major/bin/../lib/gcc/arm-none-eabi/9.2.1/../../../../arm-none-eabi/lib/thumb/v7e-m/nofp\libc.a(lib_a-memset.o)
                              c:/ti/ccs1220/ccs/tools/compiler/gcc-arm-none-eabi-9-2019-q4-major/bin/../lib/gcc/arm-none-eabi/9.2.1/../../../../arm-none-eabi/lib/thumb/v7e-m/nofp/crt0.o (memset)
c:/ti/ccs1220/ccs/tools/compiler/gcc-arm-none-eabi-9-2019-q4-major/bin/../lib/gcc/arm-none-eabi/9.2.1/../../../../arm-none-eabi/lib/thumb/v7e-m/nofp\libc.a(lib_a-printf.o)
                              ./Source/FreeRtos/tasks.o (printf)
c:/ti/ccs1220/ccs/tools/compiler/gcc-arm-none-eabi-9-2019-q4-major/bin/../lib/gcc/arm-none-eabi/9.2.1/../../../../arm-none-eabi/lib/thumb/v7e-m/nofp\libc.a(lib_a-puts.o)
                              ./Source/FreeRtos/tasks.o (puts)
c:/ti/ccs1220/ccs/tools/compiler/gcc-arm-none-eabi-9-2019-q4-major/bin/../lib/gcc/arm-none-eabi/9.2.1/../../../../arm-none-eabi/lib/thumb/v7e-m/nofp\libc.a(lib_a-strlen.o)
                              c:/ti/ccs1220/ccs/tools/compiler/gcc-arm-none-eabi-9-2019-q4-major/bin/../lib/gcc/arm-none-eabi/9.2.1/../../../../arm-none-eabi/lib/thumb/v7e-m/nofp\libc.a(lib_a-puts.o) (strlen)
c:/ti/ccs1220/ccs/tools/compiler/gcc-arm-none-eabi-9-2019-q4-major/bin/../lib/gcc/arm-none-eabi/9.2.1/../../../../arm-none-eabi/lib/thumb/v7e-m/nofp\libc.a(lib_a-vfprintf.o)
                              c:/ti/ccs1220/ccs/tools/compiler/gcc-arm-none-eabi-9-2019-q4-major/bin/../lib/gcc/arm-none-eabi/9.2.1/../../../../arm-none-eabi/lib/thumb/v7e-m/nofp\libc.a(lib_a-printf.o) (_vfprintf_r)
c:/ti/ccs1220/ccs/tools/compiler/gcc-arm-none-eabi-9-2019-q4-major/bin/../lib/gcc/arm-none-eabi/9.2.1/../../../../arm-none-eabi/lib/thumb/v7e-m/nofp\libc.a(lib_a-wsetup.o)
                              c:/ti/ccs1220/ccs/tools/compiler/gcc-arm-none-eabi-9-2019-q4-major/bin/../lib/gcc/arm-none-eabi/9.2.1/../../../../arm-none-eabi/lib/thumb/v7e-m/nofp\libc.a(lib_a-vfprintf.o) (__swsetup_r)
c:/ti/ccs1220/ccs/tools/compiler/gcc-arm-none-eabi-9-2019-q4-major/bin/../lib/gcc/arm-none-eabi/9.2.1/../../../../arm-none-eabi/lib/thumb/v7e-m/nofp\libc.a(lib_a-__call_atexit.o)
                              c:/ti/ccs1220/ccs/tools/compiler/gcc-arm-none-eabi-9-2019-q4-major/bin/../lib/gcc/arm-none-eabi/9.2.1/../../../../arm-none-eabi/lib/thumb/v7e-m/nofp\libc.a(lib_a-exit.o) (__call_exitprocs)
c:/ti/ccs1220/ccs/tools/compiler/gcc-arm-none-eabi-9-2019-q4-major/bin/../lib/gcc/arm-none-eabi/9.2.1/../../../../arm-none-eabi/lib/thumb/v7e-m/nofp\libc.a(lib_a-atexit.o)
                              c:/ti/ccs1220/ccs/tools/compiler/gcc-arm-none-eabi-9-2019-q4-major/bin/../lib/gcc/arm-none-eabi/9.2.1/../../../../arm-none-eabi/lib/thumb/v7e-m/nofp\libc.a(lib_a-__call_atexit.o) (atexit)
c:/ti/ccs1220/ccs/tools/compiler/gcc-arm-none-eabi-9-2019-q4-major/bin/../lib/gcc/arm-none-eabi/9.2.1/../../../../arm-none-eabi/lib/thumb/v7e-m/nofp\libc.a(lib_a-dtoa.o)
                              c:/ti/ccs1220/ccs/tools/compiler/gcc-arm-none-eabi-9-2019-q4-major/bin/../lib/gcc/arm-none-eabi/9.2.1/../../../../arm-none-eabi/lib/thumb/v7e-m/nofp\libc.a(lib_a-vfprintf.o) (_dtoa_r)
c:/ti/ccs1220/ccs/tools/compiler/gcc-arm-none-eabi-9-2019-q4-major/bin/../lib/gcc/arm-none-eabi/9.2.1/../../../../arm-none-eabi/lib/thumb/v7e-m/nofp\libc.a(lib_a-fflush.o)
                              c:/ti/ccs1220/ccs/tools/compiler/gcc-arm-none-eabi-9-2019-q4-major/bin/../lib/gcc/arm-none-eabi/9.2.1/../../../../arm-none-eabi/lib/thumb/v7e-m/nofp\libc.a(lib_a-vfprintf.o) (_fflush_r)
[...]
Memory Configuration

Name             Origin             Length             Attributes
ROM              0x00020000         0x00020000         xr
RAM              0x20002000         0x00006000         xrw
*default*        0x00000000         0xffffffff

Linker script and memory map

LOAD c:/ti/ccs1220/ccs/tools/compiler/gcc-arm-none-eabi-9-2019-q4-major/bin/../lib/gcc/arm-none-eabi/9.2.1/thumb/v7e-m/nofp/crti.o
LOAD c:/ti/ccs1220/ccs/tools/compiler/gcc-arm-none-eabi-9-2019-q4-major/bin/../lib/gcc/arm-none-eabi/9.2.1/thumb/v7e-m/nofp/crtbegin.o
LOAD c:/ti/ccs1220/ccs/tools/compiler/gcc-arm-none-eabi-9-2019-q4-major/bin/../lib/gcc/arm-none-eabi/9.2.1/../../../../arm-none-eabi/lib/thumb/v7e-m/nofp/crt0.o
LOAD ./Source/App/Main/main.o
LOAD ./Source/BSP/bsp.o
LOAD ./Source/BSP/startup_tm4c_gnu.o
LOAD ./Source/Driver/ADC/ADC_Driver.o
LOAD ./Source/Driver/CAN/CAN_Driver.o
LOAD ./Source/Driver/GPIO/GPIOdriver.o
LOAD ./Source/Driver/I2C/I2C.o
LOAD ./Source/Driver/LCD/LCD.o
LOAD ./Source/Driver/SPI/SPI.o
LOAD ./Source/Driver/Timer/Timer.o
LOAD ./Source/Driver/Timer/timercnter.o
LOAD ./Source/Driver/UART/UART.o
LOAD ./Source/FreeRtos/croutine.o
LOAD ./Source/FreeRtos/event_groups.o
LOAD ./Source/FreeRtos/list.o
LOAD ./Source/FreeRtos/queue.o
LOAD ./Source/FreeRtos/stream_buffer.o
LOAD ./Source/FreeRtos/tasks.o
LOAD ./Source/FreeRtos/timers.o
LOAD ./Source/FreeRtos/portable/Common/mpu_wrappers.o
LOAD ./Source/FreeRtos/portable/GCC/ARM_CM4F/port.o
LOAD ./Source/FreeRtos/portable/MemMang/heap_2.o
LOAD ./Source/Middleware/MCP3208/MCP3208.o
LOAD ./Source/Middleware/OLED_SSD1306/SSD1306.o
LOAD ./Source/Middleware/RTC_DS3231/DS3231.o
                0x00001000                STACK_SIZE = 0x1000
                0x00001000                HEAP_SIZE = 0x1000

.isr_vector     0x00020000      0x26c
 *(.isr_vector)
 .isr_vector    0x00020000      0x26c ./Source/BSP/startup_tm4c_gnu.o
                0x00020000                g_pfnVectors
                0x0002026c                . = ALIGN (0x4)

.eh_frame       0x0002026c        0x4
 .eh_frame      0x0002026c        0x0 c:/ti/ccs1220/ccs/tools/compiler/gcc-arm-none-eabi-9-2019-q4-major/bin/../lib/gcc/arm-none-eabi/9.2.1/thumb/v7e-m/nofp/crtbegin.o
 .eh_frame      0x0002026c        0x4 c:/ti/ccs1220/ccs/tools/compiler/gcc-arm-none-eabi-9-2019-q4-major/bin/../lib/gcc/arm-none-eabi/9.2.1/thumb/v7e-m/nofp/crtend.o

.ARM.extab      0x00020270        0x0
 .ARM.extab     0x00020270        0x0 c:/ti/ccs1220/ccs/tools/compiler/gcc-arm-none-eabi-9-2019-q4-major/bin/../lib/gcc/arm-none-eabi/9.2.1/../../../../arm-none-eabi/lib/thumb/v7e-m/nofp/crt0.o

.ARM.exidx      0x00020270        0x8
 .ARM.exidx     0x00020270        0x8 c:/ti/ccs1220/ccs/tools/compiler/gcc-arm-none-eabi-9-2019-q4-major/bin/../lib/gcc/arm-none-eabi/9.2.1/../../../../arm-none-eabi/lib/thumb/v7e-m/nofp/crt0.o

.text           0x00020280    0x11c50
                0x00020280                . = ALIGN (0x4)
 *(.text)
 .text          0x00020280        0x0 c:/ti/ccs1220/ccs/tools/compiler/gcc-arm-none-eabi-9-2019-q4-major/bin/../lib/gcc/arm-none-eabi/9.2.1/thumb/v7e-m/nofp/crti.o
 .text          0x00020280       0x40 c:/ti/ccs1220/ccs/tools/compiler/gcc-arm-none-eabi-9-2019-q4-major/bin/../lib/gcc/arm-none-eabi/9.2.1/thumb/v7e-m/nofp/crtbegin.o
 .text          0x000202c0       0x74 c:/ti/ccs1220/ccs/tools/compiler/gcc-arm-none-eabi-9-2019-q4-major/bin/../lib/gcc/arm-none-eabi/9.2.1/../../../../arm-none-eabi/lib/thumb/v7e-m/nofp/crt0.o
                0x000202c0                _start
                0x000202c0                _mainCRTStartup
 .text          0x00020334        0x0 ./Source/App/Main/main.o
 .text          0x00020334        0x0 ./Source/BSP/bsp.o
 .text          0x00020334        0x0 ./Source/BSP/startup_tm4c_gnu.o
 .text          0x00020334        0x0 ./Source/Driver/ADC/ADC_Driver.o
 .text          0x00020334        0x0 ./Source/Driver/CAN/CAN_Driver.o
 .text          0x00020334        0x0 ./Source/Driver/GPIO/GPIOdriver.o
 .text          0x00020334        0x0 ./Source/Driver/I2C/I2C.o
 .text          0x00020334        0x0 ./Source/Driver/LCD/LCD.o
 .text          0x00020334        0x0 ./Source/Driver/SPI/SPI.o
 .text          0x00020334        0x0 ./Source/Driver/Timer/Timer.o
 .text          0x00020334        0x0 ./Source/Driver/Timer/timercnter.o
 .text          0x00020334        0x0 ./Source/Driver/UART/UART.o
 .text          0x00020334        0x0 ./Source/FreeRtos/croutine.o
 .text          0x00020334        0x0 ./Source/FreeRtos/event_groups.o
 .text          0x00020334        0x0 ./Source/FreeRtos/list.o
 .text          0x00020334        0x0 ./Source/FreeRtos/queue.o
 .text          0x00020334        0x0 ./Source/FreeRtos/stream_buffer.o
 .text          0x00020334        0x0 ./Source/FreeRtos/tasks.o
 .text          0x00020334        0x0 ./Source/FreeRtos/timers.o
 .text          0x00020334        0x0 ./Source/FreeRtos/portable/Common/mpu_wrappers.o
 .text          0x00020334        0x0 ./Source/FreeRtos/portable/GCC/ARM_CM4F/port.o
 .text          0x00020334        0x0 ./Source/FreeRtos/portable/MemMang/heap_2.o
 .text          0x00020334        0x0 ./Source/Middleware/MCP3208/MCP3208.o
 .text          0x00020334        0x0 ./Source/Middleware/OLED_SSD1306/SSD1306.o
 .text          0x00020334        0x0 ./Source/Middleware/RTC_DS3231/DS3231.o
 .text          0x00020334        0x0 c:/ti/ccs1220/ccs/tools/compiler/gcc-arm-none-eabi-9-2019-q4-major/bin/../lib/gcc/arm-none-eabi/9.2.1/../../../../arm-none-eabi/lib/thumb/v7e-m/nofp\libc.a(lib_a-exit.o)
 .text          0x00020334        0x0 c:/ti/ccs1220/ccs/tools/compiler/gcc-arm-none-eabi-9-2019-q4-major/bin/../lib/gcc/arm-none-eabi/9.2.1/../../../../arm-none-eabi/lib/thumb/v7e-m/nofp\libc.a(lib_a-impure.o)
 .text          0x00020334        0x0 c:/ti/ccs1220/ccs/tools/compiler/gcc-arm-none-eabi-9-2019-q4-major/bin/../lib/gcc/arm-none-eabi/9.2.1/../../../../arm-none-eabi/lib/thumb/v7e-m/nofp\libc.a(lib_a-init.o)
 .text          0x00020334      0x134 c:/ti/ccs1220/ccs/tools/compiler/gcc-arm-none-eabi-9-2019-q4-major/bin/../lib/gcc/arm-none-eabi/9.2.1/../../../../arm-none-eabi/lib/thumb/v7e-m/nofp\libc.a(lib_a-memcpy.o)
                0x00020334                memcpy
 .text          0x00020468        0x0 c:/ti/ccs1220/ccs/tools/compiler/gcc-arm-none-eabi-9-2019-q4-major/bin/../lib/gcc/arm-none-eabi/9.2.1/../../../../arm-none-eabi/lib/thumb/v7e-m/nofp\libc.a(lib_a-memset.o)
 .text          0x00020468        0x0 c:/ti/ccs1220/ccs/tools/compiler/gcc-arm-none-eabi-9-2019-q4-major/bin/../lib/gcc/arm-none-eabi/9.2.1/../../../../arm-none-eabi/lib/thumb/v7e-m/nofp\libc.a(lib_a-printf.o)
 .text          0x00020468        0x0 c:/ti/ccs1220/ccs/tools/compiler/gcc-arm-none-eabi-9-2019-q4-major/bin/../lib/gcc/arm-none-eabi/9.2.1/../../../../arm-none-eabi/lib/thumb/v7e-m/nofp\libc.a(lib_a-puts.o)
 *fill*         0x00020468       0x18 
 .text          0x00020480       0xdc c:/ti/ccs1220/ccs/tools/compiler/gcc-arm-none-eabi-9-2019-q4-major/bin/../lib/gcc/arm-none-eabi/9.2.1/../../../../arm-none-eabi/lib/thumb/v7e-m/nofp\libc.a(lib_a-strlen.o)
                0x00020480                strlen
 .text          0x0002055c        0x0 c:/ti/ccs1220/ccs/tools/compiler/gcc-arm-none-eabi-9-2019-q4-major/bin/../lib/gcc/arm-none-eabi/9.2.1/../../../../arm-none-eabi/lib/thumb/v7e-m/nofp\libc.a(lib_a-vfprintf.o)
 .text          0x0002055c        0x0 c:/ti/ccs1220/ccs/tools/compiler/gcc-arm-none-eabi-9-2019-q4-major/bin/../lib/gcc/arm-none-eabi/9.2.1/../../../../arm-none-eabi/lib/thumb/v7e-m/nofp\libc.a(lib_a-wsetup.o)
 .text          0x0002055c        0x0 c:/ti/ccs1220/ccs/tools/compiler/gcc-arm-none-eabi-9-2019-q4-major/bin/../lib/gcc/arm-none-eabi/9.2.1/../../../../arm-none-eabi/lib/thumb/v7e-m/nofp\libc.a(lib_a-__call_atexit.o)
 .text          0x0002055c        0x0 c:/ti/ccs1220/ccs/tools/compiler/gcc-arm-none-eabi-9-2019-q4-major/bin/../lib/gcc/arm-none-eabi/9.2.1/../../../../arm-none-eabi/lib/thumb/v7e-m/nofp\libc.a(lib_a-atexit.o)
 .text          0x0002055c        0x0 c:/ti/ccs1220/ccs/tools/compiler/gcc-arm-none-eabi-9-2019-q4-major/bin/../lib/gcc/arm-none-eabi/9.2.1/../../../../arm-none-eabi/lib/thumb/v7e-m/nofp\libc.a(lib_a-dtoa.o)
 .text          0x0002055c        0x0 c:/ti/ccs1220/ccs/tools/compiler/gcc-arm-none-eabi-9-2019-q4-major/bin/../lib/gcc/arm-none-eabi/9.2.1/../../../../arm-none-eabi/lib/thumb/v7e-m/nofp\libc.a(lib_a-fflush.o)
 .text          0x0002055c        0x0 c:/ti/ccs1220/ccs/tools/compiler/gcc-arm-none-eabi-9-2019-q4-major/bin/../lib/gcc/arm-none-eabi/9.2.1/../../../../arm-none-eabi/lib/thumb/v7e-m/nofp\libc.a(lib_a-findfp.o)
 .text          0x0002055c        0x0 c:/ti/ccs1220/ccs/tools/compiler/gcc-arm-none-eabi-9-2019-q4-major/bin/../lib/gcc/arm-none-eabi/9.2.1/../../../../arm-none-eabi/lib/thumb/v7e-m/nofp\libc.a(lib_a-fini.o)
 .text          0x0002055c        0x0 c:/ti/ccs1220/ccs/tools/compiler/gcc-arm-none-eabi-9-2019-q4-major/bin/../lib/gcc/arm-none-eabi/9.2.1/../../../../arm-none-eabi/lib/thumb/v7e-m/nofp\libc.a(lib_a-freer.o)
 .text          0x0002055c        0x0 c:/ti/ccs1220/ccs/tools/compiler/gcc-arm-none-eabi-9-2019-q4-major/bin/../lib/gcc/arm-none-eabi/9.2.1/../../../../arm-none-eabi/lib/thumb/v7e-m/nofp\libc.a(lib_a-fvwrite.o)
 .text          0x0002055c        0x0 c:/ti/ccs1220/ccs/tools/compiler/gcc-arm-none-eabi-9-2019-q4-major/bin/../lib/gcc/arm-none-eabi/9.2.1/../../../../arm-none-eabi/lib/thumb/v7e-m/nofp\libc.a(lib_a-fwalk.o)
 .text          0x0002055c        0x0 c:/ti/ccs1220/ccs/tools/compiler/gcc-arm-none-eabi-9-2019-q4-major/bin/../lib/gcc/arm-none-eabi/9.2.1/../../../../arm-none-eabi/lib/thumb/v7e-m/nofp\libc.a(lib_a-localeconv.o)
 .text          0x0002055c        0x0 c:/ti/ccs1220/ccs/tools/compiler/gcc-arm-none-eabi-9-2019-q4-major/bin/../lib/gcc/arm-none-eabi/9.2.1/../../../../arm-none-eabi/lib/thumb/v7e-m/nofp\libc.a(lib_a-lock.o)
 .text          0x0002055c        0x0 c:/ti/ccs1220/ccs/tools/compiler/gcc-arm-none-eabi-9-2019-q4-major/bin/../lib/gcc/arm-none-eabi/9.2.1/../../../../arm-none-eabi/lib/thumb/v7e-m/nofp\libc.a(lib_a-makebuf.o)
 .text          0x0002055c        0x0 c:/ti/ccs1220/ccs/tools/compiler/gcc-arm-none-eabi-9-2019-q4-major/bin/../lib/gcc/arm-none-eabi/9.2.1/../../../../arm-none-eabi/lib/thumb/v7e-m/nofp\libc.a(lib_a-mallocr.o)
 *fill*         0x0002055c        0x4 
 .text          0x00020560       0xa0 c:/ti/ccs1220/ccs/tools/compiler/gcc-arm-none-eabi-9-2019-q4-major/bin/../lib/gcc/arm-none-eabi/9.2.1/../../../../arm-none-eabi/lib/thumb/v7e-m/nofp\libc.a(lib_a-memchr.o)
                0x00020560                memchr
 .text          0x00020600        0x0 c:/ti/ccs1220/ccs/tools/compiler/gcc-arm-none-eabi-9-2019-q4-major/bin/../lib/gcc/arm-none-eabi/9.2.1/../../../../arm-none-eabi/lib/thumb/v7e-m/nofp\libc.a(lib_a-memmove.o)
 .text          0x00020600        0x0 c:/ti/ccs1220/ccs/tools/compiler/gcc-arm-none-eabi-9-2019-q4-major/bin/../lib/gcc/arm-none-eabi/9.2.1/../../../../arm-none-eabi/lib/thumb/v7e-m/nofp\libc.a(lib_a-mlock.o)
 .text          0x00020600        0x0 c:/ti/ccs1220/ccs/tools/compiler/gcc-arm-none-eabi-9-2019-q4-major/bin/../lib/gcc/arm-none-eabi/9.2.1/../../../../arm-none-eabi/lib/thumb/v7e-m/nofp\libc.a(lib_a-mprec.o)
 .text          0x00020600        0x0 c:/ti/ccs1220/ccs/tools/compiler/gcc-arm-none-eabi-9-2019-q4-major/bin/../lib/gcc/arm-none-eabi/9.2.1/../../../../arm-none-eabi/lib/thumb/v7e-m/nofp\libc.a(lib_a-reallocr.o)
 .text          0x00020600        0x0 c:/ti/ccs1220/ccs/tools/compiler/gcc-arm-none-eabi-9-2019-q4-major/bin/../lib/gcc/arm-none-eabi/9.2.1/../../../../arm-none-eabi/lib/thumb/v7e-m/nofp\libc.a(lib_a-s_frexp.o)
 .text          0x00020600        0x0 c:/ti/ccs1220/ccs/tools/compiler/gcc-arm-none-eabi-9-2019-q4-major/bin/../lib/gcc/arm-none-eabi/9.2.1/../../../../arm-none-eabi/lib/thumb/v7e-m/nofp\libc.a(lib_a-sbrkr.o)
 .text          0x00020600        0x0 c:/ti/ccs1220/ccs/tools/compiler/gcc-arm-none-eabi-9-2019-q4-major/bin/../lib/gcc/arm-none-eabi/9.2.1/../../../../arm-none-eabi/lib/thumb/v7e-m/nofp\libc.a(lib_a-stdio.o)
 .text          0x00020600        0x0 c:/ti/ccs1220/ccs/tools/compiler/gcc-arm-none-eabi-9-2019-q4-major/bin/../lib/gcc/arm-none-eabi/9.2.1/../../../../arm-none-eabi/lib/thumb/v7e-m/nofp\libc.a(lib_a-strncpy.o)
 .text          0x00020600        0x0 c:/ti/ccs1220/ccs/tools/compiler/gcc-arm-none-eabi-9-2019-q4-major/bin/../lib/gcc/arm-none-eabi/9.2.1/../../../../arm-none-eabi/lib/thumb/v7e-m/nofp\libc.a(lib_a-vfiprintf.o)
 .text          0x00020600        0x0 c:/ti/ccs1220/ccs/tools/compiler/gcc-arm-none-eabi-9-2019-q4-major/bin/../lib/gcc/arm-none-eabi/9.2.1/../../../../arm-none-eabi/lib/thumb/v7e-m/nofp\libc.a(lib_a-writer.o)
 .text          0x00020600        0x0 c:/ti/ccs1220/ccs/tools/compiler/gcc-arm-none-eabi-9-2019-q4-major/bin/../lib/gcc/arm-none-eabi/9.2.1/../../../../arm-none-eabi/lib/thumb/v7e-m/nofp\libc.a(lib_a-__atexit.o)
 .text          0x00020600        0x0 c:/ti/ccs1220/ccs/tools/compiler/gcc-arm-none-eabi-9-2019-q4-major/bin/../lib/gcc/arm-none-eabi/9.2.1/../../../../arm-none-eabi/lib/thumb/v7e-m/nofp\libc.a(lib_a-callocr.o)
 .text          0x00020600        0x0 c:/ti/ccs1220/ccs/tools/compiler/gcc-arm-none-eabi-9-2019-q4-major/bin/../lib/gcc/arm-none-eabi/9.2.1/../../../../arm-none-eabi/lib/thumb/v7e-m/nofp\libc.a(lib_a-closer.o)
 .text          0x00020600        0x0 c:/ti/ccs1220/ccs/tools/compiler/gcc-arm-none-eabi-9-2019-q4-major/bin/../lib/gcc/arm-none-eabi/9.2.1/../../../../arm-none-eabi/lib/thumb/v7e-m/nofp\libc.a(lib_a-fclose.o)
 .text          0x00020600        0x0 c:/ti/ccs1220/ccs/tools/compiler/gcc-arm-none-eabi-9-2019-q4-major/bin/../lib/gcc/arm-none-eabi/9.2.1/../../../../arm-none-eabi/lib/thumb/v7e-m/nofp\libc.a(lib_a-fputwc.o)
 .text          0x00020600        0x0 c:/ti/ccs1220/ccs/tools/compiler/gcc-arm-none-eabi-9-2019-q4-major/bin/../lib/gcc/arm-none-eabi/9.2.1/../../../../arm-none-eabi/lib/thumb/v7e-m/nofp\libc.a(lib_a-fstatr.o)
 .text          0x00020600        0x0 c:/ti/ccs1220/ccs/tools/compiler/gcc-arm-none-eabi-9-2019-q4-major/bin/../lib/gcc/arm-none-eabi/9.2.1/../../../../arm-none-eabi/lib/thumb/v7e-m/nofp\libc.a(lib_a-isattyr.o)
 .text          0x00020600        0x0 c:/ti/ccs1220/ccs/tools/compiler/gcc-arm-none-eabi-9-2019-q4-major/bin/../lib/gcc/arm-none-eabi/9.2.1/../../../../arm-none-eabi/lib/thumb/v7e-m/nofp\libc.a(lib_a-locale.o)
 .text          0x00020600        0x0 c:/ti/ccs1220/ccs/tools/compiler/gcc-arm-none-eabi-9-2019-q4-major/bin/../lib/gcc/arm-none-eabi/9.2.1/../../../../arm-none-eabi/lib/thumb/v7e-m/nofp\libc.a(lib_a-lseekr.o)
 .text          0x00020600        0x0 c:/ti/ccs1220/ccs/tools/compiler/gcc-arm-none-eabi-9-2019-q4-major/bin/../lib/gcc/arm-none-eabi/9.2.1/../../../../arm-none-eabi/lib/thumb/v7e-m/nofp\libc.a(lib_a-mbtowc_r.o)
 .text          0x00020600        0x0 c:/ti/ccs1220/ccs/tools/compiler/gcc-arm-none-eabi-9-2019-q4-major/bin/../lib/gcc/arm-none-eabi/9.2.1/../../../../arm-none-eabi/lib/thumb/v7e-m/nofp\libc.a(lib_a-readr.o)
 .text          0x00020600        0x0 c:/ti/ccs1220/ccs/tools/compiler/gcc-arm-none-eabi-9-2019-q4-major/bin/../lib/gcc/arm-none-eabi/9.2.1/../../../../arm-none-eabi/lib/thumb/v7e-m/nofp\libc.a(lib_a-reent.o)
 .text          0x00020600      0x2dc c:/ti/ccs1220/ccs/tools/compiler/gcc-arm-none-eabi-9-2019-q4-major/bin/../lib/gcc/arm-none-eabi/9.2.1/../../../../arm-none-eabi/lib/thumb/v7e-m/nofp\libc.a(lib_a-strcmp.o)
                0x00020608                strcmp
 .text          0x000208dc        0x0 c:/ti/ccs1220/ccs/tools/compiler/gcc-arm-none-eabi-9-2019-q4-major/bin/../lib/gcc/arm-none-eabi/9.2.1/../../../../arm-none-eabi/lib/thumb/v7e-m/nofp\libc.a(lib_a-wbuf.o)
 .text          0x000208dc        0x0 c:/ti/ccs1220/ccs/tools/compiler/gcc-arm-none-eabi-9-2019-q4-major/bin/../lib/gcc/arm-none-eabi/9.2.1/../../../../arm-none-eabi/lib/thumb/v7e-m/nofp\libc.a(lib_a-wcrtomb.o)
 .text          0x000208dc        0x0 c:/ti/ccs1220/ccs/tools/compiler/gcc-arm-none-eabi-9-2019-q4-major/bin/../lib/gcc/arm-none-eabi/9.2.1/../../../../arm-none-eabi/lib/thumb/v7e-m/nofp\libc.a(lib_a-wctomb_r.o)
 .text          0x000208dc        0x0 c:/ti/ccs1220/ccs/tools/compiler/gcc-arm-none-eabi-9-2019-q4-major/bin/../lib/gcc/arm-none-eabi/9.2.1/../../../../arm-none-eabi/lib/thumb/v7e-m/nofp\libc.a(lib_a-ctype_.o)
 .text          0x000208dc      0x254 c:/ti/ccs1220/ccs/tools/compiler/gcc-arm-none-eabi-9-2019-q4-major/bin/../lib/gcc/arm-none-eabi/9.2.1/thumb/v7e-m/nofp\libgcc.a(_arm_muldf3.o)
 .text          0x00020b30      0x378 c:/ti/ccs1220/ccs/tools/compiler/gcc-arm-none-eabi-9-2019-q4-major/bin/../lib/gcc/arm-none-eabi/9.2.1/thumb/v7e-m/nofp\libgcc.a(_arm_addsubdf3.o)
                0x00020b30                __aeabi_drsub
                0x00020b38                __aeabi_dsub
                0x00020b38                __subdf3
                0x00020b3c                __aeabi_dadd
                0x00020b3c                __adddf3
                0x00020db4                __floatunsidf
                0x00020db4                __aeabi_ui2d
                0x00020dd4                __floatsidf
                0x00020dd4                __aeabi_i2d
                0x00020df8                __aeabi_f2d
                0x00020df8                __extendsfdf2
                0x00020e3c                __floatundidf
                0x00020e3c                __aeabi_ul2d
                0x00020e4c                __floatdidf
                0x00020e4c                __aeabi_l2d
 .text          0x00020ea8      0x424 c:/ti/ccs1220/ccs/tools/compiler/gcc-arm-none-eabi-9-2019-q4-major/bin/../lib/gcc/arm-none-eabi/9.2.1/thumb/v7e-m/nofp\libgcc.a(_arm_muldivdf3.o)
                0x00020ea8                __aeabi_dmul
                0x00020ea8                __muldf3
                0x000210fc                __divdf3
                0x000210fc                __aeabi_ddiv
 .text          0x000212cc      0x110 c:/ti/ccs1220/ccs/tools/compiler/gcc-arm-none-eabi-9-2019-q4-major/bin/../lib/gcc/arm-none-eabi/9.2.1/thumb/v7e-m/nofp\libgcc.a(_arm_cmpdf2.o)
                0x000212cc                __gtdf2
                0x000212cc                __gedf2
                0x000212d4                __ltdf2
                0x000212d4                __ledf2
                0x000212dc                __nedf2
                0x000212dc                __eqdf2
                0x000212dc                __cmpdf2
                0x00021358                __aeabi_cdrcmple
                0x00021368                __aeabi_cdcmpeq
                0x00021368                __aeabi_cdcmple
                0x00021378                __aeabi_dcmpeq
                0x0002138c                __aeabi_dcmplt
                0x000213a0                __aeabi_dcmple
                0x000213b4                __aeabi_dcmpge
                0x000213c8                __aeabi_dcmpgt
 .text          0x000213dc       0x2c c:/ti/ccs1220/ccs/tools/compiler/gcc-arm-none-eabi-9-2019-q4-major/bin/../lib/gcc/arm-none-eabi/9.2.1/thumb/v7e-m/nofp\libgcc.a(_arm_unorddf2.o)
                0x000213dc                __unorddf2
                0x000213dc                __aeabi_dcmpun
 .text          0x00021408       0x50 c:/ti/ccs1220/ccs/tools/compiler/gcc-arm-none-eabi-9-2019-q4-major/bin/../lib/gcc/arm-none-eabi/9.2.1/thumb/v7e-m/nofp\libgcc.a(_arm_fixdfsi.o)
                0x00021408                __aeabi_d2iz
                0x00021408                __fixdfsi
 .text          0x00021458       0xa0 c:/ti/ccs1220/ccs/tools/compiler/gcc-arm-none-eabi-9-2019-q4-major/bin/../lib/gcc/arm-none-eabi/9.2.1/thumb/v7e-m/nofp\libgcc.a(_arm_truncdfsf2.o)
                0x00021458                __truncdfsf2
                0x00021458                __aeabi_d2f
 .text          0x000214f8       0x30 c:/ti/ccs1220/ccs/tools/compiler/gcc-arm-none-eabi-9-2019-q4-major/bin/../lib/gcc/arm-none-eabi/9.2.1/thumb/v7e-m/nofp\libgcc.a(_aeabi_uldivmod.o)
                0x000214f8                __aeabi_uldivmod
 .text          0x00021528      0x2c0 c:/ti/ccs1220/ccs/tools/compiler/gcc-arm-none-eabi-9-2019-q4-major/bin/../lib/gcc/arm-none-eabi/9.2.1/thumb/v7e-m/nofp\libgcc.a(_udivmoddi4.o)
                0x00021528                __udivmoddi4
 .text          0x000217e8        0x4 c:/ti/ccs1220/ccs/tools/compiler/gcc-arm-none-eabi-9-2019-q4-major/bin/../lib/gcc/arm-none-eabi/9.2.1/thumb/v7e-m/nofp\libgcc.a(_dvmd_tls.o)
                0x000217e8                __aeabi_idiv0
                0x000217e8                __aeabi_ldiv0
 .text          0x000217ec        0x0 c:/ti/ccs1220/ccs/tools/compiler/gcc-arm-none-eabi-9-2019-q4-major/bin/../lib/gcc/arm-none-eabi/9.2.1/../../../../arm-none-eabi/lib/thumb/v7e-m/nofp\libnosys.a(close.o)
 .text          0x000217ec        0x0 c:/ti/ccs1220/ccs/tools/compiler/gcc-arm-none-eabi-9-2019-q4-major/bin/../lib/gcc/arm-none-eabi/9.2.1/../../../../arm-none-eabi/lib/thumb/v7e-m/nofp\libnosys.a(fstat.o)
 .text          0x000217ec        0x0 c:/ti/ccs1220/ccs/tools/compiler/gcc-arm-none-eabi-9-2019-q4-major/bin/../lib/gcc/arm-none-eabi/9.2.1/../../../../arm-none-eabi/lib/thumb/v7e-m/nofp\libnosys.a(isatty.o)
 .text          0x000217ec        0x0 c:/ti/ccs1220/ccs/tools/compiler/gcc-arm-none-eabi-9-2019-q4-major/bin/../lib/gcc/arm-none-eabi/9.2.1/../../../../arm-none-eabi/lib/thumb/v7e-m/nofp\libnosys.a(lseek.o)
 .text          0x000217ec        0x0 c:/ti/ccs1220/ccs/tools/compiler/gcc-arm-none-eabi-9-2019-q4-major/bin/../lib/gcc/arm-none-eabi/9.2.1/../../../../arm-none-eabi/lib/thumb/v7e-m/nofp\libnosys.a(read.o)
 .text          0x000217ec        0x0 c:/ti/ccs1220/ccs/tools/compiler/gcc-arm-none-eabi-9-2019-q4-major/bin/../lib/gcc/arm-none-eabi/9.2.1/../../../../arm-none-eabi/lib/thumb/v7e-m/nofp\libnosys.a(sbrk.o)
 .text          0x000217ec        0x0 c:/ti/ccs1220/ccs/tools/compiler/gcc-arm-none-eabi-9-2019-q4-major/bin/../lib/gcc/arm-none-eabi/9.2.1/../../../../arm-none-eabi/lib/thumb/v7e-m/nofp\libnosys.a(write.o)
 .text          0x000217ec        0x0 c:/ti/ccs1220/ccs/tools/compiler/gcc-arm-none-eabi-9-2019-q4-major/bin/../lib/gcc/arm-none-eabi/9.2.1/../../../../arm-none-eabi/lib/thumb/v7e-m/nofp\libnosys.a(_exit.o)
 .text          0x000217ec        0x0 c:/ti/ccs1220/ccs/tools/compiler/gcc-arm-none-eabi-9-2019-q4-major/bin/../lib/gcc/arm-none-eabi/9.2.1/thumb/v7e-m/nofp/crtend.o
 .text          0x000217ec        0x0 c:/ti/ccs1220/ccs/tools/compiler/gcc-arm-none-eabi-9-2019-q4-major/bin/../lib/gcc/arm-none-eabi/9.2.1/thumb/v7e-m/nofp/crtn.o
 *(.text*)
 .text.main     0x000217ec        0xe ./Source/App/Main/main.o
                0x000217ec                main
 *fill*         0x000217fa        0x2 
 .text.NVIC_SystemReset
                0x000217fc       0x30 ./Source/BSP/bsp.o
 .text.assert_failed
                0x0002182c        0x6 ./Source/BSP/bsp.o
                0x0002182c                assert_failed
 *fill*         0x00021832        0x2 
 .text.BSP_init
                0x00021834       0x28 ./Source/BSP/bsp.o
                0x00021834                BSP_init
 .text.Reset_Handler
                0x0002185c       0x74 ./Source/BSP/startup_tm4c_gnu.o
                0x0002185c                Reset_Handler
 .text.NMI_Handler
                0x000218d0       0x18 ./Source/BSP/startup_tm4c_gnu.o
                0x000218d0                NMI_Handler
 .text.MemManage_Handler
                0x000218e8       0x1c ./Source/BSP/startup_tm4c_gnu.o
                0x000218e8                MemManage_Handler
 .text.HardFault_Handler
                0x00021904       0x1c ./Source/BSP/startup_tm4c_gnu.o
                0x00021904                HardFault_Handler
 .text.BusFault_Handler
                0x00021920       0x1c ./Source/BSP/startup_tm4c_gnu.o
                0x00021920                BusFault_Handler
 .text.UsageFault_Handler
                0x0002193c       0x20 ./Source/BSP/startup_tm4c_gnu.o
                0x0002193c                UsageFault_Handler
 .text.Default_Handler
                0x0002195c       0x1c ./Source/BSP/startup_tm4c_gnu.o
                0x0002195c                uDMAST_IRQHandler
                0x0002195c                GPIOPortP4_IRQHandler
                0x0002195c                PWM1Gen3_IRQHandler
                0x0002195c                WideTimer5B_IRQHandler
                0x0002195c                DebugMon_Handler
                0x0002195c                QEI2_IRQHandler
                0x0002195c                FlashCtrl_IRQHandler
                0x0002195c                GPIOPortP7_IRQHandler
                0x0002195c                Timer0B_IRQHandler
                0x0002195c                I2C0_IRQHandler
                0x0002195c                SysTick_Handler
                0x0002195c                WideTimer4B_IRQHandler
                0x0002195c                PendSV_Handler
                0x0002195c                I2C1_IRQHandler
                0x0002195c                GPIOPortP5_IRQHandler
                0x0002195c                PWMGen0_IRQHandler
                0x0002195c                UART1_IRQHandler
                0x0002195c                CAN1_IRQHandler
                0x0002195c                Timer1B_IRQHandler
                0x0002195c                Watchdog_IRQHandler
                0x0002195c                GPIOPortS_IRQHandler
                0x0002195c                GPIOPortQ7_IRQHandler
                0x0002195c                PWM1Gen2_IRQHandler
                0x0002195c                UART0_IRQHandler
                0x0002195c                GPIOPortL_IRQHandler
                0x0002195c                SSI0_IRQHandler
                0x0002195c                GPIOPortM_IRQHandler
                0x0002195c                FPU_IRQHandler
                0x0002195c                ADCSeq1_IRQHandler
                0x0002195c                GPIOPortP0_IRQHandler
                0x0002195c                WideTimer0B_IRQHandler
                0x0002195c                PWMFault_IRQHandler
                0x0002195c                WideTimer1A_IRQHandler
                0x0002195c                I2C5_IRQHandler
                0x0002195c                I2C4_IRQHandler
                0x0002195c                GPIOPortQ5_IRQHandler
                0x0002195c                PWMGen1_IRQHandler
                0x0002195c                SSI1_IRQHandler
                0x0002195c                I2C2_IRQHandler
                0x0002195c                UART5_IRQHandler
                0x0002195c                GPIOPortC_IRQHandler
                0x0002195c                GPIOPortK_IRQHandler
                0x0002195c                ADCSeq2_IRQHandler
                0x0002195c                PWMGen2_IRQHandler
                0x0002195c                UART2_IRQHandler
                0x0002195c                GPIOPortP3_IRQHandler
                0x0002195c                ADC1Seq0_IRQHandler
                0x0002195c                UART4_IRQHandler
                0x0002195c                GPIOPortJ_IRQHandler
                0x0002195c                Default_Handler
                0x0002195c                WideTimer0A_IRQHandler
                0x0002195c                Timer5A_IRQHandler
                0x0002195c                WideTimer3B_IRQHandler
                0x0002195c                WideTimer2B_IRQHandler
                0x0002195c                WideTimer5A_IRQHandler
                0x0002195c                Timer4A_IRQHandler
                0x0002195c                QEI1_IRQHandler
                0x0002195c                PWM1Fault_IRQHandler
                0x0002195c                GPIOPortP6_IRQHandler
                0x0002195c                QEI0_IRQHandler
                0x0002195c                ADC1Seq2_IRQHandler
                0x0002195c                ADC1Seq1_IRQHandler
                0x0002195c                PWMGen3_IRQHandler
                0x0002195c                GPIOPortD_IRQHandler
                0x0002195c                USB0_IRQHandler
                0x0002195c                I2C3_IRQHandler
                0x0002195c                SVC_Handler
                0x0002195c                GPIOPortP2_IRQHandler
                0x0002195c                GPIOPortQ4_IRQHandler
                0x0002195c                Timer3B_IRQHandler
                0x0002195c                Timer3A_IRQHandler
                0x0002195c                GPIOPortA_IRQHandler
                0x0002195c                ADC1Seq3_IRQHandler
                0x0002195c                Timer0A_IRQHandler
                0x0002195c                GPIOPortP1_IRQHandler
                0x0002195c                ADCSeq0_IRQHandler
                0x0002195c                Timer1A_IRQHandler
                0x0002195c                GPIOPortG_IRQHandler
                0x0002195c                GPIOPortQ3_IRQHandler
                0x0002195c                GPIOPortQ1_IRQHandler
                0x0002195c                Timer5B_IRQHandler
                0x0002195c                ADCSeq3_IRQHandler
                0x0002195c                WideTimer4A_IRQHandler
                0x0002195c                GPIOPortE_IRQHandler
                0x0002195c                CAN0_IRQHandler
                0x0002195c                GPIOPortQ0_IRQHandler
                0x0002195c                Comp0_IRQHandler
                0x0002195c                Comp1_IRQHandler
                0x0002195c                Comp2_IRQHandler
                0x0002195c                GPIOPortQ6_IRQHandler
                0x0002195c                SSI2_IRQHandler
                0x0002195c                PWM1Gen0_IRQHandler
                0x0002195c                GPIOPortF_IRQHandler
                0x0002195c                UART7_IRQHandler
                0x0002195c                UART6_IRQHandler
                0x0002195c                WideTimer2A_IRQHandler
                0x0002195c                GPIOPortB_IRQHandler
                0x0002195c                WideTimer3A_IRQHandler
                0x0002195c                CAN2_IRQHandler
                0x0002195c                WideTimer1B_IRQHandler
                0x0002195c                GPIOPortH_IRQHandler
                0x0002195c                GPIOPortQ2_IRQHandler
                0x0002195c                GPIOPortR_IRQHandler
                0x0002195c                Timer4B_IRQHandler
                0x0002195c                Timer2A_IRQHandler
                0x0002195c                SSI3_IRQHandler
                0x0002195c                Timer2B_IRQHandler
                0x0002195c                uDMAError_IRQHandler
                0x0002195c                GPIOPortN_IRQHandler
                0x0002195c                UART3_IRQHandler
                0x0002195c                SysCtrl_IRQHandler
                0x0002195c                Hibernate_IRQHandler
                0x0002195c                PWM1Gen1_IRQHandler
 .text.ADC_Init
                0x00021978       0x40 ./Source/Driver/ADC/ADC_Driver.o
                0x00021978                ADC_Init
 .text.ADC_port_Init
                0x000219b8       0x9c ./Source/Driver/ADC/ADC_Driver.o
 .text.ADC_SS_Init
                0x00021a54       0x4c ./Source/Driver/ADC/ADC_Driver.o
                0x00021a54                ADC_SS_Init
 .text.analogRead
                0x00021aa0      0x180 ./Source/Driver/ADC/ADC_Driver.o
                0x00021aa0                analogRead
 .text.CAN0_Driver
                0x00021c20       0xc0 ./Source/Driver/CAN/CAN_Driver.o
                0x00021c20                CAN0_Driver
 .text.CAN0_Init
                0x00021ce0       0xf8 ./Source/Driver/CAN/CAN_Driver.o
                0x00021ce0                CAN0_Init
 .text.CAN0_Transmit_Obj
                0x00021dd8       0xd4 ./Source/Driver/CAN/CAN_Driver.o
 .text.CAN0_Transmit_Data
                0x00021eac       0xc8 ./Source/Driver/CAN/CAN_Driver.o
 .text.GPIO_Init
                0x00021f74       0x70 ./Source/Driver/GPIO/GPIOdriver.o
                0x00021f74                GPIO_Init
 .text.DigitalWrite
                0x00021fe4      0x15c ./Source/Driver/GPIO/GPIOdriver.o
                0x00021fe4                DigitalWrite
 .text.DigitalRead
                0x00022140      0x19c ./Source/Driver/GPIO/GPIOdriver.o
                0x00022140                DigitalRead
 .text.I2C_Init
                0x000222dc      0x2b8 ./Source/Driver/I2C/I2C.o
                0x000222dc                I2C_Init
 .text.Check_I2C_BUS_busy
                0x00022594        0xe ./Source/Driver/I2C/I2C.o
 *fill*         0x000225a2        0x2 
 .text.Check_I2C_busy
                0x000225a4       0x38 ./Source/Driver/I2C/I2C.o
 .text.Check_I2C_error
                0x000225dc       0x88 ./Source/Driver/I2C/I2C.o
 .text.I2C_Write
                0x00022664       0x28 ./Source/Driver/I2C/I2C.o
                0x00022664                I2C_Write
 .text.I2C_Write_Memory
                0x0002268c       0x26 ./Source/Driver/I2C/I2C.o
                0x0002268c                I2C_Write_Memory
 .text.I2C_Write_Multiple
                0x000226b2       0x50 ./Source/Driver/I2C/I2C.o
                0x000226b2                I2C_Write_Multiple
 .text.I2C_Write_Memory_Multiple
                0x00022702       0x5c ./Source/Driver/I2C/I2C.o
                0x00022702                I2C_Write_Memory_Multiple
 *fill*         0x0002275e        0x2 
 .text.I2C_Begin
                0x00022760       0x44 ./Source/Driver/I2C/I2C.o
 .text.I2C_Transmit
                0x000227a4       0xc0 ./Source/Driver/I2C/I2C.o
 .text.I2C_Transmit_start_byte
                0x00022864       0x88 ./Source/Driver/I2C/I2C.o
 .text.I2C_Transmit_byte
                0x000228ec       0x80 ./Source/Driver/I2C/I2C.o
 .text.I2C_Transmit_end_byte
                0x0002296c       0x50 ./Source/Driver/I2C/I2C.o
 .text.I2C_End  0x000229bc       0x2c ./Source/Driver/I2C/I2C.o
 .text.I2C_Read
                0x000229e8       0x26 ./Source/Driver/I2C/I2C.o
                0x000229e8                I2C_Read
 *fill*         0x00022a0e        0x2 
 .text.I2C_Read_Multiple
                0x00022a10      0x1a4 ./Source/Driver/I2C/I2C.o
                0x00022a10                I2C_Read_Multiple
 .text.I2C_Read_Memory
                0x00022bb4       0x36 ./Source/Driver/I2C/I2C.o
                0x00022bb4                I2C_Read_Memory
 .text.I2C_Read_Memory_Multiple
                0x00022bea       0x32 ./Source/Driver/I2C/I2C.o
                0x00022bea                I2C_Read_Memory_Multiple
 .text.LCD_Setup
                0x00022c1c       0x68 ./Source/Driver/LCD/LCD.o
                0x00022c1c                LCD_Setup
 .text.LCD_Init
                0x00022c84       0x7a ./Source/Driver/LCD/LCD.o
                0x00022c84                LCD_Init
 .text.LCD_SetCursor
                0x00022cfe       0x96 ./Source/Driver/LCD/LCD.o
                0x00022cfe                LCD_SetCursor
 .text.LCD_Clear
                0x00022d94        0xe ./Source/Driver/LCD/LCD.o
                0x00022d94                LCD_Clear
 .text.LCD_Write
                0x00022da2       0x3c ./Source/Driver/LCD/LCD.o
                0x00022da2                LCD_Write
 *fill*         0x00022dde        0x2 
 .text.Data_Write
                0x00022de0       0x34 ./Source/Driver/LCD/LCD.o
 .text.Cmd_Write
                0x00022e14       0x34 ./Source/Driver/LCD/LCD.o
 .text.upper_nibble
                0x00022e48       0xac ./Source/Driver/LCD/LCD.o
 .text.lower_nibble
                0x00022ef4       0xac ./Source/Driver/LCD/LCD.o
 .text.toggle_enable_signal
                0x00022fa0       0x30 ./Source/Driver/LCD/LCD.o
 .text.delay    0x00022fd0       0x4a ./Source/Driver/LCD/LCD.o
 .text.LCD_nextline
                0x0002301a        0xe ./Source/Driver/LCD/LCD.o
                0x0002301a                LCD_nextline
 .text.SSI_2_Init
                0x00023028       0xd4 ./Source/Driver/SPI/SPI.o
                0x00023028                SSI_2_Init
 .text.SPI_Write
                0x000230fc       0x58 ./Source/Driver/SPI/SPI.o
                0x000230fc                SPI_Write
 .text.SPI_Read_Write
                0x00023154       0x58 ./Source/Driver/SPI/SPI.o
                0x00023154                SPI_Read_Write
 .text.Enable_Chip_Select
                0x000231ac       0x10 ./Source/Driver/SPI/SPI.o
                0x000231ac                Enable_Chip_Select
 .text.Disable_Chip_Select
                0x000231bc       0x10 ./Source/Driver/SPI/SPI.o
                0x000231bc                Disable_Chip_Select
 .text.Timer_Init
                0x000231cc       0x6c ./Source/Driver/Timer/Timer.o
                0x000231cc                Timer_Init
 .text.Start_Timer_0
                0x00023238       0x20 ./Source/Driver/Timer/Timer.o
 .text.Stop_Timer_0
                0x00023258       0x20 ./Source/Driver/Timer/Timer.o
                0x00023258                Stop_Timer_0
 .text.Refresh_Timer_0
                0x00023278       0x2c ./Source/Driver/Timer/Timer.o
                0x00023278                Refresh_Timer_0
 .text.Timer_scheduler
                0x000232a4      0x194 ./Source/Driver/Timer/Timer.o
                0x000232a4                Timer_scheduler
 .text.Clear_Timer_Flag
                0x00023438       0x64 ./Source/Driver/Timer/Timer.o
 .text.init_Timer_Counter
                0x0002349c       0x70 ./Source/Driver/Timer/timercnter.o
                0x0002349c                init_Timer_Counter
 .text.Start_Timer_counter
                0x0002350c       0x20 ./Source/Driver/Timer/timercnter.o
                0x0002350c                Start_Timer_counter
 .text.Stop_Timer_counter
                0x0002352c       0x24 ./Source/Driver/Timer/timercnter.o
                0x0002352c                Stop_Timer_counter
 .text.Pause_Timer_counter
                0x00023550       0x20 ./Source/Driver/Timer/timercnter.o
                0x00023550                Pause_Timer_counter
 .text.Refresh_Timer_counter
                0x00023570       0x30 ./Source/Driver/Timer/timercnter.o
                0x00023570                Refresh_Timer_counter
 .text.millis   0x000235a0       0x24 ./Source/Driver/Timer/timercnter.o
                0x000235a0                millis
 *fill*         0x000235c4        0x4 
 .text.UART_init
                0x000235c8      0x394 ./Source/Driver/UART/UART.o
                0x000235c8                UART_init
 .text.UART_print
                0x0002395c       0x40 ./Source/Driver/UART/UART.o
                0x0002395c                UART_print
 .text.UART_Transmitter
                0x0002399c       0x54 ./Source/Driver/UART/UART.o
                0x0002399c                UART_Transmitter
 .text.Delay    0x000239f0       0x2e ./Source/Driver/UART/UART.o
                0x000239f0                Delay
 *fill*         0x00023a1e        0x2 
 .text.UART_Receive
                0x00023a20       0x40 ./Source/Driver/UART/UART.o
                0x00023a20                UART_Receive
 .text.UART_RxReady
                0x00023a60       0x38 ./Source/Driver/UART/UART.o
                0x00023a60                UART_RxReady
 .text.xEventGroupCreate
                0x00023a98       0x2e ./Source/FreeRtos/event_groups.o
                0x00023a98                xEventGroupCreate
 *fill*         0x00023ac6        0x2 
 .text.xEventGroupSync
                0x00023ac8      0x15c ./Source/FreeRtos/event_groups.o
                0x00023ac8                xEventGroupSync
 .text.xEventGroupWaitBits
                0x00023c24      0x19c ./Source/FreeRtos/event_groups.o
                0x00023c24                xEventGroupWaitBits
 .text.xEventGroupClearBits
                0x00023dc0       0x70 ./Source/FreeRtos/event_groups.o
                0x00023dc0                xEventGroupClearBits
 .text.xEventGroupGetBitsFromISR
                0x00023e30       0x48 ./Source/FreeRtos/event_groups.o
                0x00023e30                xEventGroupGetBitsFromISR
 .text.xEventGroupSetBits
                0x00023e78      0x116 ./Source/FreeRtos/event_groups.o
                0x00023e78                xEventGroupSetBits
 .text.vEventGroupDelete
                0x00023f8e       0x7e ./Source/FreeRtos/event_groups.o
                0x00023f8e                vEventGroupDelete
 .text.vEventGroupSetBitsCallback
                0x0002400c       0x1a ./Source/FreeRtos/event_groups.o
                0x0002400c                vEventGroupSetBitsCallback
 .text.vEventGroupClearBitsCallback
                0x00024026       0x1a ./Source/FreeRtos/event_groups.o
                0x00024026                vEventGroupClearBitsCallback
 .text.prvTestWaitCondition
                0x00024040       0x44 ./Source/FreeRtos/event_groups.o
 .text.uxEventGroupGetNumber
                0x00024084       0x2c ./Source/FreeRtos/event_groups.o
                0x00024084                uxEventGroupGetNumber
 .text.vEventGroupSetNumber
                0x000240b0       0x1c ./Source/FreeRtos/event_groups.o
                0x000240b0                vEventGroupSetNumber
 .text.vListInitialise
                0x000240cc       0x40 ./Source/FreeRtos/list.o
                0x000240cc                vListInitialise
 .text.vListInitialiseItem
                0x0002410c       0x1a ./Source/FreeRtos/list.o
                0x0002410c                vListInitialiseItem
 .text.vListInsertEnd
                0x00024126       0x48 ./Source/FreeRtos/list.o
                0x00024126                vListInsertEnd
 .text.vListInsert
                0x0002416e       0x72 ./Source/FreeRtos/list.o
                0x0002416e                vListInsert
 .text.uxListRemove
                0x000241e0       0x54 ./Source/FreeRtos/list.o
                0x000241e0                uxListRemove
 .text.xQueueGenericReset
                0x00024234      0x120 ./Source/FreeRtos/queue.o
                0x00024234                xQueueGenericReset
 .text.xQueueGenericCreate
                0x00024354       0x9c ./Source/FreeRtos/queue.o
                0x00024354                xQueueGenericCreate
 .text.prvInitialiseNewQueue
                0x000243f0       0x46 ./Source/FreeRtos/queue.o
 .text.prvInitialiseMutex
                0x00024436       0x34 ./Source/FreeRtos/queue.o
 .text.xQueueCreateMutex
                0x0002446a       0x30 ./Source/FreeRtos/queue.o
                0x0002446a                xQueueCreateMutex
 .text.xQueueGiveMutexRecursive
                0x0002449a       0x68 ./Source/FreeRtos/queue.o
                0x0002449a                xQueueGiveMutexRecursive
 .text.xQueueTakeMutexRecursive
                0x00024502       0x6c ./Source/FreeRtos/queue.o
                0x00024502                xQueueTakeMutexRecursive
 .text.xQueueCreateCountingSemaphore
                0x0002456e       0x5c ./Source/FreeRtos/queue.o
                0x0002456e                xQueueCreateCountingSemaphore
 *fill*         0x000245ca        0x2 
 .text.xQueueGenericSend
                0x000245cc      0x1fc ./Source/FreeRtos/queue.o
                0x000245cc                xQueueGenericSend
 .text.xQueueGenericSendFromISR
                0x000247c8      0x164 ./Source/FreeRtos/queue.o
                0x000247c8                xQueueGenericSendFromISR
 .text.xQueueGiveFromISR
                0x0002492c      0x148 ./Source/FreeRtos/queue.o
                0x0002492c                xQueueGiveFromISR
 .text.xQueueReceive
                0x00024a74      0x1c0 ./Source/FreeRtos/queue.o
                0x00024a74                xQueueReceive
 .text.xQueueSemaphoreTake
                0x00024c34      0x1fc ./Source/FreeRtos/queue.o
                0x00024c34                xQueueSemaphoreTake
 .text.xQueuePeek
                0x00024e30      0x1c4 ./Source/FreeRtos/queue.o
                0x00024e30                xQueuePeek
 .text.xQueueReceiveFromISR
                0x00024ff4      0x12e ./Source/FreeRtos/queue.o
                0x00024ff4                xQueueReceiveFromISR
 .text.xQueuePeekFromISR
                0x00025122       0xd2 ./Source/FreeRtos/queue.o
                0x00025122                xQueuePeekFromISR
 .text.uxQueueMessagesWaiting
                0x000251f4       0x3c ./Source/FreeRtos/queue.o
                0x000251f4                uxQueueMessagesWaiting
 .text.uxQueueSpacesAvailable
                0x00025230       0x46 ./Source/FreeRtos/queue.o
                0x00025230                uxQueueSpacesAvailable
 .text.uxQueueMessagesWaitingFromISR
                0x00025276       0x3c ./Source/FreeRtos/queue.o
                0x00025276                uxQueueMessagesWaitingFromISR
 .text.vQueueDelete
                0x000252b2       0x3c ./Source/FreeRtos/queue.o
                0x000252b2                vQueueDelete
 .text.uxQueueGetQueueNumber
                0x000252ee       0x18 ./Source/FreeRtos/queue.o
                0x000252ee                uxQueueGetQueueNumber
 .text.vQueueSetQueueNumber
                0x00025306       0x1c ./Source/FreeRtos/queue.o
                0x00025306                vQueueSetQueueNumber
 .text.ucQueueGetQueueType
                0x00025322       0x1a ./Source/FreeRtos/queue.o
                0x00025322                ucQueueGetQueueType
 .text.prvGetDisinheritPriorityAfterTimeout
                0x0002533c       0x30 ./Source/FreeRtos/queue.o
 .text.prvCopyDataToQueue
                0x0002536c       0xd4 ./Source/FreeRtos/queue.o
 .text.prvCopyDataFromQueue
                0x00025440       0x4c ./Source/FreeRtos/queue.o
 .text.prvUnlockQueue
                0x0002548c       0xa4 ./Source/FreeRtos/queue.o
 .text.prvIsQueueEmpty
                0x00025530       0x2c ./Source/FreeRtos/queue.o
 .text.xQueueIsQueueEmptyFromISR
                0x0002555c       0x48 ./Source/FreeRtos/queue.o
                0x0002555c                xQueueIsQueueEmptyFromISR
 .text.prvIsQueueFull
                0x000255a4       0x30 ./Source/FreeRtos/queue.o
 .text.xQueueIsQueueFullFromISR
                0x000255d4       0x4c ./Source/FreeRtos/queue.o
                0x000255d4                xQueueIsQueueFullFromISR
 .text.vQueueAddToRegistry
                0x00025620       0x9c ./Source/FreeRtos/queue.o
                0x00025620                vQueueAddToRegistry
 .text.pcQueueGetName
                0x000256bc       0x68 ./Source/FreeRtos/queue.o
                0x000256bc                pcQueueGetName
 .text.vQueueUnregisterQueue
                0x00025724       0x70 ./Source/FreeRtos/queue.o
                0x00025724                vQueueUnregisterQueue
 .text.vQueueWaitForMessageRestricted
                0x00025794       0x68 ./Source/FreeRtos/queue.o
                0x00025794                vQueueWaitForMessageRestricted
 .text.xStreamBufferGenericCreate
                0x000257fc       0xce ./Source/FreeRtos/stream_buffer.o
                0x000257fc                xStreamBufferGenericCreate
 .text.vStreamBufferDelete
                0x000258ca       0x4e ./Source/FreeRtos/stream_buffer.o
                0x000258ca                vStreamBufferDelete
 .text.xStreamBufferReset
                0x00025918       0x8a ./Source/FreeRtos/stream_buffer.o
                0x00025918                xStreamBufferReset
 .text.xStreamBufferSetTriggerLevel
                0x000259a2       0x5c ./Source/FreeRtos/stream_buffer.o
                0x000259a2                xStreamBufferSetTriggerLevel
 .text.xStreamBufferSpacesAvailable
                0x000259fe       0x76 ./Source/FreeRtos/stream_buffer.o
                0x000259fe                xStreamBufferSpacesAvailable
 .text.xStreamBufferBytesAvailable
                0x00025a74       0x3a ./Source/FreeRtos/stream_buffer.o
                0x00025a74                xStreamBufferBytesAvailable
 .text.xStreamBufferSend
                0x00025aae      0x19a ./Source/FreeRtos/stream_buffer.o
                0x00025aae                xStreamBufferSend
 .text.xStreamBufferSendFromISR
                0x00025c48       0xe6 ./Source/FreeRtos/stream_buffer.o
                0x00025c48                xStreamBufferSendFromISR
 .text.prvWriteMessageToBuffer
                0x00025d2e       0x90 ./Source/FreeRtos/stream_buffer.o
 .text.xStreamBufferReceive
                0x00025dbe      0x130 ./Source/FreeRtos/stream_buffer.o
                0x00025dbe                xStreamBufferReceive
 .text.xStreamBufferNextMessageLengthBytes
                0x00025eee       0x88 ./Source/FreeRtos/stream_buffer.o
                0x00025eee                xStreamBufferNextMessageLengthBytes
 .text.xStreamBufferReceiveFromISR
                0x00025f76       0xde ./Source/FreeRtos/stream_buffer.o
                0x00025f76                xStreamBufferReceiveFromISR
 .text.prvReadMessageFromBuffer
                0x00026054       0x7a ./Source/FreeRtos/stream_buffer.o
 .text.xStreamBufferIsEmpty
                0x000260ce       0x50 ./Source/FreeRtos/stream_buffer.o
                0x000260ce                xStreamBufferIsEmpty
 .text.xStreamBufferIsFull
                0x0002611e       0x60 ./Source/FreeRtos/stream_buffer.o
                0x0002611e                xStreamBufferIsFull
 .text.xStreamBufferSendCompletedFromISR
                0x0002617e       0x8a ./Source/FreeRtos/stream_buffer.o
                0x0002617e                xStreamBufferSendCompletedFromISR
 .text.xStreamBufferReceiveCompletedFromISR
                0x00026208       0x8a ./Source/FreeRtos/stream_buffer.o
                0x00026208                xStreamBufferReceiveCompletedFromISR
 .text.prvWriteBytesToBuffer
                0x00026292       0xda ./Source/FreeRtos/stream_buffer.o
 .text.prvReadBytesFromBuffer
                0x0002636c       0xd4 ./Source/FreeRtos/stream_buffer.o
 .text.prvBytesInBuffer
                0x00026440       0x40 ./Source/FreeRtos/stream_buffer.o
 .text.prvInitialiseNewStreamBuffer
                0x00026480       0x66 ./Source/FreeRtos/stream_buffer.o
 .text.uxStreamBufferGetStreamBufferNumber
                0x000264e6       0x18 ./Source/FreeRtos/stream_buffer.o
                0x000264e6                uxStreamBufferGetStreamBufferNumber
 .text.vStreamBufferSetStreamBufferNumber
                0x000264fe       0x1c ./Source/FreeRtos/stream_buffer.o
                0x000264fe                vStreamBufferSetStreamBufferNumber
 .text.ucStreamBufferGetStreamBufferType
                0x0002651a       0x1e ./Source/FreeRtos/stream_buffer.o
                0x0002651a                ucStreamBufferGetStreamBufferType
 .text.xTaskCreate
                0x00026538       0x8c ./Source/FreeRtos/tasks.o
                0x00026538                xTaskCreate
 .text.prvInitialiseNewTask
                0x000265c4      0x11c ./Source/FreeRtos/tasks.o
 .text.prvAddNewTaskToReadyList
                0x000266e0      0x12c ./Source/FreeRtos/tasks.o
 .text.vTaskDelete
                0x0002680c      0x128 ./Source/FreeRtos/tasks.o
                0x0002680c                vTaskDelete
 .text.xTaskDelayUntil
                0x00026934       0xfc ./Source/FreeRtos/tasks.o
                0x00026934                xTaskDelayUntil
 .text.vTaskDelay
                0x00026a30       0x68 ./Source/FreeRtos/tasks.o
                0x00026a30                vTaskDelay
 .text.eTaskGetState
                0x00026a98       0xf4 ./Source/FreeRtos/tasks.o
                0x00026a98                eTaskGetState
 .text.uxTaskPriorityGet
                0x00026b8c       0x34 ./Source/FreeRtos/tasks.o
                0x00026b8c                uxTaskPriorityGet
 .text.uxTaskPriorityGetFromISR
                0x00026bc0       0x58 ./Source/FreeRtos/tasks.o
                0x00026bc0                uxTaskPriorityGetFromISR
 .text.vTaskPrioritySet
                0x00026c18      0x1a4 ./Source/FreeRtos/tasks.o
                0x00026c18                vTaskPrioritySet
 .text.vTaskSuspend
                0x00026dbc      0x140 ./Source/FreeRtos/tasks.o
                0x00026dbc                vTaskSuspend
 .text.prvTaskIsTaskSuspended
                0x00026efc       0x64 ./Source/FreeRtos/tasks.o
 .text.vTaskResume
                0x00026f60      0x10c ./Source/FreeRtos/tasks.o
                0x00026f60                vTaskResume
 .text.xTaskResumeFromISR
                0x0002706c      0x13c ./Source/FreeRtos/tasks.o
                0x0002706c                xTaskResumeFromISR
 .text.vTaskStartScheduler
                0x000271a8       0xa4 ./Source/FreeRtos/tasks.o
                0x000271a8                vTaskStartScheduler
 .text.vTaskEndScheduler
                0x0002724c       0x30 ./Source/FreeRtos/tasks.o
                0x0002724c                vTaskEndScheduler
 .text.vTaskSuspendAll
                0x0002727c       0x1c ./Source/FreeRtos/tasks.o
                0x0002727c                vTaskSuspendAll
 .text.xTaskResumeAll
                0x00027298      0x1f8 ./Source/FreeRtos/tasks.o
                0x00027298                xTaskResumeAll
 .text.xTaskGetTickCount
                0x00027490       0x20 ./Source/FreeRtos/tasks.o
                0x00027490                xTaskGetTickCount
 .text.xTaskGetTickCountFromISR
                0x000274b0       0x24 ./Source/FreeRtos/tasks.o
                0x000274b0                xTaskGetTickCountFromISR
 .text.uxTaskGetNumberOfTasks
                0x000274d4       0x18 ./Source/FreeRtos/tasks.o
                0x000274d4                uxTaskGetNumberOfTasks
 .text.pcTaskGetName
                0x000274ec       0x48 ./Source/FreeRtos/tasks.o
                0x000274ec                pcTaskGetName
 .text.uxTaskGetSystemState
                0x00027534      0x11c ./Source/FreeRtos/tasks.o
                0x00027534                uxTaskGetSystemState
 .text.xTaskCatchUpTicks
                0x00027650       0x58 ./Source/FreeRtos/tasks.o
                0x00027650                xTaskCatchUpTicks
 .text.xTaskIncrementTick
                0x000276a8      0x22c ./Source/FreeRtos/tasks.o
                0x000276a8                xTaskIncrementTick
 .text.vTaskSwitchContext
                0x000278d4      0x100 ./Source/FreeRtos/tasks.o
                0x000278d4                vTaskSwitchContext
 .text.vTaskPlaceOnEventList
                0x000279d4       0x48 ./Source/FreeRtos/tasks.o
                0x000279d4                vTaskPlaceOnEventList
 .text.vTaskPlaceOnUnorderedEventList
                0x00027a1c       0xac ./Source/FreeRtos/tasks.o
                0x00027a1c                vTaskPlaceOnUnorderedEventList
 .text.vTaskPlaceOnEventListRestricted
                0x00027ac8       0x8c ./Source/FreeRtos/tasks.o
                0x00027ac8                vTaskPlaceOnEventListRestricted
 .text.xTaskRemoveFromEventList
                0x00027b54      0x1ac ./Source/FreeRtos/tasks.o
                0x00027b54                xTaskRemoveFromEventList
 .text.vTaskRemoveFromUnorderedEventList
                0x00027d00      0x180 ./Source/FreeRtos/tasks.o
                0x00027d00                vTaskRemoveFromUnorderedEventList
 .text.vTaskSetTimeOutState
                0x00027e80       0x4c ./Source/FreeRtos/tasks.o
                0x00027e80                vTaskSetTimeOutState
 .text.vTaskInternalSetTimeOutState
                0x00027ecc       0x2c ./Source/FreeRtos/tasks.o
                0x00027ecc                vTaskInternalSetTimeOutState
 .text.xTaskCheckForTimeOut
                0x00027ef8       0xcc ./Source/FreeRtos/tasks.o
                0x00027ef8                xTaskCheckForTimeOut
 .text.vTaskMissedYield
                0x00027fc4       0x18 ./Source/FreeRtos/tasks.o
                0x00027fc4                vTaskMissedYield
 .text.uxTaskGetTaskNumber
                0x00027fdc       0x2c ./Source/FreeRtos/tasks.o
                0x00027fdc                uxTaskGetTaskNumber
 .text.vTaskSetTaskNumber
                0x00028008       0x26 ./Source/FreeRtos/tasks.o
                0x00028008                vTaskSetTaskNumber
 *fill*         0x0002802e        0x2 
 .text.prvIdleTask
                0x00028030       0x30 ./Source/FreeRtos/tasks.o
 .text.prvInitialiseTaskLists
                0x00028060       0x80 ./Source/FreeRtos/tasks.o
 .text.prvCheckTasksWaitingTermination
                0x000280e0       0x5c ./Source/FreeRtos/tasks.o
 .text.vTaskGetInfo
                0x0002813c       0xcc ./Source/FreeRtos/tasks.o
                0x0002813c                vTaskGetInfo
 .text.prvListTasksWithinSingleList
                0x00028208       0xa4 ./Source/FreeRtos/tasks.o
 .text.prvTaskCheckFreeStackSpace
                0x000282ac       0x38 ./Source/FreeRtos/tasks.o
 .text.prvDeleteTCB
                0x000282e4       0x20 ./Source/FreeRtos/tasks.o
 .text.prvResetNextTaskUnblockTime
                0x00028304       0x38 ./Source/FreeRtos/tasks.o
 .text.xTaskGetCurrentTaskHandle
                0x0002833c       0x20 ./Source/FreeRtos/tasks.o
                0x0002833c                xTaskGetCurrentTaskHandle
 .text.xTaskGetSchedulerState
                0x0002835c       0x3c ./Source/FreeRtos/tasks.o
                0x0002835c                xTaskGetSchedulerState
 .text.xTaskPriorityInherit
                0x00028398      0x13c ./Source/FreeRtos/tasks.o
                0x00028398                xTaskPriorityInherit
 .text.xTaskPriorityDisinherit
                0x000284d4      0x148 ./Source/FreeRtos/tasks.o
                0x000284d4                xTaskPriorityDisinherit
 .text.vTaskPriorityDisinheritAfterTimeout
                0x0002861c      0x170 ./Source/FreeRtos/tasks.o
                0x0002861c                vTaskPriorityDisinheritAfterTimeout
 .text.uxTaskResetEventItemValue
                0x0002878c       0x30 ./Source/FreeRtos/tasks.o
                0x0002878c                uxTaskResetEventItemValue
 .text.pvTaskIncrementMutexHeldCount
                0x000287bc       0x28 ./Source/FreeRtos/tasks.o
                0x000287bc                pvTaskIncrementMutexHeldCount
 .text.ulTaskGenericNotifyTake
                0x000287e4       0xd0 ./Source/FreeRtos/tasks.o
                0x000287e4                ulTaskGenericNotifyTake
 .text.xTaskGenericNotifyWait
                0x000288b4      0x100 ./Source/FreeRtos/tasks.o
                0x000288b4                xTaskGenericNotifyWait
 .text.xTaskGenericNotify
                0x000289b4      0x244 ./Source/FreeRtos/tasks.o
                0x000289b4                xTaskGenericNotify
 .text.xTaskGenericNotifyFromISR
                0x00028bf8      0x2b8 ./Source/FreeRtos/tasks.o
                0x00028bf8                xTaskGenericNotifyFromISR
 .text.vTaskGenericNotifyGiveFromISR
                0x00028eb0      0x20c ./Source/FreeRtos/tasks.o
                0x00028eb0                vTaskGenericNotifyGiveFromISR
 .text.xTaskGenericNotifyStateClear
                0x000290bc       0x74 ./Source/FreeRtos/tasks.o
                0x000290bc                xTaskGenericNotifyStateClear
 .text.ulTaskGenericNotifyValueClear
                0x00029130       0x5c ./Source/FreeRtos/tasks.o
                0x00029130                ulTaskGenericNotifyValueClear
 .text.prvAddCurrentTaskToDelayedList
                0x0002918c      0x100 ./Source/FreeRtos/tasks.o
 .text.vApplicationMallocFailedHook
                0x0002928c       0x28 ./Source/FreeRtos/tasks.o
                0x0002928c                vApplicationMallocFailedHook
 .text.vApplicationStackOverflowHook
                0x000292b4       0x2c ./Source/FreeRtos/tasks.o
                0x000292b4                vApplicationStackOverflowHook
 .text.xTimerCreateTimerTask
                0x000292e0       0x64 ./Source/FreeRtos/timers.o
                0x000292e0                xTimerCreateTimerTask
 .text.xTimerCreate
                0x00029344       0x42 ./Source/FreeRtos/timers.o
                0x00029344                xTimerCreate
 .text.prvInitialiseNewTimer
                0x00029386       0x70 ./Source/FreeRtos/timers.o
 *fill*         0x000293f6        0x2 
 .text.xTimerGenericCommand
                0x000293f8       0x9c ./Source/FreeRtos/timers.o
                0x000293f8                xTimerGenericCommand
 .text.xTimerGetTimerDaemonTaskHandle
                0x00029494       0x38 ./Source/FreeRtos/timers.o
                0x00029494                xTimerGetTimerDaemonTaskHandle
 .text.xTimerGetPeriod
                0x000294cc       0x38 ./Source/FreeRtos/timers.o
                0x000294cc                xTimerGetPeriod
 .text.vTimerSetReloadMode
                0x00029504       0x66 ./Source/FreeRtos/timers.o
                0x00029504                vTimerSetReloadMode
 .text.xTimerGetReloadMode
                0x0002956a       0x52 ./Source/FreeRtos/timers.o
                0x0002956a                xTimerGetReloadMode
 .text.uxTimerGetReloadMode
                0x000295bc       0x18 ./Source/FreeRtos/timers.o
                0x000295bc                uxTimerGetReloadMode
 .text.xTimerGetExpiryTime
                0x000295d4       0x3c ./Source/FreeRtos/timers.o
                0x000295d4                xTimerGetExpiryTime
 .text.pcTimerGetName
                0x00029610       0x38 ./Source/FreeRtos/timers.o
                0x00029610                pcTimerGetName
 .text.prvReloadTimer
                0x00029648       0x42 ./Source/FreeRtos/timers.o
 *fill*         0x0002968a        0x2 
 .text.prvProcessExpiredTimer
                0x0002968c       0x60 ./Source/FreeRtos/timers.o
 .text.prvTimerTask
                0x000296ec       0x24 ./Source/FreeRtos/timers.o
 .text.prvProcessTimerOrBlockTask
                0x00029710       0x9c ./Source/FreeRtos/timers.o
 .text.prvGetNextExpireTime
                0x000297ac       0x48 ./Source/FreeRtos/timers.o
 .text.prvSampleTimeNow
                0x000297f4       0x40 ./Source/FreeRtos/timers.o
 .text.prvInsertTimerInActiveList
                0x00029834       0x84 ./Source/FreeRtos/timers.o
 .text.prvProcessReceivedCommands
                0x000298b8      0x17c ./Source/FreeRtos/timers.o
 .text.prvSwitchTimerLists
                0x00029a34       0x4c ./Source/FreeRtos/timers.o
 .text.prvCheckForValidListAndQueue
                0x00029a80       0x6c ./Source/FreeRtos/timers.o
 .text.xTimerIsTimerActive
                0x00029aec       0x52 ./Source/FreeRtos/timers.o
                0x00029aec                xTimerIsTimerActive
 .text.pvTimerGetTimerID
                0x00029b3e       0x40 ./Source/FreeRtos/timers.o
                0x00029b3e                pvTimerGetTimerID
 .text.vTimerSetTimerID
                0x00029b7e       0x40 ./Source/FreeRtos/timers.o
                0x00029b7e                vTimerSetTimerID
 .text.uxTimerGetTimerNumber
                0x00029bbe       0x18 ./Source/FreeRtos/timers.o
                0x00029bbe                uxTimerGetTimerNumber
 .text.vTimerSetTimerNumber
                0x00029bd6       0x1c ./Source/FreeRtos/timers.o
                0x00029bd6                vTimerSetTimerNumber
 *fill*         0x00029bf2        0x2 
 .text.pxPortInitialiseStack
                0x00029bf4       0x68 ./Source/FreeRtos/portable/GCC/ARM_CM4F/port.o
                0x00029bf4                pxPortInitialiseStack
 .text.prvTaskExitError
                0x00029c5c       0x58 ./Source/FreeRtos/portable/GCC/ARM_CM4F/port.o
 *fill*         0x00029cb4        0xc 
 .text.vPortSVCHandler
                0x00029cc0       0x28 ./Source/FreeRtos/portable/GCC/ARM_CM4F/port.o
                0x00029cc0                vPortSVCHandler
 .text.prvPortStartFirstTask
                0x00029ce8       0x2c ./Source/FreeRtos/portable/GCC/ARM_CM4F/port.o
 .text.xPortStartScheduler
                0x00029d14      0x144 ./Source/FreeRtos/portable/GCC/ARM_CM4F/port.o
                0x00029d14                xPortStartScheduler
 .text.vPortEndScheduler
                0x00029e58       0x38 ./Source/FreeRtos/portable/GCC/ARM_CM4F/port.o
                0x00029e58                vPortEndScheduler
 .text.vPortEnterCritical
                0x00029e90       0x60 ./Source/FreeRtos/portable/GCC/ARM_CM4F/port.o
                0x00029e90                vPortEnterCritical
 .text.vPortExitCritical
                0x00029ef0       0x54 ./Source/FreeRtos/portable/GCC/ARM_CM4F/port.o
                0x00029ef0                vPortExitCritical
 *fill*         0x00029f44        0xc 
 .text.PendSV_Handler_Veneer
                0x00029f50       0x68 ./Source/FreeRtos/portable/GCC/ARM_CM4F/port.o
                0x00029f50                PendSV_Handler_Veneer
 .text.xPortSysTickHandler
                0x00029fb8       0x44 ./Source/FreeRtos/portable/GCC/ARM_CM4F/port.o
                0x00029fb8                xPortSysTickHandler
 .text.vPortSetupTimerInterrupt
                0x00029ffc       0x48 ./Source/FreeRtos/portable/GCC/ARM_CM4F/port.o
                0x00029ffc                vPortSetupTimerInterrupt
 .text.vPortEnableVFP
                0x0002a044       0x18 ./Source/FreeRtos/portable/GCC/ARM_CM4F/port.o
 .text.vPortValidateInterruptPriority
                0x0002a05c       0x80 ./Source/FreeRtos/portable/GCC/ARM_CM4F/port.o
                0x0002a05c                vPortValidateInterruptPriority
 .text.pvPortMalloc
                0x0002a0dc      0x148 ./Source/FreeRtos/portable/MemMang/heap_2.o
                0x0002a0dc                pvPortMalloc
 .text.vPortFree
                0x0002a224       0xd4 ./Source/FreeRtos/portable/MemMang/heap_2.o
                0x0002a224                vPortFree
 .text.xPortGetFreeHeapSize
                0x0002a2f8       0x18 ./Source/FreeRtos/portable/MemMang/heap_2.o
                0x0002a2f8                xPortGetFreeHeapSize
 .text.vPortInitialiseBlocks
                0x0002a310        0xe ./Source/FreeRtos/portable/MemMang/heap_2.o
                0x0002a310                vPortInitialiseBlocks
 .text.pvPortCalloc
                0x0002a31e       0x60 ./Source/FreeRtos/portable/MemMang/heap_2.o
                0x0002a31e                pvPortCalloc
 *fill*         0x0002a37e        0x2 
 .text.prvHeapInit
                0x0002a380       0x54 ./Source/FreeRtos/portable/MemMang/heap_2.o
 .text.MCP3208  0x0002a3d4      0x118 ./Source/Middleware/MCP3208/MCP3208.o
                0x0002a3d4                MCP3208
 .text.ssd1306_init
                0x0002a4ec       0xd6 ./Source/Middleware/OLED_SSD1306/SSD1306.o
                0x0002a4ec                ssd1306_init
 .text.ssd1306_command
                0x0002a5c2       0x1e ./Source/Middleware/OLED_SSD1306/SSD1306.o
                0x0002a5c2                ssd1306_command
 .text.ssd1306_data
                0x0002a5e0       0x1e ./Source/Middleware/OLED_SSD1306/SSD1306.o
                0x0002a5e0                ssd1306_data
 *fill*         0x0002a5fe        0x2 
 .text.ssd1306_setcursor
                0x0002a600       0x64 ./Source/Middleware/OLED_SSD1306/SSD1306.o
                0x0002a600                ssd1306_setcursor
 .text.ssd1306_Print_String
                0x0002a664       0xe8 ./Source/Middleware/OLED_SSD1306/SSD1306.o
                0x0002a664                ssd1306_Print_String
 .text.ssd1306_clear
                0x0002a74c       0x34 ./Source/Middleware/OLED_SSD1306/SSD1306.o
                0x0002a74c                ssd1306_clear
 .text.ssd1306_refresh
                0x0002a780       0x3c ./Source/Middleware/OLED_SSD1306/SSD1306.o
                0x0002a780                ssd1306_refresh
 .text.ssd1306_buffer_flush
                0x0002a7bc       0x1e ./Source/Middleware/OLED_SSD1306/SSD1306.o
                0x0002a7bc                ssd1306_buffer_flush
 *fill*         0x0002a7da        0x2 
 .text.ssd1306_draw_pixel
                0x0002a7dc       0xa8 ./Source/Middleware/OLED_SSD1306/SSD1306.o
                0x0002a7dc                ssd1306_draw_pixel
 .text.ssd1306_draw_line
                0x0002a884      0x110 ./Source/Middleware/OLED_SSD1306/SSD1306.o
                0x0002a884                ssd1306_draw_line
 .text.ssd1306_set_text_size
                0x0002a994       0x34 ./Source/Middleware/OLED_SSD1306/SSD1306.o
                0x0002a994                ssd1306_set_text_size
 .text.ssd1306_shiva_logo
                0x0002a9c8       0x3c ./Source/Middleware/OLED_SSD1306/SSD1306.o
                0x0002a9c8                ssd1306_shiva_logo
 .text.ssd1306_fill_rect
                0x0002aa04       0x78 ./Source/Middleware/OLED_SSD1306/SSD1306.o
                0x0002aa04                ssd1306_fill_rect
 .text.ssd1306_DrawRect
                0x0002aa7c       0xa8 ./Source/Middleware/OLED_SSD1306/SSD1306.o
                0x0002aa7c                ssd1306_DrawRect
 .text.ssd1306_SetDrawWindow
                0x0002ab24       0x5a ./Source/Middleware/OLED_SSD1306/SSD1306.o
                0x0002ab24                ssd1306_SetDrawWindow
 .text.ssd1306_set_display_mode
                0x0002ab7e       0x40 ./Source/Middleware/OLED_SSD1306/SSD1306.o
                0x0002ab7e                ssd1306_set_display_mode
 .text.ssd1306_DrawCircle
                0x0002abbe      0x182 ./Source/Middleware/OLED_SSD1306/SSD1306.o
                0x0002abbe                ssd1306_DrawCircle
 .text.ssd1306_clear_refresh
                0x0002ad40       0x4e ./Source/Middleware/OLED_SSD1306/SSD1306.o
                0x0002ad40                ssd1306_clear_refresh
 .text.process_get_data
                0x0002ad8e       0x26 ./Source/Middleware/RTC_DS3231/DS3231.o
 .text.process_set_data
                0x0002adb4       0x34 ./Source/Middleware/RTC_DS3231/DS3231.o
 .text.ds3231_read_sec
                0x0002ade8       0x2a ./Source/Middleware/RTC_DS3231/DS3231.o
                0x0002ade8                ds3231_read_sec
 .text.ds3231_write_sec
                0x0002ae12       0x2a ./Source/Middleware/RTC_DS3231/DS3231.o
                0x0002ae12                ds3231_write_sec
 .text.ds3231_read_min
                0x0002ae3c       0x2a ./Source/Middleware/RTC_DS3231/DS3231.o
                0x0002ae3c                ds3231_read_min
 .text.ds3231_write_min
                0x0002ae66       0x2a ./Source/Middleware/RTC_DS3231/DS3231.o
                0x0002ae66                ds3231_write_min
 .text.ds3231_read_hrs
                0x0002ae90       0x2a ./Source/Middleware/RTC_DS3231/DS3231.o
                0x0002ae90                ds3231_read_hrs
 .text.ds3231_write_hrs
                0x0002aeba       0x2a ./Source/Middleware/RTC_DS3231/DS3231.o
                0x0002aeba                ds3231_write_hrs
 .text.exit     0x0002aee4       0x20 c:/ti/ccs1220/ccs/tools/compiler/gcc-arm-none-eabi-9-2019-q4-major/bin/../lib/gcc/arm-none-eabi/9.2.1/../../../../arm-none-eabi/lib/thumb/v7e-m/nofp\libc.a(lib_a-exit.o)
                0x0002aee4                exit
 .text.__libc_init_array
                0x0002af04       0x48 c:/ti/ccs1220/ccs/tools/compiler/gcc-arm-none-eabi-9-2019-q4-major/bin/../lib/gcc/arm-none-eabi/9.2.1/../../../../arm-none-eabi/lib/thumb/v7e-m/nofp\libc.a(lib_a-init.o)
                0x0002af04                __libc_init_array
 .text.memset   0x0002af4c       0xa0 c:/ti/ccs1220/ccs/tools/compiler/gcc-arm-none-eabi-9-2019-q4-major/bin/../lib/gcc/arm-none-eabi/9.2.1/../../../../arm-none-eabi/lib/thumb/v7e-m/nofp\libc.a(lib_a-memset.o)
                0x0002af4c                memset
 .text._printf_r
                0x0002afec       0x20 c:/ti/ccs1220/ccs/tools/compiler/gcc-arm-none-eabi-9-2019-q4-major/bin/../lib/gcc/arm-none-eabi/9.2.1/../../../../arm-none-eabi/lib/thumb/v7e-m/nofp\libc.a(lib_a-printf.o)
                0x0002afec                _printf_r
 .text.printf   0x0002b00c       0x28 c:/ti/ccs1220/ccs/tools/compiler/gcc-arm-none-eabi-9-2019-q4-major/bin/../lib/gcc/arm-none-eabi/9.2.1/../../../../arm-none-eabi/lib/thumb/v7e-m/nofp\libc.a(lib_a-printf.o)
                0x0002b00c                printf
 .text._puts_r  0x0002b034       0x9c c:/ti/ccs1220/ccs/tools/compiler/gcc-arm-none-eabi-9-2019-q4-major/bin/../lib/gcc/arm-none-eabi/9.2.1/../../../../arm-none-eabi/lib/thumb/v7e-m/nofp\libc.a(lib_a-puts.o)
                0x0002b034                _puts_r
 .text.puts     0x0002b0d0       0x10 c:/ti/ccs1220/ccs/tools/compiler/gcc-arm-none-eabi-9-2019-q4-major/bin/../lib/gcc/arm-none-eabi/9.2.1/../../../../arm-none-eabi/lib/thumb/v7e-m/nofp\libc.a(lib_a-puts.o)
                0x0002b0d0                puts
 .text._vfprintf_r
                0x0002b0e0     0x1b84 c:/ti/ccs1220/ccs/tools/compiler/gcc-arm-none-eabi-9-2019-q4-major/bin/../lib/gcc/arm-none-eabi/9.2.1/../../../../arm-none-eabi/lib/thumb/v7e-m/nofp\libc.a(lib_a-vfprintf.o)
                0x0002b0e0                _vfprintf_r
 .text.vfprintf
                0x0002cc64       0x18 c:/ti/ccs1220/ccs/tools/compiler/gcc-arm-none-eabi-9-2019-q4-major/bin/../lib/gcc/arm-none-eabi/9.2.1/../../../../arm-none-eabi/lib/thumb/v7e-m/nofp\libc.a(lib_a-vfprintf.o)
                0x0002cc64                vfprintf
 .text.__sbprintf
                0x0002cc7c       0x84 c:/ti/ccs1220/ccs/tools/compiler/gcc-arm-none-eabi-9-2019-q4-major/bin/../lib/gcc/arm-none-eabi/9.2.1/../../../../arm-none-eabi/lib/thumb/v7e-m/nofp\libc.a(lib_a-vfprintf.o)
 .text.__swsetup_r
                0x0002cd00       0xd0 c:/ti/ccs1220/ccs/tools/compiler/gcc-arm-none-eabi-9-2019-q4-major/bin/../lib/gcc/arm-none-eabi/9.2.1/../../../../arm-none-eabi/lib/thumb/v7e-m/nofp\libc.a(lib_a-wsetup.o)
                0x0002cd00                __swsetup_r
 .text.startup.register_fini
                0x0002cdd0       0x14 c:/ti/ccs1220/ccs/tools/compiler/gcc-arm-none-eabi-9-2019-q4-major/bin/../lib/gcc/arm-none-eabi/9.2.1/../../../../arm-none-eabi/lib/thumb/v7e-m/nofp\libc.a(lib_a-__call_atexit.o)
 .text.__call_exitprocs
                0x0002cde4       0xc4 c:/ti/ccs1220/ccs/tools/compiler/gcc-arm-none-eabi-9-2019-q4-major/bin/../lib/gcc/arm-none-eabi/9.2.1/../../../../arm-none-eabi/lib/thumb/v7e-m/nofp\libc.a(lib_a-__call_atexit.o)
                0x0002cde4                __call_exitprocs
 .text.atexit   0x0002cea8        0xc c:/ti/ccs1220/ccs/tools/compiler/gcc-arm-none-eabi-9-2019-q4-major/bin/../lib/gcc/arm-none-eabi/9.2.1/../../../../arm-none-eabi/lib/thumb/v7e-m/nofp\libc.a(lib_a-atexit.o)
                0x0002cea8                atexit
 .text.quorem   0x0002ceb4      0x11c c:/ti/ccs1220/ccs/tools/compiler/gcc-arm-none-eabi-9-2019-q4-major/bin/../lib/gcc/arm-none-eabi/9.2.1/../../../../arm-none-eabi/lib/thumb/v7e-m/nofp\libc.a(lib_a-dtoa.o)
 .text._dtoa_r  0x0002cfd0      0xeb8 c:/ti/ccs1220/ccs/tools/compiler/gcc-arm-none-eabi-9-2019-q4-major/bin/../lib/gcc/arm-none-eabi/9.2.1/../../../../arm-none-eabi/lib/thumb/v7e-m/nofp\libc.a(lib_a-dtoa.o)
                0x0002cfd0                _dtoa_r
 .text.__sflush_r
                0x0002de88      0x130 c:/ti/ccs1220/ccs/tools/compiler/gcc-arm-none-eabi-9-2019-q4-major/bin/../lib/gcc/arm-none-eabi/9.2.1/../../../../arm-none-eabi/lib/thumb/v7e-m/nofp\libc.a(lib_a-fflush.o)
                0x0002de88                __sflush_r
 .text._fflush_r
                0x0002dfb8       0x5c c:/ti/ccs1220/ccs/tools/compiler/gcc-arm-none-eabi-9-2019-q4-major/bin/../lib/gcc/arm-none-eabi/9.2.1/../../../../arm-none-eabi/lib/thumb/v7e-m/nofp\libc.a(lib_a-fflush.o)
                0x0002dfb8                _fflush_r
 .text.fflush   0x0002e014       0x24 c:/ti/ccs1220/ccs/tools/compiler/gcc-arm-none-eabi-9-2019-q4-major/bin/../lib/gcc/arm-none-eabi/9.2.1/../../../../arm-none-eabi/lib/thumb/v7e-m/nofp\libc.a(lib_a-fflush.o)
                0x0002e014                fflush
 .text.std      0x0002e038       0x50 c:/ti/ccs1220/ccs/tools/compiler/gcc-arm-none-eabi-9-2019-q4-major/bin/../lib/gcc/arm-none-eabi/9.2.1/../../../../arm-none-eabi/lib/thumb/v7e-m/nofp\libc.a(lib_a-findfp.o)
 .text._cleanup_r
                0x0002e088        0xc c:/ti/ccs1220/ccs/tools/compiler/gcc-arm-none-eabi-9-2019-q4-major/bin/../lib/gcc/arm-none-eabi/9.2.1/../../../../arm-none-eabi/lib/thumb/v7e-m/nofp\libc.a(lib_a-findfp.o)
                0x0002e088                _cleanup_r
 .text.__fp_lock
                0x0002e094       0x1c c:/ti/ccs1220/ccs/tools/compiler/gcc-arm-none-eabi-9-2019-q4-major/bin/../lib/gcc/arm-none-eabi/9.2.1/../../../../arm-none-eabi/lib/thumb/v7e-m/nofp\libc.a(lib_a-findfp.o)
 .text.__fp_unlock
                0x0002e0b0       0x1c c:/ti/ccs1220/ccs/tools/compiler/gcc-arm-none-eabi-9-2019-q4-major/bin/../lib/gcc/arm-none-eabi/9.2.1/../../../../arm-none-eabi/lib/thumb/v7e-m/nofp\libc.a(lib_a-findfp.o)
 .text.__sfmoreglue
                0x0002e0cc       0x30 c:/ti/ccs1220/ccs/tools/compiler/gcc-arm-none-eabi-9-2019-q4-major/bin/../lib/gcc/arm-none-eabi/9.2.1/../../../../arm-none-eabi/lib/thumb/v7e-m/nofp\libc.a(lib_a-findfp.o)
                0x0002e0cc                __sfmoreglue
 .text._cleanup
                0x0002e0fc       0x14 c:/ti/ccs1220/ccs/tools/compiler/gcc-arm-none-eabi-9-2019-q4-major/bin/../lib/gcc/arm-none-eabi/9.2.1/../../../../arm-none-eabi/lib/thumb/v7e-m/nofp\libc.a(lib_a-findfp.o)
                0x0002e0fc                _cleanup
 .text.__sinit  0x0002e110       0x54 c:/ti/ccs1220/ccs/tools/compiler/gcc-arm-none-eabi-9-2019-q4-major/bin/../lib/gcc/arm-none-eabi/9.2.1/../../../../arm-none-eabi/lib/thumb/v7e-m/nofp\libc.a(lib_a-findfp.o)
                0x0002e110                __sinit
 .text.__sfp    0x0002e164       0xa4 c:/ti/ccs1220/ccs/tools/compiler/gcc-arm-none-eabi-9-2019-q4-major/bin/../lib/gcc/arm-none-eabi/9.2.1/../../../../arm-none-eabi/lib/thumb/v7e-m/nofp\libc.a(lib_a-findfp.o)
                0x0002e164                __sfp
 .text.__sfp_lock_acquire
                0x0002e208        0xc c:/ti/ccs1220/ccs/tools/compiler/gcc-arm-none-eabi-9-2019-q4-major/bin/../lib/gcc/arm-none-eabi/9.2.1/../../../../arm-none-eabi/lib/thumb/v7e-m/nofp\libc.a(lib_a-findfp.o)
                0x0002e208                __sfp_lock_acquire
 .text.__sfp_lock_release
                0x0002e214        0xc c:/ti/ccs1220/ccs/tools/compiler/gcc-arm-none-eabi-9-2019-q4-major/bin/../lib/gcc/arm-none-eabi/9.2.1/../../../../arm-none-eabi/lib/thumb/v7e-m/nofp\libc.a(lib_a-findfp.o)
                0x0002e214                __sfp_lock_release
 .text.__sinit_lock_acquire
                0x0002e220        0xc c:/ti/ccs1220/ccs/tools/compiler/gcc-arm-none-eabi-9-2019-q4-major/bin/../lib/gcc/arm-none-eabi/9.2.1/../../../../arm-none-eabi/lib/thumb/v7e-m/nofp\libc.a(lib_a-findfp.o)
                0x0002e220                __sinit_lock_acquire
 .text.__sinit_lock_release
                0x0002e22c        0xc c:/ti/ccs1220/ccs/tools/compiler/gcc-arm-none-eabi-9-2019-q4-major/bin/../lib/gcc/arm-none-eabi/9.2.1/../../../../arm-none-eabi/lib/thumb/v7e-m/nofp\libc.a(lib_a-findfp.o)
                0x0002e22c                __sinit_lock_release
 .text.__fp_lock_all
                0x0002e238       0x24 c:/ti/ccs1220/ccs/tools/compiler/gcc-arm-none-eabi-9-2019-q4-major/bin/../lib/gcc/arm-none-eabi/9.2.1/../../../../arm-none-eabi/lib/thumb/v7e-m/nofp\libc.a(lib_a-findfp.o)
                0x0002e238                __fp_lock_all
 .text.__fp_unlock_all
                0x0002e25c       0x24 c:/ti/ccs1220/ccs/tools/compiler/gcc-arm-none-eabi-9-2019-q4-major/bin/../lib/gcc/arm-none-eabi/9.2.1/../../../../arm-none-eabi/lib/thumb/v7e-m/nofp\libc.a(lib_a-findfp.o)
                0x0002e25c                __fp_unlock_all
 .text.__libc_fini_array
                0x0002e280       0x2c c:/ti/ccs1220/ccs/tools/compiler/gcc-arm-none-eabi-9-2019-q4-major/bin/../lib/gcc/arm-none-eabi/9.2.1/../../../../arm-none-eabi/lib/thumb/v7e-m/nofp\libc.a(lib_a-fini.o)
                0x0002e280                __libc_fini_array
 .text._malloc_trim_r
                0x0002e2ac       0xa0 c:/ti/ccs1220/ccs/tools/compiler/gcc-arm-none-eabi-9-2019-q4-major/bin/../lib/gcc/arm-none-eabi/9.2.1/../../../../arm-none-eabi/lib/thumb/v7e-m/nofp\libc.a(lib_a-freer.o)
                0x0002e2ac                _malloc_trim_r
 .text._free_r  0x0002e34c      0x208 c:/ti/ccs1220/ccs/tools/compiler/gcc-arm-none-eabi-9-2019-q4-major/bin/../lib/gcc/arm-none-eabi/9.2.1/../../../../arm-none-eabi/lib/thumb/v7e-m/nofp\libc.a(lib_a-freer.o)
                0x0002e34c                _free_r
 .text.__sfvwrite_r
                0x0002e554      0x2e0 c:/ti/ccs1220/ccs/tools/compiler/gcc-arm-none-eabi-9-2019-q4-major/bin/../lib/gcc/arm-none-eabi/9.2.1/../../../../arm-none-eabi/lib/thumb/v7e-m/nofp\libc.a(lib_a-fvwrite.o)
                0x0002e554                __sfvwrite_r
 .text._fwalk   0x0002e834       0x40 c:/ti/ccs1220/ccs/tools/compiler/gcc-arm-none-eabi-9-2019-q4-major/bin/../lib/gcc/arm-none-eabi/9.2.1/../../../../arm-none-eabi/lib/thumb/v7e-m/nofp\libc.a(lib_a-fwalk.o)
                0x0002e834                _fwalk
 .text._fwalk_reent
                0x0002e874       0x48 c:/ti/ccs1220/ccs/tools/compiler/gcc-arm-none-eabi-9-2019-q4-major/bin/../lib/gcc/arm-none-eabi/9.2.1/../../../../arm-none-eabi/lib/thumb/v7e-m/nofp\libc.a(lib_a-fwalk.o)
                0x0002e874                _fwalk_reent
 .text.__localeconv_l
                0x0002e8bc        0x4 c:/ti/ccs1220/ccs/tools/compiler/gcc-arm-none-eabi-9-2019-q4-major/bin/../lib/gcc/arm-none-eabi/9.2.1/../../../../arm-none-eabi/lib/thumb/v7e-m/nofp\libc.a(lib_a-localeconv.o)
                0x0002e8bc                __localeconv_l
 .text._localeconv_r
                0x0002e8c0        0x8 c:/ti/ccs1220/ccs/tools/compiler/gcc-arm-none-eabi-9-2019-q4-major/bin/../lib/gcc/arm-none-eabi/9.2.1/../../../../arm-none-eabi/lib/thumb/v7e-m/nofp\libc.a(lib_a-localeconv.o)
                0x0002e8c0                _localeconv_r
 .text.localeconv
                0x0002e8c8        0x8 c:/ti/ccs1220/ccs/tools/compiler/gcc-arm-none-eabi-9-2019-q4-major/bin/../lib/gcc/arm-none-eabi/9.2.1/../../../../arm-none-eabi/lib/thumb/v7e-m/nofp\libc.a(lib_a-localeconv.o)
                0x0002e8c8                localeconv
 .text.__retarget_lock_init
                0x0002e8d0        0x4 c:/ti/ccs1220/ccs/tools/compiler/gcc-arm-none-eabi-9-2019-q4-major/bin/../lib/gcc/arm-none-eabi/9.2.1/../../../../arm-none-eabi/lib/thumb/v7e-m/nofp\libc.a(lib_a-lock.o)
                0x0002e8d0                __retarget_lock_init
 .text.__retarget_lock_init_recursive
                0x0002e8d4        0x4 c:/ti/ccs1220/ccs/tools/compiler/gcc-arm-none-eabi-9-2019-q4-major/bin/../lib/gcc/arm-none-eabi/9.2.1/../../../../arm-none-eabi/lib/thumb/v7e-m/nofp\libc.a(lib_a-lock.o)
                0x0002e8d4                __retarget_lock_init_recursive
 .text.__retarget_lock_close
                0x0002e8d8        0x4 c:/ti/ccs1220/ccs/tools/compiler/gcc-arm-none-eabi-9-2019-q4-major/bin/../lib/gcc/arm-none-eabi/9.2.1/../../../../arm-none-eabi/lib/thumb/v7e-m/nofp\libc.a(lib_a-lock.o)
                0x0002e8d8                __retarget_lock_close
 .text.__retarget_lock_close_recursive
                0x0002e8dc        0x4 c:/ti/ccs1220/ccs/tools/compiler/gcc-arm-none-eabi-9-2019-q4-major/bin/../lib/gcc/arm-none-eabi/9.2.1/../../../../arm-none-eabi/lib/thumb/v7e-m/nofp\libc.a(lib_a-lock.o)
                0x0002e8dc                __retarget_lock_close_recursive
 .text.__retarget_lock_acquire
                0x0002e8e0        0x4 c:/ti/ccs1220/ccs/tools/compiler/gcc-arm-none-eabi-9-2019-q4-major/bin/../lib/gcc/arm-none-eabi/9.2.1/../../../../arm-none-eabi/lib/thumb/v7e-m/nofp\libc.a(lib_a-lock.o)
                0x0002e8e0                __retarget_lock_acquire
 .text.__retarget_lock_acquire_recursive
                0x0002e8e4        0x4 c:/ti/ccs1220/ccs/tools/compiler/gcc-arm-none-eabi-9-2019-q4-major/bin/../lib/gcc/arm-none-eabi/9.2.1/../../../../arm-none-eabi/lib/thumb/v7e-m/nofp\libc.a(lib_a-lock.o)
                0x0002e8e4                __retarget_lock_acquire_recursive
 .text.__retarget_lock_try_acquire
                0x0002e8e8        0x4 c:/ti/ccs1220/ccs/tools/compiler/gcc-arm-none-eabi-9-2019-q4-major/bin/../lib/gcc/arm-none-eabi/9.2.1/../../../../arm-none-eabi/lib/thumb/v7e-m/nofp\libc.a(lib_a-lock.o)
                0x0002e8e8                __retarget_lock_try_acquire
 .text.__retarget_lock_try_acquire_recursive
                0x0002e8ec        0x4 c:/ti/ccs1220/ccs/tools/compiler/gcc-arm-none-eabi-9-2019-q4-major/bin/../lib/gcc/arm-none-eabi/9.2.1/../../../../arm-none-eabi/lib/thumb/v7e-m/nofp\libc.a(lib_a-lock.o)
                0x0002e8ec                __retarget_lock_try_acquire_recursive
 .text.__retarget_lock_release
                0x0002e8f0        0x4 c:/ti/ccs1220/ccs/tools/compiler/gcc-arm-none-eabi-9-2019-q4-major/bin/../lib/gcc/arm-none-eabi/9.2.1/../../../../arm-none-eabi/lib/thumb/v7e-m/nofp\libc.a(lib_a-lock.o)
                0x0002e8f0                __retarget_lock_release
 .text.__retarget_lock_release_recursive
                0x0002e8f4        0x4 c:/ti/ccs1220/ccs/tools/compiler/gcc-arm-none-eabi-9-2019-q4-major/bin/../lib/gcc/arm-none-eabi/9.2.1/../../../../arm-none-eabi/lib/thumb/v7e-m/nofp\libc.a(lib_a-lock.o)
                0x0002e8f4                __retarget_lock_release_recursive
 .text.__swhatbuf_r
                0x0002e8f8       0x5c c:/ti/ccs1220/ccs/tools/compiler/gcc-arm-none-eabi-9-2019-q4-major/bin/../lib/gcc/arm-none-eabi/9.2.1/../../../../arm-none-eabi/lib/thumb/v7e-m/nofp\libc.a(lib_a-makebuf.o)
                0x0002e8f8                __swhatbuf_r
 .text.__smakebuf_r
                0x0002e954       0x98 c:/ti/ccs1220/ccs/tools/compiler/gcc-arm-none-eabi-9-2019-q4-major/bin/../lib/gcc/arm-none-eabi/9.2.1/../../../../arm-none-eabi/lib/thumb/v7e-m/nofp\libc.a(lib_a-makebuf.o)
                0x0002e954                __smakebuf_r
 .text._malloc_r
                0x0002e9ec      0x574 c:/ti/ccs1220/ccs/tools/compiler/gcc-arm-none-eabi-9-2019-q4-major/bin/../lib/gcc/arm-none-eabi/9.2.1/../../../../arm-none-eabi/lib/thumb/v7e-m/nofp\libc.a(lib_a-mallocr.o)
                0x0002e9ec                _malloc_r
 .text.memmove  0x0002ef60       0xd8 c:/ti/ccs1220/ccs/tools/compiler/gcc-arm-none-eabi-9-2019-q4-major/bin/../lib/gcc/arm-none-eabi/9.2.1/../../../../arm-none-eabi/lib/thumb/v7e-m/nofp\libc.a(lib_a-memmove.o)
                0x0002ef60                memmove
 .text.__malloc_lock
                0x0002f038        0xc c:/ti/ccs1220/ccs/tools/compiler/gcc-arm-none-eabi-9-2019-q4-major/bin/../lib/gcc/arm-none-eabi/9.2.1/../../../../arm-none-eabi/lib/thumb/v7e-m/nofp\libc.a(lib_a-mlock.o)
                0x0002f038                __malloc_lock
 .text.__malloc_unlock
                0x0002f044        0xc c:/ti/ccs1220/ccs/tools/compiler/gcc-arm-none-eabi-9-2019-q4-major/bin/../lib/gcc/arm-none-eabi/9.2.1/../../../../arm-none-eabi/lib/thumb/v7e-m/nofp\libc.a(lib_a-mlock.o)
                0x0002f044                __malloc_unlock
 .text._Balloc  0x0002f050       0x4c c:/ti/ccs1220/ccs/tools/compiler/gcc-arm-none-eabi-9-2019-q4-major/bin/../lib/gcc/arm-none-eabi/9.2.1/../../../../arm-none-eabi/lib/thumb/v7e-m/nofp\libc.a(lib_a-mprec.o)
                0x0002f050                _Balloc
 .text._Bfree   0x0002f09c       0x14 c:/ti/ccs1220/ccs/tools/compiler/gcc-arm-none-eabi-9-2019-q4-major/bin/../lib/gcc/arm-none-eabi/9.2.1/../../../../arm-none-eabi/lib/thumb/v7e-m/nofp\libc.a(lib_a-mprec.o)
                0x0002f09c                _Bfree
 .text.__multadd
                0x0002f0b0       0x80 c:/ti/ccs1220/ccs/tools/compiler/gcc-arm-none-eabi-9-2019-q4-major/bin/../lib/gcc/arm-none-eabi/9.2.1/../../../../arm-none-eabi/lib/thumb/v7e-m/nofp\libc.a(lib_a-mprec.o)
                0x0002f0b0                __multadd
 .text.__s2b    0x0002f130       0xa0 c:/ti/ccs1220/ccs/tools/compiler/gcc-arm-none-eabi-9-2019-q4-major/bin/../lib/gcc/arm-none-eabi/9.2.1/../../../../arm-none-eabi/lib/thumb/v7e-m/nofp\libc.a(lib_a-mprec.o)
                0x0002f130                __s2b
 .text.__hi0bits
                0x0002f1d0       0x40 c:/ti/ccs1220/ccs/tools/compiler/gcc-arm-none-eabi-9-2019-q4-major/bin/../lib/gcc/arm-none-eabi/9.2.1/../../../../arm-none-eabi/lib/thumb/v7e-m/nofp\libc.a(lib_a-mprec.o)
                0x0002f1d0                __hi0bits
 .text.__lo0bits
                0x0002f210       0x60 c:/ti/ccs1220/ccs/tools/compiler/gcc-arm-none-eabi-9-2019-q4-major/bin/../lib/gcc/arm-none-eabi/9.2.1/../../../../arm-none-eabi/lib/thumb/v7e-m/nofp\libc.a(lib_a-mprec.o)
                0x0002f210                __lo0bits
 .text.__i2b    0x0002f270       0x14 c:/ti/ccs1220/ccs/tools/compiler/gcc-arm-none-eabi-9-2019-q4-major/bin/../lib/gcc/arm-none-eabi/9.2.1/../../../../arm-none-eabi/lib/thumb/v7e-m/nofp\libc.a(lib_a-mprec.o)
                0x0002f270                __i2b
 .text.__multiply
                0x0002f284      0x144 c:/ti/ccs1220/ccs/tools/compiler/gcc-arm-none-eabi-9-2019-q4-major/bin/../lib/gcc/arm-none-eabi/9.2.1/../../../../arm-none-eabi/lib/thumb/v7e-m/nofp\libc.a(lib_a-mprec.o)
                0x0002f284                __multiply
 .text.__pow5mult
                0x0002f3c8       0xa0 c:/ti/ccs1220/ccs/tools/compiler/gcc-arm-none-eabi-9-2019-q4-major/bin/../lib/gcc/arm-none-eabi/9.2.1/../../../../arm-none-eabi/lib/thumb/v7e-m/nofp\libc.a(lib_a-mprec.o)
                0x0002f3c8                __pow5mult
 .text.__lshift
                0x0002f468       0xd4 c:/ti/ccs1220/ccs/tools/compiler/gcc-arm-none-eabi-9-2019-q4-major/bin/../lib/gcc/arm-none-eabi/9.2.1/../../../../arm-none-eabi/lib/thumb/v7e-m/nofp\libc.a(lib_a-mprec.o)
                0x0002f468                __lshift
 .text.__mcmp   0x0002f53c       0x3c c:/ti/ccs1220/ccs/tools/compiler/gcc-arm-none-eabi-9-2019-q4-major/bin/../lib/gcc/arm-none-eabi/9.2.1/../../../../arm-none-eabi/lib/thumb/v7e-m/nofp\libc.a(lib_a-mprec.o)
                0x0002f53c                __mcmp
 .text.__mdiff  0x0002f578      0x138 c:/ti/ccs1220/ccs/tools/compiler/gcc-arm-none-eabi-9-2019-q4-major/bin/../lib/gcc/arm-none-eabi/9.2.1/../../../../arm-none-eabi/lib/thumb/v7e-m/nofp\libc.a(lib_a-mprec.o)
                0x0002f578                __mdiff
 .text.__ulp    0x0002f6b0       0x44 c:/ti/ccs1220/ccs/tools/compiler/gcc-arm-none-eabi-9-2019-q4-major/bin/../lib/gcc/arm-none-eabi/9.2.1/../../../../arm-none-eabi/lib/thumb/v7e-m/nofp\libc.a(lib_a-mprec.o)
                0x0002f6b0                __ulp
 .text.__b2d    0x0002f6f4       0xcc c:/ti/ccs1220/ccs/tools/compiler/gcc-arm-none-eabi-9-2019-q4-major/bin/../lib/gcc/arm-none-eabi/9.2.1/../../../../arm-none-eabi/lib/thumb/v7e-m/nofp\libc.a(lib_a-mprec.o)
                0x0002f6f4                __b2d
 .text.__d2b    0x0002f7c0       0xa8 c:/ti/ccs1220/ccs/tools/compiler/gcc-arm-none-eabi-9-2019-q4-major/bin/../lib/gcc/arm-none-eabi/9.2.1/../../../../arm-none-eabi/lib/thumb/v7e-m/nofp\libc.a(lib_a-mprec.o)
                0x0002f7c0                __d2b
 .text.__ratio  0x0002f868       0x60 c:/ti/ccs1220/ccs/tools/compiler/gcc-arm-none-eabi-9-2019-q4-major/bin/../lib/gcc/arm-none-eabi/9.2.1/../../../../arm-none-eabi/lib/thumb/v7e-m/nofp\libc.a(lib_a-mprec.o)
                0x0002f868                __ratio
 .text._mprec_log10
                0x0002f8c8       0x38 c:/ti/ccs1220/ccs/tools/compiler/gcc-arm-none-eabi-9-2019-q4-major/bin/../lib/gcc/arm-none-eabi/9.2.1/../../../../arm-none-eabi/lib/thumb/v7e-m/nofp\libc.a(lib_a-mprec.o)
                0x0002f8c8                _mprec_log10
 .text.__copybits
                0x0002f900       0x48 c:/ti/ccs1220/ccs/tools/compiler/gcc-arm-none-eabi-9-2019-q4-major/bin/../lib/gcc/arm-none-eabi/9.2.1/../../../../arm-none-eabi/lib/thumb/v7e-m/nofp\libc.a(lib_a-mprec.o)
                0x0002f900                __copybits
 .text.__any_on
                0x0002f948       0x60 c:/ti/ccs1220/ccs/tools/compiler/gcc-arm-none-eabi-9-2019-q4-major/bin/../lib/gcc/arm-none-eabi/9.2.1/../../../../arm-none-eabi/lib/thumb/v7e-m/nofp\libc.a(lib_a-mprec.o)
                0x0002f948                __any_on
 .text._realloc_r
                0x0002f9a8      0x3e0 c:/ti/ccs1220/ccs/tools/compiler/gcc-arm-none-eabi-9-2019-q4-major/bin/../lib/gcc/arm-none-eabi/9.2.1/../../../../arm-none-eabi/lib/thumb/v7e-m/nofp\libc.a(lib_a-reallocr.o)
                0x0002f9a8                _realloc_r
 .text.frexp    0x0002fd88       0x70 c:/ti/ccs1220/ccs/tools/compiler/gcc-arm-none-eabi-9-2019-q4-major/bin/../lib/gcc/arm-none-eabi/9.2.1/../../../../arm-none-eabi/lib/thumb/v7e-m/nofp\libc.a(lib_a-s_frexp.o)
                0x0002fd88                frexp
 .text._sbrk_r  0x0002fdf8       0x24 c:/ti/ccs1220/ccs/tools/compiler/gcc-arm-none-eabi-9-2019-q4-major/bin/../lib/gcc/arm-none-eabi/9.2.1/../../../../arm-none-eabi/lib/thumb/v7e-m/nofp\libc.a(lib_a-sbrkr.o)
                0x0002fdf8                _sbrk_r
 .text.__sread  0x0002fe1c       0x24 c:/ti/ccs1220/ccs/tools/compiler/gcc-arm-none-eabi-9-2019-q4-major/bin/../lib/gcc/arm-none-eabi/9.2.1/../../../../arm-none-eabi/lib/thumb/v7e-m/nofp\libc.a(lib_a-stdio.o)
                0x0002fe1c                __sread
 .text.__seofread
                0x0002fe40        0x4 c:/ti/ccs1220/ccs/tools/compiler/gcc-arm-none-eabi-9-2019-q4-major/bin/../lib/gcc/arm-none-eabi/9.2.1/../../../../arm-none-eabi/lib/thumb/v7e-m/nofp\libc.a(lib_a-stdio.o)
                0x0002fe40                __seofread
 .text.__swrite
                0x0002fe44       0x40 c:/ti/ccs1220/ccs/tools/compiler/gcc-arm-none-eabi-9-2019-q4-major/bin/../lib/gcc/arm-none-eabi/9.2.1/../../../../arm-none-eabi/lib/thumb/v7e-m/nofp\libc.a(lib_a-stdio.o)
                0x0002fe44                __swrite
 .text.__sseek  0x0002fe84       0x20 c:/ti/ccs1220/ccs/tools/compiler/gcc-arm-none-eabi-9-2019-q4-major/bin/../lib/gcc/arm-none-eabi/9.2.1/../../../../arm-none-eabi/lib/thumb/v7e-m/nofp\libc.a(lib_a-stdio.o)
                0x0002fe84                __sseek
 .text.__sclose
                0x0002fea4        0x8 c:/ti/ccs1220/ccs/tools/compiler/gcc-arm-none-eabi-9-2019-q4-major/bin/../lib/gcc/arm-none-eabi/9.2.1/../../../../arm-none-eabi/lib/thumb/v7e-m/nofp\libc.a(lib_a-stdio.o)
                0x0002fea4                __sclose
 .text.strncpy  0x0002feac       0x68 c:/ti/ccs1220/ccs/tools/compiler/gcc-arm-none-eabi-9-2019-q4-major/bin/../lib/gcc/arm-none-eabi/9.2.1/../../../../arm-none-eabi/lib/thumb/v7e-m/nofp\libc.a(lib_a-strncpy.o)
                0x0002feac                strncpy
 .text.__sprint_r.part.0
                0x0002ff14       0x78 c:/ti/ccs1220/ccs/tools/compiler/gcc-arm-none-eabi-9-2019-q4-major/bin/../lib/gcc/arm-none-eabi/9.2.1/../../../../arm-none-eabi/lib/thumb/v7e-m/nofp\libc.a(lib_a-vfiprintf.o)
 .text.__sprint_r
                0x0002ff8c       0x14 c:/ti/ccs1220/ccs/tools/compiler/gcc-arm-none-eabi-9-2019-q4-major/bin/../lib/gcc/arm-none-eabi/9.2.1/../../../../arm-none-eabi/lib/thumb/v7e-m/nofp\libc.a(lib_a-vfiprintf.o)
                0x0002ff8c                __sprint_r
 .text._vfiprintf_r