Archive member included to satisfy reference by file (symbol)

c:/ti/ccs1220/ccs/tools/compiler/gcc-arm-none-eabi-9-2019-q4-major/bin/../lib/gcc/arm-none-eabi/9.2.1/../../../../arm-none-eabi/lib/thumb/v7e-m/nofp\libc.a(lib_a-exit.o)
                              c:/ti/ccs1220/ccs/tools/compiler/gcc-arm-none-eabi-9-2019-q4-major/bin/../lib/gcc/arm-none-eabi/9.2.1/../../../../arm-none-eabi/lib/thumb/v7e-m/nofp/crt0.o (exit)
c:/ti/ccs1220/ccs/tools/compiler/gcc-arm-none-eabi-9-2019-q4-major/bin/../lib/gcc/arm-none-eabi/9.2.1/../../../../arm-none-eabi/lib/thumb/v7e-m/nofp\libc.a(lib_a-impure.o)
                              c:/ti/ccs1220/ccs/tools/compiler/gcc-arm-none-eabi-9-2019-q4-major/bin/../lib/gcc/arm-none-eabi/9.2.1/../../../../arm-none-eabi/lib/thumb/v7e-m/nofp\libc.a(lib_a-exit.o) (_global_impure_ptr)
c:/ti/ccs1220/ccs/tools/compiler/gcc-arm-none-eabi-9-2019-q4-major/bin/../lib/gcc/arm-none-eabi/9.2.1/../../../../arm-none-eabi/lib/thumb/v7e-m/nofp\libc.a(lib_a-init.o)
                              c:/ti/ccs1220/ccs/tools/compiler/gcc-arm-none-eabi-9-2019-q4-major/bin/../lib/gcc/arm-none-eabi/9.2.1/../../../../arm-none-eabi/lib/thumb/v7e-m/nofp/crt0.o (__libc_init_array)
c:/ti/ccs1220/ccs/tools/compiler/gcc-arm-none-eabi-9-2019-q4-major/bin/../lib/gcc/arm-none-eabi/9.2.1/../../../../arm-none-eabi/lib/thumb/v7e-m/nofp\libc.a(lib_a-memcpy.o)
                              ./Source/FreeRtos/queue.o (memcpy)
c:/ti/ccs1220/ccs/tools/compiler/gcc-arm-none-eabi-9-2019-q4-major/bin/../lib/gcc/arm-none-eabi/9.2.1/../../../../arm-none-eabi/lib/thumb/v7e-m/nofp\libc.a(lib_a-memset.o)
                              c:/ti/ccs1220/ccs/tools/compiler/gcc-arm-none-eabi-9-2019-q4-major/bin/../lib/gcc/arm-none-eabi/9.2.1/../../../../arm-none-eabi/lib/thumb/v7e-m/nofp/crt0.o (memset)
c:/ti/ccs1220/ccs/tools/compiler/gcc-arm-none-eabi-9-2019-q4-major/bin/../lib/gcc/arm-none-eabi/9.2.1/../../../../arm-none-eabi/lib/thumb/v7e-m/nofp\libc.a(lib_a-printf.o)
                              ./Source/FreeRtos/tasks.o (printf)
c:/ti/ccs1220/ccs/tools/compiler/gcc-arm-none-eabi-9-2019-q4-major/bin/../lib/gcc/arm-none-eabi/9.2.1/../../../../arm-none-eabi/lib/thumb/v7e-m/nofp\libc.a(lib_a-puts.o)
                              ./Source/FreeRtos/tasks.o (puts)
c:/ti/ccs1220/ccs/tools/compiler/gcc-arm-none-eabi-9-2019-q4-major/bin/../lib/gcc/arm-none-eabi/9.2.1/../../../../arm-none-eabi/lib/thumb/v7e-m/nofp\libc.a(lib_a-sprintf.o)
                              ./Source/Driver/UART/UART.o (sprintf)
c:/ti/ccs1220/ccs/tools/compiler/gcc-arm-none-eabi-9-2019-q4-major/bin/../lib/gcc/arm-none-eabi/9.2.1/../../../../arm-none-eabi/lib/thumb/v7e-m/nofp\libc.a(lib_a-strlen.o)
                              c:/ti/ccs1220/ccs/tools/compiler/gcc-arm-none-eabi-9-2019-q4-major/bin/../lib/gcc/arm-none-eabi/9.2.1/../../../../arm-none-eabi/lib/thumb/v7e-m/nofp\libc.a(lib_a-puts.o) (strlen)
c:/ti/ccs1220/ccs/tools/compiler/gcc-arm-none-eabi-9-2019-q4-major/bin/../lib/gcc/arm-none-eabi/9.2.1/../../../../arm-none-eabi/lib/thumb/v7e-m/nofp\libc.a(lib_a-svfprintf.o)
                              c:/ti/ccs1220/ccs/tools/compiler/gcc-arm-none-eabi-9-2019-q4-major/bin/../lib/gcc/arm-none-eabi/9.2.1/../../../../arm-none-eabi/lib/thumb/v7e-m/nofp\libc.a(lib_a-sprintf.o) (_svfprintf_r)
c:/ti/ccs1220/ccs/tools/compiler/gcc-arm-none-eabi-9-2019-q4-major/bin/../lib/gcc/arm-none-eabi/9.2.1/../../../../arm-none-eabi/lib/thumb/v7e-m/nofp\libc.a(lib_a-vfprintf.o)
                              c:/ti/ccs1220/ccs/tools/compiler/gcc-arm-none-eabi-9-2019-q4-major/bin/../lib/gcc/arm-none-eabi/9.2.1/../../../../arm-none-eabi/lib/thumb/v7e-m/nofp\libc.a(lib_a-printf.o) (_vfprintf_r)
c:/ti/ccs1220/ccs/tools/compiler/gcc-arm-none-eabi-9-2019-q4-major/bin/../lib/gcc/arm-none-eabi/9.2.1/../../../../arm-none-eabi/lib/thumb/v7e-m/nofp\libc.a(lib_a-wsetup.o)
                              c:/ti/ccs1220/ccs/tools/compiler/gcc-arm-none-eabi-9-2019-q4-major/bin/../lib/gcc/arm-none-eabi/9.2.1/../../../../arm-none-eabi/lib/thumb/v7e-m/nofp\libc.a(lib_a-vfprintf.o) (__swsetup_r)
c:/ti/ccs1220/ccs/tools/compiler/gcc-arm-none-eabi-9-2019-q4-major/bin/../lib/gcc/arm-none-eabi/9.2.1/../../../../arm-none-eabi/lib/thumb/v7e-m/nofp\libc.a(lib_a-__call_atexit.o)
                              c:/ti/ccs1220/ccs/tools/compiler/gcc-arm-none-eabi-9-2019-q4-major/bin/../lib/gcc/arm-none-eabi/9.2.1/../../../../arm-none-eabi/lib/thumb/v7e-m/nofp\libc.a(lib_a-exit.o) (__call_exitprocs)
c:/ti/ccs1220/ccs/tools/compiler/gcc-arm-none-eabi-9-2019-q4-major/bin/../lib/gcc/arm-none-eabi/9.2.1/../../../../arm-none-eabi/lib/thumb/v7e-m/nofp\libc.a(lib_a-atexit.o)
                              c:/ti/ccs1220/ccs/tools/compiler/gcc-arm-none-eabi-9-2019-q4-major/bin/../lib/gcc/arm-none-eabi/9.2.1/../../../../arm-none-eabi/lib/thumb/v7e-m/nofp\libc.a(lib_a-__call_atexit.o) (atexit)
[...]
Memory Configuration

Name             Origin             Length             Attributes
ROM              0x00020000         0x00020000         xr
RAM              0x20002000         0x00006000         xrw
*default*        0x00000000         0xffffffff

Linker script and memory map

LOAD c:/ti/ccs1220/ccs/tools/compiler/gcc-arm-none-eabi-9-2019-q4-major/bin/../lib/gcc/arm-none-eabi/9.2.1/thumb/v7e-m/nofp/crti.o
LOAD c:/ti/ccs1220/ccs/tools/compiler/gcc-arm-none-eabi-9-2019-q4-major/bin/../lib/gcc/arm-none-eabi/9.2.1/thumb/v7e-m/nofp/crtbegin.o
LOAD c:/ti/ccs1220/ccs/tools/compiler/gcc-arm-none-eabi-9-2019-q4-major/bin/../lib/gcc/arm-none-eabi/9.2.1/../../../../arm-none-eabi/lib/thumb/v7e-m/nofp/crt0.o
LOAD ./Source/App/Main/main.o
LOAD ./Source/BSP/bsp.o
LOAD ./Source/BSP/startup_tm4c_gnu.o
LOAD ./Source/Driver/ADC/ADC_Driver.o
LOAD ./Source/Driver/CAN/CAN_Driver.o
LOAD ./Source/Driver/GPIO/GPIOdriver.o
LOAD ./Source/Driver/I2C/I2C.o
LOAD ./Source/Driver/LCD/LCD.o
LOAD ./Source/Driver/SPI/SPI.o
LOAD ./Source/Driver/Timer/Timer.o
LOAD ./Source/Driver/Timer/timercnter.o
LOAD ./Source/Driver/UART/UART.o
LOAD ./Source/FreeRtos/croutine.o
LOAD ./Source/FreeRtos/event_groups.o
LOAD ./Source/FreeRtos/list.o
LOAD ./Source/FreeRtos/queue.o
LOAD ./Source/FreeRtos/stream_buffer.o
LOAD ./Source/FreeRtos/tasks.o
LOAD ./Source/FreeRtos/timers.o
LOAD ./Source/FreeRtos/portable/Common/mpu_wrappers.o
LOAD ./Source/FreeRtos/portable/GCC/ARM_CM4F/port.o
LOAD ./Source/FreeRtos/portable/MemMang/heap_2.o
LOAD ./Source/Middleware/MCP3208/MCP3208.o
LOAD ./Source/Middleware/OLED_SSD1306/SSD1306.o
LOAD ./Source/Middleware/RTC_DS3231/DS3231.o
                0x00001000                STACK_SIZE = 0x1000
                0x00000400                HEAP_SIZE = 0x400

.isr_vector     0x00020000      0x26c
 *(.isr_vector)
 .isr_vector    0x00020000      0x26c ./Source/BSP/startup_tm4c_gnu.o
                0x00020000                g_pfnVectors
                0x0002026c                . = ALIGN (0x4)

.eh_frame       0x0002026c        0x4
 .eh_frame      0x0002026c        0x0 c:/ti/ccs1220/ccs/tools/compiler/gcc-arm-none-eabi-9-2019-q4-major/bin/../lib/gcc/arm-none-eabi/9.2.1/thumb/v7e-m/nofp/crtbegin.o
 .eh_frame      0x0002026c        0x4 c:/ti/ccs1220/ccs/tools/compiler/gcc-arm-none-eabi-9-2019-q4-major/bin/../lib/gcc/arm-none-eabi/9.2.1/thumb/v7e-m/nofp/crtend.o

.ARM.extab      0x00020270        0x0
 .ARM.extab     0x00020270        0x0 c:/ti/ccs1220/ccs/tools/compiler/gcc-arm-none-eabi-9-2019-q4-major/bin/../lib/gcc/arm-none-eabi/9.2.1/../../../../arm-none-eabi/lib/thumb/v7e-m/nofp/crt0.o

.ARM.exidx      0x00020270        0x8
 .ARM.exidx     0x00020270        0x8 c:/ti/ccs1220/ccs/tools/compiler/gcc-arm-none-eabi-9-2019-q4-major/bin/../lib/gcc/arm-none-eabi/9.2.1/../../../../arm-none-eabi/lib/thumb/v7e-m/nofp/crt0.o

.text           0x00020280    0x14660
                0x00020280                . = ALIGN (0x4)
 *(.text)
 .text          0x00020280        0x0 c:/ti/ccs1220/ccs/tools/compiler/gcc-arm-none-eabi-9-2019-q4-major/bin/../lib/gcc/arm-none-eabi/9.2.1/thumb/v7e-m/nofp/crti.o
 .text          0x00020280       0x40 c:/ti/ccs1220/ccs/tools/compiler/gcc-arm-none-eabi-9-2019-q4-major/bin/../lib/gcc/arm-none-eabi/9.2.1/thumb/v7e-m/nofp/crtbegin.o
 .text          0x000202c0       0x74 c:/ti/ccs1220/ccs/tools/compiler/gcc-arm-none-eabi-9-2019-q4-major/bin/../lib/gcc/arm-none-eabi/9.2.1/../../../../arm-none-eabi/lib/thumb/v7e-m/nofp/crt0.o
                0x000202c0                _start
                0x000202c0                _mainCRTStartup
 .text          0x00020334        0x0 ./Source/App/Main/main.o
 .text          0x00020334        0x0 ./Source/BSP/bsp.o
 .text          0x00020334        0x0 ./Source/BSP/startup_tm4c_gnu.o
 .text          0x00020334        0x0 ./Source/Driver/ADC/ADC_Driver.o
 .text          0x00020334        0x0 ./Source/Driver/CAN/CAN_Driver.o
 .text          0x00020334        0x0 ./Source/Driver/GPIO/GPIOdriver.o
 .text          0x00020334        0x0 ./Source/Driver/I2C/I2C.o
 .text          0x00020334        0x0 ./Source/Driver/LCD/LCD.o
 .text          0x00020334        0x0 ./Source/Driver/SPI/SPI.o
 .text          0x00020334        0x0 ./Source/Driver/Timer/Timer.o
 .text          0x00020334        0x0 ./Source/Driver/Timer/timercnter.o
 .text          0x00020334        0x0 ./Source/Driver/UART/UART.o
 .text          0x00020334        0x0 ./Source/FreeRtos/croutine.o
 .text          0x00020334        0x0 ./Source/FreeRtos/event_groups.o
 .text          0x00020334        0x0 ./Source/FreeRtos/list.o
 .text          0x00020334        0x0 ./Source/FreeRtos/queue.o
 .text          0x00020334        0x0 ./Source/FreeRtos/stream_buffer.o
 .text          0x00020334        0x0 ./Source/FreeRtos/tasks.o
 .text          0x00020334        0x0 ./Source/FreeRtos/timers.o
 .text          0x00020334        0x0 ./Source/FreeRtos/portable/Common/mpu_wrappers.o
 .text          0x00020334        0x0 ./Source/FreeRtos/portable/GCC/ARM_CM4F/port.o
 .text          0x00020334        0x0 ./Source/FreeRtos/portable/MemMang/heap_2.o
 .text          0x00020334        0x0 ./Source/Middleware/MCP3208/MCP3208.o
 .text          0x00020334        0x0 ./Source/Middleware/OLED_SSD1306/SSD1306.o
 .text          0x00020334        0x0 ./Source/Middleware/RTC_DS3231/DS3231.o
 .text          0x00020334        0x0 c:/ti/ccs1220/ccs/tools/compiler/gcc-arm-none-eabi-9-2019-q4-major/bin/../lib/gcc/arm-none-eabi/9.2.1/../../../../arm-none-eabi/lib/thumb/v7e-m/nofp\libc.a(lib_a-exit.o)
 .text          0x00020334        0x0 c:/ti/ccs1220/ccs/tools/compiler/gcc-arm-none-eabi-9-2019-q4-major/bin/../lib/gcc/arm-none-eabi/9.2.1/../../../../arm-none-eabi/lib/thumb/v7e-m/nofp\libc.a(lib_a-impure.o)
 .text          0x00020334        0x0 c:/ti/ccs1220/ccs/tools/compiler/gcc-arm-none-eabi-9-2019-q4-major/bin/../lib/gcc/arm-none-eabi/9.2.1/../../../../arm-none-eabi/lib/thumb/v7e-m/nofp\libc.a(lib_a-init.o)
 .text          0x00020334      0x134 c:/ti/ccs1220/ccs/tools/compiler/gcc-arm-none-eabi-9-2019-q4-major/bin/../lib/gcc/arm-none-eabi/9.2.1/../../../../arm-none-eabi/lib/thumb/v7e-m/nofp\libc.a(lib_a-memcpy.o)
                0x00020334                memcpy
 .text          0x00020468        0x0 c:/ti/ccs1220/ccs/tools/compiler/gcc-arm-none-eabi-9-2019-q4-major/bin/../lib/gcc/arm-none-eabi/9.2.1/../../../../arm-none-eabi/lib/thumb/v7e-m/nofp\libc.a(lib_a-memset.o)
 .text          0x00020468        0x0 c:/ti/ccs1220/ccs/tools/compiler/gcc-arm-none-eabi-9-2019-q4-major/bin/../lib/gcc/arm-none-eabi/9.2.1/../../../../arm-none-eabi/lib/thumb/v7e-m/nofp\libc.a(lib_a-printf.o)
 .text          0x00020468        0x0 c:/ti/ccs1220/ccs/tools/compiler/gcc-arm-none-eabi-9-2019-q4-major/bin/../lib/gcc/arm-none-eabi/9.2.1/../../../../arm-none-eabi/lib/thumb/v7e-m/nofp\libc.a(lib_a-puts.o)
 .text          0x00020468        0x0 c:/ti/ccs1220/ccs/tools/compiler/gcc-arm-none-eabi-9-2019-q4-major/bin/../lib/gcc/arm-none-eabi/9.2.1/../../../../arm-none-eabi/lib/thumb/v7e-m/nofp\libc.a(lib_a-sprintf.o)
 *fill*         0x00020468       0x18 
 .text          0x00020480       0xdc c:/ti/ccs1220/ccs/tools/compiler/gcc-arm-none-eabi-9-2019-q4-major/bin/../lib/gcc/arm-none-eabi/9.2.1/../../../../arm-none-eabi/lib/thumb/v7e-m/nofp\libc.a(lib_a-strlen.o)
                0x00020480                strlen
 .text          0x0002055c        0x0 c:/ti/ccs1220/ccs/tools/compiler/gcc-arm-none-eabi-9-2019-q4-major/bin/../lib/gcc/arm-none-eabi/9.2.1/../../../../arm-none-eabi/lib/thumb/v7e-m/nofp\libc.a(lib_a-svfprintf.o)
 .text          0x0002055c        0x0 c:/ti/ccs1220/ccs/tools/compiler/gcc-arm-none-eabi-9-2019-q4-major/bin/../lib/gcc/arm-none-eabi/9.2.1/../../../../arm-none-eabi/lib/thumb/v7e-m/nofp\libc.a(lib_a-vfprintf.o)
 .text          0x0002055c        0x0 c:/ti/ccs1220/ccs/tools/compiler/gcc-arm-none-eabi-9-2019-q4-major/bin/../lib/gcc/arm-none-eabi/9.2.1/../../../../arm-none-eabi/lib/thumb/v7e-m/nofp\libc.a(lib_a-wsetup.o)
 .text          0x0002055c        0x0 c:/ti/ccs1220/ccs/tools/compiler/gcc-arm-none-eabi-9-2019-q4-major/bin/../lib/gcc/arm-none-eabi/9.2.1/../../../../arm-none-eabi/lib/thumb/v7e-m/nofp\libc.a(lib_a-__call_atexit.o)
 .text          0x0002055c        0x0 c:/ti/ccs1220/ccs/tools/compiler/gcc-arm-none-eabi-9-2019-q4-major/bin/../lib/gcc/arm-none-eabi/9.2.1/../../../../arm-none-eabi/lib/thumb/v7e-m/nofp\libc.a(lib_a-atexit.o)
 .text          0x0002055c        0x0 c:/ti/ccs1220/ccs/tools/compiler/gcc-arm-none-eabi-9-2019-q4-major/bin/../lib/gcc/arm-none-eabi/9.2.1/../../../../arm-none-eabi/lib/thumb/v7e-m/nofp\libc.a(lib_a-dtoa.o)
 .text          0x0002055c        0x0 c:/ti/ccs1220/ccs/tools/compiler/gcc-arm-none-eabi-9-2019-q4-major/bin/../lib/gcc/arm-none-eabi/9.2.1/../../../../arm-none-eabi/lib/thumb/v7e-m/nofp\libc.a(lib_a-fflush.o)
 .text          0x0002055c        0x0 c:/ti/ccs1220/ccs/tools/compiler/gcc-arm-none-eabi-9-2019-q4-major/bin/../lib/gcc/arm-none-eabi/9.2.1/../../../../arm-none-eabi/lib/thumb/v7e-m/nofp\libc.a(lib_a-findfp.o)
 .text          0x0002055c        0x0 c:/ti/ccs1220/ccs/tools/compiler/gcc-arm-none-eabi-9-2019-q4-major/bin/../lib/gcc/arm-none-eabi/9.2.1/../../../../arm-none-eabi/lib/thumb/v7e-m/nofp\libc.a(lib_a-fini.o)
 .text          0x0002055c        0x0 c:/ti/ccs1220/ccs/tools/compiler/gcc-arm-none-eabi-9-2019-q4-major/bin/../lib/gcc/arm-none-eabi/9.2.1/../../../../arm-none-eabi/lib/thumb/v7e-m/nofp\libc.a(lib_a-freer.o)
 .text          0x0002055c        0x0 c:/ti/ccs1220/ccs/tools/compiler/gcc-arm-none-eabi-9-2019-q4-major/bin/../lib/gcc/arm-none-eabi/9.2.1/../../../../arm-none-eabi/lib/thumb/v7e-m/nofp\libc.a(lib_a-fvwrite.o)
 .text          0x0002055c        0x0 c:/ti/ccs1220/ccs/tools/compiler/gcc-arm-none-eabi-9-2019-q4-major/bin/../lib/gcc/arm-none-eabi/9.2.1/../../../../arm-none-eabi/lib/thumb/v7e-m/nofp\libc.a(lib_a-fwalk.o)
 .text          0x0002055c        0x0 c:/ti/ccs1220/ccs/tools/compiler/gcc-arm-none-eabi-9-2019-q4-major/bin/../lib/gcc/arm-none-eabi/9.2.1/../../../../arm-none-eabi/lib/thumb/v7e-m/nofp\libc.a(lib_a-localeconv.o)
 .text          0x0002055c        0x0 c:/ti/ccs1220/ccs/tools/compiler/gcc-arm-none-eabi-9-2019-q4-major/bin/../lib/gcc/arm-none-eabi/9.2.1/../../../../arm-none-eabi/lib/thumb/v7e-m/nofp\libc.a(lib_a-lock.o)
 .text          0x0002055c        0x0 c:/ti/ccs1220/ccs/tools/compiler/gcc-arm-none-eabi-9-2019-q4-major/bin/../lib/gcc/arm-none-eabi/9.2.1/../../../../arm-none-eabi/lib/thumb/v7e-m/nofp\libc.a(lib_a-makebuf.o)
 .text          0x0002055c        0x0 c:/ti/ccs1220/ccs/tools/compiler/gcc-arm-none-eabi-9-2019-q4-major/bin/../lib/gcc/arm-none-eabi/9.2.1/../../../../arm-none-eabi/lib/thumb/v7e-m/nofp\libc.a(lib_a-mallocr.o)
 *fill*         0x0002055c        0x4 
 .text          0x00020560       0xa0 c:/ti/ccs1220/ccs/tools/compiler/gcc-arm-none-eabi-9-2019-q4-major/bin/../lib/gcc/arm-none-eabi/9.2.1/../../../../arm-none-eabi/lib/thumb/v7e-m/nofp\libc.a(lib_a-memchr.o)
                0x00020560                memchr
 .text          0x00020600        0x0 c:/ti/ccs1220/ccs/tools/compiler/gcc-arm-none-eabi-9-2019-q4-major/bin/../lib/gcc/arm-none-eabi/9.2.1/../../../../arm-none-eabi/lib/thumb/v7e-m/nofp\libc.a(lib_a-memmove.o)
 .text          0x00020600        0x0 c:/ti/ccs1220/ccs/tools/compiler/gcc-arm-none-eabi-9-2019-q4-major/bin/../lib/gcc/arm-none-eabi/9.2.1/../../../../arm-none-eabi/lib/thumb/v7e-m/nofp\libc.a(lib_a-mlock.o)
 .text          0x00020600        0x0 c:/ti/ccs1220/ccs/tools/compiler/gcc-arm-none-eabi-9-2019-q4-major/bin/../lib/gcc/arm-none-eabi/9.2.1/../../../../arm-none-eabi/lib/thumb/v7e-m/nofp\libc.a(lib_a-mprec.o)
 .text          0x00020600        0x0 c:/ti/ccs1220/ccs/tools/compiler/gcc-arm-none-eabi-9-2019-q4-major/bin/../lib/gcc/arm-none-eabi/9.2.1/../../../../arm-none-eabi/lib/thumb/v7e-m/nofp\libc.a(lib_a-reallocr.o)
 .text          0x00020600        0x0 c:/ti/ccs1220/ccs/tools/compiler/gcc-arm-none-eabi-9-2019-q4-major/bin/../lib/gcc/arm-none-eabi/9.2.1/../../../../arm-none-eabi/lib/thumb/v7e-m/nofp\libc.a(lib_a-s_frexp.o)
 .text          0x00020600        0x0 c:/ti/ccs1220/ccs/tools/compiler/gcc-arm-none-eabi-9-2019-q4-major/bin/../lib/gcc/arm-none-eabi/9.2.1/../../../../arm-none-eabi/lib/thumb/v7e-m/nofp\libc.a(lib_a-sbrkr.o)
 .text          0x00020600        0x0 c:/ti/ccs1220/ccs/tools/compiler/gcc-arm-none-eabi-9-2019-q4-major/bin/../lib/gcc/arm-none-eabi/9.2.1/../../../../arm-none-eabi/lib/thumb/v7e-m/nofp\libc.a(lib_a-stdio.o)
 .text          0x00020600        0x0 c:/ti/ccs1220/ccs/tools/compiler/gcc-arm-none-eabi-9-2019-q4-major/bin/../lib/gcc/arm-none-eabi/9.2.1/../../../../arm-none-eabi/lib/thumb/v7e-m/nofp\libc.a(lib_a-strncpy.o)
 .text          0x00020600        0x0 c:/ti/ccs1220/ccs/tools/compiler/gcc-arm-none-eabi-9-2019-q4-major/bin/../lib/gcc/arm-none-eabi/9.2.1/../../../../arm-none-eabi/lib/thumb/v7e-m/nofp\libc.a(lib_a-svfiprintf.o)
 .text          0x00020600        0x0 c:/ti/ccs1220/ccs/tools/compiler/gcc-arm-none-eabi-9-2019-q4-major/bin/../lib/gcc/arm-none-eabi/9.2.1/../../../../arm-none-eabi/lib/thumb/v7e-m/nofp\libc.a(lib_a-vfiprintf.o)
 .text          0x00020600        0x0 c:/ti/ccs1220/ccs/tools/compiler/gcc-arm-none-eabi-9-2019-q4-major/bin/../lib/gcc/arm-none-eabi/9.2.1/../../../../arm-none-eabi/lib/thumb/v7e-m/nofp\libc.a(lib_a-writer.o)
 .text          0x00020600        0x0 c:/ti/ccs1220/ccs/tools/compiler/gcc-arm-none-eabi-9-2019-q4-major/bin/../lib/gcc/arm-none-eabi/9.2.1/../../../../arm-none-eabi/lib/thumb/v7e-m/nofp\libc.a(lib_a-__atexit.o)
 .text          0x00020600        0x0 c:/ti/ccs1220/ccs/tools/compiler/gcc-arm-none-eabi-9-2019-q4-major/bin/../lib/gcc/arm-none-eabi/9.2.1/../../../../arm-none-eabi/lib/thumb/v7e-m/nofp\libc.a(lib_a-callocr.o)
 .text          0x00020600        0x0 c:/ti/ccs1220/ccs/tools/compiler/gcc-arm-none-eabi-9-2019-q4-major/bin/../lib/gcc/arm-none-eabi/9.2.1/../../../../arm-none-eabi/lib/thumb/v7e-m/nofp\libc.a(lib_a-closer.o)
 .text          0x00020600        0x0 c:/ti/ccs1220/ccs/tools/compiler/gcc-arm-none-eabi-9-2019-q4-major/bin/../lib/gcc/arm-none-eabi/9.2.1/../../../../arm-none-eabi/lib/thumb/v7e-m/nofp\libc.a(lib_a-fclose.o)
 .text          0x00020600        0x0 c:/ti/ccs1220/ccs/tools/compiler/gcc-arm-none-eabi-9-2019-q4-major/bin/../lib/gcc/arm-none-eabi/9.2.1/../../../../arm-none-eabi/lib/thumb/v7e-m/nofp\libc.a(lib_a-fputwc.o)
 .text          0x00020600        0x0 c:/ti/ccs1220/ccs/tools/compiler/gcc-arm-none-eabi-9-2019-q4-major/bin/../lib/gcc/arm-none-eabi/9.2.1/../../../../arm-none-eabi/lib/thumb/v7e-m/nofp\libc.a(lib_a-fstatr.o)
 .text          0x00020600        0x0 c:/ti/ccs1220/ccs/tools/compiler/gcc-arm-none-eabi-9-2019-q4-major/bin/../lib/gcc/arm-none-eabi/9.2.1/../../../../arm-none-eabi/lib/thumb/v7e-m/nofp\libc.a(lib_a-isattyr.o)
 .text          0x00020600        0x0 c:/ti/ccs1220/ccs/tools/compiler/gcc-arm-none-eabi-9-2019-q4-major/bin/../lib/gcc/arm-none-eabi/9.2.1/../../../../arm-none-eabi/lib/thumb/v7e-m/nofp\libc.a(lib_a-locale.o)
 .text          0x00020600        0x0 c:/ti/ccs1220/ccs/tools/compiler/gcc-arm-none-eabi-9-2019-q4-major/bin/../lib/gcc/arm-none-eabi/9.2.1/../../../../arm-none-eabi/lib/thumb/v7e-m/nofp\libc.a(lib_a-lseekr.o)
 .text          0x00020600        0x0 c:/ti/ccs1220/ccs/tools/compiler/gcc-arm-none-eabi-9-2019-q4-major/bin/../lib/gcc/arm-none-eabi/9.2.1/../../../../arm-none-eabi/lib/thumb/v7e-m/nofp\libc.a(lib_a-mbtowc_r.o)
 .text          0x00020600        0x0 c:/ti/ccs1220/ccs/tools/compiler/gcc-arm-none-eabi-9-2019-q4-major/bin/../lib/gcc/arm-none-eabi/9.2.1/../../../../arm-none-eabi/lib/thumb/v7e-m/nofp\libc.a(lib_a-readr.o)
 .text          0x00020600        0x0 c:/ti/ccs1220/ccs/tools/compiler/gcc-arm-none-eabi-9-2019-q4-major/bin/../lib/gcc/arm-none-eabi/9.2.1/../../../../arm-none-eabi/lib/thumb/v7e-m/nofp\libc.a(lib_a-reent.o)
 .text          0x00020600      0x2dc c:/ti/ccs1220/ccs/tools/compiler/gcc-arm-none-eabi-9-2019-q4-major/bin/../lib/gcc/arm-none-eabi/9.2.1/../../../../arm-none-eabi/lib/thumb/v7e-m/nofp\libc.a(lib_a-strcmp.o)
                0x00020608                strcmp
 .text          0x000208dc        0x0 c:/ti/ccs1220/ccs/tools/compiler/gcc-arm-none-eabi-9-2019-q4-major/bin/../lib/gcc/arm-none-eabi/9.2.1/../../../../arm-none-eabi/lib/thumb/v7e-m/nofp\libc.a(lib_a-wbuf.o)
 .text          0x000208dc        0x0 c:/ti/ccs1220/ccs/tools/compiler/gcc-arm-none-eabi-9-2019-q4-major/bin/../lib/gcc/arm-none-eabi/9.2.1/../../../../arm-none-eabi/lib/thumb/v7e-m/nofp\libc.a(lib_a-wcrtomb.o)
 .text          0x000208dc        0x0 c:/ti/ccs1220/ccs/tools/compiler/gcc-arm-none-eabi-9-2019-q4-major/bin/../lib/gcc/arm-none-eabi/9.2.1/../../../../arm-none-eabi/lib/thumb/v7e-m/nofp\libc.a(lib_a-wctomb_r.o)
 .text          0x000208dc        0x0 c:/ti/ccs1220/ccs/tools/compiler/gcc-arm-none-eabi-9-2019-q4-major/bin/../lib/gcc/arm-none-eabi/9.2.1/../../../../arm-none-eabi/lib/thumb/v7e-m/nofp\libc.a(lib_a-ctype_.o)
 .text          0x000208dc      0x254 c:/ti/ccs1220/ccs/tools/compiler/gcc-arm-none-eabi-9-2019-q4-major/bin/../lib/gcc/arm-none-eabi/9.2.1/thumb/v7e-m/nofp\libgcc.a(_arm_muldf3.o)
 .text          0x00020b30      0x378 c:/ti/ccs1220/ccs/tools/compiler/gcc-arm-none-eabi-9-2019-q4-major/bin/../lib/gcc/arm-none-eabi/9.2.1/thumb/v7e-m/nofp\libgcc.a(_arm_addsubdf3.o)
                0x00020b30                __aeabi_drsub
                0x00020b38                __aeabi_dsub
                0x00020b38                __subdf3
                0x00020b3c                __aeabi_dadd
                0x00020b3c                __adddf3
                0x00020db4                __floatunsidf
                0x00020db4                __aeabi_ui2d
                0x00020dd4                __floatsidf
                0x00020dd4                __aeabi_i2d
                0x00020df8                __aeabi_f2d
                0x00020df8                __extendsfdf2
                0x00020e3c                __floatundidf
                0x00020e3c                __aeabi_ul2d
                0x00020e4c                __floatdidf
                0x00020e4c                __aeabi_l2d
 .text          0x00020ea8      0x424 c:/ti/ccs1220/ccs/tools/compiler/gcc-arm-none-eabi-9-2019-q4-major/bin/../lib/gcc/arm-none-eabi/9.2.1/thumb/v7e-m/nofp\libgcc.a(_arm_muldivdf3.o)
                0x00020ea8                __aeabi_dmul
                0x00020ea8                __muldf3
                0x000210fc                __divdf3
                0x000210fc                __aeabi_ddiv
 .text          0x000212cc      0x110 c:/ti/ccs1220/ccs/tools/compiler/gcc-arm-none-eabi-9-2019-q4-major/bin/../lib/gcc/arm-none-eabi/9.2.1/thumb/v7e-m/nofp\libgcc.a(_arm_cmpdf2.o)
                0x000212cc                __gtdf2
                0x000212cc                __gedf2
                0x000212d4                __ltdf2
                0x000212d4                __ledf2
                0x000212dc                __nedf2
                0x000212dc                __eqdf2
                0x000212dc                __cmpdf2
                0x00021358                __aeabi_cdrcmple
                0x00021368                __aeabi_cdcmpeq
                0x00021368                __aeabi_cdcmple
                0x00021378                __aeabi_dcmpeq
                0x0002138c                __aeabi_dcmplt
                0x000213a0                __aeabi_dcmple
                0x000213b4                __aeabi_dcmpge
                0x000213c8                __aeabi_dcmpgt
 .text          0x000213dc       0x2c c:/ti/ccs1220/ccs/tools/compiler/gcc-arm-none-eabi-9-2019-q4-major/bin/../lib/gcc/arm-none-eabi/9.2.1/thumb/v7e-m/nofp\libgcc.a(_arm_unorddf2.o)
                0x000213dc                __unorddf2
                0x000213dc                __aeabi_dcmpun
 .text          0x00021408       0x50 c:/ti/ccs1220/ccs/tools/compiler/gcc-arm-none-eabi-9-2019-q4-major/bin/../lib/gcc/arm-none-eabi/9.2.1/thumb/v7e-m/nofp\libgcc.a(_arm_fixdfsi.o)
                0x00021408                __aeabi_d2iz
                0x00021408                __fixdfsi
 .text          0x00021458       0xa0 c:/ti/ccs1220/ccs/tools/compiler/gcc-arm-none-eabi-9-2019-q4-major/bin/../lib/gcc/arm-none-eabi/9.2.1/thumb/v7e-m/nofp\libgcc.a(_arm_truncdfsf2.o)
                0x00021458                __truncdfsf2
                0x00021458                __aeabi_d2f
 .text          0x000214f8       0x30 c:/ti/ccs1220/ccs/tools/compiler/gcc-arm-none-eabi-9-2019-q4-major/bin/../lib/gcc/arm-none-eabi/9.2.1/thumb/v7e-m/nofp\libgcc.a(_aeabi_uldivmod.o)
                0x000214f8                __aeabi_uldivmod
 .text          0x00021528      0x2c0 c:/ti/ccs1220/ccs/tools/compiler/gcc-arm-none-eabi-9-2019-q4-major/bin/../lib/gcc/arm-none-eabi/9.2.1/thumb/v7e-m/nofp\libgcc.a(_udivmoddi4.o)
                0x00021528                __udivmoddi4
 .text          0x000217e8        0x4 c:/ti/ccs1220/ccs/tools/compiler/gcc-arm-none-eabi-9-2019-q4-major/bin/../lib/gcc/arm-none-eabi/9.2.1/thumb/v7e-m/nofp\libgcc.a(_dvmd_tls.o)
                0x000217e8                __aeabi_idiv0
                0x000217e8                __aeabi_ldiv0
 .text          0x000217ec        0x0 c:/ti/ccs1220/ccs/tools/compiler/gcc-arm-none-eabi-9-2019-q4-major/bin/../lib/gcc/arm-none-eabi/9.2.1/../../../../arm-none-eabi/lib/thumb/v7e-m/nofp\libnosys.a(close.o)
 .text          0x000217ec        0x0 c:/ti/ccs1220/ccs/tools/compiler/gcc-arm-none-eabi-9-2019-q4-major/bin/../lib/gcc/arm-none-eabi/9.2.1/../../../../arm-none-eabi/lib/thumb/v7e-m/nofp\libnosys.a(fstat.o)
 .text          0x000217ec        0x0 c:/ti/ccs1220/ccs/tools/compiler/gcc-arm-none-eabi-9-2019-q4-major/bin/../lib/gcc/arm-none-eabi/9.2.1/../../../../arm-none-eabi/lib/thumb/v7e-m/nofp\libnosys.a(isatty.o)
 .text          0x000217ec        0x0 c:/ti/ccs1220/ccs/tools/compiler/gcc-arm-none-eabi-9-2019-q4-major/bin/../lib/gcc/arm-none-eabi/9.2.1/../../../../arm-none-eabi/lib/thumb/v7e-m/nofp\libnosys.a(lseek.o)
 .text          0x000217ec        0x0 c:/ti/ccs1220/ccs/tools/compiler/gcc-arm-none-eabi-9-2019-q4-major/bin/../lib/gcc/arm-none-eabi/9.2.1/../../../../arm-none-eabi/lib/thumb/v7e-m/nofp\libnosys.a(read.o)
 .text          0x000217ec        0x0 c:/ti/ccs1220/ccs/tools/compiler/gcc-arm-none-eabi-9-2019-q4-major/bin/../lib/gcc/arm-none-eabi/9.2.1/../../../../arm-none-eabi/lib/thumb/v7e-m/nofp\libnosys.a(sbrk.o)
 .text          0x000217ec        0x0 c:/ti/ccs1220/ccs/tools/compiler/gcc-arm-none-eabi-9-2019-q4-major/bin/../lib/gcc/arm-none-eabi/9.2.1/../../../../arm-none-eabi/lib/thumb/v7e-m/nofp\libnosys.a(write.o)
 .text          0x000217ec        0x0 c:/ti/ccs1220/ccs/tools/compiler/gcc-arm-none-eabi-9-2019-q4-major/bin/../lib/gcc/arm-none-eabi/9.2.1/../../../../arm-none-eabi/lib/thumb/v7e-m/nofp\libnosys.a(_exit.o)
 .text          0x000217ec        0x0 c:/ti/ccs1220/ccs/tools/compiler/gcc-arm-none-eabi-9-2019-q4-major/bin/../lib/gcc/arm-none-eabi/9.2.1/thumb/v7e-m/nofp/crtend.o
 .text          0x000217ec        0x0 c:/ti/ccs1220/ccs/tools/compiler/gcc-arm-none-eabi-9-2019-q4-major/bin/../lib/gcc/arm-none-eabi/9.2.1/thumb/v7e-m/nofp/crtn.o
 *(.text*)
 .text.queueReceive
                0x000217ec       0x48 ./Source/App/Main/main.o
                0x000217ec                queueReceive
 .text.queueSend
                0x00021834       0x40 ./Source/App/Main/main.o
                0x00021834                queueSend
 .text.main     0x00021874       0xd0 ./Source/App/Main/main.o
                0x00021874                main
 .text.NVIC_SystemReset
                0x00021944       0x30 ./Source/BSP/bsp.o
 .text.assert_failed
                0x00021974        0x6 ./Source/BSP/bsp.o
                0x00021974                assert_failed
 *fill*         0x0002197a        0x2 
 .text.systick_init
                0x0002197c       0x28 ./Source/BSP/bsp.o
                0x0002197c                systick_init
 .text.BSP_init
                0x000219a4        0xc ./Source/BSP/bsp.o
                0x000219a4                BSP_init
 .text.fpu_init
                0x000219b0       0x24 ./Source/BSP/bsp.o
                0x000219b0                fpu_init
 .text.SystemInit
                0x000219d4        0xc ./Source/BSP/bsp.o
                0x000219d4                SystemInit
 .text.Reset_Handler
                0x000219e0       0x78 ./Source/BSP/startup_tm4c_gnu.o
                0x000219e0                Reset_Handler
 .text.NMI_Handler
                0x00021a58       0x18 ./Source/BSP/startup_tm4c_gnu.o
                0x00021a58                NMI_Handler
 .text.MemManage_Handler
                0x00021a70       0x1c ./Source/BSP/startup_tm4c_gnu.o
                0x00021a70                MemManage_Handler
 .text.HardFault_Handler
                0x00021a8c       0x1c ./Source/BSP/startup_tm4c_gnu.o
                0x00021a8c                HardFault_Handler
 .text.BusFault_Handler
                0x00021aa8       0x1c ./Source/BSP/startup_tm4c_gnu.o
                0x00021aa8                BusFault_Handler
 .text.UsageFault_Handler
                0x00021ac4       0x20 ./Source/BSP/startup_tm4c_gnu.o
                0x00021ac4                UsageFault_Handler
 .text.Default_Handler
                0x00021ae4       0x1c ./Source/BSP/startup_tm4c_gnu.o
                0x00021ae4                uDMAST_IRQHandler
                0x00021ae4                GPIOPortP4_IRQHandler
                0x00021ae4                PWM1Gen3_IRQHandler
                0x00021ae4                WideTimer5B_IRQHandler
                0x00021ae4                DebugMon_Handler
                0x00021ae4                QEI2_IRQHandler
                0x00021ae4                FlashCtrl_IRQHandler
                0x00021ae4                GPIOPortP7_IRQHandler
                0x00021ae4                Timer0B_IRQHandler
                0x00021ae4                I2C0_IRQHandler
                0x00021ae4                WideTimer4B_IRQHandler
                0x00021ae4                I2C1_IRQHandler
                0x00021ae4                GPIOPortP5_IRQHandler
                0x00021ae4                PWMGen0_IRQHandler
                0x00021ae4                UART1_IRQHandler
                0x00021ae4                CAN1_IRQHandler
                0x00021ae4                Timer1B_IRQHandler
                0x00021ae4                Watchdog_IRQHandler
                0x00021ae4                GPIOPortS_IRQHandler
                0x00021ae4                GPIOPortQ7_IRQHandler
                0x00021ae4                PWM1Gen2_IRQHandler
                0x00021ae4                UART0_IRQHandler
                0x00021ae4                GPIOPortL_IRQHandler
                0x00021ae4                SSI0_IRQHandler
                0x00021ae4                GPIOPortM_IRQHandler
                0x00021ae4                FPU_IRQHandler
                0x00021ae4                ADCSeq1_IRQHandler
                0x00021ae4                GPIOPortP0_IRQHandler
                0x00021ae4                WideTimer0B_IRQHandler
                0x00021ae4                PWMFault_IRQHandler
                0x00021ae4                WideTimer1A_IRQHandler
                0x00021ae4                I2C5_IRQHandler
                0x00021ae4                I2C4_IRQHandler
                0x00021ae4                GPIOPortQ5_IRQHandler
                0x00021ae4                PWMGen1_IRQHandler
                0x00021ae4                SSI1_IRQHandler
                0x00021ae4                I2C2_IRQHandler
                0x00021ae4                UART5_IRQHandler
                0x00021ae4                GPIOPortC_IRQHandler
                0x00021ae4                GPIOPortK_IRQHandler
                0x00021ae4                ADCSeq2_IRQHandler
                0x00021ae4                PWMGen2_IRQHandler
                0x00021ae4                UART2_IRQHandler
                0x00021ae4                GPIOPortP3_IRQHandler
                0x00021ae4                ADC1Seq0_IRQHandler
                0x00021ae4                UART4_IRQHandler
                0x00021ae4                GPIOPortJ_IRQHandler
                0x00021ae4                Default_Handler
                0x00021ae4                WideTimer0A_IRQHandler
                0x00021ae4                Timer5A_IRQHandler
                0x00021ae4                WideTimer3B_IRQHandler
                0x00021ae4                WideTimer2B_IRQHandler
                0x00021ae4                WideTimer5A_IRQHandler
                0x00021ae4                Timer4A_IRQHandler
                0x00021ae4                QEI1_IRQHandler
                0x00021ae4                PWM1Fault_IRQHandler
                0x00021ae4                GPIOPortP6_IRQHandler
                0x00021ae4                QEI0_IRQHandler
                0x00021ae4                ADC1Seq2_IRQHandler
                0x00021ae4                ADC1Seq1_IRQHandler
                0x00021ae4                PWMGen3_IRQHandler
                0x00021ae4                GPIOPortD_IRQHandler
                0x00021ae4                USB0_IRQHandler
                0x00021ae4                I2C3_IRQHandler
                0x00021ae4                GPIOPortP2_IRQHandler
                0x00021ae4                GPIOPortQ4_IRQHandler
                0x00021ae4                Timer3B_IRQHandler
                0x00021ae4                Timer3A_IRQHandler
                0x00021ae4                GPIOPortA_IRQHandler
                0x00021ae4                ADC1Seq3_IRQHandler
                0x00021ae4                Timer0A_IRQHandler
                0x00021ae4                GPIOPortP1_IRQHandler
                0x00021ae4                ADCSeq0_IRQHandler
                0x00021ae4                Timer1A_IRQHandler
                0x00021ae4                GPIOPortG_IRQHandler
                0x00021ae4                GPIOPortQ3_IRQHandler
                0x00021ae4                GPIOPortQ1_IRQHandler
                0x00021ae4                Timer5B_IRQHandler
                0x00021ae4                ADCSeq3_IRQHandler
                0x00021ae4                WideTimer4A_IRQHandler
                0x00021ae4                GPIOPortE_IRQHandler
                0x00021ae4                CAN0_IRQHandler
                0x00021ae4                GPIOPortQ0_IRQHandler
                0x00021ae4                Comp0_IRQHandler
                0x00021ae4                Comp1_IRQHandler
                0x00021ae4                Comp2_IRQHandler
                0x00021ae4                GPIOPortQ6_IRQHandler
                0x00021ae4                SSI2_IRQHandler
                0x00021ae4                PWM1Gen0_IRQHandler
                0x00021ae4                GPIOPortF_IRQHandler
                0x00021ae4                UART7_IRQHandler
                0x00021ae4                UART6_IRQHandler
                0x00021ae4                WideTimer2A_IRQHandler
                0x00021ae4                GPIOPortB_IRQHandler
                0x00021ae4                WideTimer3A_IRQHandler
                0x00021ae4                CAN2_IRQHandler
                0x00021ae4                WideTimer1B_IRQHandler
                0x00021ae4                GPIOPortH_IRQHandler
                0x00021ae4                GPIOPortQ2_IRQHandler
                0x00021ae4                GPIOPortR_IRQHandler
                0x00021ae4                Timer4B_IRQHandler
                0x00021ae4                Timer2A_IRQHandler
                0x00021ae4                SSI3_IRQHandler
                0x00021ae4                Timer2B_IRQHandler
                0x00021ae4                uDMAError_IRQHandler
                0x00021ae4                GPIOPortN_IRQHandler
                0x00021ae4                UART3_IRQHandler
                0x00021ae4                SysCtrl_IRQHandler
                0x00021ae4                Hibernate_IRQHandler
                0x00021ae4                PWM1Gen1_IRQHandler
 .text.ADC_Init
                0x00021b00       0x40 ./Source/Driver/ADC/ADC_Driver.o
                0x00021b00                ADC_Init
 .text.ADC_port_Init
                0x00021b40       0x9c ./Source/Driver/ADC/ADC_Driver.o
 .text.ADC_SS_Init
                0x00021bdc       0x4c ./Source/Driver/ADC/ADC_Driver.o
                0x00021bdc                ADC_SS_Init
 .text.analogRead
                0x00021c28      0x180 ./Source/Driver/ADC/ADC_Driver.o
                0x00021c28                analogRead
 .text.CAN0_Driver
                0x00021da8       0xc0 ./Source/Driver/CAN/CAN_Driver.o
                0x00021da8                CAN0_Driver
 .text.CAN0_Init
                0x00021e68       0xf8 ./Source/Driver/CAN/CAN_Driver.o
                0x00021e68                CAN0_Init
 .text.CAN0_Transmit_Obj
                0x00021f60       0xd4 ./Source/Driver/CAN/CAN_Driver.o
 .text.CAN0_Transmit_Data
                0x00022034       0xc8 ./Source/Driver/CAN/CAN_Driver.o
 .text.GPIO_Init
                0x000220fc       0x70 ./Source/Driver/GPIO/GPIOdriver.o
                0x000220fc                GPIO_Init
 .text.DigitalWrite
                0x0002216c      0x15c ./Source/Driver/GPIO/GPIOdriver.o
                0x0002216c                DigitalWrite
 .text.DigitalRead
                0x000222c8      0x19c ./Source/Driver/GPIO/GPIOdriver.o
                0x000222c8                DigitalRead
 .text.I2C_Init
                0x00022464      0x2b8 ./Source/Driver/I2C/I2C.o
                0x00022464                I2C_Init
 .text.Check_I2C_BUS_busy
                0x0002271c        0xe ./Source/Driver/I2C/I2C.o
 *fill*         0x0002272a        0x2 
 .text.Check_I2C_busy
                0x0002272c       0x38 ./Source/Driver/I2C/I2C.o
 .text.Check_I2C_error
                0x00022764       0x88 ./Source/Driver/I2C/I2C.o
 .text.I2C_Write
                0x000227ec       0x28 ./Source/Driver/I2C/I2C.o
                0x000227ec                I2C_Write
 .text.I2C_Write_Memory
                0x00022814       0x26 ./Source/Driver/I2C/I2C.o
                0x00022814                I2C_Write_Memory
 .text.I2C_Write_Multiple
                0x0002283a       0x50 ./Source/Driver/I2C/I2C.o
                0x0002283a                I2C_Write_Multiple
 .text.I2C_Write_Memory_Multiple
                0x0002288a       0x5c ./Source/Driver/I2C/I2C.o
                0x0002288a                I2C_Write_Memory_Multiple
 *fill*         0x000228e6        0x2 
 .text.I2C_Begin
                0x000228e8       0x44 ./Source/Driver/I2C/I2C.o
 .text.I2C_Transmit
                0x0002292c       0xc0 ./Source/Driver/I2C/I2C.o
 .text.I2C_Transmit_start_byte
                0x000229ec       0x88 ./Source/Driver/I2C/I2C.o
 .text.I2C_Transmit_byte
                0x00022a74       0x80 ./Source/Driver/I2C/I2C.o
 .text.I2C_Transmit_end_byte
                0x00022af4       0x50 ./Source/Driver/I2C/I2C.o
 .text.I2C_End  0x00022b44       0x2c ./Source/Driver/I2C/I2C.o
 .text.I2C_Read
                0x00022b70       0x26 ./Source/Driver/I2C/I2C.o
                0x00022b70                I2C_Read
 *fill*         0x00022b96        0x2 
 .text.I2C_Read_Multiple
                0x00022b98      0x190 ./Source/Driver/I2C/I2C.o
                0x00022b98                I2C_Read_Multiple
 .text.I2C_Read_Memory
                0x00022d28       0x36 ./Source/Driver/I2C/I2C.o
                0x00022d28                I2C_Read_Memory
 .text.I2C_Read_Memory_Multiple
                0x00022d5e       0x32 ./Source/Driver/I2C/I2C.o
                0x00022d5e                I2C_Read_Memory_Multiple
 .text.LCD_Setup
                0x00022d90       0x68 ./Source/Driver/LCD/LCD.o
                0x00022d90                LCD_Setup
 .text.LCD_Init
                0x00022df8       0x7a ./Source/Driver/LCD/LCD.o
                0x00022df8                LCD_Init
 .text.LCD_SetCursor
                0x00022e72       0x96 ./Source/Driver/LCD/LCD.o
                0x00022e72                LCD_SetCursor
 .text.LCD_Clear
                0x00022f08        0xe ./Source/Driver/LCD/LCD.o
                0x00022f08                LCD_Clear
 .text.LCD_Write
                0x00022f16       0x3c ./Source/Driver/LCD/LCD.o
                0x00022f16                LCD_Write
 *fill*         0x00022f52        0x2 
 .text.Data_Write
                0x00022f54       0x34 ./Source/Driver/LCD/LCD.o
 .text.Cmd_Write
                0x00022f88       0x34 ./Source/Driver/LCD/LCD.o
 .text.upper_nibble
                0x00022fbc       0xac ./Source/Driver/LCD/LCD.o
 .text.lower_nibble
                0x00023068       0xac ./Source/Driver/LCD/LCD.o
 .text.toggle_enable_signal
                0x00023114       0x30 ./Source/Driver/LCD/LCD.o
 .text.delay    0x00023144       0x4a ./Source/Driver/LCD/LCD.o
 .text.LCD_nextline
                0x0002318e        0xe ./Source/Driver/LCD/LCD.o
                0x0002318e                LCD_nextline
 .text.SSI_2_Init
                0x0002319c       0xd4 ./Source/Driver/SPI/SPI.o
                0x0002319c                SSI_2_Init
 .text.SPI_Write
                0x00023270       0x58 ./Source/Driver/SPI/SPI.o
                0x00023270                SPI_Write
 .text.SPI_Read_Write
                0x000232c8       0x58 ./Source/Driver/SPI/SPI.o
                0x000232c8                SPI_Read_Write
 .text.Enable_Chip_Select
                0x00023320       0x10 ./Source/Driver/SPI/SPI.o
                0x00023320                Enable_Chip_Select
 .text.Disable_Chip_Select
                0x00023330       0x10 ./Source/Driver/SPI/SPI.o
                0x00023330                Disable_Chip_Select
 .text.Timer_Init
                0x00023340       0x6c ./Source/Driver/Timer/Timer.o
                0x00023340                Timer_Init
 .text.Start_Timer_0
                0x000233ac       0x20 ./Source/Driver/Timer/Timer.o
 .text.Stop_Timer_0
                0x000233cc       0x20 ./Source/Driver/Timer/Timer.o
                0x000233cc                Stop_Timer_0
 .text.Refresh_Timer_0
                0x000233ec       0x2c ./Source/Driver/Timer/Timer.o
                0x000233ec                Refresh_Timer_0
 .text.Timer_scheduler
                0x00023418      0x194 ./Source/Driver/Timer/Timer.o
                0x00023418                Timer_scheduler
 .text.Clear_Timer_Flag
                0x000235ac       0x64 ./Source/Driver/Timer/Timer.o
 .text.Delay_ms
                0x00023610       0x48 ./Source/Driver/Timer/Timer.o
                0x00023610                Delay_ms
 .text.init_Timer_Counter
                0x00023658       0x70 ./Source/Driver/Timer/timercnter.o
                0x00023658                init_Timer_Counter
 .text.Start_Timer_counter
                0x000236c8       0x20 ./Source/Driver/Timer/timercnter.o
                0x000236c8                Start_Timer_counter
 .text.Stop_Timer_counter
                0x000236e8       0x24 ./Source/Driver/Timer/timercnter.o
                0x000236e8                Stop_Timer_counter
 .text.Pause_Timer_counter
                0x0002370c       0x20 ./Source/Driver/Timer/timercnter.o
                0x0002370c                Pause_Timer_counter
 .text.Refresh_Timer_counter
                0x0002372c       0x30 ./Source/Driver/Timer/timercnter.o
                0x0002372c                Refresh_Timer_counter
 .text.millis   0x0002375c       0x24 ./Source/Driver/Timer/timercnter.o
                0x0002375c                millis
 .text.UART_init
                0x00023780      0x394 ./Source/Driver/UART/UART.o
                0x00023780                UART_init
 .text.UART_print_int
                0x00023b14       0x30 ./Source/Driver/UART/UART.o
                0x00023b14                UART_print_int
 .text.UART_print
                0x00023b44       0x2a ./Source/Driver/UART/UART.o
                0x00023b44                UART_print
 *fill*         0x00023b6e        0x2 
 .text.UART_Transmit
                0x00023b70       0x54 ./Source/Driver/UART/UART.o
                0x00023b70                UART_Transmit
 .text.Delay    0x00023bc4       0x2e ./Source/Driver/UART/UART.o
                0x00023bc4                Delay
 *fill*         0x00023bf2        0x2 
 .text.UART_Receive
                0x00023bf4       0x40 ./Source/Driver/UART/UART.o
                0x00023bf4                UART_Receive
 .text.UART_RxReady
                0x00023c34       0x38 ./Source/Driver/UART/UART.o
                0x00023c34                UART_RxReady
 .text.xEventGroupCreate
                0x00023c6c       0x2e ./Source/FreeRtos/event_groups.o
                0x00023c6c                xEventGroupCreate
 *fill*         0x00023c9a        0x2 
 .text.xEventGroupSync
                0x00023c9c      0x15c ./Source/FreeRtos/event_groups.o
                0x00023c9c                xEventGroupSync
 .text.xEventGroupWaitBits
                0x00023df8      0x19c ./Source/FreeRtos/event_groups.o
                0x00023df8                xEventGroupWaitBits
 .text.xEventGroupClearBits
                0x00023f94       0x70 ./Source/FreeRtos/event_groups.o
                0x00023f94                xEventGroupClearBits
 .text.xEventGroupGetBitsFromISR
                0x00024004       0x48 ./Source/FreeRtos/event_groups.o
                0x00024004                xEventGroupGetBitsFromISR
 .text.xEventGroupSetBits
                0x0002404c      0x116 ./Source/FreeRtos/event_groups.o
                0x0002404c                xEventGroupSetBits
 .text.vEventGroupDelete
                0x00024162       0x7e ./Source/FreeRtos/event_groups.o
                0x00024162                vEventGroupDelete
 .text.vEventGroupSetBitsCallback
                0x000241e0       0x1a ./Source/FreeRtos/event_groups.o
                0x000241e0                vEventGroupSetBitsCallback
 .text.vEventGroupClearBitsCallback
                0x000241fa       0x1a ./Source/FreeRtos/event_groups.o
                0x000241fa                vEventGroupClearBitsCallback
 .text.prvTestWaitCondition
                0x00024214       0x44 ./Source/FreeRtos/event_groups.o
 .text.uxEventGroupGetNumber
                0x00024258       0x2c ./Source/FreeRtos/event_groups.o
                0x00024258                uxEventGroupGetNumber
 .text.vEventGroupSetNumber
                0x00024284       0x1c ./Source/FreeRtos/event_groups.o
                0x00024284                vEventGroupSetNumber
 .text.vListInitialise
                0x000242a0       0x40 ./Source/FreeRtos/list.o
                0x000242a0                vListInitialise
 .text.vListInitialiseItem
                0x000242e0       0x1a ./Source/FreeRtos/list.o
                0x000242e0                vListInitialiseItem
 .text.vListInsertEnd
                0x000242fa       0x48 ./Source/FreeRtos/list.o
                0x000242fa                vListInsertEnd
 .text.vListInsert
                0x00024342       0x72 ./Source/FreeRtos/list.o
                0x00024342                vListInsert
 .text.uxListRemove
                0x000243b4       0x54 ./Source/FreeRtos/list.o
                0x000243b4                uxListRemove
 .text.xQueueGenericReset
                0x00024408      0x120 ./Source/FreeRtos/queue.o
                0x00024408                xQueueGenericReset
 .text.xQueueGenericCreate
                0x00024528       0x9c ./Source/FreeRtos/queue.o
                0x00024528                xQueueGenericCreate
 .text.prvInitialiseNewQueue
                0x000245c4       0x46 ./Source/FreeRtos/queue.o
 .text.prvInitialiseMutex
                0x0002460a       0x34 ./Source/FreeRtos/queue.o
 .text.xQueueCreateMutex
                0x0002463e       0x30 ./Source/FreeRtos/queue.o
                0x0002463e                xQueueCreateMutex
 .text.xQueueGiveMutexRecursive
                0x0002466e       0x68 ./Source/FreeRtos/queue.o
                0x0002466e                xQueueGiveMutexRecursive
 .text.xQueueTakeMutexRecursive
                0x000246d6       0x6c ./Source/FreeRtos/queue.o
                0x000246d6                xQueueTakeMutexRecursive
 .text.xQueueCreateCountingSemaphore
                0x00024742       0x5c ./Source/FreeRtos/queue.o
                0x00024742                xQueueCreateCountingSemaphore
 *fill*         0x0002479e        0x2 
 .text.xQueueGenericSend
                0x000247a0      0x1fc ./Source/FreeRtos/queue.o
                0x000247a0                xQueueGenericSend
 .text.xQueueGenericSendFromISR
                0x0002499c      0x164 ./Source/FreeRtos/queue.o
                0x0002499c                xQueueGenericSendFromISR
 .text.xQueueGiveFromISR
                0x00024b00      0x148 ./Source/FreeRtos/queue.o
                0x00024b00                xQueueGiveFromISR
 .text.xQueueReceive
                0x00024c48      0x1c0 ./Source/FreeRtos/queue.o
                0x00024c48                xQueueReceive
 .text.xQueueSemaphoreTake
                0x00024e08      0x1fc ./Source/FreeRtos/queue.o
                0x00024e08                xQueueSemaphoreTake
 .text.xQueuePeek
                0x00025004      0x1c4 ./Source/FreeRtos/queue.o
                0x00025004                xQueuePeek
 .text.xQueueReceiveFromISR
                0x000251c8      0x12e ./Source/FreeRtos/queue.o
                0x000251c8                xQueueReceiveFromISR
 .text.xQueuePeekFromISR
                0x000252f6       0xd2 ./Source/FreeRtos/queue.o
                0x000252f6                xQueuePeekFromISR
 .text.uxQueueMessagesWaiting
                0x000253c8       0x3c ./Source/FreeRtos/queue.o
                0x000253c8                uxQueueMessagesWaiting
 .text.uxQueueSpacesAvailable
                0x00025404       0x46 ./Source/FreeRtos/queue.o
                0x00025404                uxQueueSpacesAvailable
 .text.uxQueueMessagesWaitingFromISR
                0x0002544a       0x3c ./Source/FreeRtos/queue.o
                0x0002544a                uxQueueMessagesWaitingFromISR
 .text.vQueueDelete
                0x00025486       0x3c ./Source/FreeRtos/queue.o
                0x00025486                vQueueDelete
 .text.uxQueueGetQueueNumber
                0x000254c2       0x18 ./Source/FreeRtos/queue.o
                0x000254c2                uxQueueGetQueueNumber
 .text.vQueueSetQueueNumber
                0x000254da       0x1c ./Source/FreeRtos/queue.o
                0x000254da                vQueueSetQueueNumber
 .text.ucQueueGetQueueType
                0x000254f6       0x1a ./Source/FreeRtos/queue.o
                0x000254f6                ucQueueGetQueueType
 .text.prvGetDisinheritPriorityAfterTimeout
                0x00025510       0x30 ./Source/FreeRtos/queue.o
 .text.prvCopyDataToQueue
                0x00025540       0xd4 ./Source/FreeRtos/queue.o
 .text.prvCopyDataFromQueue
                0x00025614       0x4c ./Source/FreeRtos/queue.o
 .text.prvUnlockQueue
                0x00025660       0xa4 ./Source/FreeRtos/queue.o
 .text.prvIsQueueEmpty
                0x00025704       0x2c ./Source/FreeRtos/queue.o
 .text.xQueueIsQueueEmptyFromISR
                0x00025730       0x48 ./Source/FreeRtos/queue.o
                0x00025730                xQueueIsQueueEmptyFromISR
 .text.prvIsQueueFull
                0x00025778       0x30 ./Source/FreeRtos/queue.o
 .text.xQueueIsQueueFullFromISR
                0x000257a8       0x4c ./Source/FreeRtos/queue.o
                0x000257a8                xQueueIsQueueFullFromISR
 .text.vQueueAddToRegistry
                0x000257f4       0x9c ./Source/FreeRtos/queue.o
                0x000257f4                vQueueAddToRegistry
 .text.pcQueueGetName
                0x00025890       0x68 ./Source/FreeRtos/queue.o
                0x00025890                pcQueueGetName
 .text.vQueueUnregisterQueue
                0x000258f8       0x70 ./Source/FreeRtos/queue.o
                0x000258f8                vQueueUnregisterQueue
 .text.vQueueWaitForMessageRestricted
                0x00025968       0x68 ./Source/FreeRtos/queue.o
                0x00025968                vQueueWaitForMessageRestricted
 .text.xStreamBufferGenericCreate
                0x000259d0       0xce ./Source/FreeRtos/stream_buffer.o
                0x000259d0                xStreamBufferGenericCreate
 .text.vStreamBufferDelete
                0x00025a9e       0x4e ./Source/FreeRtos/stream_buffer.o
                0x00025a9e                vStreamBufferDelete
 .text.xStreamBufferReset
                0x00025aec       0x8a ./Source/FreeRtos/stream_buffer.o
                0x00025aec                xStreamBufferReset
 .text.xStreamBufferSetTriggerLevel
                0x00025b76       0x5c ./Source/FreeRtos/stream_buffer.o
                0x00025b76                xStreamBufferSetTriggerLevel
 .text.xStreamBufferSpacesAvailable
                0x00025bd2       0x76 ./Source/FreeRtos/stream_buffer.o
                0x00025bd2                xStreamBufferSpacesAvailable
 .text.xStreamBufferBytesAvailable
                0x00025c48       0x3a ./Source/FreeRtos/stream_buffer.o
                0x00025c48                xStreamBufferBytesAvailable
 .text.xStreamBufferSend
                0x00025c82      0x19a ./Source/FreeRtos/stream_buffer.o
                0x00025c82                xStreamBufferSend
 .text.xStreamBufferSendFromISR
                0x00025e1c       0xe6 ./Source/FreeRtos/stream_buffer.o
                0x00025e1c                xStreamBufferSendFromISR
 .text.prvWriteMessageToBuffer
                0x00025f02       0x90 ./Source/FreeRtos/stream_buffer.o
 .text.xStreamBufferReceive
                0x00025f92      0x130 ./Source/FreeRtos/stream_buffer.o
                0x00025f92                xStreamBufferReceive
 .text.xStreamBufferNextMessageLengthBytes
                0x000260c2       0x88 ./Source/FreeRtos/stream_buffer.o
                0x000260c2                xStreamBufferNextMessageLengthBytes
 .text.xStreamBufferReceiveFromISR
                0x0002614a       0xde ./Source/FreeRtos/stream_buffer.o
                0x0002614a                xStreamBufferReceiveFromISR
 .text.prvReadMessageFromBuffer
                0x00026228       0x7a ./Source/FreeRtos/stream_buffer.o
 .text.xStreamBufferIsEmpty
                0x000262a2       0x50 ./Source/FreeRtos/stream_buffer.o
                0x000262a2                xStreamBufferIsEmpty
 .text.xStreamBufferIsFull
                0x000262f2       0x60 ./Source/FreeRtos/stream_buffer.o
                0x000262f2                xStreamBufferIsFull
 .text.xStreamBufferSendCompletedFromISR
                0x00026352       0x8a ./Source/FreeRtos/stream_buffer.o
                0x00026352                xStreamBufferSendCompletedFromISR
 .text.xStreamBufferReceiveCompletedFromISR
                0x000263dc       0x8a ./Source/FreeRtos/stream_buffer.o
                0x000263dc                xStreamBufferReceiveCompletedFromISR
 .text.prvWriteBytesToBuffer
                0x00026466       0xda ./Source/FreeRtos/stream_buffer.o
 .text.prvReadBytesFromBuffer
                0x00026540       0xd4 ./Source/FreeRtos/stream_buffer.o
 .text.prvBytesInBuffer
                0x00026614       0x40 ./Source/FreeRtos/stream_buffer.o
 .text.prvInitialiseNewStreamBuffer
                0x00026654       0x66 ./Source/FreeRtos/stream_buffer.o
 .text.uxStreamBufferGetStreamBufferNumber
                0x000266ba       0x18 ./Source/FreeRtos/stream_buffer.o
                0x000266ba                uxStreamBufferGetStreamBufferNumber
 .text.vStreamBufferSetStreamBufferNumber
                0x000266d2       0x1c ./Source/FreeRtos/stream_buffer.o
                0x000266d2                vStreamBufferSetStreamBufferNumber
 .text.ucStreamBufferGetStreamBufferType
                0x000266ee       0x1e ./Source/FreeRtos/stream_buffer.o
                0x000266ee                ucStreamBufferGetStreamBufferType
 .text.xTaskCreate
                0x0002670c       0x8c ./Source/FreeRtos/tasks.o
                0x0002670c                xTaskCreate
 .text.prvInitialiseNewTask
                0x00026798      0x11c ./Source/FreeRtos/tasks.o
 .text.prvAddNewTaskToReadyList
                0x000268b4      0x12c ./Source/FreeRtos/tasks.o
 .text.vTaskDelete
                0x000269e0      0x128 ./Source/FreeRtos/tasks.o
                0x000269e0                vTaskDelete
 .text.xTaskDelayUntil
                0x00026b08       0xfc ./Source/FreeRtos/tasks.o
                0x00026b08                xTaskDelayUntil
 .text.vTaskDelay
                0x00026c04       0x68 ./Source/FreeRtos/tasks.o
                0x00026c04                vTaskDelay
 .text.eTaskGetState
                0x00026c6c       0xf4 ./Source/FreeRtos/tasks.o
                0x00026c6c                eTaskGetState
 .text.uxTaskPriorityGet
                0x00026d60       0x34 ./Source/FreeRtos/tasks.o
                0x00026d60                uxTaskPriorityGet
 .text.uxTaskPriorityGetFromISR
                0x00026d94       0x58 ./Source/FreeRtos/tasks.o
                0x00026d94                uxTaskPriorityGetFromISR
 .text.vTaskPrioritySet
                0x00026dec      0x1a4 ./Source/FreeRtos/tasks.o
                0x00026dec                vTaskPrioritySet
 .text.vTaskSuspend
                0x00026f90      0x140 ./Source/FreeRtos/tasks.o
                0x00026f90                vTaskSuspend
 .text.prvTaskIsTaskSuspended
                0x000270d0       0x64 ./Source/FreeRtos/tasks.o
 .text.vTaskResume
                0x00027134      0x10c ./Source/FreeRtos/tasks.o
                0x00027134                vTaskResume
 .text.xTaskResumeFromISR
                0x00027240      0x13c ./Source/FreeRtos/tasks.o
                0x00027240                xTaskResumeFromISR
 .text.vTaskStartScheduler
                0x0002737c       0xa4 ./Source/FreeRtos/tasks.o
                0x0002737c                vTaskStartScheduler
 .text.vTaskEndScheduler
                0x00027420       0x30 ./Source/FreeRtos/tasks.o
                0x00027420                vTaskEndScheduler
 .text.vTaskSuspendAll
                0x00027450       0x1c ./Source/FreeRtos/tasks.o
                0x00027450                vTaskSuspendAll
 .text.xTaskResumeAll
                0x0002746c      0x1f8 ./Source/FreeRtos/tasks.o
                0x0002746c                xTaskResumeAll
 .text.xTaskGetTickCount
                0x00027664       0x20 ./Source/FreeRtos/tasks.o
                0x00027664                xTaskGetTickCount
 .text.xTaskGetTickCountFromISR
                0x00027684       0x24 ./Source/FreeRtos/tasks.o
                0x00027684                xTaskGetTickCountFromISR
 .text.uxTaskGetNumberOfTasks
                0x000276a8       0x18 ./Source/FreeRtos/tasks.o
                0x000276a8                uxTaskGetNumberOfTasks
 .text.pcTaskGetName
                0x000276c0       0x48 ./Source/FreeRtos/tasks.o
                0x000276c0                pcTaskGetName
 .text.uxTaskGetSystemState
                0x00027708      0x11c ./Source/FreeRtos/tasks.o
                0x00027708                uxTaskGetSystemState
 .text.xTaskCatchUpTicks
                0x00027824       0x58 ./Source/FreeRtos/tasks.o
                0x00027824                xTaskCatchUpTicks
 .text.xTaskIncrementTick
                0x0002787c      0x22c ./Source/FreeRtos/tasks.o
                0x0002787c                xTaskIncrementTick
 .text.vTaskSwitchContext
                0x00027aa8      0x100 ./Source/FreeRtos/tasks.o
                0x00027aa8                vTaskSwitchContext
 .text.vTaskPlaceOnEventList
                0x00027ba8       0x48 ./Source/FreeRtos/tasks.o
                0x00027ba8                vTaskPlaceOnEventList
 .text.vTaskPlaceOnUnorderedEventList
                0x00027bf0       0xac ./Source/FreeRtos/tasks.o
                0x00027bf0                vTaskPlaceOnUnorderedEventList
 .text.vTaskPlaceOnEventListRestricted
                0x00027c9c       0x8c ./Source/FreeRtos/tasks.o
                0x00027c9c                vTaskPlaceOnEventListRestricted
 .text.xTaskRemoveFromEventList
                0x00027d28      0x1ac ./Source/FreeRtos/tasks.o
                0x00027d28                xTaskRemoveFromEventList
 .text.vTaskRemoveFromUnorderedEventList
                0x00027ed4      0x180 ./Source/FreeRtos/tasks.o
                0x00027ed4                vTaskRemoveFromUnorderedEventList
 .text.vTaskSetTimeOutState
                0x00028054       0x4c ./Source/FreeRtos/tasks.o
                0x00028054                vTaskSetTimeOutState
 .text.vTaskInternalSetTimeOutState
                0x000280a0       0x2c ./Source/FreeRtos/tasks.o
                0x000280a0                vTaskInternalSetTimeOutState
 .text.xTaskCheckForTimeOut
                0x000280cc       0xcc ./Source/FreeRtos/tasks.o
                0x000280cc                xTaskCheckForTimeOut
 .text.vTaskMissedYield
                0x00028198       0x18 ./Source/FreeRtos/tasks.o
                0x00028198                vTaskMissedYield
 .text.uxTaskGetTaskNumber
                0x000281b0       0x2c ./Source/FreeRtos/tasks.o
                0x000281b0                uxTaskGetTaskNumber
 .text.vTaskSetTaskNumber
                0x000281dc       0x26 ./Source/FreeRtos/tasks.o
                0x000281dc                vTaskSetTaskNumber
 *fill*         0x00028202        0x2 
 .text.prvIdleTask
                0x00028204       0x30 ./Source/FreeRtos/tasks.o
 .text.prvInitialiseTaskLists
                0x00028234       0x80 ./Source/FreeRtos/tasks.o
 .text.prvCheckTasksWaitingTermination
                0x000282b4       0x5c ./Source/FreeRtos/tasks.o
 .text.vTaskGetInfo
                0x00028310       0xcc ./Source/FreeRtos/tasks.o
                0x00028310                vTaskGetInfo
 .text.prvListTasksWithinSingleList
                0x000283dc       0xa4 ./Source/FreeRtos/tasks.o
 .text.prvTaskCheckFreeStackSpace
                0x00028480       0x38 ./Source/FreeRtos/tasks.o
 .text.prvDeleteTCB
                0x000284b8       0x20 ./Source/FreeRtos/tasks.o
 .text.prvResetNextTaskUnblockTime
                0x000284d8       0x38 ./Source/FreeRtos/tasks.o
 .text.xTaskGetCurrentTaskHandle
                0x00028510       0x20 ./Source/FreeRtos/tasks.o
                0x00028510                xTaskGetCurrentTaskHandle
 .text.xTaskGetSchedulerState
                0x00028530       0x3c ./Source/FreeRtos/tasks.o
                0x00028530                xTaskGetSchedulerState
 .text.xTaskPriorityInherit
                0x0002856c      0x13c ./Source/FreeRtos/tasks.o
                0x0002856c                xTaskPriorityInherit
 .text.xTaskPriorityDisinherit
                0x000286a8      0x148 ./Source/FreeRtos/tasks.o
                0x000286a8                xTaskPriorityDisinherit
 .text.vTaskPriorityDisinheritAfterTimeout
                0x000287f0      0x170 ./Source/FreeRtos/tasks.o
                0x000287f0                vTaskPriorityDisinheritAfterTimeout
 .text.uxTaskResetEventItemValue
                0x00028960       0x30 ./Source/FreeRtos/tasks.o
                0x00028960                uxTaskResetEventItemValue
 .text.pvTaskIncrementMutexHeldCount
                0x00028990       0x28 ./Source/FreeRtos/tasks.o
                0x00028990                pvTaskIncrementMutexHeldCount
 .text.ulTaskGenericNotifyTake
                0x000289b8       0xd0 ./Source/FreeRtos/tasks.o
                0x000289b8                ulTaskGenericNotifyTake
 .text.xTaskGenericNotifyWait
                0x00028a88      0x100 ./Source/FreeRtos/tasks.o
                0x00028a88                xTaskGenericNotifyWait
 .text.xTaskGenericNotify
                0x00028b88      0x244 ./Source/FreeRtos/tasks.o
                0x00028b88                xTaskGenericNotify
 .text.xTaskGenericNotifyFromISR
                0x00028dcc      0x2b8 ./Source/FreeRtos/tasks.o
                0x00028dcc                xTaskGenericNotifyFromISR
 .text.vTaskGenericNotifyGiveFromISR
                0x00029084      0x20c ./Source/FreeRtos/tasks.o
                0x00029084                vTaskGenericNotifyGiveFromISR
 .text.xTaskGenericNotifyStateClear
                0x00029290       0x74 ./Source/FreeRtos/tasks.o
                0x00029290                xTaskGenericNotifyStateClear
 .text.ulTaskGenericNotifyValueClear
                0x00029304       0x5c ./Source/FreeRtos/tasks.o
                0x00029304                ulTaskGenericNotifyValueClear
 .text.prvAddCurrentTaskToDelayedList
                0x00029360      0x100 ./Source/FreeRtos/tasks.o
 .text.vApplicationMallocFailedHook
                0x00029460       0x28 ./Source/FreeRtos/tasks.o
                0x00029460                vApplicationMallocFailedHook
 .text.vApplicationStackOverflowHook
                0x00029488       0x2c ./Source/FreeRtos/tasks.o
                0x00029488                vApplicationStackOverflowHook
 .text.xTimerCreateTimerTask
                0x000294b4       0x64 ./Source/FreeRtos/timers.o
                0x000294b4                xTimerCreateTimerTask
 .text.xTimerCreate
                0x00029518       0x42 ./Source/FreeRtos/timers.o
                0x00029518                xTimerCreate
 .text.prvInitialiseNewTimer
                0x0002955a       0x70 ./Source/FreeRtos/timers.o
 *fill*         0x000295ca        0x2 
 .text.xTimerGenericCommand
                0x000295cc       0x9c ./Source/FreeRtos/timers.o
                0x000295cc                xTimerGenericCommand
 .text.xTimerGetTimerDaemonTaskHandle
                0x00029668       0x38 ./Source/FreeRtos/timers.o
                0x00029668                xTimerGetTimerDaemonTaskHandle
 .text.xTimerGetPeriod
                0x000296a0       0x38 ./Source/FreeRtos/timers.o
                0x000296a0                xTimerGetPeriod
 .text.vTimerSetReloadMode
                0x000296d8       0x66 ./Source/FreeRtos/timers.o
                0x000296d8                vTimerSetReloadMode
 .text.xTimerGetReloadMode
                0x0002973e       0x52 ./Source/FreeRtos/timers.o
                0x0002973e                xTimerGetReloadMode
 .text.uxTimerGetReloadMode
                0x00029790       0x18 ./Source/FreeRtos/timers.o
                0x00029790                uxTimerGetReloadMode
 .text.xTimerGetExpiryTime
                0x000297a8       0x3c ./Source/FreeRtos/timers.o
                0x000297a8                xTimerGetExpiryTime
 .text.pcTimerGetName
                0x000297e4       0x38 ./Source/FreeRtos/timers.o
                0x000297e4                pcTimerGetName
 .text.prvReloadTimer
                0x0002981c       0x42 ./Source/FreeRtos/timers.o
 *fill*         0x0002985e        0x2 
 .text.prvProcessExpiredTimer
                0x00029860       0x60 ./Source/FreeRtos/timers.o
 .text.prvTimerTask
                0x000298c0       0x24 ./Source/FreeRtos/timers.o
 .text.prvProcessTimerOrBlockTask
                0x000298e4       0x9c ./Source/FreeRtos/timers.o
 .text.prvGetNextExpireTime
                0x00029980       0x48 ./Source/FreeRtos/timers.o
 .text.prvSampleTimeNow
                0x000299c8       0x40 ./Source/FreeRtos/timers.o
 .text.prvInsertTimerInActiveList
                0x00029a08       0x84 ./Source/FreeRtos/timers.o
 .text.prvProcessReceivedCommands
                0x00029a8c      0x17c ./Source/FreeRtos/timers.o
 .text.prvSwitchTimerLists
                0x00029c08       0x4c ./Source/FreeRtos/timers.o
 .text.prvCheckForValidListAndQueue
                0x00029c54       0x6c ./Source/FreeRtos/timers.o
 .text.xTimerIsTimerActive
                0x00029cc0       0x52 ./Source/FreeRtos/timers.o
                0x00029cc0                xTimerIsTimerActive
 .text.pvTimerGetTimerID
                0x00029d12       0x40 ./Source/FreeRtos/timers.o
                0x00029d12                pvTimerGetTimerID
 .text.vTimerSetTimerID
                0x00029d52       0x40 ./Source/FreeRtos/timers.o
                0x00029d52                vTimerSetTimerID
 .text.uxTimerGetTimerNumber
                0x00029d92       0x18 ./Source/FreeRtos/timers.o
                0x00029d92                uxTimerGetTimerNumber
 .text.vTimerSetTimerNumber
                0x00029daa       0x1c ./Source/FreeRtos/timers.o
                0x00029daa                vTimerSetTimerNumber
 *fill*         0x00029dc6        0x2 
 .text.pxPortInitialiseStack
                0x00029dc8       0x68 ./Source/FreeRtos/portable/GCC/ARM_CM4F/port.o
                0x00029dc8                pxPortInitialiseStack
 .text.prvTaskExitError
                0x00029e30       0x58 ./Source/FreeRtos/portable/GCC/ARM_CM4F/port.o
 *fill*         0x00029e88        0x8 
 .text.SVC_Handler
                0x00029e90       0x28 ./Source/FreeRtos/portable/GCC/ARM_CM4F/port.o
                0x00029e90                SVC_Handler
 .text.prvPortStartFirstTask
                0x00029eb8       0x2c ./Source/FreeRtos/portable/GCC/ARM_CM4F/port.o
 .text.xPortStartScheduler
                0x00029ee4      0x140 ./Source/FreeRtos/portable/GCC/ARM_CM4F/port.o
                0x00029ee4                xPortStartScheduler
 .text.vPortEndScheduler
                0x0002a024       0x38 ./Source/FreeRtos/portable/GCC/ARM_CM4F/port.o
                0x0002a024                vPortEndScheduler
 .text.vPortEnterCritical
                0x0002a05c       0x60 ./Source/FreeRtos/portable/GCC/ARM_CM4F/port.o
                0x0002a05c                vPortEnterCritical
 .text.vPortExitCritical
                0x0002a0bc       0x54 ./Source/FreeRtos/portable/GCC/ARM_CM4F/port.o
                0x0002a0bc                vPortExitCritical
 .text.PendSV_Handler
                0x0002a110       0x68 ./Source/FreeRtos/portable/GCC/ARM_CM4F/port.o
                0x0002a110                PendSV_Handler
 .text.SysTick_Handler
                0x0002a178       0x44 ./Source/FreeRtos/portable/GCC/ARM_CM4F/port.o
                0x0002a178                SysTick_Handler
 .text.vPortSetupTimerInterrupt
                0x0002a1bc       0x48 ./Source/FreeRtos/portable/GCC/ARM_CM4F/port.o
                0x0002a1bc                vPortSetupTimerInterrupt
 .text.vPortEnableVFP
                0x0002a204       0x18 ./Source/FreeRtos/portable/GCC/ARM_CM4F/port.o
 .text.vPortValidateInterruptPriority
                0x0002a21c       0x80 ./Source/FreeRtos/portable/GCC/ARM_CM4F/port.o
                0x0002a21c                vPortValidateInterruptPriority
 .text.pvPortMalloc
                0x0002a29c      0x148 ./Source/FreeRtos/portable/MemMang/heap_2.o
                0x0002a29c                pvPortMalloc
 .text.vPortFree
                0x0002a3e4       0xd4 ./Source/FreeRtos/portable/MemMang/heap_2.o
                0x0002a3e4                vPortFree
 .text.xPortGetFreeHeapSize
                0x0002a4b8       0x18 ./Source/FreeRtos/portable/MemMang/heap_2.o
                0x0002a4b8                xPortGetFreeHeapSize
 .text.vPortInitialiseBlocks
                0x0002a4d0        0xe ./Source/FreeRtos/portable/MemMang/heap_2.o
                0x0002a4d0                vPortInitialiseBlocks
 .text.pvPortCalloc
                0x0002a4de       0x60 ./Source/FreeRtos/portable/MemMang/heap_2.o
                0x0002a4de                pvPortCalloc
 *fill*         0x0002a53e        0x2 
 .text.prvHeapInit
                0x0002a540       0x54 ./Source/FreeRtos/portable/MemMang/heap_2.o
 .text.MCP3208  0x0002a594      0x118 ./Source/Middleware/MCP3208/MCP3208.o
                0x0002a594                MCP3208
 .text.ssd1306_init
                0x0002a6ac       0xd6 ./Source/Middleware/OLED_SSD1306/SSD1306.o
                0x0002a6ac                ssd1306_init
 .text.ssd1306_command
                0x0002a782       0x1e ./Source/Middleware/OLED_SSD1306/SSD1306.o
                0x0002a782                ssd1306_command
 .text.ssd1306_data
                0x0002a7a0       0x1e ./Source/Middleware/OLED_SSD1306/SSD1306.o
                0x0002a7a0                ssd1306_data
 *fill*         0x0002a7be        0x2 
 .text.ssd1306_setcursor
                0x0002a7c0       0x64 ./Source/Middleware/OLED_SSD1306/SSD1306.o
                0x0002a7c0                ssd1306_setcursor
 .text.ssd1306_Print_String
                0x0002a824       0xe8 ./Source/Middleware/OLED_SSD1306/SSD1306.o
                0x0002a824                ssd1306_Print_String
 .text.ssd1306_clear
                0x0002a90c       0x34 ./Source/Middleware/OLED_SSD1306/SSD1306.o
                0x0002a90c                ssd1306_clear
 .text.ssd1306_clear_row
                0x0002a940       0x36 ./Source/Middleware/OLED_SSD1306/SSD1306.o
                0x0002a940                ssd1306_clear_row
 *fill*         0x0002a976        0x2 
 .text.ssd1306_refresh
                0x0002a978       0x3c ./Source/Middleware/OLED_SSD1306/SSD1306.o
                0x0002a978                ssd1306_refresh
 .text.ssd1306_buffer_flush
                0x0002a9b4       0x1e ./Source/Middleware/OLED_SSD1306/SSD1306.o
                0x0002a9b4                ssd1306_buffer_flush
 *fill*         0x0002a9d2        0x2 
 .text.ssd1306_draw_pixel
                0x0002a9d4       0xa8 ./Source/Middleware/OLED_SSD1306/SSD1306.o
                0x0002a9d4                ssd1306_draw_pixel
 .text.ssd1306_draw_line
                0x0002aa7c      0x110 ./Source/Middleware/OLED_SSD1306/SSD1306.o
                0x0002aa7c                ssd1306_draw_line
 .text.ssd1306_set_text_size
                0x0002ab8c       0x34 ./Source/Middleware/OLED_SSD1306/SSD1306.o
                0x0002ab8c                ssd1306_set_text_size
 .text.ssd1306_shiva_logo
                0x0002abc0       0x3c ./Source/Middleware/OLED_SSD1306/SSD1306.o
                0x0002abc0                ssd1306_shiva_logo
 .text.ssd1306_fill_rect
                0x0002abfc       0x78 ./Source/Middleware/OLED_SSD1306/SSD1306.o
                0x0002abfc                ssd1306_fill_rect
 .text.ssd1306_DrawRect
                0x0002ac74       0xa8 ./Source/Middleware/OLED_SSD1306/SSD1306.o
                0x0002ac74                ssd1306_DrawRect
 .text.ssd1306_SetDrawWindow
                0x0002ad1c       0x5a ./Source/Middleware/OLED_SSD1306/SSD1306.o
                0x0002ad1c                ssd1306_SetDrawWindow
 .text.ssd1306_set_display_mode
                0x0002ad76       0x40 ./Source/Middleware/OLED_SSD1306/SSD1306.o
                0x0002ad76                ssd1306_set_display_mode
 .text.ssd1306_DrawCircle
                0x0002adb6      0x182 ./Source/Middleware/OLED_SSD1306/SSD1306.o
                0x0002adb6                ssd1306_DrawCircle
 .text.ssd1306_clear_refresh
                0x0002af38       0x4e ./Source/Middleware/OLED_SSD1306/SSD1306.o
                0x0002af38                ssd1306_clear_refresh
 .text.process_get_data
                0x0002af86       0x26 ./Source/Middleware/RTC_DS3231/DS3231.o
 .text.process_set_data
                0x0002afac       0x34 ./Source/Middleware/RTC_DS3231/DS3231.o
 .text.ds3231_read_sec
                0x0002afe0       0x2a ./Source/Middleware/RTC_DS3231/DS3231.o
                0x0002afe0                ds3231_read_sec
 .text.ds3231_write_sec
                0x0002b00a       0x2a ./Source/Middleware/RTC_DS3231/DS3231.o
                0x0002b00a                ds3231_write_sec
 .text.ds3231_read_min
                0x0002b034       0x2a ./Source/Middleware/RTC_DS3231/DS3231.o
                0x0002b034                ds3231_read_min
 .text.ds3231_write_min
                0x0002b05e       0x2a ./Source/Middleware/RTC_DS3231/DS3231.o
                0x0002b05e                ds3231_write_min
 .text.ds3231_read_hrs
                0x0002b088       0x2a ./Source/Middleware/RTC_DS3231/DS3231.o
                0x0002b088                ds3231_read_hrs
 .text.ds3231_write_hrs
                0x0002b0b2       0x2a ./Source/Middleware/RTC_DS3231/DS3231.o
                0x0002b0b2                ds3231_write_hrs
 .text.exit     0x0002b0dc       0x20 c:/ti/ccs1220/ccs/tools/compiler/gcc-arm-none-eabi-9-2019-q4-major/bin/../lib/gcc/arm-none-eabi/9.2.1/../../../../arm-none-eabi/lib/thumb/v7e-m/nofp\libc.a(lib_a-exit.o)
                0x0002b0dc                exit
 .text.__libc_init_array
                0x0002b0fc       0x48 c:/ti/ccs1220/ccs/tools/compiler/gcc-arm-none-eabi-9-2019-q4-major/bin/../lib/gcc/arm-none-eabi/9.2.1/../../../../arm-none-eabi/lib/thumb/v7e-m/nofp\libc.a(lib_a-init.o)
                0x0002b0fc                __libc_init_array
 .text.memset   0x0002b144       0xa0 c:/ti/ccs1220/ccs/tools/compiler/gcc-arm-none-eabi-9-2019-q4-major/bin/../lib/gcc/arm-none-eabi/9.2.1/../../../../arm-none-eabi/lib/thumb/v7e-m/nofp\libc.a(lib_a-memset.o)
                0x0002b144                memset
 .text._printf_r
                0x0002b1e4       0x20 c:/ti/ccs1220/ccs/tools/compiler/gcc-arm-none-eabi-9-2019-q4-major/bin/../lib/gcc/arm-none-eabi/9.2.1/../../../../arm-none-eabi/lib/thumb/v7e-m/nofp\libc.a(lib_a-printf.o)
                0x0002b1e4                _printf_r
 .text.printf   0x0002b204       0x28 c:/ti/ccs1220/ccs/tools/compiler/gcc-arm-none-eabi-9-2019-q4-major/bin/../lib/gcc/arm-none-eabi/9.2.1/../../../../arm-none-eabi/lib/thumb/v7e-m/nofp\libc.a(lib_a-printf.o)
                0x0002b204                printf
 .text._puts_r  0x0002b22c       0x9c c:/ti/ccs1220/ccs/tools/compiler/gcc-arm-none-eabi-9-2019-q4-major/bin/../lib/gcc/arm-none-eabi/9.2.1/../../../../arm-none-eabi/lib/thumb/v7e-m/nofp\libc.a(lib_a-puts.o)
                0x0002b22c                _puts_r
 .text.puts     0x0002b2c8       0x10 c:/ti/ccs1220/ccs/tools/compiler/gcc-arm-none-eabi-9-2019-q4-major/bin/../lib/gcc/arm-none-eabi/9.2.1/../../../../arm-none-eabi/lib/thumb/v7e-m/nofp\libc.a(lib_a-puts.o)
                0x0002b2c8                puts
 .text._sprintf_r
                0x0002b2d8       0x38 c:/ti/ccs1220/ccs/tools/compiler/gcc-arm-none-eabi-9-2019-q4-major/bin/../lib/gcc/arm-none-eabi/9.2.1/../../../../arm-none-eabi/lib/thumb/v7e-m/nofp\libc.a(lib_a-sprintf.o)
                0x0002b2d8                _sprintf_r
 .text.sprintf  0x0002b310       0x44 c:/ti/ccs1220/ccs/tools/compiler/gcc-arm-none-eabi-9-2019-q4-major/bin/../lib/gcc/arm-none-eabi/9.2.1/../../../../arm-none-eabi/lib/thumb/v7e-m/nofp\libc.a(lib_a-sprintf.o)
                0x0002b310                sprintf
 .text._svfprintf_r
                0x0002b354     0x1acc c:/ti/ccs1220/ccs/tools/compiler/gcc-arm-none-eabi-9-2019-q4-major/bin/../lib/gcc/arm-none-eabi/9.2.1/../../../../arm-none-eabi/lib/thumb/v7e-m/nofp\libc.a(lib_a-svfprintf.o)
                0x0002b354                _svfprintf_r
 .text._vfprintf_r
                0x0002ce20     0x1b84 c:/ti/ccs1220/ccs/tools/compiler/gcc-arm-none-eabi-9-2019-q4-major/bin/../lib/gcc/arm-none-eabi/9.2.1/../../../../arm-none-eabi/lib/thumb/v7e-m/nofp\libc.a(lib_a-vfprintf.o)
                0x0002ce20                _vfprintf_r
 .text.vfprintf
                0x0002e9a4       0x18 c:/ti/ccs1220/ccs/tools/compiler/gcc-arm-none-eabi-9-2019-q4-major/bin/../lib/gcc/arm-none-eabi/9.2.1/../../../../arm-none-eabi/lib/thumb/v7e-m/nofp\libc.a(lib_a-vfprintf.o)
                0x0002e9a4                vfprintf
 .text.__sbprintf
                0x0002e9bc       0x84 c:/ti/ccs1220/ccs/tools/compiler/gcc-arm-none-eabi-9-2019-q4-major/bin/../lib/gcc/arm-none-eabi/9.2.1/../../../../arm-none-eabi/lib/thumb/v7e-m/nofp\libc.a(lib_a-vfprintf.o)
 .text.__swsetup_r
                0x0002ea40       0xd0 c:/ti/ccs1220/ccs/tools/compiler/gcc-arm-none-eabi-9-2019-q4-major/bin/../lib/gcc/arm-none-eabi/9.2.1/../../../../arm-none-eabi/lib/thumb/v7e-m/nofp\libc.a(lib_a-wsetup.o)
                0x0002ea40                __swsetup_r
 .text.startup.register_fini
                0x0002eb10       0x14 c:/ti/ccs1220/ccs/tools/compiler/gcc-arm-none-eabi-9-2019-q4-major/bin/../lib/gcc/arm-none-eabi/9.2.1/../../../../arm-none-eabi/lib/thumb/v7e-m/nofp\libc.a(lib_a-__call_atexit.o)
 .text.__call_exitprocs
                0x0002eb24       0xc4 c:/ti/ccs1220/ccs/tools/compiler/gcc-arm-none-eabi-9-2019-q4-major/bin/../lib/gcc/arm-none-eabi/9.2.1/../../../../arm-none-eabi/lib/thumb/v7e-m/nofp\libc.a(lib_a-__call_atexit.o)
                0x0002eb24                __call_exitprocs
 .text.atexit   0x0002ebe8        0xc c:/ti/ccs1220/ccs/tools/compiler/gcc-arm-none-eabi-9-2019-q4-major/bin/../lib/gcc/arm-none-eabi/9.2.1/../../../../arm-none-eabi/lib/thumb/v7e-m/nofp\libc.a(lib_a-atexit.o)
                0x0002ebe8                atexit
 .text.quorem   0x0002ebf4      0x11c c:/ti/ccs1220/ccs/tools/compiler/gcc-arm-none-eabi-9-2019-q4-major/bin/../lib/gcc/arm-none-eabi/9.2.1/../../../../arm-none-eabi/lib/thumb/v7e-m/nofp\libc.a(lib_a-dtoa.o)
 .text._dtoa_r  0x0002ed10      0xeb8 c:/ti/ccs1220/ccs/tools/compiler/gcc-arm-none-eabi-9-2019-q4-major/bin/../lib/gcc/arm-none-eabi/9.2.1/../../../../arm-none-eabi/lib/thumb/v7e-m/nofp\libc.a(lib_a-dtoa.o)
                0x0002ed10                _dtoa_r
 .text.__sflush_r
                0x0002fbc8      0x130 c:/ti/ccs1220/ccs/tools/compiler/gcc-arm-none-eabi-9-2019-q4-major/bin/../lib/gcc/arm-none-eabi/9.2.1/../../../../arm-none-eabi/lib/thumb/v7e-m/nofp\libc.a(lib_a-fflush.o)
                0x0002fbc8                __sflush_r
 .text._fflush_r
                0x0002fcf8       0x5c c:/ti/ccs1220/ccs/tools/compiler/gcc-arm-none-eabi-9-2019-q4-major/bin/../lib/gcc/arm-none-eabi/9.2.1/../../../../arm-none-eabi/lib/thumb/v7e-m/nofp\libc.a(lib_a-fflush.o)
                0x0002fcf8                _fflush_r
 .text.fflush   0x0002fd54       0x24 c:/ti/ccs1220/ccs/tools/compiler/gcc-arm-none-eabi-9-2019-q4-major/bin/../lib/gcc/arm-none-eabi/9.2.1/../../../../arm-none-eabi/lib/thumb/v7e-m/nofp\libc.a(lib_a-fflush.o)
                0x0002fd54                fflush
 .text.std      0x0002fd78       0x50 c:/ti/ccs1220/ccs/tools/compiler/gcc-arm-none-eabi-9-2019-q4-major/bin/../lib/gcc/arm-none-eabi/9.2.1/../../../../arm-none-eabi/lib/thumb/v7e-m/nofp\libc.a(lib_a-findfp.o)
 .text._cleanup_r
                0x0002fdc8        0xc c:/ti/ccs1220/ccs/tools/compiler/gcc-arm-none-eabi-9-2019-q4-major/bin/../lib/gcc/arm-none-eabi/9.2.1/../../../../arm-none-eabi/lib/thumb/v7e-m/nofp\libc.a(lib_a-findfp.o)
                0x0002fdc8                _cleanup_r
 .text.__fp_lock
                0x0002fdd4       0x1c c:/ti/ccs1220/ccs/tools/compiler/gcc-arm-none-eabi-9-2019-q4-major/bin/../lib/gcc/arm-none-eabi/9.2.1/../../../../arm-none-eabi/lib/thumb/v7e-m/nofp\libc.a(lib_a-findfp.o)
 .text.__fp_unlock
                0x0002fdf0       0x1c c:/ti/ccs1220/ccs/tools/compiler/gcc-arm-none-eabi-9-2019-q4-major/bin/../lib/gcc/arm-none-eabi/9.2.1/../../../../arm-none-eabi/lib/thumb/v7e-m/nofp\libc.a(lib_a-findfp.o)
 .text.__sfmoreglue
                0x0002fe0c       0x30 c:/ti/ccs1220/ccs/tools/compiler/gcc-arm-none-eabi-9-2019-q4-major/bin/../lib/gcc/arm-none-eabi/9.2.1/../../../../arm-none-eabi/lib/thumb/v7e-m/nofp\libc.a(lib_a-findfp.o)
                0x0002fe0c                __sfmoreglue
 .text._cleanup
                0x0002fe3c       0x14 c:/ti/ccs1220/ccs/tools/compiler/gcc-arm-none-eabi-9-2019-q4-major/bin/../lib/gcc/arm-none-eabi/9.2.1/../../../../arm-none-eabi/lib/thumb/v7e-m/nofp\libc.a(lib_a-findfp.o)
                0x0002fe3c                _cleanup
 .text.__sinit  0x0002fe50       0x54 c:/ti/ccs1220/ccs/tools/compiler/gcc-arm-none-eabi-9-2019-q4-major/bin/../lib/gcc/arm-none-eabi/9.2.1/../../../../arm-none-eabi/lib/thumb/v7e-m/nofp\libc.a(lib_a-findfp.o)
                0x0002fe50                __sinit
 .text.__sfp    0x0002fea4       0xa4 c:/ti/ccs1220/ccs/tools/compiler/gcc-arm-none-eabi-9-2019-q4-major/bin/../lib/gcc/arm-none-eabi/9.2.1/../../../../arm-none-eabi/lib/thumb/v7e-m/nofp\libc.a(lib_a-findfp.o)
                0x0002fea4                __sfp
 .text.__sfp_lock_acquire
                0x0002ff48        0xc c:/ti/ccs1220/ccs/tools/compiler/gcc-arm-none-eabi-9-2019-q4-major/bin/../lib/gcc/arm-none-eabi/9.2.1/../../../../arm-none-eabi/lib/thumb/v7e-m/nofp\libc.a(lib_a-findfp.o)
                0x0002ff48                __sfp_lock_acquire
 .text.__sfp_lock_release
                0x0002ff54        0xc c:/ti/ccs1220/ccs/tools/compiler/gcc-arm-none-eabi-9-2019-q4-major/bin/../lib/gcc/arm-none-eabi/9.2.1/../../../../arm-none-eabi/lib/thumb/v7e-m/nofp\libc.a(lib_a-findfp.o)
                0x0002ff54                __sfp_lock_release
 .text.__sinit_lock_acquire
                0x0002ff60        0xc c:/ti/ccs1220/ccs/tools/compiler/gcc-arm-none-eabi-9-2019-q4-major/bin/../lib/gcc/arm-none-eabi/9.2.1/../../../../arm-none-eabi/lib/thumb/v7e-m/nofp\libc.a(lib_a-findfp.o)
                0x0002ff60                __sinit_lock_acquire
 .text.__sinit_lock_release
                0x0002ff6c        0xc c:/ti/ccs1220/ccs/tools/compiler/gcc-arm-none-eabi-9-2019-q4-major/bin/../lib/gcc/arm-none-eabi/9.2.1/../../../../arm-none-eabi/lib/thumb/v7e-m/nofp\libc.a(lib_a-findfp.o)
                0x0002ff6c                __sinit_lock_release
 .text.__fp_lock_all
                0x0002ff78       0x24 c:/ti/ccs1220/ccs/tools/compiler/gcc-arm-none-eabi-9-2019-q4-major/bin/../lib/gcc/arm-none-eabi/9.2.1/../../../../arm-none-eabi/lib/thumb/v7e-m/nofp\libc.a(lib_a-findfp.o)
                0x0002ff78                __fp_lock_all
 .text.__fp_unlock_all
                0x0002ff9c       0x24 c:/ti/ccs1220/ccs/tools/compiler/gcc-arm-none-eabi-9-2019-q4-major/bin/../lib/gcc/arm-none-eabi/9.2.1/../../../../arm-none-eabi/lib/thumb/v7e-m/nofp\libc.a(lib_a-findfp.o)
                0x0002ff9c                __fp_unlock_all
 .text.__libc_fini_array
                0x0002ffc0       0x2c c:/ti/ccs1220/ccs/tools/compiler/gcc-arm-none-eabi-9-2019-q4-major/bin/../lib/gcc/arm-none-eabi/9.2.1/../../../../arm-none-eabi/lib/thumb/v7e-m/nofp\libc.a(lib_a-fini.o)
                0x0002ffc0                __libc_fini_array
 .text._malloc_trim_r
                0x0002ffec       0xa0 c:/ti/ccs1220/ccs/tools/compiler/gcc-arm-none-eabi-9-2019-q4-major/bin/../lib/gcc/arm-none-eabi/9.2.1/../../../../arm-none-eabi/lib/thumb/v7e-m/nofp\libc.a(lib_a-freer.o)
                0x0002ffec                _malloc_trim_r
 .text._free_r  0x0003008c      0x208 c:/ti/ccs1220/ccs/tools/compiler/gcc-arm-none-eabi-9-2019-q4-major/bin/../lib/gcc/arm-none-eabi/9.2.1/../../../../arm-none-eabi/lib/thumb/v7e-m/nofp\libc.a(lib_a-freer.o)
                0x0003008c                _free_r
 .text.__sfvwrite_r
                0x00030294      0x2e0 c:/ti/ccs1220/ccs/tools/compiler/gcc-arm-none-eabi-9-2019-q4-major/bin/../lib/gcc/arm-none-eabi/9.2.1/../../../../arm-none-eabi/lib/thumb/v7e-m/nofp\libc.a(lib_a-fvwrite.o)
                0x00030294                __sfvwrite_r
 .text._fwalk   0x00030574       0x40 c:/ti/ccs1220/ccs/tools/compiler/gcc-arm-none-eabi-9-2019-q4-major/bin/../lib/gcc/arm-none-eabi/9.2.1/../../../../arm-none-eabi/lib/thumb/v7e-m/nofp\libc.a(lib_a-fwalk.o)
                0x00030574                _fwalk
 .text._fwalk_reent
                0x000305b4       0x48 c:/ti/ccs1220/ccs/tools/compiler/gcc-arm-none-eabi-9-2019-q4-major/bin/../lib/gcc/arm-none-eabi/9.2.1/../../../../arm-none-eabi/lib/thumb/v7e-m/nofp\libc.a(lib_a-fwalk.o)
                0x000305b4                _fwalk_reent
 .text.__localeconv_l
                0x000305fc        0x4 c:/ti/ccs1220/ccs/tools/compiler/gcc-arm-none-eabi-9-2019-q4-major/bin/../lib/gcc/arm-none-eabi/9.2.1/../../../../arm-none-eabi/lib/thumb/v7e-m/nofp\libc.a(lib_a-localeconv.o)
                0x000305fc                __localeconv_l
 .text._localeconv_r
                0x00030600        0x8 c:/ti/ccs1220/ccs/tools/compiler/gcc-arm-none-eabi-9-2019-q4-major/bin/../lib/gcc/arm-none-eabi/9.2.1/../../../../arm-none-eabi/lib/thumb/v7e-m/nofp\libc.a(lib_a-localeconv.o)
                0x00030600                _localeconv_r
 .text.localeconv
                0x00030608        0x8 c:/ti/ccs1220/ccs/tools/compiler/gcc-arm-none-eabi-9-2019-q4-major/bin/../lib/gcc/arm-none-eabi/9.2.1/../../../../arm-none-eabi/lib/thumb/v7e-m/nofp\libc.a(lib_a-localeconv.o)
                0x00030608                localeconv
 .text.__retarget_lock_init
                0x00030610        0x4 c:/ti/ccs1220/ccs/tools/compiler/gcc-arm-none-eabi-9-2019-q4-major/bin/../lib/gcc/arm-none-eabi/9.2.1/../../../../arm-none-eabi/lib/thumb/v7e-m/nofp\libc.a(lib_a-lock.o)
                0x00030610                __retarget_lock_init
 .text.__retarget_lock_init_recursive
                0x00030614        0x4 c:/ti/ccs1220/ccs/tools/compiler/gcc-arm-none-eabi-9-2019-q4-major/bin/../lib/gcc/arm-none-eabi/9.2.1/../../../../arm-none-eabi/lib/thumb/v7e-m/nofp\libc.a(lib_a-lock.o)
                0x00030614                __retarget_lock_init_recursive
 .text.__retarget_lock_close
                0x00030618        0x4 c:/ti/ccs1220/ccs/tools/compiler/gcc-arm-none-eabi-9-2019-q4-major/bin/../lib/gcc/arm-none-eabi/9.2.1/../../../../arm-none-eabi/lib/thumb/v7e-m/nofp\libc.a(lib_a-lock.o)
                0x00030618                __retarget_lock_close
 .text.__retarget_lock_close_recursive
                0x0003061c        0x4 c:/ti/ccs1220/ccs/tools/compiler/gcc-arm-none-eabi-9-2019-q4-major/bin/../lib/gcc/arm-none-eabi/9.2.1/../../../../arm-none-eabi/lib/thumb/v7e-m/nofp\libc.a(lib_a-lock.o)
                0x0003061c                __retarget_lock_close_recursive
 .text.__retarget_lock_acquire
                0x00030620        0x4 c:/ti/ccs1220/ccs/tools/compiler/gcc-arm-none-eabi-9-2019-q4-major/bin/../lib/gcc/arm-none-eabi/9.2.1/../../../../arm-none-eabi/lib/thumb/v7e-m/nofp\libc.a(lib_a-lock.o)
                0x00030620                __retarget_lock_acquire
 .text.__retarget_lock_acquire_recursive
                0x00030624        0x4 c:/ti/ccs1220/ccs/tools/compiler/gcc-arm-none-eabi-9-2019-q4-major/bin/../lib/gcc/arm-none-eabi/9.2.1/../../../../arm-none-eabi/lib/thumb/v7e-m/nofp\libc.a(lib_a-lock.o)
                0x00030624                __retarget_lock_acquire_recursive
 .text.__retarget_lock_try_acquire
                0x00030628        0x4 c:/ti/ccs1220/ccs/tools/compiler/gcc-arm-none-eabi-9-2019-q4-major/bin/../lib/gcc/arm-none-eabi/9.2.1/../../../../arm-none-eabi/lib/thumb/v7e-m/nofp\libc.a(lib_a-lock.o)
                0x00030628                __retarget_lock_try_acquire
 .text.__retarget_lock_try_acquire_recursive
                0x0003062c        0x4 c:/ti/ccs1220/ccs/tools/compiler/gcc-arm-none-eabi-9-2019-q4-major/bin/../lib/gcc/arm-none-eabi/9.2.1/../../../../arm-none-eabi/lib/thumb/v7e-m/nofp\libc.a(lib_a-lock.o)
                0x0003062c                __retarget_lock_try_acquire_recursive
 .text.__retarget_lock_release
                0x00030630        0x4 c:/ti/ccs1220/ccs/tools/compiler/gcc-arm-none-eabi-9-2019-q4-major/bin/../lib/gcc/arm-none-eabi/9.2.1/../../../../arm-none-eabi/lib/thumb/v7e-m/nofp\libc.a(lib_a-lock.o)
                0x00030630                __retarget_lock_release
 .text.__retarget_lock_release_recursive
                0x00030634        0x4 c:/ti/ccs1220/ccs/tools/compiler/gcc-arm-none-eabi-9-2019-q4-major/bin/../lib/gcc/arm-none-eabi/9.2.1/../../../../arm-none-eabi/lib/thumb/v7e-m/nofp\libc.a(lib_a-lock.o)
                0x00030634                __retarget_lock_release_recursive
 .text.__swhatbuf_r
                0x00030638       0x5c c:/ti/ccs1220/ccs/tools/compiler/gcc-arm-none-eabi-9-2019-q4-major/bin/../lib/gcc/arm-none-eabi/9.2.1/../../../../arm-none-eabi/lib/thumb/v7e-m/nofp\libc.a(lib_a-makebuf.o)
                0x00030638                __swhatbuf_r
 .text.__smakebuf_r
                0x00030694       0x98 c:/ti/ccs1220/ccs/tools/compiler/gcc-arm-none-eabi-9-2019-q4-major/bin/../lib/gcc/arm-none-eabi/9.2.1/../../../../arm-none-eabi/lib/thumb/v7e-m/nofp\libc.a(lib_a-makebuf.o)
                0x00030694                __smakebuf_r
 .text._malloc_r
                0x0003072c      0x574 c:/ti/ccs1220/ccs/tools/compiler/gcc-arm-none-eabi-9-2019-q4-major/bin/../lib/gcc/arm-none-eabi/9.2.1/../../../../arm-none-eabi/lib/thumb/v7e-m/nofp\libc.a(lib_a-mallocr.o)
                0x0003072c                _malloc_r
 .text.memmove  0x00030ca0       0xd8 c:/ti/ccs1220/ccs/tools/compiler/gcc-arm-none-eabi-9-2019-q4-major/bin/../lib/gcc/arm-none-eabi/9.2.1/../../../../arm-none-eabi/lib/thumb/v7e-m/nofp\libc.a(lib_a-memmove.o)
                0x00030ca0                memmove
 .text.__malloc_lock
                0x00030d78        0xc c:/ti/ccs1220/ccs/tools/compiler/gcc-arm-none-eabi-9-2019-q4-major/bin/../lib/gcc/arm-none-eabi/9.2.1/../../../../arm-none-eabi/lib/thumb/v7e-m/nofp\libc.a(lib_a-mlock.o)
                0x00030d78                __malloc_lock
 .text.__malloc_unlock
                0x00030d84        0xc c:/ti/ccs1220/ccs/tools/compiler/gcc-arm-none-eabi-9-2019-q4-major/bin/../lib/gcc/arm-none-eabi/9.2.1/../../../../arm-none-eabi/lib/thumb/v7e-m/nofp\libc.a(lib_a-mlock.o)
                0x00030d84                __malloc_unlock
 .text._Balloc  0x00030d90       0x4c c:/ti/ccs1220/ccs/tools/compiler/gcc-arm-none-eabi-9-2019-q4-major/bin/../lib/gcc/arm-none-eabi/9.2.1/../../../../arm-none-eabi/lib/thumb/v7e-m/nofp\libc.a(lib_a-mprec.o)
                0x00030d90                _Balloc
 .text._Bfree   0x00030ddc       0x14 c:/ti/ccs1220/ccs/tools/compiler/gcc-arm-none-eabi-9-2019-q4-major/bin/../lib/gcc/arm-none-eabi/9.2.1/../../../../arm-none-eabi/lib/thumb/v7e-m/nofp\libc.a(lib_a-mprec.o)
                0x00030ddc                _Bfree
 .text.__multadd
                0x00030df0       0x80 c:/ti/ccs1220/ccs/tools/compiler/gcc-arm-none-eabi-9-2019-q4-major/bin/../lib/gcc/arm-none-eabi/9.2.1/../../../../arm-none-eabi/lib/thumb/v7e-m/nofp\libc.a(lib_a-mprec.o)
                0x00030df0                __multadd
 .text.__s2b    0x00030e70       0xa0 c:/ti/ccs1220/ccs/tools/compiler/gcc-arm-none-eabi-9-2019-q4-major/bin/../lib/gcc/arm-none-eabi/9.2.1/../../../../arm-none-eabi/lib/thumb/v7e-m/nofp\libc.a(lib_a-mprec.o)
                0x00030e70                __s2b
 .text.__hi0bits
                0x00030f10       0x40 c:/ti/ccs1220/ccs/tools/compiler/gcc-arm-none-eabi-9-2019-q4-major/bin/../lib/gcc/arm-none-eabi/9.2.1/../../../../arm-none-eabi/lib/thumb/v7e-m/nofp\libc.a(lib_a-mprec.o)
                0x00030f10                __hi0bits
 .text.__lo0bits
                0x00030f50       0x60 c:/ti/ccs1220/ccs/tools/compiler/gcc-arm-none-eabi-9-2019-q4-major/bin/../lib/gcc/arm-none-eabi/9.2.1/../../../../arm-none-eabi/lib/thumb/v7e-m/nofp\libc.a(lib_a-mprec.o)
                0x00030f50                __lo0bits
 .text.__i2b    0x00030fb0       0x14 c:/ti/ccs1220/ccs/tools/compiler/gcc-arm-none-eabi-9-2019-q4-major/bin/../lib/gcc/arm-none-eabi/9.2.1/../../../../arm-none-eabi/lib/thumb/v7e-m/nofp\libc.a(lib_a-mprec.o)
                0x00030fb0                __i2b
 .text.__multiply
                0x00030fc4      0x144 c:/ti/ccs1220/ccs/tools/compiler/gcc-arm-none-eabi-9-2019-q4-major/bin/../lib/gcc/arm-none-eabi/9.2.1/../../../../arm-none-eabi/lib/thumb/v7e-m/nofp\libc.a(lib_a-mprec.o)
                0x00030fc4                __multiply
 .text.__pow5mult
                0x00031108       0xa0 c:/ti/ccs1220/ccs/tools/compiler/gcc-arm-none-eabi-9-2019-q4-major/bin/../lib/gcc/arm-none-eabi/9.2.1/../../../../arm-none-eabi/lib/thumb/v7e-m/nofp\libc.a(lib_a-mprec.o)
                0x00031108                __pow5mult
 .text.__lshift
                0x000311a8       0xd4 c:/ti/ccs1220/ccs/tools/compiler/gcc-arm-none-eabi-9-2019-q4-major/bin/../lib/gcc/arm-none-eabi/9.2.1/../../../../arm-none-eabi/lib/thumb/v7e-m/nofp\libc.a(lib_a-mprec.o)
                0x000311a8                __lshift
 .text.__mcmp   0x0003127c       0x3c c:/ti/ccs1220/ccs/tools/compiler/gcc-arm-none-eabi-9-2019-q4-major/bin/../lib/gcc/arm-none-eabi/9.2.1/../../../../arm-none-eabi/lib/thumb/v7e-m/nofp\libc.a(lib_a-mprec.o)
                0x0003127c                __mcmp
 .text.__mdiff  0x000312b8      0x138 c:/ti/ccs1220/ccs/tools/compiler/gcc-arm-none-eabi-9-2019-q4-major/bin/../lib/gcc/arm-none-eabi/9.2.1/../../../../arm-none-eabi/lib/thumb/v7e-m/nofp\libc.a(lib_a-mprec.o)
                0x000312b8                __mdiff
 .text.__ulp    0x000313f0       0x44 c:/ti/ccs1220/ccs/tools/compiler/gcc-arm-none-eabi-9-2019-q4-major/bin/../lib/gcc/arm-none-eabi/9.2.1/../../../../arm-none-eabi/lib/thumb/v7e-m/nofp\libc.a(lib_a-mprec.o)
                0x000313f0                __ulp
 .text.__b2d    0x00031434       0xcc c:/ti/ccs1220/ccs/tools/compiler/gcc-arm-none-eabi-9-2019-q4-major/bin/../lib/gcc/arm-none-eabi/9.2.1/../../../../arm-none-eabi/lib/thumb/v7e-m/nofp\libc.a(lib_a-mprec.o)
                0x00031434                __b2d
 .text.__d2b    0x00031500       0xa8 c:/ti/ccs1220/ccs/tools/compiler/gcc-arm-none-eabi-9-2019-q4-major/bin/../lib/gcc/arm-none-eabi/9.2.1/../../../../arm-none-eabi/lib/thumb/v7e-m/nofp\libc.a(lib_a-mprec.o)
                0x00031500                __d2b
 .text.__ratio  0x000315a8       0x60 c:/ti/ccs1220/ccs/tools/compiler/gcc-arm-none-eabi-9-2019-q4-major/bin/../lib/gcc/arm-none-eabi/9.2.1/../../../../arm-none-eabi/lib/thumb/v7e-m/nofp\libc.a(lib_a-mprec.o)
                0x000315a8                __ratio
 .text._mprec_log10
                0x00031608       0x38 c:/ti/ccs1220/ccs/tools/compiler/gcc-arm-none-eabi-9-2019-q4-major/bin/../lib/gcc/arm-none-eabi/9.2.1/../../../../arm-none-eabi/lib/thumb/v7e-m/nofp\libc.a(lib_a-mprec.o)
                0x00031608                _mprec_log10
 .text.__copybits
                0x00031640       0x48 c:/ti/ccs1220/ccs/tools/compiler/gcc-arm-none-eabi-9-2019-q4-major/bin/../lib/gcc/arm-none-eabi/9.2.1/../../../../arm-none-eabi/lib/thumb/v7e-m/nofp\libc.a(lib_a-mprec.o)
                0x00031640                __copybits
 .text.__any_on
                0x00031688       0x60 c:/ti/ccs1220/ccs/tools/compiler/gcc-arm-none-eabi-9-2019-q4-major/bin/../lib/gcc/arm-none-eabi/9.2.1/../../../../arm-none-eabi/lib/thumb/v7e-m/nofp\libc.a(lib_a-mprec.o)
                0x00031688                __any_on
 .text._realloc_r
                0x000316e8      0x3e0 c:/ti/ccs1220/ccs/tools/compiler/gcc-arm-none-eabi-9-2019-q4-major/bin/../lib/gcc/arm-none-eabi/9.2.1/../../../../arm-none-eabi/lib/thumb/v7e-m/nofp\libc.a(lib_a-reallocr.o)
                0x000316e8                _realloc_r
 .text.frexp    0x00031ac8       0x70 c:/ti/ccs1220/ccs/tools/compiler/gcc-arm-none-eabi-9-2019-q4-major/bin/../lib/gcc/arm-none-eabi/9.2.1/../../../../arm-none-eabi/lib/thumb/v7e-m/nofp\libc.a(lib_a-s_frexp.o)
                0x00031ac8                frexp