Archive member included to satisfy reference by file (symbol)

c:/ti/ccs1220/ccs/tools/compiler/gcc-arm-none-eabi-9-2019-q4-major/bin/../lib/gcc/arm-none-eabi/9.2.1/../../../../arm-none-eabi/lib/thumb/v7e-m/nofp\libc.a(lib_a-exit.o)
                              c:/ti/ccs1220/ccs/tools/compiler/gcc-arm-none-eabi-9-2019-q4-major/bin/../lib/gcc/arm-none-eabi/9.2.1/../../../../arm-none-eabi/lib/thumb/v7e-m/nofp/crt0.o (exit)
c:/ti/ccs1220/ccs/tools/compiler/gcc-arm-none-eabi-9-2019-q4-major/bin/../lib/gcc/arm-none-eabi/9.2.1/../../../../arm-none-eabi/lib/thumb/v7e-m/nofp\libc.a(lib_a-impure.o)
                              c:/ti/ccs1220/ccs/tools/compiler/gcc-arm-none-eabi-9-2019-q4-major/bin/../lib/gcc/arm-none-eabi/9.2.1/../../../../arm-none-eabi/lib/thumb/v7e-m/nofp\libc.a(lib_a-exit.o) (_global_impure_ptr)
c:/ti/ccs1220/ccs/tools/compiler/gcc-arm-none-eabi-9-2019-q4-major/bin/../lib/gcc/arm-none-eabi/9.2.1/../../../../arm-none-eabi/lib/thumb/v7e-m/nofp\libc.a(lib_a-init.o)
                              c:/ti/ccs1220/ccs/tools/compiler/gcc-arm-none-eabi-9-2019-q4-major/bin/../lib/gcc/arm-none-eabi/9.2.1/../../../../arm-none-eabi/lib/thumb/v7e-m/nofp/crt0.o (__libc_init_array)
c:/ti/ccs1220/ccs/tools/compiler/gcc-arm-none-eabi-9-2019-q4-major/bin/../lib/gcc/arm-none-eabi/9.2.1/../../../../arm-none-eabi/lib/thumb/v7e-m/nofp\libc.a(lib_a-memcpy.o)
                              ./Source/FreeRtos/queue.o (memcpy)
c:/ti/ccs1220/ccs/tools/compiler/gcc-arm-none-eabi-9-2019-q4-major/bin/../lib/gcc/arm-none-eabi/9.2.1/../../../../arm-none-eabi/lib/thumb/v7e-m/nofp\libc.a(lib_a-memset.o)
                              c:/ti/ccs1220/ccs/tools/compiler/gcc-arm-none-eabi-9-2019-q4-major/bin/../lib/gcc/arm-none-eabi/9.2.1/../../../../arm-none-eabi/lib/thumb/v7e-m/nofp/crt0.o (memset)
c:/ti/ccs1220/ccs/tools/compiler/gcc-arm-none-eabi-9-2019-q4-major/bin/../lib/gcc/arm-none-eabi/9.2.1/../../../../arm-none-eabi/lib/thumb/v7e-m/nofp\libc.a(lib_a-printf.o)
                              ./Source/FreeRtos/tasks.o (printf)
c:/ti/ccs1220/ccs/tools/compiler/gcc-arm-none-eabi-9-2019-q4-major/bin/../lib/gcc/arm-none-eabi/9.2.1/../../../../arm-none-eabi/lib/thumb/v7e-m/nofp\libc.a(lib_a-puts.o)
                              ./Source/FreeRtos/tasks.o (puts)
c:/ti/ccs1220/ccs/tools/compiler/gcc-arm-none-eabi-9-2019-q4-major/bin/../lib/gcc/arm-none-eabi/9.2.1/../../../../arm-none-eabi/lib/thumb/v7e-m/nofp\libc.a(lib_a-strlen.o)
                              c:/ti/ccs1220/ccs/tools/compiler/gcc-arm-none-eabi-9-2019-q4-major/bin/../lib/gcc/arm-none-eabi/9.2.1/../../../../arm-none-eabi/lib/thumb/v7e-m/nofp\libc.a(lib_a-puts.o) (strlen)
c:/ti/ccs1220/ccs/tools/compiler/gcc-arm-none-eabi-9-2019-q4-major/bin/../lib/gcc/arm-none-eabi/9.2.1/../../../../arm-none-eabi/lib/thumb/v7e-m/nofp\libc.a(lib_a-vfprintf.o)
                              c:/ti/ccs1220/ccs/tools/compiler/gcc-arm-none-eabi-9-2019-q4-major/bin/../lib/gcc/arm-none-eabi/9.2.1/../../../../arm-none-eabi/lib/thumb/v7e-m/nofp\libc.a(lib_a-printf.o) (_vfprintf_r)
c:/ti/ccs1220/ccs/tools/compiler/gcc-arm-none-eabi-9-2019-q4-major/bin/../lib/gcc/arm-none-eabi/9.2.1/../../../../arm-none-eabi/lib/thumb/v7e-m/nofp\libc.a(lib_a-wsetup.o)
                              c:/ti/ccs1220/ccs/tools/compiler/gcc-arm-none-eabi-9-2019-q4-major/bin/../lib/gcc/arm-none-eabi/9.2.1/../../../../arm-none-eabi/lib/thumb/v7e-m/nofp\libc.a(lib_a-vfprintf.o) (__swsetup_r)
c:/ti/ccs1220/ccs/tools/compiler/gcc-arm-none-eabi-9-2019-q4-major/bin/../lib/gcc/arm-none-eabi/9.2.1/../../../../arm-none-eabi/lib/thumb/v7e-m/nofp\libc.a(lib_a-__call_atexit.o)
                              c:/ti/ccs1220/ccs/tools/compiler/gcc-arm-none-eabi-9-2019-q4-major/bin/../lib/gcc/arm-none-eabi/9.2.1/../../../../arm-none-eabi/lib/thumb/v7e-m/nofp\libc.a(lib_a-exit.o) (__call_exitprocs)
c:/ti/ccs1220/ccs/tools/compiler/gcc-arm-none-eabi-9-2019-q4-major/bin/../lib/gcc/arm-none-eabi/9.2.1/../../../../arm-none-eabi/lib/thumb/v7e-m/nofp\libc.a(lib_a-atexit.o)
                              c:/ti/ccs1220/ccs/tools/compiler/gcc-arm-none-eabi-9-2019-q4-major/bin/../lib/gcc/arm-none-eabi/9.2.1/../../../../arm-none-eabi/lib/thumb/v7e-m/nofp\libc.a(lib_a-__call_atexit.o) (atexit)
c:/ti/ccs1220/ccs/tools/compiler/gcc-arm-none-eabi-9-2019-q4-major/bin/../lib/gcc/arm-none-eabi/9.2.1/../../../../arm-none-eabi/lib/thumb/v7e-m/nofp\libc.a(lib_a-dtoa.o)
                              c:/ti/ccs1220/ccs/tools/compiler/gcc-arm-none-eabi-9-2019-q4-major/bin/../lib/gcc/arm-none-eabi/9.2.1/../../../../arm-none-eabi/lib/thumb/v7e-m/nofp\libc.a(lib_a-vfprintf.o) (_dtoa_r)
c:/ti/ccs1220/ccs/tools/compiler/gcc-arm-none-eabi-9-2019-q4-major/bin/../lib/gcc/arm-none-eabi/9.2.1/../../../../arm-none-eabi/lib/thumb/v7e-m/nofp\libc.a(lib_a-fflush.o)
                              c:/ti/ccs1220/ccs/tools/compiler/gcc-arm-none-eabi-9-2019-q4-major/bin/../lib/gcc/arm-none-eabi/9.2.1/../../../../arm-none-eabi/lib/thumb/v7e-m/nofp\libc.a(lib_a-vfprintf.o) (_fflush_r)
[...]
Memory Configuration

Name             Origin             Length             Attributes
ROM              0x00020000         0x00020000         xr
RAM              0x20002000         0x00006000         xrw
*default*        0x00000000         0xffffffff

Linker script and memory map

LOAD c:/ti/ccs1220/ccs/tools/compiler/gcc-arm-none-eabi-9-2019-q4-major/bin/../lib/gcc/arm-none-eabi/9.2.1/thumb/v7e-m/nofp/crti.o
LOAD c:/ti/ccs1220/ccs/tools/compiler/gcc-arm-none-eabi-9-2019-q4-major/bin/../lib/gcc/arm-none-eabi/9.2.1/thumb/v7e-m/nofp/crtbegin.o
LOAD c:/ti/ccs1220/ccs/tools/compiler/gcc-arm-none-eabi-9-2019-q4-major/bin/../lib/gcc/arm-none-eabi/9.2.1/../../../../arm-none-eabi/lib/thumb/v7e-m/nofp/crt0.o
LOAD ./Source/App/Main/main.o
LOAD ./Source/BSP/bsp.o
LOAD ./Source/BSP/startup_tm4c_gnu.o
LOAD ./Source/Driver/ADC/ADC_Driver.o
LOAD ./Source/Driver/CAN/CAN_Driver.o
LOAD ./Source/Driver/GPIO/GPIOdriver.o
LOAD ./Source/Driver/I2C/I2C.o
LOAD ./Source/Driver/LCD/LCD.o
LOAD ./Source/Driver/SPI/SPI.o
LOAD ./Source/Driver/Timer/Timer.o
LOAD ./Source/Driver/Timer/timercnter.o
LOAD ./Source/Driver/UART/UART.o
LOAD ./Source/FreeRtos/croutine.o
LOAD ./Source/FreeRtos/event_groups.o
LOAD ./Source/FreeRtos/list.o
LOAD ./Source/FreeRtos/queue.o
LOAD ./Source/FreeRtos/stream_buffer.o
LOAD ./Source/FreeRtos/tasks.o
LOAD ./Source/FreeRtos/timers.o
LOAD ./Source/FreeRtos/portable/Common/mpu_wrappers.o
LOAD ./Source/FreeRtos/portable/GCC/ARM_CM4F/port.o
LOAD ./Source/FreeRtos/portable/MemMang/heap_2.o
LOAD ./Source/Middleware/MCP3208/MCP3208.o
LOAD ./Source/Middleware/OLED_SSD1306/SSD1306.o
LOAD ./Source/Middleware/RTC_DS3231/DS3231.o
                0x00001000                STACK_SIZE = 0x1000
                0x00001000                HEAP_SIZE = 0x1000

.isr_vector     0x00020000      0x26c
 *(.isr_vector)
 .isr_vector    0x00020000      0x26c ./Source/BSP/startup_tm4c_gnu.o
                0x00020000                g_pfnVectors
                0x0002026c                . = ALIGN (0x4)

.eh_frame       0x0002026c        0x4
 .eh_frame      0x0002026c        0x0 c:/ti/ccs1220/ccs/tools/compiler/gcc-arm-none-eabi-9-2019-q4-major/bin/../lib/gcc/arm-none-eabi/9.2.1/thumb/v7e-m/nofp/crtbegin.o
 .eh_frame      0x0002026c        0x4 c:/ti/ccs1220/ccs/tools/compiler/gcc-arm-none-eabi-9-2019-q4-major/bin/../lib/gcc/arm-none-eabi/9.2.1/thumb/v7e-m/nofp/crtend.o

.ARM.extab      0x00020270        0x0
 .ARM.extab     0x00020270        0x0 c:/ti/ccs1220/ccs/tools/compiler/gcc-arm-none-eabi-9-2019-q4-major/bin/../lib/gcc/arm-none-eabi/9.2.1/../../../../arm-none-eabi/lib/thumb/v7e-m/nofp/crt0.o

.ARM.exidx      0x00020270        0x8
 .ARM.exidx     0x00020270        0x8 c:/ti/ccs1220/ccs/tools/compiler/gcc-arm-none-eabi-9-2019-q4-major/bin/../lib/gcc/arm-none-eabi/9.2.1/../../../../arm-none-eabi/lib/thumb/v7e-m/nofp/crt0.o

.text           0x00020280    0x11e20
                0x00020280                . = ALIGN (0x4)
 *(.text)
 .text          0x00020280        0x0 c:/ti/ccs1220/ccs/tools/compiler/gcc-arm-none-eabi-9-2019-q4-major/bin/../lib/gcc/arm-none-eabi/9.2.1/thumb/v7e-m/nofp/crti.o
 .text          0x00020280       0x40 c:/ti/ccs1220/ccs/tools/compiler/gcc-arm-none-eabi-9-2019-q4-major/bin/../lib/gcc/arm-none-eabi/9.2.1/thumb/v7e-m/nofp/crtbegin.o
 .text          0x000202c0       0x74 c:/ti/ccs1220/ccs/tools/compiler/gcc-arm-none-eabi-9-2019-q4-major/bin/../lib/gcc/arm-none-eabi/9.2.1/../../../../arm-none-eabi/lib/thumb/v7e-m/nofp/crt0.o
                0x000202c0                _start
                0x000202c0                _mainCRTStartup
 .text          0x00020334        0x0 ./Source/App/Main/main.o
 .text          0x00020334        0x0 ./Source/BSP/bsp.o
 .text          0x00020334        0x0 ./Source/BSP/startup_tm4c_gnu.o
 .text          0x00020334        0x0 ./Source/Driver/ADC/ADC_Driver.o
 .text          0x00020334        0x0 ./Source/Driver/CAN/CAN_Driver.o
 .text          0x00020334        0x0 ./Source/Driver/GPIO/GPIOdriver.o
 .text          0x00020334        0x0 ./Source/Driver/I2C/I2C.o
 .text          0x00020334        0x0 ./Source/Driver/LCD/LCD.o
 .text          0x00020334        0x0 ./Source/Driver/SPI/SPI.o
 .text          0x00020334        0x0 ./Source/Driver/Timer/Timer.o
 .text          0x00020334        0x0 ./Source/Driver/Timer/timercnter.o
 .text          0x00020334        0x0 ./Source/Driver/UART/UART.o
 .text          0x00020334        0x0 ./Source/FreeRtos/croutine.o
 .text          0x00020334        0x0 ./Source/FreeRtos/event_groups.o
 .text          0x00020334        0x0 ./Source/FreeRtos/list.o
 .text          0x00020334        0x0 ./Source/FreeRtos/queue.o
 .text          0x00020334        0x0 ./Source/FreeRtos/stream_buffer.o
 .text          0x00020334        0x0 ./Source/FreeRtos/tasks.o
 .text          0x00020334        0x0 ./Source/FreeRtos/timers.o
 .text          0x00020334        0x0 ./Source/FreeRtos/portable/Common/mpu_wrappers.o
 .text          0x00020334        0x0 ./Source/FreeRtos/portable/GCC/ARM_CM4F/port.o
 .text          0x00020334        0x0 ./Source/FreeRtos/portable/MemMang/heap_2.o
 .text          0x00020334        0x0 ./Source/Middleware/MCP3208/MCP3208.o
 .text          0x00020334        0x0 ./Source/Middleware/OLED_SSD1306/SSD1306.o
 .text          0x00020334        0x0 ./Source/Middleware/RTC_DS3231/DS3231.o
 .text          0x00020334        0x0 c:/ti/ccs1220/ccs/tools/compiler/gcc-arm-none-eabi-9-2019-q4-major/bin/../lib/gcc/arm-none-eabi/9.2.1/../../../../arm-none-eabi/lib/thumb/v7e-m/nofp\libc.a(lib_a-exit.o)
 .text          0x00020334        0x0 c:/ti/ccs1220/ccs/tools/compiler/gcc-arm-none-eabi-9-2019-q4-major/bin/../lib/gcc/arm-none-eabi/9.2.1/../../../../arm-none-eabi/lib/thumb/v7e-m/nofp\libc.a(lib_a-impure.o)
 .text          0x00020334        0x0 c:/ti/ccs1220/ccs/tools/compiler/gcc-arm-none-eabi-9-2019-q4-major/bin/../lib/gcc/arm-none-eabi/9.2.1/../../../../arm-none-eabi/lib/thumb/v7e-m/nofp\libc.a(lib_a-init.o)
 .text          0x00020334      0x134 c:/ti/ccs1220/ccs/tools/compiler/gcc-arm-none-eabi-9-2019-q4-major/bin/../lib/gcc/arm-none-eabi/9.2.1/../../../../arm-none-eabi/lib/thumb/v7e-m/nofp\libc.a(lib_a-memcpy.o)
                0x00020334                memcpy
 .text          0x00020468        0x0 c:/ti/ccs1220/ccs/tools/compiler/gcc-arm-none-eabi-9-2019-q4-major/bin/../lib/gcc/arm-none-eabi/9.2.1/../../../../arm-none-eabi/lib/thumb/v7e-m/nofp\libc.a(lib_a-memset.o)
 .text          0x00020468        0x0 c:/ti/ccs1220/ccs/tools/compiler/gcc-arm-none-eabi-9-2019-q4-major/bin/../lib/gcc/arm-none-eabi/9.2.1/../../../../arm-none-eabi/lib/thumb/v7e-m/nofp\libc.a(lib_a-printf.o)
 .text          0x00020468        0x0 c:/ti/ccs1220/ccs/tools/compiler/gcc-arm-none-eabi-9-2019-q4-major/bin/../lib/gcc/arm-none-eabi/9.2.1/../../../../arm-none-eabi/lib/thumb/v7e-m/nofp\libc.a(lib_a-puts.o)
 *fill*         0x00020468       0x18 
 .text          0x00020480       0xdc c:/ti/ccs1220/ccs/tools/compiler/gcc-arm-none-eabi-9-2019-q4-major/bin/../lib/gcc/arm-none-eabi/9.2.1/../../../../arm-none-eabi/lib/thumb/v7e-m/nofp\libc.a(lib_a-strlen.o)
                0x00020480                strlen
 .text          0x0002055c        0x0 c:/ti/ccs1220/ccs/tools/compiler/gcc-arm-none-eabi-9-2019-q4-major/bin/../lib/gcc/arm-none-eabi/9.2.1/../../../../arm-none-eabi/lib/thumb/v7e-m/nofp\libc.a(lib_a-vfprintf.o)
 .text          0x0002055c        0x0 c:/ti/ccs1220/ccs/tools/compiler/gcc-arm-none-eabi-9-2019-q4-major/bin/../lib/gcc/arm-none-eabi/9.2.1/../../../../arm-none-eabi/lib/thumb/v7e-m/nofp\libc.a(lib_a-wsetup.o)
 .text          0x0002055c        0x0 c:/ti/ccs1220/ccs/tools/compiler/gcc-arm-none-eabi-9-2019-q4-major/bin/../lib/gcc/arm-none-eabi/9.2.1/../../../../arm-none-eabi/lib/thumb/v7e-m/nofp\libc.a(lib_a-__call_atexit.o)
 .text          0x0002055c        0x0 c:/ti/ccs1220/ccs/tools/compiler/gcc-arm-none-eabi-9-2019-q4-major/bin/../lib/gcc/arm-none-eabi/9.2.1/../../../../arm-none-eabi/lib/thumb/v7e-m/nofp\libc.a(lib_a-atexit.o)
 .text          0x0002055c        0x0 c:/ti/ccs1220/ccs/tools/compiler/gcc-arm-none-eabi-9-2019-q4-major/bin/../lib/gcc/arm-none-eabi/9.2.1/../../../../arm-none-eabi/lib/thumb/v7e-m/nofp\libc.a(lib_a-dtoa.o)
 .text          0x0002055c        0x0 c:/ti/ccs1220/ccs/tools/compiler/gcc-arm-none-eabi-9-2019-q4-major/bin/../lib/gcc/arm-none-eabi/9.2.1/../../../../arm-none-eabi/lib/thumb/v7e-m/nofp\libc.a(lib_a-fflush.o)
 .text          0x0002055c        0x0 c:/ti/ccs1220/ccs/tools/compiler/gcc-arm-none-eabi-9-2019-q4-major/bin/../lib/gcc/arm-none-eabi/9.2.1/../../../../arm-none-eabi/lib/thumb/v7e-m/nofp\libc.a(lib_a-findfp.o)
 .text          0x0002055c        0x0 c:/ti/ccs1220/ccs/tools/compiler/gcc-arm-none-eabi-9-2019-q4-major/bin/../lib/gcc/arm-none-eabi/9.2.1/../../../../arm-none-eabi/lib/thumb/v7e-m/nofp\libc.a(lib_a-fini.o)
 .text          0x0002055c        0x0 c:/ti/ccs1220/ccs/tools/compiler/gcc-arm-none-eabi-9-2019-q4-major/bin/../lib/gcc/arm-none-eabi/9.2.1/../../../../arm-none-eabi/lib/thumb/v7e-m/nofp\libc.a(lib_a-freer.o)
 .text          0x0002055c        0x0 c:/ti/ccs1220/ccs/tools/compiler/gcc-arm-none-eabi-9-2019-q4-major/bin/../lib/gcc/arm-none-eabi/9.2.1/../../../../arm-none-eabi/lib/thumb/v7e-m/nofp\libc.a(lib_a-fvwrite.o)
 .text          0x0002055c        0x0 c:/ti/ccs1220/ccs/tools/compiler/gcc-arm-none-eabi-9-2019-q4-major/bin/../lib/gcc/arm-none-eabi/9.2.1/../../../../arm-none-eabi/lib/thumb/v7e-m/nofp\libc.a(lib_a-fwalk.o)
 .text          0x0002055c        0x0 c:/ti/ccs1220/ccs/tools/compiler/gcc-arm-none-eabi-9-2019-q4-major/bin/../lib/gcc/arm-none-eabi/9.2.1/../../../../arm-none-eabi/lib/thumb/v7e-m/nofp\libc.a(lib_a-localeconv.o)
 .text          0x0002055c        0x0 c:/ti/ccs1220/ccs/tools/compiler/gcc-arm-none-eabi-9-2019-q4-major/bin/../lib/gcc/arm-none-eabi/9.2.1/../../../../arm-none-eabi/lib/thumb/v7e-m/nofp\libc.a(lib_a-lock.o)
 .text          0x0002055c        0x0 c:/ti/ccs1220/ccs/tools/compiler/gcc-arm-none-eabi-9-2019-q4-major/bin/../lib/gcc/arm-none-eabi/9.2.1/../../../../arm-none-eabi/lib/thumb/v7e-m/nofp\libc.a(lib_a-makebuf.o)
 .text          0x0002055c        0x0 c:/ti/ccs1220/ccs/tools/compiler/gcc-arm-none-eabi-9-2019-q4-major/bin/../lib/gcc/arm-none-eabi/9.2.1/../../../../arm-none-eabi/lib/thumb/v7e-m/nofp\libc.a(lib_a-mallocr.o)
 *fill*         0x0002055c        0x4 
 .text          0x00020560       0xa0 c:/ti/ccs1220/ccs/tools/compiler/gcc-arm-none-eabi-9-2019-q4-major/bin/../lib/gcc/arm-none-eabi/9.2.1/../../../../arm-none-eabi/lib/thumb/v7e-m/nofp\libc.a(lib_a-memchr.o)
                0x00020560                memchr
 .text          0x00020600        0x0 c:/ti/ccs1220/ccs/tools/compiler/gcc-arm-none-eabi-9-2019-q4-major/bin/../lib/gcc/arm-none-eabi/9.2.1/../../../../arm-none-eabi/lib/thumb/v7e-m/nofp\libc.a(lib_a-memmove.o)
 .text          0x00020600        0x0 c:/ti/ccs1220/ccs/tools/compiler/gcc-arm-none-eabi-9-2019-q4-major/bin/../lib/gcc/arm-none-eabi/9.2.1/../../../../arm-none-eabi/lib/thumb/v7e-m/nofp\libc.a(lib_a-mlock.o)
 .text          0x00020600        0x0 c:/ti/ccs1220/ccs/tools/compiler/gcc-arm-none-eabi-9-2019-q4-major/bin/../lib/gcc/arm-none-eabi/9.2.1/../../../../arm-none-eabi/lib/thumb/v7e-m/nofp\libc.a(lib_a-mprec.o)
 .text          0x00020600        0x0 c:/ti/ccs1220/ccs/tools/compiler/gcc-arm-none-eabi-9-2019-q4-major/bin/../lib/gcc/arm-none-eabi/9.2.1/../../../../arm-none-eabi/lib/thumb/v7e-m/nofp\libc.a(lib_a-reallocr.o)
 .text          0x00020600        0x0 c:/ti/ccs1220/ccs/tools/compiler/gcc-arm-none-eabi-9-2019-q4-major/bin/../lib/gcc/arm-none-eabi/9.2.1/../../../../arm-none-eabi/lib/thumb/v7e-m/nofp\libc.a(lib_a-s_frexp.o)
 .text          0x00020600        0x0 c:/ti/ccs1220/ccs/tools/compiler/gcc-arm-none-eabi-9-2019-q4-major/bin/../lib/gcc/arm-none-eabi/9.2.1/../../../../arm-none-eabi/lib/thumb/v7e-m/nofp\libc.a(lib_a-sbrkr.o)
 .text          0x00020600        0x0 c:/ti/ccs1220/ccs/tools/compiler/gcc-arm-none-eabi-9-2019-q4-major/bin/../lib/gcc/arm-none-eabi/9.2.1/../../../../arm-none-eabi/lib/thumb/v7e-m/nofp\libc.a(lib_a-stdio.o)
 .text          0x00020600        0x0 c:/ti/ccs1220/ccs/tools/compiler/gcc-arm-none-eabi-9-2019-q4-major/bin/../lib/gcc/arm-none-eabi/9.2.1/../../../../arm-none-eabi/lib/thumb/v7e-m/nofp\libc.a(lib_a-strncpy.o)
 .text          0x00020600        0x0 c:/ti/ccs1220/ccs/tools/compiler/gcc-arm-none-eabi-9-2019-q4-major/bin/../lib/gcc/arm-none-eabi/9.2.1/../../../../arm-none-eabi/lib/thumb/v7e-m/nofp\libc.a(lib_a-vfiprintf.o)
 .text          0x00020600        0x0 c:/ti/ccs1220/ccs/tools/compiler/gcc-arm-none-eabi-9-2019-q4-major/bin/../lib/gcc/arm-none-eabi/9.2.1/../../../../arm-none-eabi/lib/thumb/v7e-m/nofp\libc.a(lib_a-writer.o)
 .text          0x00020600        0x0 c:/ti/ccs1220/ccs/tools/compiler/gcc-arm-none-eabi-9-2019-q4-major/bin/../lib/gcc/arm-none-eabi/9.2.1/../../../../arm-none-eabi/lib/thumb/v7e-m/nofp\libc.a(lib_a-__atexit.o)
 .text          0x00020600        0x0 c:/ti/ccs1220/ccs/tools/compiler/gcc-arm-none-eabi-9-2019-q4-major/bin/../lib/gcc/arm-none-eabi/9.2.1/../../../../arm-none-eabi/lib/thumb/v7e-m/nofp\libc.a(lib_a-callocr.o)
 .text          0x00020600        0x0 c:/ti/ccs1220/ccs/tools/compiler/gcc-arm-none-eabi-9-2019-q4-major/bin/../lib/gcc/arm-none-eabi/9.2.1/../../../../arm-none-eabi/lib/thumb/v7e-m/nofp\libc.a(lib_a-closer.o)
 .text          0x00020600        0x0 c:/ti/ccs1220/ccs/tools/compiler/gcc-arm-none-eabi-9-2019-q4-major/bin/../lib/gcc/arm-none-eabi/9.2.1/../../../../arm-none-eabi/lib/thumb/v7e-m/nofp\libc.a(lib_a-fclose.o)
 .text          0x00020600        0x0 c:/ti/ccs1220/ccs/tools/compiler/gcc-arm-none-eabi-9-2019-q4-major/bin/../lib/gcc/arm-none-eabi/9.2.1/../../../../arm-none-eabi/lib/thumb/v7e-m/nofp\libc.a(lib_a-fputwc.o)
 .text          0x00020600        0x0 c:/ti/ccs1220/ccs/tools/compiler/gcc-arm-none-eabi-9-2019-q4-major/bin/../lib/gcc/arm-none-eabi/9.2.1/../../../../arm-none-eabi/lib/thumb/v7e-m/nofp\libc.a(lib_a-fstatr.o)
 .text          0x00020600        0x0 c:/ti/ccs1220/ccs/tools/compiler/gcc-arm-none-eabi-9-2019-q4-major/bin/../lib/gcc/arm-none-eabi/9.2.1/../../../../arm-none-eabi/lib/thumb/v7e-m/nofp\libc.a(lib_a-isattyr.o)
 .text          0x00020600        0x0 c:/ti/ccs1220/ccs/tools/compiler/gcc-arm-none-eabi-9-2019-q4-major/bin/../lib/gcc/arm-none-eabi/9.2.1/../../../../arm-none-eabi/lib/thumb/v7e-m/nofp\libc.a(lib_a-locale.o)
 .text          0x00020600        0x0 c:/ti/ccs1220/ccs/tools/compiler/gcc-arm-none-eabi-9-2019-q4-major/bin/../lib/gcc/arm-none-eabi/9.2.1/../../../../arm-none-eabi/lib/thumb/v7e-m/nofp\libc.a(lib_a-lseekr.o)
 .text          0x00020600        0x0 c:/ti/ccs1220/ccs/tools/compiler/gcc-arm-none-eabi-9-2019-q4-major/bin/../lib/gcc/arm-none-eabi/9.2.1/../../../../arm-none-eabi/lib/thumb/v7e-m/nofp\libc.a(lib_a-mbtowc_r.o)
 .text          0x00020600        0x0 c:/ti/ccs1220/ccs/tools/compiler/gcc-arm-none-eabi-9-2019-q4-major/bin/../lib/gcc/arm-none-eabi/9.2.1/../../../../arm-none-eabi/lib/thumb/v7e-m/nofp\libc.a(lib_a-readr.o)
 .text          0x00020600        0x0 c:/ti/ccs1220/ccs/tools/compiler/gcc-arm-none-eabi-9-2019-q4-major/bin/../lib/gcc/arm-none-eabi/9.2.1/../../../../arm-none-eabi/lib/thumb/v7e-m/nofp\libc.a(lib_a-reent.o)
 .text          0x00020600      0x2dc c:/ti/ccs1220/ccs/tools/compiler/gcc-arm-none-eabi-9-2019-q4-major/bin/../lib/gcc/arm-none-eabi/9.2.1/../../../../arm-none-eabi/lib/thumb/v7e-m/nofp\libc.a(lib_a-strcmp.o)
                0x00020608                strcmp
 .text          0x000208dc        0x0 c:/ti/ccs1220/ccs/tools/compiler/gcc-arm-none-eabi-9-2019-q4-major/bin/../lib/gcc/arm-none-eabi/9.2.1/../../../../arm-none-eabi/lib/thumb/v7e-m/nofp\libc.a(lib_a-wbuf.o)
 .text          0x000208dc        0x0 c:/ti/ccs1220/ccs/tools/compiler/gcc-arm-none-eabi-9-2019-q4-major/bin/../lib/gcc/arm-none-eabi/9.2.1/../../../../arm-none-eabi/lib/thumb/v7e-m/nofp\libc.a(lib_a-wcrtomb.o)
 .text          0x000208dc        0x0 c:/ti/ccs1220/ccs/tools/compiler/gcc-arm-none-eabi-9-2019-q4-major/bin/../lib/gcc/arm-none-eabi/9.2.1/../../../../arm-none-eabi/lib/thumb/v7e-m/nofp\libc.a(lib_a-wctomb_r.o)
 .text          0x000208dc        0x0 c:/ti/ccs1220/ccs/tools/compiler/gcc-arm-none-eabi-9-2019-q4-major/bin/../lib/gcc/arm-none-eabi/9.2.1/../../../../arm-none-eabi/lib/thumb/v7e-m/nofp\libc.a(lib_a-ctype_.o)
 .text          0x000208dc      0x254 c:/ti/ccs1220/ccs/tools/compiler/gcc-arm-none-eabi-9-2019-q4-major/bin/../lib/gcc/arm-none-eabi/9.2.1/thumb/v7e-m/nofp\libgcc.a(_arm_muldf3.o)
 .text          0x00020b30      0x378 c:/ti/ccs1220/ccs/tools/compiler/gcc-arm-none-eabi-9-2019-q4-major/bin/../lib/gcc/arm-none-eabi/9.2.1/thumb/v7e-m/nofp\libgcc.a(_arm_addsubdf3.o)
                0x00020b30                __aeabi_drsub
                0x00020b38                __aeabi_dsub
                0x00020b38                __subdf3
                0x00020b3c                __aeabi_dadd
                0x00020b3c                __adddf3
                0x00020db4                __floatunsidf
                0x00020db4                __aeabi_ui2d
                0x00020dd4                __floatsidf
                0x00020dd4                __aeabi_i2d
                0x00020df8                __aeabi_f2d
                0x00020df8                __extendsfdf2
                0x00020e3c                __floatundidf
                0x00020e3c                __aeabi_ul2d
                0x00020e4c                __floatdidf
                0x00020e4c                __aeabi_l2d
 .text          0x00020ea8      0x424 c:/ti/ccs1220/ccs/tools/compiler/gcc-arm-none-eabi-9-2019-q4-major/bin/../lib/gcc/arm-none-eabi/9.2.1/thumb/v7e-m/nofp\libgcc.a(_arm_muldivdf3.o)
                0x00020ea8                __aeabi_dmul
                0x00020ea8                __muldf3
                0x000210fc                __divdf3
                0x000210fc                __aeabi_ddiv
 .text          0x000212cc      0x110 c:/ti/ccs1220/ccs/tools/compiler/gcc-arm-none-eabi-9-2019-q4-major/bin/../lib/gcc/arm-none-eabi/9.2.1/thumb/v7e-m/nofp\libgcc.a(_arm_cmpdf2.o)
                0x000212cc                __gtdf2
                0x000212cc                __gedf2
                0x000212d4                __ltdf2
                0x000212d4                __ledf2
                0x000212dc                __nedf2
                0x000212dc                __eqdf2
                0x000212dc                __cmpdf2
                0x00021358                __aeabi_cdrcmple
                0x00021368                __aeabi_cdcmpeq
                0x00021368                __aeabi_cdcmple
                0x00021378                __aeabi_dcmpeq
                0x0002138c                __aeabi_dcmplt
                0x000213a0                __aeabi_dcmple
                0x000213b4                __aeabi_dcmpge
                0x000213c8                __aeabi_dcmpgt
 .text          0x000213dc       0x2c c:/ti/ccs1220/ccs/tools/compiler/gcc-arm-none-eabi-9-2019-q4-major/bin/../lib/gcc/arm-none-eabi/9.2.1/thumb/v7e-m/nofp\libgcc.a(_arm_unorddf2.o)
                0x000213dc                __unorddf2
                0x000213dc                __aeabi_dcmpun
 .text          0x00021408       0x50 c:/ti/ccs1220/ccs/tools/compiler/gcc-arm-none-eabi-9-2019-q4-major/bin/../lib/gcc/arm-none-eabi/9.2.1/thumb/v7e-m/nofp\libgcc.a(_arm_fixdfsi.o)
                0x00021408                __aeabi_d2iz
                0x00021408                __fixdfsi
 .text          0x00021458       0xa0 c:/ti/ccs1220/ccs/tools/compiler/gcc-arm-none-eabi-9-2019-q4-major/bin/../lib/gcc/arm-none-eabi/9.2.1/thumb/v7e-m/nofp\libgcc.a(_arm_truncdfsf2.o)
                0x00021458                __truncdfsf2
                0x00021458                __aeabi_d2f
 .text          0x000214f8       0x30 c:/ti/ccs1220/ccs/tools/compiler/gcc-arm-none-eabi-9-2019-q4-major/bin/../lib/gcc/arm-none-eabi/9.2.1/thumb/v7e-m/nofp\libgcc.a(_aeabi_uldivmod.o)
                0x000214f8                __aeabi_uldivmod
 .text          0x00021528      0x2c0 c:/ti/ccs1220/ccs/tools/compiler/gcc-arm-none-eabi-9-2019-q4-major/bin/../lib/gcc/arm-none-eabi/9.2.1/thumb/v7e-m/nofp\libgcc.a(_udivmoddi4.o)
                0x00021528                __udivmoddi4
 .text          0x000217e8        0x4 c:/ti/ccs1220/ccs/tools/compiler/gcc-arm-none-eabi-9-2019-q4-major/bin/../lib/gcc/arm-none-eabi/9.2.1/thumb/v7e-m/nofp\libgcc.a(_dvmd_tls.o)
                0x000217e8                __aeabi_idiv0
                0x000217e8                __aeabi_ldiv0
 .text          0x000217ec        0x0 c:/ti/ccs1220/ccs/tools/compiler/gcc-arm-none-eabi-9-2019-q4-major/bin/../lib/gcc/arm-none-eabi/9.2.1/../../../../arm-none-eabi/lib/thumb/v7e-m/nofp\libnosys.a(close.o)
 .text          0x000217ec        0x0 c:/ti/ccs1220/ccs/tools/compiler/gcc-arm-none-eabi-9-2019-q4-major/bin/../lib/gcc/arm-none-eabi/9.2.1/../../../../arm-none-eabi/lib/thumb/v7e-m/nofp\libnosys.a(fstat.o)
 .text          0x000217ec        0x0 c:/ti/ccs1220/ccs/tools/compiler/gcc-arm-none-eabi-9-2019-q4-major/bin/../lib/gcc/arm-none-eabi/9.2.1/../../../../arm-none-eabi/lib/thumb/v7e-m/nofp\libnosys.a(isatty.o)
 .text          0x000217ec        0x0 c:/ti/ccs1220/ccs/tools/compiler/gcc-arm-none-eabi-9-2019-q4-major/bin/../lib/gcc/arm-none-eabi/9.2.1/../../../../arm-none-eabi/lib/thumb/v7e-m/nofp\libnosys.a(lseek.o)
 .text          0x000217ec        0x0 c:/ti/ccs1220/ccs/tools/compiler/gcc-arm-none-eabi-9-2019-q4-major/bin/../lib/gcc/arm-none-eabi/9.2.1/../../../../arm-none-eabi/lib/thumb/v7e-m/nofp\libnosys.a(read.o)
 .text          0x000217ec        0x0 c:/ti/ccs1220/ccs/tools/compiler/gcc-arm-none-eabi-9-2019-q4-major/bin/../lib/gcc/arm-none-eabi/9.2.1/../../../../arm-none-eabi/lib/thumb/v7e-m/nofp\libnosys.a(sbrk.o)
 .text          0x000217ec        0x0 c:/ti/ccs1220/ccs/tools/compiler/gcc-arm-none-eabi-9-2019-q4-major/bin/../lib/gcc/arm-none-eabi/9.2.1/../../../../arm-none-eabi/lib/thumb/v7e-m/nofp\libnosys.a(write.o)
 .text          0x000217ec        0x0 c:/ti/ccs1220/ccs/tools/compiler/gcc-arm-none-eabi-9-2019-q4-major/bin/../lib/gcc/arm-none-eabi/9.2.1/../../../../arm-none-eabi/lib/thumb/v7e-m/nofp\libnosys.a(_exit.o)
 .text          0x000217ec        0x0 c:/ti/ccs1220/ccs/tools/compiler/gcc-arm-none-eabi-9-2019-q4-major/bin/../lib/gcc/arm-none-eabi/9.2.1/thumb/v7e-m/nofp/crtend.o
 .text          0x000217ec        0x0 c:/ti/ccs1220/ccs/tools/compiler/gcc-arm-none-eabi-9-2019-q4-major/bin/../lib/gcc/arm-none-eabi/9.2.1/thumb/v7e-m/nofp/crtn.o
 *(.text*)
 .text.toggleLed_PF1
                0x000217ec       0x40 ./Source/App/Main/main.o
                0x000217ec                toggleLed_PF1
 .text.toggleLed_PF2
                0x0002182c       0x40 ./Source/App/Main/main.o
                0x0002182c                toggleLed_PF2
 .text.main     0x0002186c       0x9c ./Source/App/Main/main.o
                0x0002186c                main
 .text.NVIC_SystemReset
                0x00021908       0x30 ./Source/BSP/bsp.o
 .text.assert_failed
                0x00021938        0x6 ./Source/BSP/bsp.o
                0x00021938                assert_failed
 *fill*         0x0002193e        0x2 
 .text.BSP_init
                0x00021940       0x28 ./Source/BSP/bsp.o
                0x00021940                BSP_init
 .text.Reset_Handler
                0x00021968       0x74 ./Source/BSP/startup_tm4c_gnu.o
                0x00021968                Reset_Handler
 .text.NMI_Handler
                0x000219dc       0x18 ./Source/BSP/startup_tm4c_gnu.o
                0x000219dc                NMI_Handler
 .text.MemManage_Handler
                0x000219f4       0x1c ./Source/BSP/startup_tm4c_gnu.o
                0x000219f4                MemManage_Handler
 .text.HardFault_Handler
                0x00021a10       0x1c ./Source/BSP/startup_tm4c_gnu.o
                0x00021a10                HardFault_Handler
 .text.BusFault_Handler
                0x00021a2c       0x1c ./Source/BSP/startup_tm4c_gnu.o
                0x00021a2c                BusFault_Handler
 .text.UsageFault_Handler
                0x00021a48       0x20 ./Source/BSP/startup_tm4c_gnu.o
                0x00021a48                UsageFault_Handler
 .text.Default_Handler
                0x00021a68       0x1c ./Source/BSP/startup_tm4c_gnu.o
                0x00021a68                uDMAST_IRQHandler
                0x00021a68                GPIOPortP4_IRQHandler
                0x00021a68                PWM1Gen3_IRQHandler
                0x00021a68                WideTimer5B_IRQHandler
                0x00021a68                DebugMon_Handler
                0x00021a68                QEI2_IRQHandler
                0x00021a68                FlashCtrl_IRQHandler
                0x00021a68                GPIOPortP7_IRQHandler
                0x00021a68                Timer0B_IRQHandler
                0x00021a68                I2C0_IRQHandler
                0x00021a68                WideTimer4B_IRQHandler
                0x00021a68                I2C1_IRQHandler
                0x00021a68                GPIOPortP5_IRQHandler
                0x00021a68                PWMGen0_IRQHandler
                0x00021a68                UART1_IRQHandler
                0x00021a68                CAN1_IRQHandler
                0x00021a68                Timer1B_IRQHandler
                0x00021a68                Watchdog_IRQHandler
                0x00021a68                GPIOPortS_IRQHandler
                0x00021a68                GPIOPortQ7_IRQHandler
                0x00021a68                PWM1Gen2_IRQHandler
                0x00021a68                UART0_IRQHandler
                0x00021a68                GPIOPortL_IRQHandler
                0x00021a68                SSI0_IRQHandler
                0x00021a68                GPIOPortM_IRQHandler
                0x00021a68                FPU_IRQHandler
                0x00021a68                ADCSeq1_IRQHandler
                0x00021a68                GPIOPortP0_IRQHandler
                0x00021a68                WideTimer0B_IRQHandler
                0x00021a68                PWMFault_IRQHandler
                0x00021a68                WideTimer1A_IRQHandler
                0x00021a68                I2C5_IRQHandler
                0x00021a68                I2C4_IRQHandler
                0x00021a68                GPIOPortQ5_IRQHandler
                0x00021a68                PWMGen1_IRQHandler
                0x00021a68                SSI1_IRQHandler
                0x00021a68                I2C2_IRQHandler
                0x00021a68                UART5_IRQHandler
                0x00021a68                GPIOPortC_IRQHandler
                0x00021a68                GPIOPortK_IRQHandler
                0x00021a68                ADCSeq2_IRQHandler
                0x00021a68                PWMGen2_IRQHandler
                0x00021a68                UART2_IRQHandler
                0x00021a68                GPIOPortP3_IRQHandler
                0x00021a68                ADC1Seq0_IRQHandler
                0x00021a68                UART4_IRQHandler
                0x00021a68                GPIOPortJ_IRQHandler
                0x00021a68                Default_Handler
                0x00021a68                WideTimer0A_IRQHandler
                0x00021a68                Timer5A_IRQHandler
                0x00021a68                WideTimer3B_IRQHandler
                0x00021a68                WideTimer2B_IRQHandler
                0x00021a68                WideTimer5A_IRQHandler
                0x00021a68                Timer4A_IRQHandler
                0x00021a68                QEI1_IRQHandler
                0x00021a68                PWM1Fault_IRQHandler
                0x00021a68                GPIOPortP6_IRQHandler
                0x00021a68                QEI0_IRQHandler
                0x00021a68                ADC1Seq2_IRQHandler
                0x00021a68                ADC1Seq1_IRQHandler
                0x00021a68                PWMGen3_IRQHandler
                0x00021a68                GPIOPortD_IRQHandler
                0x00021a68                USB0_IRQHandler
                0x00021a68                I2C3_IRQHandler
                0x00021a68                GPIOPortP2_IRQHandler
                0x00021a68                GPIOPortQ4_IRQHandler
                0x00021a68                Timer3B_IRQHandler
                0x00021a68                Timer3A_IRQHandler
                0x00021a68                GPIOPortA_IRQHandler
                0x00021a68                ADC1Seq3_IRQHandler
                0x00021a68                Timer0A_IRQHandler
                0x00021a68                GPIOPortP1_IRQHandler
                0x00021a68                ADCSeq0_IRQHandler
                0x00021a68                Timer1A_IRQHandler
                0x00021a68                GPIOPortG_IRQHandler
                0x00021a68                GPIOPortQ3_IRQHandler
                0x00021a68                GPIOPortQ1_IRQHandler
                0x00021a68                Timer5B_IRQHandler
                0x00021a68                ADCSeq3_IRQHandler
                0x00021a68                WideTimer4A_IRQHandler
                0x00021a68                GPIOPortE_IRQHandler
                0x00021a68                CAN0_IRQHandler
                0x00021a68                GPIOPortQ0_IRQHandler
                0x00021a68                Comp0_IRQHandler
                0x00021a68                Comp1_IRQHandler
                0x00021a68                Comp2_IRQHandler
                0x00021a68                GPIOPortQ6_IRQHandler
                0x00021a68                SSI2_IRQHandler
                0x00021a68                PWM1Gen0_IRQHandler
                0x00021a68                GPIOPortF_IRQHandler
                0x00021a68                UART7_IRQHandler
                0x00021a68                UART6_IRQHandler
                0x00021a68                WideTimer2A_IRQHandler
                0x00021a68                GPIOPortB_IRQHandler
                0x00021a68                WideTimer3A_IRQHandler
                0x00021a68                CAN2_IRQHandler
                0x00021a68                WideTimer1B_IRQHandler
                0x00021a68                GPIOPortH_IRQHandler
                0x00021a68                GPIOPortQ2_IRQHandler
                0x00021a68                GPIOPortR_IRQHandler
                0x00021a68                Timer4B_IRQHandler
                0x00021a68                Timer2A_IRQHandler
                0x00021a68                SSI3_IRQHandler
                0x00021a68                Timer2B_IRQHandler
                0x00021a68                uDMAError_IRQHandler
                0x00021a68                GPIOPortN_IRQHandler
                0x00021a68                UART3_IRQHandler
                0x00021a68                SysCtrl_IRQHandler
                0x00021a68                Hibernate_IRQHandler
                0x00021a68                PWM1Gen1_IRQHandler
 .text.ADC_Init
                0x00021a84       0x40 ./Source/Driver/ADC/ADC_Driver.o
                0x00021a84                ADC_Init
 .text.ADC_port_Init
                0x00021ac4       0x9c ./Source/Driver/ADC/ADC_Driver.o
 .text.ADC_SS_Init
                0x00021b60       0x4c ./Source/Driver/ADC/ADC_Driver.o
                0x00021b60                ADC_SS_Init
 .text.analogRead
                0x00021bac      0x180 ./Source/Driver/ADC/ADC_Driver.o
                0x00021bac                analogRead
 .text.CAN0_Driver
                0x00021d2c       0xc0 ./Source/Driver/CAN/CAN_Driver.o
                0x00021d2c                CAN0_Driver
 .text.CAN0_Init
                0x00021dec       0xf8 ./Source/Driver/CAN/CAN_Driver.o
                0x00021dec                CAN0_Init
 .text.CAN0_Transmit_Obj
                0x00021ee4       0xd4 ./Source/Driver/CAN/CAN_Driver.o
 .text.CAN0_Transmit_Data
                0x00021fb8       0xc8 ./Source/Driver/CAN/CAN_Driver.o
 .text.GPIO_Init
                0x00022080       0x70 ./Source/Driver/GPIO/GPIOdriver.o
                0x00022080                GPIO_Init
 .text.DigitalWrite
                0x000220f0      0x15c ./Source/Driver/GPIO/GPIOdriver.o
                0x000220f0                DigitalWrite
 .text.DigitalRead
                0x0002224c      0x19c ./Source/Driver/GPIO/GPIOdriver.o
                0x0002224c                DigitalRead
 .text.I2C_Init
                0x000223e8      0x2b8 ./Source/Driver/I2C/I2C.o
                0x000223e8                I2C_Init
 .text.Check_I2C_BUS_busy
                0x000226a0        0xe ./Source/Driver/I2C/I2C.o
 *fill*         0x000226ae        0x2 
 .text.Check_I2C_busy
                0x000226b0       0x38 ./Source/Driver/I2C/I2C.o
 .text.Check_I2C_error
                0x000226e8       0x88 ./Source/Driver/I2C/I2C.o
 .text.I2C_Write
                0x00022770       0x28 ./Source/Driver/I2C/I2C.o
                0x00022770                I2C_Write
 .text.I2C_Write_Memory
                0x00022798       0x26 ./Source/Driver/I2C/I2C.o
                0x00022798                I2C_Write_Memory
 .text.I2C_Write_Multiple
                0x000227be       0x50 ./Source/Driver/I2C/I2C.o
                0x000227be                I2C_Write_Multiple
 .text.I2C_Write_Memory_Multiple
                0x0002280e       0x5c ./Source/Driver/I2C/I2C.o
                0x0002280e                I2C_Write_Memory_Multiple
 *fill*         0x0002286a        0x2 
 .text.I2C_Begin
                0x0002286c       0x44 ./Source/Driver/I2C/I2C.o
 .text.I2C_Transmit
                0x000228b0       0xc0 ./Source/Driver/I2C/I2C.o
 .text.I2C_Transmit_start_byte
                0x00022970       0x88 ./Source/Driver/I2C/I2C.o
 .text.I2C_Transmit_byte
                0x000229f8       0x80 ./Source/Driver/I2C/I2C.o
 .text.I2C_Transmit_end_byte
                0x00022a78       0x50 ./Source/Driver/I2C/I2C.o
 .text.I2C_End  0x00022ac8       0x2c ./Source/Driver/I2C/I2C.o
 .text.I2C_Read
                0x00022af4       0x26 ./Source/Driver/I2C/I2C.o
                0x00022af4                I2C_Read
 *fill*         0x00022b1a        0x2 
 .text.I2C_Read_Multiple
                0x00022b1c      0x1a4 ./Source/Driver/I2C/I2C.o
                0x00022b1c                I2C_Read_Multiple
 .text.I2C_Read_Memory
                0x00022cc0       0x36 ./Source/Driver/I2C/I2C.o
                0x00022cc0                I2C_Read_Memory
 .text.I2C_Read_Memory_Multiple
                0x00022cf6       0x32 ./Source/Driver/I2C/I2C.o
                0x00022cf6                I2C_Read_Memory_Multiple
 .text.LCD_Setup
                0x00022d28       0x68 ./Source/Driver/LCD/LCD.o
                0x00022d28                LCD_Setup
 .text.LCD_Init
                0x00022d90       0x7a ./Source/Driver/LCD/LCD.o
                0x00022d90                LCD_Init
 .text.LCD_SetCursor
                0x00022e0a       0x96 ./Source/Driver/LCD/LCD.o
                0x00022e0a                LCD_SetCursor
 .text.LCD_Clear
                0x00022ea0        0xe ./Source/Driver/LCD/LCD.o
                0x00022ea0                LCD_Clear
 .text.LCD_Write
                0x00022eae       0x3c ./Source/Driver/LCD/LCD.o
                0x00022eae                LCD_Write
 *fill*         0x00022eea        0x2 
 .text.Data_Write
                0x00022eec       0x34 ./Source/Driver/LCD/LCD.o
 .text.Cmd_Write
                0x00022f20       0x34 ./Source/Driver/LCD/LCD.o
 .text.upper_nibble
                0x00022f54       0xac ./Source/Driver/LCD/LCD.o
 .text.lower_nibble
                0x00023000       0xac ./Source/Driver/LCD/LCD.o
 .text.toggle_enable_signal
                0x000230ac       0x30 ./Source/Driver/LCD/LCD.o
 .text.delay    0x000230dc       0x4a ./Source/Driver/LCD/LCD.o
 .text.LCD_nextline
                0x00023126        0xe ./Source/Driver/LCD/LCD.o
                0x00023126                LCD_nextline
 .text.SSI_2_Init
                0x00023134       0xd4 ./Source/Driver/SPI/SPI.o
                0x00023134                SSI_2_Init
 .text.SPI_Write
                0x00023208       0x58 ./Source/Driver/SPI/SPI.o
                0x00023208                SPI_Write
 .text.SPI_Read_Write
                0x00023260       0x58 ./Source/Driver/SPI/SPI.o
                0x00023260                SPI_Read_Write
 .text.Enable_Chip_Select
                0x000232b8       0x10 ./Source/Driver/SPI/SPI.o
                0x000232b8                Enable_Chip_Select
 .text.Disable_Chip_Select
                0x000232c8       0x10 ./Source/Driver/SPI/SPI.o
                0x000232c8                Disable_Chip_Select
 .text.Timer_Init
                0x000232d8       0x6c ./Source/Driver/Timer/Timer.o
                0x000232d8                Timer_Init
 .text.Start_Timer_0
                0x00023344       0x20 ./Source/Driver/Timer/Timer.o
 .text.Stop_Timer_0
                0x00023364       0x20 ./Source/Driver/Timer/Timer.o
                0x00023364                Stop_Timer_0
 .text.Refresh_Timer_0
                0x00023384       0x2c ./Source/Driver/Timer/Timer.o
                0x00023384                Refresh_Timer_0
 .text.Timer_scheduler
                0x000233b0      0x194 ./Source/Driver/Timer/Timer.o
                0x000233b0                Timer_scheduler
 .text.Clear_Timer_Flag
                0x00023544       0x64 ./Source/Driver/Timer/Timer.o
 .text.Delay_ms
                0x000235a8       0x48 ./Source/Driver/Timer/Timer.o
                0x000235a8                Delay_ms
 .text.init_Timer_Counter
                0x000235f0       0x70 ./Source/Driver/Timer/timercnter.o
                0x000235f0                init_Timer_Counter
 .text.Start_Timer_counter
                0x00023660       0x20 ./Source/Driver/Timer/timercnter.o
                0x00023660                Start_Timer_counter
 .text.Stop_Timer_counter
                0x00023680       0x24 ./Source/Driver/Timer/timercnter.o
                0x00023680                Stop_Timer_counter
 .text.Pause_Timer_counter
                0x000236a4       0x20 ./Source/Driver/Timer/timercnter.o
                0x000236a4                Pause_Timer_counter
 .text.Refresh_Timer_counter
                0x000236c4       0x30 ./Source/Driver/Timer/timercnter.o
                0x000236c4                Refresh_Timer_counter
 .text.millis   0x000236f4       0x24 ./Source/Driver/Timer/timercnter.o
                0x000236f4                millis
 .text.UART_init
                0x00023718      0x394 ./Source/Driver/UART/UART.o
                0x00023718                UART_init
 .text.UART_print
                0x00023aac       0x40 ./Source/Driver/UART/UART.o
                0x00023aac                UART_print
 .text.UART_Transmitter
                0x00023aec       0x54 ./Source/Driver/UART/UART.o
                0x00023aec                UART_Transmitter
 .text.Delay    0x00023b40       0x2e ./Source/Driver/UART/UART.o
                0x00023b40                Delay
 *fill*         0x00023b6e        0x2 
 .text.UART_Receive
                0x00023b70       0x40 ./Source/Driver/UART/UART.o
                0x00023b70                UART_Receive
 .text.UART_RxReady
                0x00023bb0       0x38 ./Source/Driver/UART/UART.o
                0x00023bb0                UART_RxReady
 .text.xEventGroupCreate
                0x00023be8       0x2e ./Source/FreeRtos/event_groups.o
                0x00023be8                xEventGroupCreate
 *fill*         0x00023c16        0x2 
 .text.xEventGroupSync
                0x00023c18      0x15c ./Source/FreeRtos/event_groups.o
                0x00023c18                xEventGroupSync
 .text.xEventGroupWaitBits
                0x00023d74      0x19c ./Source/FreeRtos/event_groups.o
                0x00023d74                xEventGroupWaitBits
 .text.xEventGroupClearBits
                0x00023f10       0x70 ./Source/FreeRtos/event_groups.o
                0x00023f10                xEventGroupClearBits
 .text.xEventGroupGetBitsFromISR
                0x00023f80       0x48 ./Source/FreeRtos/event_groups.o
                0x00023f80                xEventGroupGetBitsFromISR
 .text.xEventGroupSetBits
                0x00023fc8      0x116 ./Source/FreeRtos/event_groups.o
                0x00023fc8                xEventGroupSetBits
 .text.vEventGroupDelete
                0x000240de       0x7e ./Source/FreeRtos/event_groups.o
                0x000240de                vEventGroupDelete
 .text.vEventGroupSetBitsCallback
                0x0002415c       0x1a ./Source/FreeRtos/event_groups.o
                0x0002415c                vEventGroupSetBitsCallback
 .text.vEventGroupClearBitsCallback
                0x00024176       0x1a ./Source/FreeRtos/event_groups.o
                0x00024176                vEventGroupClearBitsCallback
 .text.prvTestWaitCondition
                0x00024190       0x44 ./Source/FreeRtos/event_groups.o
 .text.uxEventGroupGetNumber
                0x000241d4       0x2c ./Source/FreeRtos/event_groups.o
                0x000241d4                uxEventGroupGetNumber
 .text.vEventGroupSetNumber
                0x00024200       0x1c ./Source/FreeRtos/event_groups.o
                0x00024200                vEventGroupSetNumber
 .text.vListInitialise
                0x0002421c       0x40 ./Source/FreeRtos/list.o
                0x0002421c                vListInitialise
 .text.vListInitialiseItem
                0x0002425c       0x1a ./Source/FreeRtos/list.o
                0x0002425c                vListInitialiseItem
 .text.vListInsertEnd
                0x00024276       0x48 ./Source/FreeRtos/list.o
                0x00024276                vListInsertEnd
 .text.vListInsert
                0x000242be       0x72 ./Source/FreeRtos/list.o
                0x000242be                vListInsert
 .text.uxListRemove
                0x00024330       0x54 ./Source/FreeRtos/list.o
                0x00024330                uxListRemove
 .text.xQueueGenericReset
                0x00024384      0x120 ./Source/FreeRtos/queue.o
                0x00024384                xQueueGenericReset
 .text.xQueueGenericCreate
                0x000244a4       0x9c ./Source/FreeRtos/queue.o
                0x000244a4                xQueueGenericCreate
 .text.prvInitialiseNewQueue
                0x00024540       0x46 ./Source/FreeRtos/queue.o
 .text.prvInitialiseMutex
                0x00024586       0x34 ./Source/FreeRtos/queue.o
 .text.xQueueCreateMutex
                0x000245ba       0x30 ./Source/FreeRtos/queue.o
                0x000245ba                xQueueCreateMutex
 .text.xQueueGiveMutexRecursive
                0x000245ea       0x68 ./Source/FreeRtos/queue.o
                0x000245ea                xQueueGiveMutexRecursive
 .text.xQueueTakeMutexRecursive
                0x00024652       0x6c ./Source/FreeRtos/queue.o
                0x00024652                xQueueTakeMutexRecursive
 .text.xQueueCreateCountingSemaphore
                0x000246be       0x5c ./Source/FreeRtos/queue.o
                0x000246be                xQueueCreateCountingSemaphore
 *fill*         0x0002471a        0x2 
 .text.xQueueGenericSend
                0x0002471c      0x1fc ./Source/FreeRtos/queue.o
                0x0002471c                xQueueGenericSend
 .text.xQueueGenericSendFromISR
                0x00024918      0x164 ./Source/FreeRtos/queue.o
                0x00024918                xQueueGenericSendFromISR
 .text.xQueueGiveFromISR
                0x00024a7c      0x148 ./Source/FreeRtos/queue.o
                0x00024a7c                xQueueGiveFromISR
 .text.xQueueReceive
                0x00024bc4      0x1c0 ./Source/FreeRtos/queue.o
                0x00024bc4                xQueueReceive
 .text.xQueueSemaphoreTake
                0x00024d84      0x1fc ./Source/FreeRtos/queue.o
                0x00024d84                xQueueSemaphoreTake
 .text.xQueuePeek
                0x00024f80      0x1c4 ./Source/FreeRtos/queue.o
                0x00024f80                xQueuePeek
 .text.xQueueReceiveFromISR
                0x00025144      0x12e ./Source/FreeRtos/queue.o
                0x00025144                xQueueReceiveFromISR
 .text.xQueuePeekFromISR
                0x00025272       0xd2 ./Source/FreeRtos/queue.o
                0x00025272                xQueuePeekFromISR
 .text.uxQueueMessagesWaiting
                0x00025344       0x3c ./Source/FreeRtos/queue.o
                0x00025344                uxQueueMessagesWaiting
 .text.uxQueueSpacesAvailable
                0x00025380       0x46 ./Source/FreeRtos/queue.o
                0x00025380                uxQueueSpacesAvailable
 .text.uxQueueMessagesWaitingFromISR
                0x000253c6       0x3c ./Source/FreeRtos/queue.o
                0x000253c6                uxQueueMessagesWaitingFromISR
 .text.vQueueDelete
                0x00025402       0x3c ./Source/FreeRtos/queue.o
                0x00025402                vQueueDelete
 .text.uxQueueGetQueueNumber
                0x0002543e       0x18 ./Source/FreeRtos/queue.o
                0x0002543e                uxQueueGetQueueNumber
 .text.vQueueSetQueueNumber
                0x00025456       0x1c ./Source/FreeRtos/queue.o
                0x00025456                vQueueSetQueueNumber
 .text.ucQueueGetQueueType
                0x00025472       0x1a ./Source/FreeRtos/queue.o
                0x00025472                ucQueueGetQueueType
 .text.prvGetDisinheritPriorityAfterTimeout
                0x0002548c       0x30 ./Source/FreeRtos/queue.o
 .text.prvCopyDataToQueue
                0x000254bc       0xd4 ./Source/FreeRtos/queue.o
 .text.prvCopyDataFromQueue
                0x00025590       0x4c ./Source/FreeRtos/queue.o
 .text.prvUnlockQueue
                0x000255dc       0xa4 ./Source/FreeRtos/queue.o
 .text.prvIsQueueEmpty
                0x00025680       0x2c ./Source/FreeRtos/queue.o
 .text.xQueueIsQueueEmptyFromISR
                0x000256ac       0x48 ./Source/FreeRtos/queue.o
                0x000256ac                xQueueIsQueueEmptyFromISR
 .text.prvIsQueueFull
                0x000256f4       0x30 ./Source/FreeRtos/queue.o
 .text.xQueueIsQueueFullFromISR
                0x00025724       0x4c ./Source/FreeRtos/queue.o
                0x00025724                xQueueIsQueueFullFromISR
 .text.vQueueAddToRegistry
                0x00025770       0x9c ./Source/FreeRtos/queue.o
                0x00025770                vQueueAddToRegistry
 .text.pcQueueGetName
                0x0002580c       0x68 ./Source/FreeRtos/queue.o
                0x0002580c                pcQueueGetName
 .text.vQueueUnregisterQueue
                0x00025874       0x70 ./Source/FreeRtos/queue.o
                0x00025874                vQueueUnregisterQueue
 .text.vQueueWaitForMessageRestricted
                0x000258e4       0x68 ./Source/FreeRtos/queue.o
                0x000258e4                vQueueWaitForMessageRestricted
 .text.xStreamBufferGenericCreate
                0x0002594c       0xce ./Source/FreeRtos/stream_buffer.o
                0x0002594c                xStreamBufferGenericCreate
 .text.vStreamBufferDelete
                0x00025a1a       0x4e ./Source/FreeRtos/stream_buffer.o
                0x00025a1a                vStreamBufferDelete
 .text.xStreamBufferReset
                0x00025a68       0x8a ./Source/FreeRtos/stream_buffer.o
                0x00025a68                xStreamBufferReset
 .text.xStreamBufferSetTriggerLevel
                0x00025af2       0x5c ./Source/FreeRtos/stream_buffer.o
                0x00025af2                xStreamBufferSetTriggerLevel
 .text.xStreamBufferSpacesAvailable
                0x00025b4e       0x76 ./Source/FreeRtos/stream_buffer.o
                0x00025b4e                xStreamBufferSpacesAvailable
 .text.xStreamBufferBytesAvailable
                0x00025bc4       0x3a ./Source/FreeRtos/stream_buffer.o
                0x00025bc4                xStreamBufferBytesAvailable
 .text.xStreamBufferSend
                0x00025bfe      0x19a ./Source/FreeRtos/stream_buffer.o
                0x00025bfe                xStreamBufferSend
 .text.xStreamBufferSendFromISR
                0x00025d98       0xe6 ./Source/FreeRtos/stream_buffer.o
                0x00025d98                xStreamBufferSendFromISR
 .text.prvWriteMessageToBuffer
                0x00025e7e       0x90 ./Source/FreeRtos/stream_buffer.o
 .text.xStreamBufferReceive
                0x00025f0e      0x130 ./Source/FreeRtos/stream_buffer.o
                0x00025f0e                xStreamBufferReceive
 .text.xStreamBufferNextMessageLengthBytes
                0x0002603e       0x88 ./Source/FreeRtos/stream_buffer.o
                0x0002603e                xStreamBufferNextMessageLengthBytes
 .text.xStreamBufferReceiveFromISR
                0x000260c6       0xde ./Source/FreeRtos/stream_buffer.o
                0x000260c6                xStreamBufferReceiveFromISR
 .text.prvReadMessageFromBuffer
                0x000261a4       0x7a ./Source/FreeRtos/stream_buffer.o
 .text.xStreamBufferIsEmpty
                0x0002621e       0x50 ./Source/FreeRtos/stream_buffer.o
                0x0002621e                xStreamBufferIsEmpty
 .text.xStreamBufferIsFull
                0x0002626e       0x60 ./Source/FreeRtos/stream_buffer.o
                0x0002626e                xStreamBufferIsFull
 .text.xStreamBufferSendCompletedFromISR
                0x000262ce       0x8a ./Source/FreeRtos/stream_buffer.o
                0x000262ce                xStreamBufferSendCompletedFromISR
 .text.xStreamBufferReceiveCompletedFromISR
                0x00026358       0x8a ./Source/FreeRtos/stream_buffer.o
                0x00026358                xStreamBufferReceiveCompletedFromISR
 .text.prvWriteBytesToBuffer
                0x000263e2       0xda ./Source/FreeRtos/stream_buffer.o
 .text.prvReadBytesFromBuffer
                0x000264bc       0xd4 ./Source/FreeRtos/stream_buffer.o
 .text.prvBytesInBuffer
                0x00026590       0x40 ./Source/FreeRtos/stream_buffer.o
 .text.prvInitialiseNewStreamBuffer
                0x000265d0       0x66 ./Source/FreeRtos/stream_buffer.o
 .text.uxStreamBufferGetStreamBufferNumber
                0x00026636       0x18 ./Source/FreeRtos/stream_buffer.o
                0x00026636                uxStreamBufferGetStreamBufferNumber
 .text.vStreamBufferSetStreamBufferNumber
                0x0002664e       0x1c ./Source/FreeRtos/stream_buffer.o
                0x0002664e                vStreamBufferSetStreamBufferNumber
 .text.ucStreamBufferGetStreamBufferType
                0x0002666a       0x1e ./Source/FreeRtos/stream_buffer.o
                0x0002666a                ucStreamBufferGetStreamBufferType
 .text.xTaskCreate
                0x00026688       0x8c ./Source/FreeRtos/tasks.o
                0x00026688                xTaskCreate
 .text.prvInitialiseNewTask
                0x00026714      0x11c ./Source/FreeRtos/tasks.o
 .text.prvAddNewTaskToReadyList
                0x00026830      0x12c ./Source/FreeRtos/tasks.o
 .text.vTaskDelete
                0x0002695c      0x128 ./Source/FreeRtos/tasks.o
                0x0002695c                vTaskDelete
 .text.xTaskDelayUntil
                0x00026a84       0xfc ./Source/FreeRtos/tasks.o
                0x00026a84                xTaskDelayUntil
 .text.vTaskDelay
                0x00026b80       0x68 ./Source/FreeRtos/tasks.o
                0x00026b80                vTaskDelay
 .text.eTaskGetState
                0x00026be8       0xf4 ./Source/FreeRtos/tasks.o
                0x00026be8                eTaskGetState
 .text.uxTaskPriorityGet
                0x00026cdc       0x34 ./Source/FreeRtos/tasks.o
                0x00026cdc                uxTaskPriorityGet
 .text.uxTaskPriorityGetFromISR
                0x00026d10       0x58 ./Source/FreeRtos/tasks.o
                0x00026d10                uxTaskPriorityGetFromISR
 .text.vTaskPrioritySet
                0x00026d68      0x1a4 ./Source/FreeRtos/tasks.o
                0x00026d68                vTaskPrioritySet
 .text.vTaskSuspend
                0x00026f0c      0x140 ./Source/FreeRtos/tasks.o
                0x00026f0c                vTaskSuspend
 .text.prvTaskIsTaskSuspended
                0x0002704c       0x64 ./Source/FreeRtos/tasks.o
 .text.vTaskResume
                0x000270b0      0x10c ./Source/FreeRtos/tasks.o
                0x000270b0                vTaskResume
 .text.xTaskResumeFromISR
                0x000271bc      0x13c ./Source/FreeRtos/tasks.o
                0x000271bc                xTaskResumeFromISR
 .text.vTaskStartScheduler
                0x000272f8       0xa4 ./Source/FreeRtos/tasks.o
                0x000272f8                vTaskStartScheduler
 .text.vTaskEndScheduler
                0x0002739c       0x30 ./Source/FreeRtos/tasks.o
                0x0002739c                vTaskEndScheduler
 .text.vTaskSuspendAll
                0x000273cc       0x1c ./Source/FreeRtos/tasks.o
                0x000273cc                vTaskSuspendAll
 .text.xTaskResumeAll
                0x000273e8      0x1f8 ./Source/FreeRtos/tasks.o
                0x000273e8                xTaskResumeAll
 .text.xTaskGetTickCount
                0x000275e0       0x20 ./Source/FreeRtos/tasks.o
                0x000275e0                xTaskGetTickCount
 .text.xTaskGetTickCountFromISR
                0x00027600       0x24 ./Source/FreeRtos/tasks.o
                0x00027600                xTaskGetTickCountFromISR
 .text.uxTaskGetNumberOfTasks
                0x00027624       0x18 ./Source/FreeRtos/tasks.o
                0x00027624                uxTaskGetNumberOfTasks
 .text.pcTaskGetName
                0x0002763c       0x48 ./Source/FreeRtos/tasks.o
                0x0002763c                pcTaskGetName
 .text.uxTaskGetSystemState
                0x00027684      0x11c ./Source/FreeRtos/tasks.o
                0x00027684                uxTaskGetSystemState
 .text.xTaskCatchUpTicks
                0x000277a0       0x58 ./Source/FreeRtos/tasks.o
                0x000277a0                xTaskCatchUpTicks
 .text.xTaskIncrementTick
                0x000277f8      0x22c ./Source/FreeRtos/tasks.o
                0x000277f8                xTaskIncrementTick
 .text.vTaskSwitchContext
                0x00027a24      0x100 ./Source/FreeRtos/tasks.o
                0x00027a24                vTaskSwitchContext
 .text.vTaskPlaceOnEventList
                0x00027b24       0x48 ./Source/FreeRtos/tasks.o
                0x00027b24                vTaskPlaceOnEventList
 .text.vTaskPlaceOnUnorderedEventList
                0x00027b6c       0xac ./Source/FreeRtos/tasks.o
                0x00027b6c                vTaskPlaceOnUnorderedEventList
 .text.vTaskPlaceOnEventListRestricted
                0x00027c18       0x8c ./Source/FreeRtos/tasks.o
                0x00027c18                vTaskPlaceOnEventListRestricted
 .text.xTaskRemoveFromEventList
                0x00027ca4      0x1ac ./Source/FreeRtos/tasks.o
                0x00027ca4                xTaskRemoveFromEventList
 .text.vTaskRemoveFromUnorderedEventList
                0x00027e50      0x180 ./Source/FreeRtos/tasks.o
                0x00027e50                vTaskRemoveFromUnorderedEventList
 .text.vTaskSetTimeOutState
                0x00027fd0       0x4c ./Source/FreeRtos/tasks.o
                0x00027fd0                vTaskSetTimeOutState
 .text.vTaskInternalSetTimeOutState
                0x0002801c       0x2c ./Source/FreeRtos/tasks.o
                0x0002801c                vTaskInternalSetTimeOutState
 .text.xTaskCheckForTimeOut
                0x00028048       0xcc ./Source/FreeRtos/tasks.o
                0x00028048                xTaskCheckForTimeOut
 .text.vTaskMissedYield
                0x00028114       0x18 ./Source/FreeRtos/tasks.o
                0x00028114                vTaskMissedYield
 .text.uxTaskGetTaskNumber
                0x0002812c       0x2c ./Source/FreeRtos/tasks.o
                0x0002812c                uxTaskGetTaskNumber
 .text.vTaskSetTaskNumber
                0x00028158       0x26 ./Source/FreeRtos/tasks.o
                0x00028158                vTaskSetTaskNumber
 *fill*         0x0002817e        0x2 
 .text.prvIdleTask
                0x00028180       0x30 ./Source/FreeRtos/tasks.o
 .text.prvInitialiseTaskLists
                0x000281b0       0x80 ./Source/FreeRtos/tasks.o
 .text.prvCheckTasksWaitingTermination
                0x00028230       0x5c ./Source/FreeRtos/tasks.o
 .text.vTaskGetInfo
                0x0002828c       0xcc ./Source/FreeRtos/tasks.o
                0x0002828c                vTaskGetInfo
 .text.prvListTasksWithinSingleList
                0x00028358       0xa4 ./Source/FreeRtos/tasks.o
 .text.prvTaskCheckFreeStackSpace
                0x000283fc       0x38 ./Source/FreeRtos/tasks.o
 .text.prvDeleteTCB
                0x00028434       0x20 ./Source/FreeRtos/tasks.o
 .text.prvResetNextTaskUnblockTime
                0x00028454       0x38 ./Source/FreeRtos/tasks.o
 .text.xTaskGetCurrentTaskHandle
                0x0002848c       0x20 ./Source/FreeRtos/tasks.o
                0x0002848c                xTaskGetCurrentTaskHandle
 .text.xTaskGetSchedulerState
                0x000284ac       0x3c ./Source/FreeRtos/tasks.o
                0x000284ac                xTaskGetSchedulerState
 .text.xTaskPriorityInherit
                0x000284e8      0x13c ./Source/FreeRtos/tasks.o
                0x000284e8                xTaskPriorityInherit
 .text.xTaskPriorityDisinherit
                0x00028624      0x148 ./Source/FreeRtos/tasks.o
                0x00028624                xTaskPriorityDisinherit
 .text.vTaskPriorityDisinheritAfterTimeout
                0x0002876c      0x170 ./Source/FreeRtos/tasks.o
                0x0002876c                vTaskPriorityDisinheritAfterTimeout
 .text.uxTaskResetEventItemValue
                0x000288dc       0x30 ./Source/FreeRtos/tasks.o
                0x000288dc                uxTaskResetEventItemValue
 .text.pvTaskIncrementMutexHeldCount
                0x0002890c       0x28 ./Source/FreeRtos/tasks.o
                0x0002890c                pvTaskIncrementMutexHeldCount
 .text.ulTaskGenericNotifyTake
                0x00028934       0xd0 ./Source/FreeRtos/tasks.o
                0x00028934                ulTaskGenericNotifyTake
 .text.xTaskGenericNotifyWait
                0x00028a04      0x100 ./Source/FreeRtos/tasks.o
                0x00028a04                xTaskGenericNotifyWait
 .text.xTaskGenericNotify
                0x00028b04      0x244 ./Source/FreeRtos/tasks.o
                0x00028b04                xTaskGenericNotify
 .text.xTaskGenericNotifyFromISR
                0x00028d48      0x2b8 ./Source/FreeRtos/tasks.o
                0x00028d48                xTaskGenericNotifyFromISR
 .text.vTaskGenericNotifyGiveFromISR
                0x00029000      0x20c ./Source/FreeRtos/tasks.o
                0x00029000                vTaskGenericNotifyGiveFromISR
 .text.xTaskGenericNotifyStateClear
                0x0002920c       0x74 ./Source/FreeRtos/tasks.o
                0x0002920c                xTaskGenericNotifyStateClear
 .text.ulTaskGenericNotifyValueClear
                0x00029280       0x5c ./Source/FreeRtos/tasks.o
                0x00029280                ulTaskGenericNotifyValueClear
 .text.prvAddCurrentTaskToDelayedList
                0x000292dc      0x100 ./Source/FreeRtos/tasks.o
 .text.vApplicationMallocFailedHook
                0x000293dc       0x28 ./Source/FreeRtos/tasks.o
                0x000293dc                vApplicationMallocFailedHook
 .text.vApplicationStackOverflowHook
                0x00029404       0x2c ./Source/FreeRtos/tasks.o
                0x00029404                vApplicationStackOverflowHook
 .text.xTimerCreateTimerTask
                0x00029430       0x64 ./Source/FreeRtos/timers.o
                0x00029430                xTimerCreateTimerTask
 .text.xTimerCreate
                0x00029494       0x42 ./Source/FreeRtos/timers.o
                0x00029494                xTimerCreate
 .text.prvInitialiseNewTimer
                0x000294d6       0x70 ./Source/FreeRtos/timers.o
 *fill*         0x00029546        0x2 
 .text.xTimerGenericCommand
                0x00029548       0x9c ./Source/FreeRtos/timers.o
                0x00029548                xTimerGenericCommand
 .text.xTimerGetTimerDaemonTaskHandle
                0x000295e4       0x38 ./Source/FreeRtos/timers.o
                0x000295e4                xTimerGetTimerDaemonTaskHandle
 .text.xTimerGetPeriod
                0x0002961c       0x38 ./Source/FreeRtos/timers.o
                0x0002961c                xTimerGetPeriod
 .text.vTimerSetReloadMode
                0x00029654       0x66 ./Source/FreeRtos/timers.o
                0x00029654                vTimerSetReloadMode
 .text.xTimerGetReloadMode
                0x000296ba       0x52 ./Source/FreeRtos/timers.o
                0x000296ba                xTimerGetReloadMode
 .text.uxTimerGetReloadMode
                0x0002970c       0x18 ./Source/FreeRtos/timers.o
                0x0002970c                uxTimerGetReloadMode
 .text.xTimerGetExpiryTime
                0x00029724       0x3c ./Source/FreeRtos/timers.o
                0x00029724                xTimerGetExpiryTime
 .text.pcTimerGetName
                0x00029760       0x38 ./Source/FreeRtos/timers.o
                0x00029760                pcTimerGetName
 .text.prvReloadTimer
                0x00029798       0x42 ./Source/FreeRtos/timers.o
 *fill*         0x000297da        0x2 
 .text.prvProcessExpiredTimer
                0x000297dc       0x60 ./Source/FreeRtos/timers.o
 .text.prvTimerTask
                0x0002983c       0x24 ./Source/FreeRtos/timers.o
 .text.prvProcessTimerOrBlockTask
                0x00029860       0x9c ./Source/FreeRtos/timers.o
 .text.prvGetNextExpireTime
                0x000298fc       0x48 ./Source/FreeRtos/timers.o
 .text.prvSampleTimeNow
                0x00029944       0x40 ./Source/FreeRtos/timers.o
 .text.prvInsertTimerInActiveList
                0x00029984       0x84 ./Source/FreeRtos/timers.o
 .text.prvProcessReceivedCommands
                0x00029a08      0x17c ./Source/FreeRtos/timers.o
 .text.prvSwitchTimerLists
                0x00029b84       0x4c ./Source/FreeRtos/timers.o
 .text.prvCheckForValidListAndQueue
                0x00029bd0       0x6c ./Source/FreeRtos/timers.o
 .text.xTimerIsTimerActive
                0x00029c3c       0x52 ./Source/FreeRtos/timers.o
                0x00029c3c                xTimerIsTimerActive
 .text.pvTimerGetTimerID
                0x00029c8e       0x40 ./Source/FreeRtos/timers.o
                0x00029c8e                pvTimerGetTimerID
 .text.vTimerSetTimerID
                0x00029cce       0x40 ./Source/FreeRtos/timers.o
                0x00029cce                vTimerSetTimerID
 .text.uxTimerGetTimerNumber
                0x00029d0e       0x18 ./Source/FreeRtos/timers.o
                0x00029d0e                uxTimerGetTimerNumber
 .text.vTimerSetTimerNumber
                0x00029d26       0x1c ./Source/FreeRtos/timers.o
                0x00029d26                vTimerSetTimerNumber
 *fill*         0x00029d42        0x2 
 .text.pxPortInitialiseStack
                0x00029d44       0x68 ./Source/FreeRtos/portable/GCC/ARM_CM4F/port.o
                0x00029d44                pxPortInitialiseStack
 .text.prvTaskExitError
                0x00029dac       0x58 ./Source/FreeRtos/portable/GCC/ARM_CM4F/port.o
 *fill*         0x00029e04        0xc 
 .text.SVC_Handler
                0x00029e10       0x28 ./Source/FreeRtos/portable/GCC/ARM_CM4F/port.o
                0x00029e10                SVC_Handler
 .text.prvPortStartFirstTask
                0x00029e38       0x2c ./Source/FreeRtos/portable/GCC/ARM_CM4F/port.o
 .text.xPortStartScheduler
                0x00029e64      0x140 ./Source/FreeRtos/portable/GCC/ARM_CM4F/port.o
                0x00029e64                xPortStartScheduler
 .text.vPortEndScheduler
                0x00029fa4       0x38 ./Source/FreeRtos/portable/GCC/ARM_CM4F/port.o
                0x00029fa4                vPortEndScheduler
 .text.vPortEnterCritical
                0x00029fdc       0x60 ./Source/FreeRtos/portable/GCC/ARM_CM4F/port.o
                0x00029fdc                vPortEnterCritical
 .text.vPortExitCritical
                0x0002a03c       0x54 ./Source/FreeRtos/portable/GCC/ARM_CM4F/port.o
                0x0002a03c                vPortExitCritical
 .text.PendSV_Handler
                0x0002a090       0x68 ./Source/FreeRtos/portable/GCC/ARM_CM4F/port.o
                0x0002a090                PendSV_Handler
 .text.SysTick_Handler
                0x0002a0f8       0x44 ./Source/FreeRtos/portable/GCC/ARM_CM4F/port.o
                0x0002a0f8                SysTick_Handler
 .text.vPortSetupTimerInterrupt
                0x0002a13c       0x48 ./Source/FreeRtos/portable/GCC/ARM_CM4F/port.o
                0x0002a13c                vPortSetupTimerInterrupt
 .text.vPortEnableVFP
                0x0002a184       0x18 ./Source/FreeRtos/portable/GCC/ARM_CM4F/port.o
 .text.vPortValidateInterruptPriority
                0x0002a19c       0x80 ./Source/FreeRtos/portable/GCC/ARM_CM4F/port.o
                0x0002a19c                vPortValidateInterruptPriority
 .text.pvPortMalloc
                0x0002a21c      0x148 ./Source/FreeRtos/portable/MemMang/heap_2.o
                0x0002a21c                pvPortMalloc
 .text.vPortFree
                0x0002a364       0xd4 ./Source/FreeRtos/portable/MemMang/heap_2.o
                0x0002a364                vPortFree
 .text.xPortGetFreeHeapSize
                0x0002a438       0x18 ./Source/FreeRtos/portable/MemMang/heap_2.o
                0x0002a438                xPortGetFreeHeapSize
 .text.vPortInitialiseBlocks
                0x0002a450        0xe ./Source/FreeRtos/portable/MemMang/heap_2.o
                0x0002a450                vPortInitialiseBlocks
 .text.pvPortCalloc
                0x0002a45e       0x60 ./Source/FreeRtos/portable/MemMang/heap_2.o
                0x0002a45e                pvPortCalloc
 *fill*         0x0002a4be        0x2 
 .text.prvHeapInit
                0x0002a4c0       0x54 ./Source/FreeRtos/portable/MemMang/heap_2.o
 .text.MCP3208  0x0002a514      0x118 ./Source/Middleware/MCP3208/MCP3208.o
                0x0002a514                MCP3208
 .text.ssd1306_init
                0x0002a62c       0xd6 ./Source/Middleware/OLED_SSD1306/SSD1306.o
                0x0002a62c                ssd1306_init
 .text.ssd1306_command
                0x0002a702       0x1e ./Source/Middleware/OLED_SSD1306/SSD1306.o
                0x0002a702                ssd1306_command
 .text.ssd1306_data
                0x0002a720       0x1e ./Source/Middleware/OLED_SSD1306/SSD1306.o
                0x0002a720                ssd1306_data
 *fill*         0x0002a73e        0x2 
 .text.ssd1306_setcursor
                0x0002a740       0x64 ./Source/Middleware/OLED_SSD1306/SSD1306.o
                0x0002a740                ssd1306_setcursor
 .text.ssd1306_Print_String
                0x0002a7a4       0xe8 ./Source/Middleware/OLED_SSD1306/SSD1306.o
                0x0002a7a4                ssd1306_Print_String
 .text.ssd1306_clear
                0x0002a88c       0x34 ./Source/Middleware/OLED_SSD1306/SSD1306.o
                0x0002a88c                ssd1306_clear
 .text.ssd1306_clear_row
                0x0002a8c0       0x36 ./Source/Middleware/OLED_SSD1306/SSD1306.o
                0x0002a8c0                ssd1306_clear_row
 *fill*         0x0002a8f6        0x2 
 .text.ssd1306_refresh
                0x0002a8f8       0x3c ./Source/Middleware/OLED_SSD1306/SSD1306.o
                0x0002a8f8                ssd1306_refresh
 .text.ssd1306_buffer_flush
                0x0002a934       0x1e ./Source/Middleware/OLED_SSD1306/SSD1306.o
                0x0002a934                ssd1306_buffer_flush
 *fill*         0x0002a952        0x2 
 .text.ssd1306_draw_pixel
                0x0002a954       0xa8 ./Source/Middleware/OLED_SSD1306/SSD1306.o
                0x0002a954                ssd1306_draw_pixel
 .text.ssd1306_draw_line
                0x0002a9fc      0x110 ./Source/Middleware/OLED_SSD1306/SSD1306.o
                0x0002a9fc                ssd1306_draw_line
 .text.ssd1306_set_text_size
                0x0002ab0c       0x34 ./Source/Middleware/OLED_SSD1306/SSD1306.o
                0x0002ab0c                ssd1306_set_text_size
 .text.ssd1306_shiva_logo
                0x0002ab40       0x3c ./Source/Middleware/OLED_SSD1306/SSD1306.o
                0x0002ab40                ssd1306_shiva_logo
 .text.ssd1306_fill_rect
                0x0002ab7c       0x78 ./Source/Middleware/OLED_SSD1306/SSD1306.o
                0x0002ab7c                ssd1306_fill_rect
 .text.ssd1306_DrawRect
                0x0002abf4       0xa8 ./Source/Middleware/OLED_SSD1306/SSD1306.o
                0x0002abf4                ssd1306_DrawRect
 .text.ssd1306_SetDrawWindow
                0x0002ac9c       0x5a ./Source/Middleware/OLED_SSD1306/SSD1306.o
                0x0002ac9c                ssd1306_SetDrawWindow
 .text.ssd1306_set_display_mode
                0x0002acf6       0x40 ./Source/Middleware/OLED_SSD1306/SSD1306.o
                0x0002acf6                ssd1306_set_display_mode
 .text.ssd1306_DrawCircle
                0x0002ad36      0x182 ./Source/Middleware/OLED_SSD1306/SSD1306.o
                0x0002ad36                ssd1306_DrawCircle
 .text.ssd1306_clear_refresh
                0x0002aeb8       0x4e ./Source/Middleware/OLED_SSD1306/SSD1306.o
                0x0002aeb8                ssd1306_clear_refresh
 .text.process_get_data
                0x0002af06       0x26 ./Source/Middleware/RTC_DS3231/DS3231.o
 .text.process_set_data
                0x0002af2c       0x34 ./Source/Middleware/RTC_DS3231/DS3231.o
 .text.ds3231_read_sec
                0x0002af60       0x2a ./Source/Middleware/RTC_DS3231/DS3231.o
                0x0002af60                ds3231_read_sec
 .text.ds3231_write_sec
                0x0002af8a       0x2a ./Source/Middleware/RTC_DS3231/DS3231.o
                0x0002af8a                ds3231_write_sec
 .text.ds3231_read_min
                0x0002afb4       0x2a ./Source/Middleware/RTC_DS3231/DS3231.o
                0x0002afb4                ds3231_read_min
 .text.ds3231_write_min
                0x0002afde       0x2a ./Source/Middleware/RTC_DS3231/DS3231.o
                0x0002afde                ds3231_write_min
 .text.ds3231_read_hrs
                0x0002b008       0x2a ./Source/Middleware/RTC_DS3231/DS3231.o
                0x0002b008                ds3231_read_hrs
 .text.ds3231_write_hrs
                0x0002b032       0x2a ./Source/Middleware/RTC_DS3231/DS3231.o
                0x0002b032                ds3231_write_hrs
 .text.exit     0x0002b05c       0x20 c:/ti/ccs1220/ccs/tools/compiler/gcc-arm-none-eabi-9-2019-q4-major/bin/../lib/gcc/arm-none-eabi/9.2.1/../../../../arm-none-eabi/lib/thumb/v7e-m/nofp\libc.a(lib_a-exit.o)
                0x0002b05c                exit
 .text.__libc_init_array
                0x0002b07c       0x48 c:/ti/ccs1220/ccs/tools/compiler/gcc-arm-none-eabi-9-2019-q4-major/bin/../lib/gcc/arm-none-eabi/9.2.1/../../../../arm-none-eabi/lib/thumb/v7e-m/nofp\libc.a(lib_a-init.o)
                0x0002b07c                __libc_init_array
 .text.memset   0x0002b0c4       0xa0 c:/ti/ccs1220/ccs/tools/compiler/gcc-arm-none-eabi-9-2019-q4-major/bin/../lib/gcc/arm-none-eabi/9.2.1/../../../../arm-none-eabi/lib/thumb/v7e-m/nofp\libc.a(lib_a-memset.o)
                0x0002b0c4                memset
 .text._printf_r
                0x0002b164       0x20 c:/ti/ccs1220/ccs/tools/compiler/gcc-arm-none-eabi-9-2019-q4-major/bin/../lib/gcc/arm-none-eabi/9.2.1/../../../../arm-none-eabi/lib/thumb/v7e-m/nofp\libc.a(lib_a-printf.o)
                0x0002b164                _printf_r
 .text.printf   0x0002b184       0x28 c:/ti/ccs1220/ccs/tools/compiler/gcc-arm-none-eabi-9-2019-q4-major/bin/../lib/gcc/arm-none-eabi/9.2.1/../../../../arm-none-eabi/lib/thumb/v7e-m/nofp\libc.a(lib_a-printf.o)
                0x0002b184                printf
 .text._puts_r  0x0002b1ac       0x9c c:/ti/ccs1220/ccs/tools/compiler/gcc-arm-none-eabi-9-2019-q4-major/bin/../lib/gcc/arm-none-eabi/9.2.1/../../../../arm-none-eabi/lib/thumb/v7e-m/nofp\libc.a(lib_a-puts.o)
                0x0002b1ac                _puts_r
 .text.puts     0x0002b248       0x10 c:/ti/ccs1220/ccs/tools/compiler/gcc-arm-none-eabi-9-2019-q4-major/bin/../lib/gcc/arm-none-eabi/9.2.1/../../../../arm-none-eabi/lib/thumb/v7e-m/nofp\libc.a(lib_a-puts.o)
                0x0002b248                puts
 .text._vfprintf_r
                0x0002b258     0x1b84 c:/ti/ccs1220/ccs/tools/compiler/gcc-arm-none-eabi-9-2019-q4-major/bin/../lib/gcc/arm-none-eabi/9.2.1/../../../../arm-none-eabi/lib/thumb/v7e-m/nofp\libc.a(lib_a-vfprintf.o)
                0x0002b258                _vfprintf_r
 .text.vfprintf
                0x0002cddc       0x18 c:/ti/ccs1220/ccs/tools/compiler/gcc-arm-none-eabi-9-2019-q4-major/bin/../lib/gcc/arm-none-eabi/9.2.1/../../../../arm-none-eabi/lib/thumb/v7e-m/nofp\libc.a(lib_a-vfprintf.o)
                0x0002cddc                vfprintf
 .text.__sbprintf
                0x0002cdf4       0x84 c:/ti/ccs1220/ccs/tools/compiler/gcc-arm-none-eabi-9-2019-q4-major/bin/../lib/gcc/arm-none-eabi/9.2.1/../../../../arm-none-eabi/lib/thumb/v7e-m/nofp\libc.a(lib_a-vfprintf.o)
 .text.__swsetup_r
                0x0002ce78       0xd0 c:/ti/ccs1220/ccs/tools/compiler/gcc-arm-none-eabi-9-2019-q4-major/bin/../lib/gcc/arm-none-eabi/9.2.1/../../../../arm-none-eabi/lib/thumb/v7e-m/nofp\libc.a(lib_a-wsetup.o)
                0x0002ce78                __swsetup_r
 .text.startup.register_fini
                0x0002cf48       0x14 c:/ti/ccs1220/ccs/tools/compiler/gcc-arm-none-eabi-9-2019-q4-major/bin/../lib/gcc/arm-none-eabi/9.2.1/../../../../arm-none-eabi/lib/thumb/v7e-m/nofp\libc.a(lib_a-__call_atexit.o)
 .text.__call_exitprocs
                0x0002cf5c       0xc4 c:/ti/ccs1220/ccs/tools/compiler/gcc-arm-none-eabi-9-2019-q4-major/bin/../lib/gcc/arm-none-eabi/9.2.1/../../../../arm-none-eabi/lib/thumb/v7e-m/nofp\libc.a(lib_a-__call_atexit.o)
                0x0002cf5c                __call_exitprocs
 .text.atexit   0x0002d020        0xc c:/ti/ccs1220/ccs/tools/compiler/gcc-arm-none-eabi-9-2019-q4-major/bin/../lib/gcc/arm-none-eabi/9.2.1/../../../../arm-none-eabi/lib/thumb/v7e-m/nofp\libc.a(lib_a-atexit.o)
                0x0002d020                atexit
 .text.quorem   0x0002d02c      0x11c c:/ti/ccs1220/ccs/tools/compiler/gcc-arm-none-eabi-9-2019-q4-major/bin/../lib/gcc/arm-none-eabi/9.2.1/../../../../arm-none-eabi/lib/thumb/v7e-m/nofp\libc.a(lib_a-dtoa.o)
 .text._dtoa_r  0x0002d148      0xeb8 c:/ti/ccs1220/ccs/tools/compiler/gcc-arm-none-eabi-9-2019-q4-major/bin/../lib/gcc/arm-none-eabi/9.2.1/../../../../arm-none-eabi/lib/thumb/v7e-m/nofp\libc.a(lib_a-dtoa.o)
                0x0002d148                _dtoa_r
 .text.__sflush_r
                0x0002e000      0x130 c:/ti/ccs1220/ccs/tools/compiler/gcc-arm-none-eabi-9-2019-q4-major/bin/../lib/gcc/arm-none-eabi/9.2.1/../../../../arm-none-eabi/lib/thumb/v7e-m/nofp\libc.a(lib_a-fflush.o)
                0x0002e000                __sflush_r
 .text._fflush_r
                0x0002e130       0x5c c:/ti/ccs1220/ccs/tools/compiler/gcc-arm-none-eabi-9-2019-q4-major/bin/../lib/gcc/arm-none-eabi/9.2.1/../../../../arm-none-eabi/lib/thumb/v7e-m/nofp\libc.a(lib_a-fflush.o)
                0x0002e130                _fflush_r
 .text.fflush   0x0002e18c       0x24 c:/ti/ccs1220/ccs/tools/compiler/gcc-arm-none-eabi-9-2019-q4-major/bin/../lib/gcc/arm-none-eabi/9.2.1/../../../../arm-none-eabi/lib/thumb/v7e-m/nofp\libc.a(lib_a-fflush.o)
                0x0002e18c                fflush
 .text.std      0x0002e1b0       0x50 c:/ti/ccs1220/ccs/tools/compiler/gcc-arm-none-eabi-9-2019-q4-major/bin/../lib/gcc/arm-none-eabi/9.2.1/../../../../arm-none-eabi/lib/thumb/v7e-m/nofp\libc.a(lib_a-findfp.o)
 .text._cleanup_r
                0x0002e200        0xc c:/ti/ccs1220/ccs/tools/compiler/gcc-arm-none-eabi-9-2019-q4-major/bin/../lib/gcc/arm-none-eabi/9.2.1/../../../../arm-none-eabi/lib/thumb/v7e-m/nofp\libc.a(lib_a-findfp.o)
                0x0002e200                _cleanup_r
 .text.__fp_lock
                0x0002e20c       0x1c c:/ti/ccs1220/ccs/tools/compiler/gcc-arm-none-eabi-9-2019-q4-major/bin/../lib/gcc/arm-none-eabi/9.2.1/../../../../arm-none-eabi/lib/thumb/v7e-m/nofp\libc.a(lib_a-findfp.o)
 .text.__fp_unlock
                0x0002e228       0x1c c:/ti/ccs1220/ccs/tools/compiler/gcc-arm-none-eabi-9-2019-q4-major/bin/../lib/gcc/arm-none-eabi/9.2.1/../../../../arm-none-eabi/lib/thumb/v7e-m/nofp\libc.a(lib_a-findfp.o)
 .text.__sfmoreglue
                0x0002e244       0x30 c:/ti/ccs1220/ccs/tools/compiler/gcc-arm-none-eabi-9-2019-q4-major/bin/../lib/gcc/arm-none-eabi/9.2.1/../../../../arm-none-eabi/lib/thumb/v7e-m/nofp\libc.a(lib_a-findfp.o)
                0x0002e244                __sfmoreglue
 .text._cleanup
                0x0002e274       0x14 c:/ti/ccs1220/ccs/tools/compiler/gcc-arm-none-eabi-9-2019-q4-major/bin/../lib/gcc/arm-none-eabi/9.2.1/../../../../arm-none-eabi/lib/thumb/v7e-m/nofp\libc.a(lib_a-findfp.o)
                0x0002e274                _cleanup
 .text.__sinit  0x0002e288       0x54 c:/ti/ccs1220/ccs/tools/compiler/gcc-arm-none-eabi-9-2019-q4-major/bin/../lib/gcc/arm-none-eabi/9.2.1/../../../../arm-none-eabi/lib/thumb/v7e-m/nofp\libc.a(lib_a-findfp.o)
                0x0002e288                __sinit
 .text.__sfp    0x0002e2dc       0xa4 c:/ti/ccs1220/ccs/tools/compiler/gcc-arm-none-eabi-9-2019-q4-major/bin/../lib/gcc/arm-none-eabi/9.2.1/../../../../arm-none-eabi/lib/thumb/v7e-m/nofp\libc.a(lib_a-findfp.o)
                0x0002e2dc                __sfp
 .text.__sfp_lock_acquire
                0x0002e380        0xc c:/ti/ccs1220/ccs/tools/compiler/gcc-arm-none-eabi-9-2019-q4-major/bin/../lib/gcc/arm-none-eabi/9.2.1/../../../../arm-none-eabi/lib/thumb/v7e-m/nofp\libc.a(lib_a-findfp.o)
                0x0002e380                __sfp_lock_acquire
 .text.__sfp_lock_release
                0x0002e38c        0xc c:/ti/ccs1220/ccs/tools/compiler/gcc-arm-none-eabi-9-2019-q4-major/bin/../lib/gcc/arm-none-eabi/9.2.1/../../../../arm-none-eabi/lib/thumb/v7e-m/nofp\libc.a(lib_a-findfp.o)
                0x0002e38c                __sfp_lock_release
 .text.__sinit_lock_acquire
                0x0002e398        0xc c:/ti/ccs1220/ccs/tools/compiler/gcc-arm-none-eabi-9-2019-q4-major/bin/../lib/gcc/arm-none-eabi/9.2.1/../../../../arm-none-eabi/lib/thumb/v7e-m/nofp\libc.a(lib_a-findfp.o)
                0x0002e398                __sinit_lock_acquire
 .text.__sinit_lock_release
                0x0002e3a4        0xc c:/ti/ccs1220/ccs/tools/compiler/gcc-arm-none-eabi-9-2019-q4-major/bin/../lib/gcc/arm-none-eabi/9.2.1/../../../../arm-none-eabi/lib/thumb/v7e-m/nofp\libc.a(lib_a-findfp.o)
                0x0002e3a4                __sinit_lock_release
 .text.__fp_lock_all
                0x0002e3b0       0x24 c:/ti/ccs1220/ccs/tools/compiler/gcc-arm-none-eabi-9-2019-q4-major/bin/../lib/gcc/arm-none-eabi/9.2.1/../../../../arm-none-eabi/lib/thumb/v7e-m/nofp\libc.a(lib_a-findfp.o)
                0x0002e3b0                __fp_lock_all
 .text.__fp_unlock_all
                0x0002e3d4       0x24 c:/ti/ccs1220/ccs/tools/compiler/gcc-arm-none-eabi-9-2019-q4-major/bin/../lib/gcc/arm-none-eabi/9.2.1/../../../../arm-none-eabi/lib/thumb/v7e-m/nofp\libc.a(lib_a-findfp.o)
                0x0002e3d4                __fp_unlock_all
 .text.__libc_fini_array
                0x0002e3f8       0x2c c:/ti/ccs1220/ccs/tools/compiler/gcc-arm-none-eabi-9-2019-q4-major/bin/../lib/gcc/arm-none-eabi/9.2.1/../../../../arm-none-eabi/lib/thumb/v7e-m/nofp\libc.a(lib_a-fini.o)
                0x0002e3f8                __libc_fini_array
 .text._malloc_trim_r
                0x0002e424       0xa0 c:/ti/ccs1220/ccs/tools/compiler/gcc-arm-none-eabi-9-2019-q4-major/bin/../lib/gcc/arm-none-eabi/9.2.1/../../../../arm-none-eabi/lib/thumb/v7e-m/nofp\libc.a(lib_a-freer.o)
                0x0002e424                _malloc_trim_r
 .text._free_r  0x0002e4c4      0x208 c:/ti/ccs1220/ccs/tools/compiler/gcc-arm-none-eabi-9-2019-q4-major/bin/../lib/gcc/arm-none-eabi/9.2.1/../../../../arm-none-eabi/lib/thumb/v7e-m/nofp\libc.a(lib_a-freer.o)
                0x0002e4c4                _free_r
 .text.__sfvwrite_r
                0x0002e6cc      0x2e0 c:/ti/ccs1220/ccs/tools/compiler/gcc-arm-none-eabi-9-2019-q4-major/bin/../lib/gcc/arm-none-eabi/9.2.1/../../../../arm-none-eabi/lib/thumb/v7e-m/nofp\libc.a(lib_a-fvwrite.o)
                0x0002e6cc                __sfvwrite_r
 .text._fwalk   0x0002e9ac       0x40 c:/ti/ccs1220/ccs/tools/compiler/gcc-arm-none-eabi-9-2019-q4-major/bin/../lib/gcc/arm-none-eabi/9.2.1/../../../../arm-none-eabi/lib/thumb/v7e-m/nofp\libc.a(lib_a-fwalk.o)
                0x0002e9ac                _fwalk
 .text._fwalk_reent
                0x0002e9ec       0x48 c:/ti/ccs1220/ccs/tools/compiler/gcc-arm-none-eabi-9-2019-q4-major/bin/../lib/gcc/arm-none-eabi/9.2.1/../../../../arm-none-eabi/lib/thumb/v7e-m/nofp\libc.a(lib_a-fwalk.o)
                0x0002e9ec                _fwalk_reent
 .text.__localeconv_l
                0x0002ea34        0x4 c:/ti/ccs1220/ccs/tools/compiler/gcc-arm-none-eabi-9-2019-q4-major/bin/../lib/gcc/arm-none-eabi/9.2.1/../../../../arm-none-eabi/lib/thumb/v7e-m/nofp\libc.a(lib_a-localeconv.o)
                0x0002ea34                __localeconv_l
 .text._localeconv_r
                0x0002ea38        0x8 c:/ti/ccs1220/ccs/tools/compiler/gcc-arm-none-eabi-9-2019-q4-major/bin/../lib/gcc/arm-none-eabi/9.2.1/../../../../arm-none-eabi/lib/thumb/v7e-m/nofp\libc.a(lib_a-localeconv.o)
                0x0002ea38                _localeconv_r
 .text.localeconv
                0x0002ea40        0x8 c:/ti/ccs1220/ccs/tools/compiler/gcc-arm-none-eabi-9-2019-q4-major/bin/../lib/gcc/arm-none-eabi/9.2.1/../../../../arm-none-eabi/lib/thumb/v7e-m/nofp\libc.a(lib_a-localeconv.o)
                0x0002ea40                localeconv
 .text.__retarget_lock_init
                0x0002ea48        0x4 c:/ti/ccs1220/ccs/tools/compiler/gcc-arm-none-eabi-9-2019-q4-major/bin/../lib/gcc/arm-none-eabi/9.2.1/../../../../arm-none-eabi/lib/thumb/v7e-m/nofp\libc.a(lib_a-lock.o)
                0x0002ea48                __retarget_lock_init
 .text.__retarget_lock_init_recursive
                0x0002ea4c        0x4 c:/ti/ccs1220/ccs/tools/compiler/gcc-arm-none-eabi-9-2019-q4-major/bin/../lib/gcc/arm-none-eabi/9.2.1/../../../../arm-none-eabi/lib/thumb/v7e-m/nofp\libc.a(lib_a-lock.o)
                0x0002ea4c                __retarget_lock_init_recursive
 .text.__retarget_lock_close
                0x0002ea50        0x4 c:/ti/ccs1220/ccs/tools/compiler/gcc-arm-none-eabi-9-2019-q4-major/bin/../lib/gcc/arm-none-eabi/9.2.1/../../../../arm-none-eabi/lib/thumb/v7e-m/nofp\libc.a(lib_a-lock.o)
                0x0002ea50                __retarget_lock_close
 .text.__retarget_lock_close_recursive
                0x0002ea54        0x4 c:/ti/ccs1220/ccs/tools/compiler/gcc-arm-none-eabi-9-2019-q4-major/bin/../lib/gcc/arm-none-eabi/9.2.1/../../../../arm-none-eabi/lib/thumb/v7e-m/nofp\libc.a(lib_a-lock.o)
                0x0002ea54                __retarget_lock_close_recursive
 .text.__retarget_lock_acquire
                0x0002ea58        0x4 c:/ti/ccs1220/ccs/tools/compiler/gcc-arm-none-eabi-9-2019-q4-major/bin/../lib/gcc/arm-none-eabi/9.2.1/../../../../arm-none-eabi/lib/thumb/v7e-m/nofp\libc.a(lib_a-lock.o)
                0x0002ea58                __retarget_lock_acquire
 .text.__retarget_lock_acquire_recursive
                0x0002ea5c        0x4 c:/ti/ccs1220/ccs/tools/compiler/gcc-arm-none-eabi-9-2019-q4-major/bin/../lib/gcc/arm-none-eabi/9.2.1/../../../../arm-none-eabi/lib/thumb/v7e-m/nofp\libc.a(lib_a-lock.o)
                0x0002ea5c                __retarget_lock_acquire_recursive
 .text.__retarget_lock_try_acquire
                0x0002ea60        0x4 c:/ti/ccs1220/ccs/tools/compiler/gcc-arm-none-eabi-9-2019-q4-major/bin/../lib/gcc/arm-none-eabi/9.2.1/../../../../arm-none-eabi/lib/thumb/v7e-m/nofp\libc.a(lib_a-lock.o)
                0x0002ea60                __retarget_lock_try_acquire
 .text.__retarget_lock_try_acquire_recursive
                0x0002ea64        0x4 c:/ti/ccs1220/ccs/tools/compiler/gcc-arm-none-eabi-9-2019-q4-major/bin/../lib/gcc/arm-none-eabi/9.2.1/../../../../arm-none-eabi/lib/thumb/v7e-m/nofp\libc.a(lib_a-lock.o)
                0x0002ea64                __retarget_lock_try_acquire_recursive
 .text.__retarget_lock_release
                0x0002ea68        0x4 c:/ti/ccs1220/ccs/tools/compiler/gcc-arm-none-eabi-9-2019-q4-major/bin/../lib/gcc/arm-none-eabi/9.2.1/../../../../arm-none-eabi/lib/thumb/v7e-m/nofp\libc.a(lib_a-lock.o)
                0x0002ea68                __retarget_lock_release
 .text.__retarget_lock_release_recursive
                0x0002ea6c        0x4 c:/ti/ccs1220/ccs/tools/compiler/gcc-arm-none-eabi-9-2019-q4-major/bin/../lib/gcc/arm-none-eabi/9.2.1/../../../../arm-none-eabi/lib/thumb/v7e-m/nofp\libc.a(lib_a-lock.o)
                0x0002ea6c                __retarget_lock_release_recursive
 .text.__swhatbuf_r
                0x0002ea70       0x5c c:/ti/ccs1220/ccs/tools/compiler/gcc-arm-none-eabi-9-2019-q4-major/bin/../lib/gcc/arm-none-eabi/9.2.1/../../../../arm-none-eabi/lib/thumb/v7e-m/nofp\libc.a(lib_a-makebuf.o)
                0x0002ea70                __swhatbuf_r
 .text.__smakebuf_r
                0x0002eacc       0x98 c:/ti/ccs1220/ccs/tools/compiler/gcc-arm-none-eabi-9-2019-q4-major/bin/../lib/gcc/arm-none-eabi/9.2.1/../../../../arm-none-eabi/lib/thumb/v7e-m/nofp\libc.a(lib_a-makebuf.o)
                0x0002eacc                __smakebuf_r
 .text._malloc_r
                0x0002eb64      0x574 c:/ti/ccs1220/ccs/tools/compiler/gcc-arm-none-eabi-9-2019-q4-major/bin/../lib/gcc/arm-none-eabi/9.2.1/../../../../arm-none-eabi/lib/thumb/v7e-m/nofp\libc.a(lib_a-mallocr.o)
                0x0002eb64                _malloc_r
 .text.memmove  0x0002f0d8       0xd8 c:/ti/ccs1220/ccs/tools/compiler/gcc-arm-none-eabi-9-2019-q4-major/bin/../lib/gcc/arm-none-eabi/9.2.1/../../../../arm-none-eabi/lib/thumb/v7e-m/nofp\libc.a(lib_a-memmove.o)
                0x0002f0d8                memmove
 .text.__malloc_lock
                0x0002f1b0        0xc c:/ti/ccs1220/ccs/tools/compiler/gcc-arm-none-eabi-9-2019-q4-major/bin/../lib/gcc/arm-none-eabi/9.2.1/../../../../arm-none-eabi/lib/thumb/v7e-m/nofp\libc.a(lib_a-mlock.o)
                0x0002f1b0                __malloc_lock
 .text.__malloc_unlock
                0x0002f1bc        0xc c:/ti/ccs1220/ccs/tools/compiler/gcc-arm-none-eabi-9-2019-q4-major/bin/../lib/gcc/arm-none-eabi/9.2.1/../../../../arm-none-eabi/lib/thumb/v7e-m/nofp\libc.a(lib_a-mlock.o)
                0x0002f1bc                __malloc_unlock
 .text._Balloc  0x0002f1c8       0x4c c:/ti/ccs1220/ccs/tools/compiler/gcc-arm-none-eabi-9-2019-q4-major/bin/../lib/gcc/arm-none-eabi/9.2.1/../../../../arm-none-eabi/lib/thumb/v7e-m/nofp\libc.a(lib_a-mprec.o)
                0x0002f1c8                _Balloc
 .text._Bfree   0x0002f214       0x14 c:/ti/ccs1220/ccs/tools/compiler/gcc-arm-none-eabi-9-2019-q4-major/bin/../lib/gcc/arm-none-eabi/9.2.1/../../../../arm-none-eabi/lib/thumb/v7e-m/nofp\libc.a(lib_a-mprec.o)
                0x0002f214                _Bfree
 .text.__multadd
                0x0002f228       0x80 c:/ti/ccs1220/ccs/tools/compiler/gcc-arm-none-eabi-9-2019-q4-major/bin/../lib/gcc/arm-none-eabi/9.2.1/../../../../arm-none-eabi/lib/thumb/v7e-m/nofp\libc.a(lib_a-mprec.o)
                0x0002f228                __multadd
 .text.__s2b    0x0002f2a8       0xa0 c:/ti/ccs1220/ccs/tools/compiler/gcc-arm-none-eabi-9-2019-q4-major/bin/../lib/gcc/arm-none-eabi/9.2.1/../../../../arm-none-eabi/lib/thumb/v7e-m/nofp\libc.a(lib_a-mprec.o)
                0x0002f2a8                __s2b
 .text.__hi0bits
                0x0002f348       0x40 c:/ti/ccs1220/ccs/tools/compiler/gcc-arm-none-eabi-9-2019-q4-major/bin/../lib/gcc/arm-none-eabi/9.2.1/../../../../arm-none-eabi/lib/thumb/v7e-m/nofp\libc.a(lib_a-mprec.o)
                0x0002f348                __hi0bits
 .text.__lo0bits
                0x0002f388       0x60 c:/ti/ccs1220/ccs/tools/compiler/gcc-arm-none-eabi-9-2019-q4-major/bin/../lib/gcc/arm-none-eabi/9.2.1/../../../../arm-none-eabi/lib/thumb/v7e-m/nofp\libc.a(lib_a-mprec.o)
                0x0002f388                __lo0bits
 .text.__i2b    0x0002f3e8       0x14 c:/ti/ccs1220/ccs/tools/compiler/gcc-arm-none-eabi-9-2019-q4-major/bin/../lib/gcc/arm-none-eabi/9.2.1/../../../../arm-none-eabi/lib/thumb/v7e-m/nofp\libc.a(lib_a-mprec.o)
                0x0002f3e8                __i2b
 .text.__multiply
                0x0002f3fc      0x144 c:/ti/ccs1220/ccs/tools/compiler/gcc-arm-none-eabi-9-2019-q4-major/bin/../lib/gcc/arm-none-eabi/9.2.1/../../../../arm-none-eabi/lib/thumb/v7e-m/nofp\libc.a(lib_a-mprec.o)
                0x0002f3fc                __multiply
 .text.__pow5mult
                0x0002f540       0xa0 c:/ti/ccs1220/ccs/tools/compiler/gcc-arm-none-eabi-9-2019-q4-major/bin/../lib/gcc/arm-none-eabi/9.2.1/../../../../arm-none-eabi/lib/thumb/v7e-m/nofp\libc.a(lib_a-mprec.o)
                0x0002f540                __pow5mult
 .text.__lshift
                0x0002f5e0       0xd4 c:/ti/ccs1220/ccs/tools/compiler/gcc-arm-none-eabi-9-2019-q4-major/bin/../lib/gcc/arm-none-eabi/9.2.1/../../../../arm-none-eabi/lib/thumb/v7e-m/nofp\libc.a(lib_a-mprec.o)
                0x0002f5e0                __lshift
 .text.__mcmp   0x0002f6b4       0x3c c:/ti/ccs1220/ccs/tools/compiler/gcc-arm-none-eabi-9-2019-q4-major/bin/../lib/gcc/arm-none-eabi/9.2.1/../../../../arm-none-eabi/lib/thumb/v7e-m/nofp\libc.a(lib_a-mprec.o)
                0x0002f6b4                __mcmp
 .text.__mdiff  0x0002f6f0      0x138 c:/ti/ccs1220/ccs/tools/compiler/gcc-arm-none-eabi-9-2019-q4-major/bin/../lib/gcc/arm-none-eabi/9.2.1/../../../../arm-none-eabi/lib/thumb/v7e-m/nofp\libc.a(lib_a-mprec.o)
                0x0002f6f0                __mdiff
 .text.__ulp    0x0002f828       0x44 c:/ti/ccs1220/ccs/tools/compiler/gcc-arm-none-eabi-9-2019-q4-major/bin/../lib/gcc/arm-none-eabi/9.2.1/../../../../arm-none-eabi/lib/thumb/v7e-m/nofp\libc.a(lib_a-mprec.o)
                0x0002f828                __ulp
 .text.__b2d    0x0002f86c       0xcc c:/ti/ccs1220/ccs/tools/compiler/gcc-arm-none-eabi-9-2019-q4-major/bin/../lib/gcc/arm-none-eabi/9.2.1/../../../../arm-none-eabi/lib/thumb/v7e-m/nofp\libc.a(lib_a-mprec.o)
                0x0002f86c                __b2d
 .text.__d2b    0x0002f938       0xa8 c:/ti/ccs1220/ccs/tools/compiler/gcc-arm-none-eabi-9-2019-q4-major/bin/../lib/gcc/arm-none-eabi/9.2.1/../../../../arm-none-eabi/lib/thumb/v7e-m/nofp\libc.a(lib_a-mprec.o)
                0x0002f938                __d2b
 .text.__ratio  0x0002f9e0       0x60 c:/ti/ccs1220/ccs/tools/compiler/gcc-arm-none-eabi-9-2019-q4-major/bin/../lib/gcc/arm-none-eabi/9.2.1/../../../../arm-none-eabi/lib/thumb/v7e-m/nofp\libc.a(lib_a-mprec.o)
                0x0002f9e0                __ratio
 .text._mprec_log10
                0x0002fa40       0x38 c:/ti/ccs1220/ccs/tools/compiler/gcc-arm-none-eabi-9-2019-q4-major/bin/../lib/gcc/arm-none-eabi/9.2.1/../../../../arm-none-eabi/lib/thumb/v7e-m/nofp\libc.a(lib_a-mprec.o)
                0x0002fa40                _mprec_log10
 .text.__copybits
                0x0002fa78       0x48 c:/ti/ccs1220/ccs/tools/compiler/gcc-arm-none-eabi-9-2019-q4-major/bin/../lib/gcc/arm-none-eabi/9.2.1/../../../../arm-none-eabi/lib/thumb/v7e-m/nofp\libc.a(lib_a-mprec.o)
                0x0002fa78                __copybits
 .text.__any_on
                0x0002fac0       0x60 c:/ti/ccs1220/ccs/tools/compiler/gcc-arm-none-eabi-9-2019-q4-major/bin/../lib/gcc/arm-none-eabi/9.2.1/../../../../arm-none-eabi/lib/thumb/v7e-m/nofp\libc.a(lib_a-mprec.o)
                0x0002fac0                __any_on
 .text._realloc_r
                0x0002fb20      0x3e0 c:/ti/ccs1220/ccs/tools/compiler/gcc-arm-none-eabi-9-2019-q4-major/bin/../lib/gcc/arm-none-eabi/9.2.1/../../../../arm-none-eabi/lib/thumb/v7e-m/nofp\libc.a(lib_a-reallocr.o)
                0x0002fb20                _realloc_r
 .text.frexp    0x0002ff00       0x70 c:/ti/ccs1220/ccs/tools/compiler/gcc-arm-none-eabi-9-2019-q4-major/bin/../lib/gcc/arm-none-eabi/9.2.1/../../../../arm-none-eabi/lib/thumb/v7e-m/nofp\libc.a(lib_a-s_frexp.o)
                0x0002ff00                frexp
 .text._sbrk_r  0x0002ff70       0x24 c:/ti/ccs1220/ccs/tools/compiler/gcc-arm-none-eabi-9-2019-q4-major/bin/../lib/gcc/arm-none-eabi/9.2.1/../../../../arm-none-eabi/lib/thumb/v7e-m/nofp\libc.a(lib_a-sbrkr.o)
                0x0002ff70                _sbrk_r
 .text.__sread  0x0002ff94       0x24 c:/ti/ccs1220/ccs/tools/compiler/gcc-arm-none-eabi-9-2019-q4-major/bin/../lib/gcc/arm-none-eabi/9.2.1/../../../../arm-none-eabi/lib/thumb/v7e-m/nofp\libc.a(lib_a-stdio.o)
                0x0002ff94                __sread
 .text.__seofread
                0x0002ffb8        0x4 c:/ti/ccs1220/ccs/tools/compiler/gcc-arm-none-eabi-9-2019-q4-major/bin/../lib/gcc/arm-none-eabi/9.2.1/../../../../arm-none-eabi/lib/thumb/v7e-m/nofp\libc.a(lib_a-stdio.o)
                0x0002ffb8                __seofread
 .text.__swrite
                0x0002ffbc       0x40 c:/ti/ccs1220/ccs/tools/compiler/gcc-arm-none-eabi-9-2019-q4-major/bin/../lib/gcc/arm-none-eabi/9.2.1/../../../../arm-none-eabi/lib/thumb/v7e-m/nofp\libc.a(lib_a-stdio.o)
                0x0002ffbc                __swrite
 .text.__sseek  0x0002fffc       0x20 c:/ti/ccs1220/ccs/tools/compiler/gcc-arm-none-eabi-9-2019-q4-major/bin/../lib/gcc/arm-none-eabi/9.2.1/../../../../arm-none-eabi/lib/thumb/v7e-m/nofp\libc.a(lib_a-stdio.o)
                0x0002fffc                __sseek
 .text.__sclose
                0x0003001c        0x8 c:/ti/ccs1220/ccs/tools/compiler/gcc-arm-none-eabi-9-2019-q4-major/bin/../lib/gcc/arm-none-eabi/9.2.1/../../../../arm-none-eabi/lib/thumb/v7e-m/nofp\libc.a(lib_a-stdio.o)
                0x0003001c                __sclose
 .text.strncpy  0x00030024       0x68 c:/ti/ccs1220/ccs/tools/compiler/gcc-arm-none-eabi-9-2019-q4-major/bin/../lib/gcc/arm-none-eabi/9.2.1/../../../../arm-none-eabi/lib/thumb/v7e-m/nofp\libc.a(lib_a-strncpy.o)
                0x00030024                strncpy
 .text.__sprint_r.part.0
                0x0003008c       0x78 c:/ti/ccs1220/ccs/tools/compiler/gcc-arm-none-eabi-9-2019-q4-major/bin/../lib/gcc/arm-none-eabi/9.2.1/../../../../arm-none-eabi/lib/thumb/v7e-m/nofp\libc.a(lib_a-vfiprintf.o)
 .text.__sprint_r