Archive member included to satisfy reference by file (symbol)

c:/ti/ccs1220/ccs/tools/compiler/gcc-arm-none-eabi-9-2019-q4-major/bin/../lib/gcc/arm-none-eabi/9.2.1/../../../../arm-none-eabi/lib/thumb/v7e-m/nofp\libc.a(lib_a-exit.o)
                              c:/ti/ccs1220/ccs/tools/compiler/gcc-arm-none-eabi-9-2019-q4-major/bin/../lib/gcc/arm-none-eabi/9.2.1/../../../../arm-none-eabi/lib/thumb/v7e-m/nofp/crt0.o (exit)
c:/ti/ccs1220/ccs/tools/compiler/gcc-arm-none-eabi-9-2019-q4-major/bin/../lib/gcc/arm-none-eabi/9.2.1/../../../../arm-none-eabi/lib/thumb/v7e-m/nofp\libc.a(lib_a-impure.o)
                              c:/ti/ccs1220/ccs/tools/compiler/gcc-arm-none-eabi-9-2019-q4-major/bin/../lib/gcc/arm-none-eabi/9.2.1/../../../../arm-none-eabi/lib/thumb/v7e-m/nofp\libc.a(lib_a-exit.o) (_global_impure_ptr)
c:/ti/ccs1220/ccs/tools/compiler/gcc-arm-none-eabi-9-2019-q4-major/bin/../lib/gcc/arm-none-eabi/9.2.1/../../../../arm-none-eabi/lib/thumb/v7e-m/nofp\libc.a(lib_a-init.o)
                              c:/ti/ccs1220/ccs/tools/compiler/gcc-arm-none-eabi-9-2019-q4-major/bin/../lib/gcc/arm-none-eabi/9.2.1/../../../../arm-none-eabi/lib/thumb/v7e-m/nofp/crt0.o (__libc_init_array)
c:/ti/ccs1220/ccs/tools/compiler/gcc-arm-none-eabi-9-2019-q4-major/bin/../lib/gcc/arm-none-eabi/9.2.1/../../../../arm-none-eabi/lib/thumb/v7e-m/nofp\libc.a(lib_a-memset.o)
                              c:/ti/ccs1220/ccs/tools/compiler/gcc-arm-none-eabi-9-2019-q4-major/bin/../lib/gcc/arm-none-eabi/9.2.1/../../../../arm-none-eabi/lib/thumb/v7e-m/nofp/crt0.o (memset)
c:/ti/ccs1220/ccs/tools/compiler/gcc-arm-none-eabi-9-2019-q4-major/bin/../lib/gcc/arm-none-eabi/9.2.1/../../../../arm-none-eabi/lib/thumb/v7e-m/nofp\libc.a(lib_a-sprintf.o)
                              ./Source/App/Main/AppsDownloader.o (sprintf)
c:/ti/ccs1220/ccs/tools/compiler/gcc-arm-none-eabi-9-2019-q4-major/bin/../lib/gcc/arm-none-eabi/9.2.1/../../../../arm-none-eabi/lib/thumb/v7e-m/nofp\libc.a(lib_a-svfprintf.o)
                              c:/ti/ccs1220/ccs/tools/compiler/gcc-arm-none-eabi-9-2019-q4-major/bin/../lib/gcc/arm-none-eabi/9.2.1/../../../../arm-none-eabi/lib/thumb/v7e-m/nofp\libc.a(lib_a-sprintf.o) (_svfprintf_r)
c:/ti/ccs1220/ccs/tools/compiler/gcc-arm-none-eabi-9-2019-q4-major/bin/../lib/gcc/arm-none-eabi/9.2.1/../../../../arm-none-eabi/lib/thumb/v7e-m/nofp\libc.a(lib_a-__call_atexit.o)
                              c:/ti/ccs1220/ccs/tools/compiler/gcc-arm-none-eabi-9-2019-q4-major/bin/../lib/gcc/arm-none-eabi/9.2.1/../../../../arm-none-eabi/lib/thumb/v7e-m/nofp\libc.a(lib_a-exit.o) (__call_exitprocs)
c:/ti/ccs1220/ccs/tools/compiler/gcc-arm-none-eabi-9-2019-q4-major/bin/../lib/gcc/arm-none-eabi/9.2.1/../../../../arm-none-eabi/lib/thumb/v7e-m/nofp\libc.a(lib_a-atexit.o)
                              c:/ti/ccs1220/ccs/tools/compiler/gcc-arm-none-eabi-9-2019-q4-major/bin/../lib/gcc/arm-none-eabi/9.2.1/../../../../arm-none-eabi/lib/thumb/v7e-m/nofp\libc.a(lib_a-__call_atexit.o) (atexit)
c:/ti/ccs1220/ccs/tools/compiler/gcc-arm-none-eabi-9-2019-q4-major/bin/../lib/gcc/arm-none-eabi/9.2.1/../../../../arm-none-eabi/lib/thumb/v7e-m/nofp\libc.a(lib_a-dtoa.o)
                              c:/ti/ccs1220/ccs/tools/compiler/gcc-arm-none-eabi-9-2019-q4-major/bin/../lib/gcc/arm-none-eabi/9.2.1/../../../../arm-none-eabi/lib/thumb/v7e-m/nofp\libc.a(lib_a-svfprintf.o) (_dtoa_r)
c:/ti/ccs1220/ccs/tools/compiler/gcc-arm-none-eabi-9-2019-q4-major/bin/../lib/gcc/arm-none-eabi/9.2.1/../../../../arm-none-eabi/lib/thumb/v7e-m/nofp\libc.a(lib_a-fini.o)
                              c:/ti/ccs1220/ccs/tools/compiler/gcc-arm-none-eabi-9-2019-q4-major/bin/../lib/gcc/arm-none-eabi/9.2.1/../../../../arm-none-eabi/lib/thumb/v7e-m/nofp\libc.a(lib_a-__call_atexit.o) (__libc_fini_array)
c:/ti/ccs1220/ccs/tools/compiler/gcc-arm-none-eabi-9-2019-q4-major/bin/../lib/gcc/arm-none-eabi/9.2.1/../../../../arm-none-eabi/lib/thumb/v7e-m/nofp\libc.a(lib_a-freer.o)
                              c:/ti/ccs1220/ccs/tools/compiler/gcc-arm-none-eabi-9-2019-q4-major/bin/../lib/gcc/arm-none-eabi/9.2.1/../../../../arm-none-eabi/lib/thumb/v7e-m/nofp\libc.a(lib_a-svfprintf.o) (_free_r)
c:/ti/ccs1220/ccs/tools/compiler/gcc-arm-none-eabi-9-2019-q4-major/bin/../lib/gcc/arm-none-eabi/9.2.1/../../../../arm-none-eabi/lib/thumb/v7e-m/nofp\libc.a(lib_a-localeconv.o)
                              c:/ti/ccs1220/ccs/tools/compiler/gcc-arm-none-eabi-9-2019-q4-major/bin/../lib/gcc/arm-none-eabi/9.2.1/../../../../arm-none-eabi/lib/thumb/v7e-m/nofp\libc.a(lib_a-svfprintf.o) (_localeconv_r)
c:/ti/ccs1220/ccs/tools/compiler/gcc-arm-none-eabi-9-2019-q4-major/bin/../lib/gcc/arm-none-eabi/9.2.1/../../../../arm-none-eabi/lib/thumb/v7e-m/nofp\libc.a(lib_a-lock.o)
                              c:/ti/ccs1220/ccs/tools/compiler/gcc-arm-none-eabi-9-2019-q4-major/bin/../lib/gcc/arm-none-eabi/9.2.1/../../../../arm-none-eabi/lib/thumb/v7e-m/nofp\libc.a(lib_a-__call_atexit.o) (__retarget_lock_acquire_recursive)
[...]
Memory Configuration

Name             Origin             Length             Attributes
ROM              0x00000000         0x00020000         xr
RAM              0x20000000         0x00002000         xrw
*default*        0x00000000         0xffffffff

Linker script and memory map

LOAD c:/ti/ccs1220/ccs/tools/compiler/gcc-arm-none-eabi-9-2019-q4-major/bin/../lib/gcc/arm-none-eabi/9.2.1/thumb/v7e-m/nofp/crti.o
LOAD c:/ti/ccs1220/ccs/tools/compiler/gcc-arm-none-eabi-9-2019-q4-major/bin/../lib/gcc/arm-none-eabi/9.2.1/thumb/v7e-m/nofp/crtbegin.o
LOAD c:/ti/ccs1220/ccs/tools/compiler/gcc-arm-none-eabi-9-2019-q4-major/bin/../lib/gcc/arm-none-eabi/9.2.1/../../../../arm-none-eabi/lib/thumb/v7e-m/nofp/crt0.o
LOAD ./Source/App/Main/AppsDownloader.o
LOAD ./Source/App/Main/main.o
LOAD ./Source/BSP/bsp.o
LOAD ./Source/BSP/startup_tm4c_gnu.o
LOAD ./Source/Driver/ADC/ADC_Driver.o
LOAD ./Source/Driver/FLASH/FLASH.o
LOAD ./Source/Driver/GPIO/GPIOdriver.o
LOAD ./Source/Driver/I2C/I2C.o
LOAD ./Source/Driver/Timer/Timer.o
LOAD ./Source/Driver/Timer/timercnter.o
LOAD ./Source/Driver/UART/UART.o
LOAD ./Source/Middleware/OLED_SSD1306/SSD1306.o
                0x00001000                STACK_SIZE = 0x1000
                0x00000000                HEAP_SIZE = 0x0

.isr_vector     0x00000000      0x26c
 *(.isr_vector)
 .isr_vector    0x00000000      0x26c ./Source/BSP/startup_tm4c_gnu.o
                0x00000000                g_pfnVectors
                0x0000026c                . = ALIGN (0x4)

.eh_frame       0x0000026c        0x4
 .eh_frame      0x0000026c        0x0 c:/ti/ccs1220/ccs/tools/compiler/gcc-arm-none-eabi-9-2019-q4-major/bin/../lib/gcc/arm-none-eabi/9.2.1/thumb/v7e-m/nofp/crtbegin.o
 .eh_frame      0x0000026c        0x4 c:/ti/ccs1220/ccs/tools/compiler/gcc-arm-none-eabi-9-2019-q4-major/bin/../lib/gcc/arm-none-eabi/9.2.1/thumb/v7e-m/nofp/crtend.o

.ARM.extab      0x00000270        0x0
 .ARM.extab     0x00000270        0x0 c:/ti/ccs1220/ccs/tools/compiler/gcc-arm-none-eabi-9-2019-q4-major/bin/../lib/gcc/arm-none-eabi/9.2.1/../../../../arm-none-eabi/lib/thumb/v7e-m/nofp/crt0.o

.ARM.exidx      0x00000270        0x8
 .ARM.exidx     0x00000270        0x8 c:/ti/ccs1220/ccs/tools/compiler/gcc-arm-none-eabi-9-2019-q4-major/bin/../lib/gcc/arm-none-eabi/9.2.1/../../../../arm-none-eabi/lib/thumb/v7e-m/nofp/crt0.o

.text           0x00000280     0x9ff8
                0x00000280                . = ALIGN (0x4)
 *(.text)
 .text          0x00000280        0x0 c:/ti/ccs1220/ccs/tools/compiler/gcc-arm-none-eabi-9-2019-q4-major/bin/../lib/gcc/arm-none-eabi/9.2.1/thumb/v7e-m/nofp/crti.o
 .text          0x00000280       0x40 c:/ti/ccs1220/ccs/tools/compiler/gcc-arm-none-eabi-9-2019-q4-major/bin/../lib/gcc/arm-none-eabi/9.2.1/thumb/v7e-m/nofp/crtbegin.o
 .text          0x000002c0       0x74 c:/ti/ccs1220/ccs/tools/compiler/gcc-arm-none-eabi-9-2019-q4-major/bin/../lib/gcc/arm-none-eabi/9.2.1/../../../../arm-none-eabi/lib/thumb/v7e-m/nofp/crt0.o
                0x000002c0                _start
                0x000002c0                _mainCRTStartup
 .text          0x00000334        0x0 ./Source/App/Main/AppsDownloader.o
 .text          0x00000334        0x0 ./Source/App/Main/main.o
 .text          0x00000334        0x0 ./Source/BSP/bsp.o
 .text          0x00000334        0x0 ./Source/BSP/startup_tm4c_gnu.o
 .text          0x00000334        0x0 ./Source/Driver/ADC/ADC_Driver.o
 .text          0x00000334        0x0 ./Source/Driver/FLASH/FLASH.o
 .text          0x00000334        0x0 ./Source/Driver/GPIO/GPIOdriver.o
 .text          0x00000334        0x0 ./Source/Driver/I2C/I2C.o
 .text          0x00000334        0x0 ./Source/Driver/Timer/Timer.o
 .text          0x00000334        0x0 ./Source/Driver/Timer/timercnter.o
 .text          0x00000334        0x0 ./Source/Driver/UART/UART.o
 .text          0x00000334        0x0 ./Source/Middleware/OLED_SSD1306/SSD1306.o
 .text          0x00000334        0x0 c:/ti/ccs1220/ccs/tools/compiler/gcc-arm-none-eabi-9-2019-q4-major/bin/../lib/gcc/arm-none-eabi/9.2.1/../../../../arm-none-eabi/lib/thumb/v7e-m/nofp\libc.a(lib_a-exit.o)
 .text          0x00000334        0x0 c:/ti/ccs1220/ccs/tools/compiler/gcc-arm-none-eabi-9-2019-q4-major/bin/../lib/gcc/arm-none-eabi/9.2.1/../../../../arm-none-eabi/lib/thumb/v7e-m/nofp\libc.a(lib_a-impure.o)
 .text          0x00000334        0x0 c:/ti/ccs1220/ccs/tools/compiler/gcc-arm-none-eabi-9-2019-q4-major/bin/../lib/gcc/arm-none-eabi/9.2.1/../../../../arm-none-eabi/lib/thumb/v7e-m/nofp\libc.a(lib_a-init.o)
 .text          0x00000334        0x0 c:/ti/ccs1220/ccs/tools/compiler/gcc-arm-none-eabi-9-2019-q4-major/bin/../lib/gcc/arm-none-eabi/9.2.1/../../../../arm-none-eabi/lib/thumb/v7e-m/nofp\libc.a(lib_a-memset.o)
 .text          0x00000334        0x0 c:/ti/ccs1220/ccs/tools/compiler/gcc-arm-none-eabi-9-2019-q4-major/bin/../lib/gcc/arm-none-eabi/9.2.1/../../../../arm-none-eabi/lib/thumb/v7e-m/nofp\libc.a(lib_a-sprintf.o)
 .text          0x00000334        0x0 c:/ti/ccs1220/ccs/tools/compiler/gcc-arm-none-eabi-9-2019-q4-major/bin/../lib/gcc/arm-none-eabi/9.2.1/../../../../arm-none-eabi/lib/thumb/v7e-m/nofp\libc.a(lib_a-svfprintf.o)
 .text          0x00000334        0x0 c:/ti/ccs1220/ccs/tools/compiler/gcc-arm-none-eabi-9-2019-q4-major/bin/../lib/gcc/arm-none-eabi/9.2.1/../../../../arm-none-eabi/lib/thumb/v7e-m/nofp\libc.a(lib_a-__call_atexit.o)
 .text          0x00000334        0x0 c:/ti/ccs1220/ccs/tools/compiler/gcc-arm-none-eabi-9-2019-q4-major/bin/../lib/gcc/arm-none-eabi/9.2.1/../../../../arm-none-eabi/lib/thumb/v7e-m/nofp\libc.a(lib_a-atexit.o)
 .text          0x00000334        0x0 c:/ti/ccs1220/ccs/tools/compiler/gcc-arm-none-eabi-9-2019-q4-major/bin/../lib/gcc/arm-none-eabi/9.2.1/../../../../arm-none-eabi/lib/thumb/v7e-m/nofp\libc.a(lib_a-dtoa.o)
 .text          0x00000334        0x0 c:/ti/ccs1220/ccs/tools/compiler/gcc-arm-none-eabi-9-2019-q4-major/bin/../lib/gcc/arm-none-eabi/9.2.1/../../../../arm-none-eabi/lib/thumb/v7e-m/nofp\libc.a(lib_a-fini.o)
 .text          0x00000334        0x0 c:/ti/ccs1220/ccs/tools/compiler/gcc-arm-none-eabi-9-2019-q4-major/bin/../lib/gcc/arm-none-eabi/9.2.1/../../../../arm-none-eabi/lib/thumb/v7e-m/nofp\libc.a(lib_a-freer.o)
 .text          0x00000334        0x0 c:/ti/ccs1220/ccs/tools/compiler/gcc-arm-none-eabi-9-2019-q4-major/bin/../lib/gcc/arm-none-eabi/9.2.1/../../../../arm-none-eabi/lib/thumb/v7e-m/nofp\libc.a(lib_a-localeconv.o)
 .text          0x00000334        0x0 c:/ti/ccs1220/ccs/tools/compiler/gcc-arm-none-eabi-9-2019-q4-major/bin/../lib/gcc/arm-none-eabi/9.2.1/../../../../arm-none-eabi/lib/thumb/v7e-m/nofp\libc.a(lib_a-lock.o)
 .text          0x00000334        0x0 c:/ti/ccs1220/ccs/tools/compiler/gcc-arm-none-eabi-9-2019-q4-major/bin/../lib/gcc/arm-none-eabi/9.2.1/../../../../arm-none-eabi/lib/thumb/v7e-m/nofp\libc.a(lib_a-mallocr.o)
 *fill*         0x00000334        0xc 
 .text          0x00000340       0xa0 c:/ti/ccs1220/ccs/tools/compiler/gcc-arm-none-eabi-9-2019-q4-major/bin/../lib/gcc/arm-none-eabi/9.2.1/../../../../arm-none-eabi/lib/thumb/v7e-m/nofp\libc.a(lib_a-memchr.o)
                0x00000340                memchr
 .text          0x000003e0      0x134 c:/ti/ccs1220/ccs/tools/compiler/gcc-arm-none-eabi-9-2019-q4-major/bin/../lib/gcc/arm-none-eabi/9.2.1/../../../../arm-none-eabi/lib/thumb/v7e-m/nofp\libc.a(lib_a-memcpy.o)
                0x000003e0                memcpy
 .text          0x00000514        0x0 c:/ti/ccs1220/ccs/tools/compiler/gcc-arm-none-eabi-9-2019-q4-major/bin/../lib/gcc/arm-none-eabi/9.2.1/../../../../arm-none-eabi/lib/thumb/v7e-m/nofp\libc.a(lib_a-mlock.o)
 .text          0x00000514        0x0 c:/ti/ccs1220/ccs/tools/compiler/gcc-arm-none-eabi-9-2019-q4-major/bin/../lib/gcc/arm-none-eabi/9.2.1/../../../../arm-none-eabi/lib/thumb/v7e-m/nofp\libc.a(lib_a-mprec.o)
 .text          0x00000514        0x0 c:/ti/ccs1220/ccs/tools/compiler/gcc-arm-none-eabi-9-2019-q4-major/bin/../lib/gcc/arm-none-eabi/9.2.1/../../../../arm-none-eabi/lib/thumb/v7e-m/nofp\libc.a(lib_a-s_frexp.o)
 .text          0x00000514        0x0 c:/ti/ccs1220/ccs/tools/compiler/gcc-arm-none-eabi-9-2019-q4-major/bin/../lib/gcc/arm-none-eabi/9.2.1/../../../../arm-none-eabi/lib/thumb/v7e-m/nofp\libc.a(lib_a-sbrkr.o)
 *fill*         0x00000514       0x2c 
 .text          0x00000540       0xdc c:/ti/ccs1220/ccs/tools/compiler/gcc-arm-none-eabi-9-2019-q4-major/bin/../lib/gcc/arm-none-eabi/9.2.1/../../../../arm-none-eabi/lib/thumb/v7e-m/nofp\libc.a(lib_a-strlen.o)
                0x00000540                strlen
 .text          0x0000061c        0x0 c:/ti/ccs1220/ccs/tools/compiler/gcc-arm-none-eabi-9-2019-q4-major/bin/../lib/gcc/arm-none-eabi/9.2.1/../../../../arm-none-eabi/lib/thumb/v7e-m/nofp\libc.a(lib_a-strncpy.o)
 .text          0x0000061c        0x0 c:/ti/ccs1220/ccs/tools/compiler/gcc-arm-none-eabi-9-2019-q4-major/bin/../lib/gcc/arm-none-eabi/9.2.1/../../../../arm-none-eabi/lib/thumb/v7e-m/nofp\libc.a(lib_a-svfiprintf.o)
 .text          0x0000061c        0x0 c:/ti/ccs1220/ccs/tools/compiler/gcc-arm-none-eabi-9-2019-q4-major/bin/../lib/gcc/arm-none-eabi/9.2.1/../../../../arm-none-eabi/lib/thumb/v7e-m/nofp\libc.a(lib_a-__atexit.o)
 .text          0x0000061c        0x0 c:/ti/ccs1220/ccs/tools/compiler/gcc-arm-none-eabi-9-2019-q4-major/bin/../lib/gcc/arm-none-eabi/9.2.1/../../../../arm-none-eabi/lib/thumb/v7e-m/nofp\libc.a(lib_a-callocr.o)
 .text          0x0000061c        0x0 c:/ti/ccs1220/ccs/tools/compiler/gcc-arm-none-eabi-9-2019-q4-major/bin/../lib/gcc/arm-none-eabi/9.2.1/../../../../arm-none-eabi/lib/thumb/v7e-m/nofp\libc.a(lib_a-locale.o)
 .text          0x0000061c        0x0 c:/ti/ccs1220/ccs/tools/compiler/gcc-arm-none-eabi-9-2019-q4-major/bin/../lib/gcc/arm-none-eabi/9.2.1/../../../../arm-none-eabi/lib/thumb/v7e-m/nofp\libc.a(lib_a-mbtowc_r.o)
 .text          0x0000061c        0x0 c:/ti/ccs1220/ccs/tools/compiler/gcc-arm-none-eabi-9-2019-q4-major/bin/../lib/gcc/arm-none-eabi/9.2.1/../../../../arm-none-eabi/lib/thumb/v7e-m/nofp\libc.a(lib_a-memmove.o)
 .text          0x0000061c        0x0 c:/ti/ccs1220/ccs/tools/compiler/gcc-arm-none-eabi-9-2019-q4-major/bin/../lib/gcc/arm-none-eabi/9.2.1/../../../../arm-none-eabi/lib/thumb/v7e-m/nofp\libc.a(lib_a-reallocr.o)
 .text          0x0000061c        0x0 c:/ti/ccs1220/ccs/tools/compiler/gcc-arm-none-eabi-9-2019-q4-major/bin/../lib/gcc/arm-none-eabi/9.2.1/../../../../arm-none-eabi/lib/thumb/v7e-m/nofp\libc.a(lib_a-reent.o)
 *fill*         0x0000061c        0x4 
 .text          0x00000620      0x2dc c:/ti/ccs1220/ccs/tools/compiler/gcc-arm-none-eabi-9-2019-q4-major/bin/../lib/gcc/arm-none-eabi/9.2.1/../../../../arm-none-eabi/lib/thumb/v7e-m/nofp\libc.a(lib_a-strcmp.o)
                0x00000628                strcmp
 .text          0x000008fc        0x0 c:/ti/ccs1220/ccs/tools/compiler/gcc-arm-none-eabi-9-2019-q4-major/bin/../lib/gcc/arm-none-eabi/9.2.1/../../../../arm-none-eabi/lib/thumb/v7e-m/nofp\libc.a(lib_a-wctomb_r.o)
 .text          0x000008fc        0x0 c:/ti/ccs1220/ccs/tools/compiler/gcc-arm-none-eabi-9-2019-q4-major/bin/../lib/gcc/arm-none-eabi/9.2.1/../../../../arm-none-eabi/lib/thumb/v7e-m/nofp\libc.a(lib_a-ctype_.o)
 .text          0x000008fc      0x254 c:/ti/ccs1220/ccs/tools/compiler/gcc-arm-none-eabi-9-2019-q4-major/bin/../lib/gcc/arm-none-eabi/9.2.1/thumb/v7e-m/nofp\libgcc.a(_arm_muldf3.o)
 .text          0x00000b50      0x168 c:/ti/ccs1220/ccs/tools/compiler/gcc-arm-none-eabi-9-2019-q4-major/bin/../lib/gcc/arm-none-eabi/9.2.1/thumb/v7e-m/nofp\libgcc.a(_arm_mulsf3.o)
                0x00000b50                __aeabi_fmul
                0x00000b50                __mulsf3
 .text          0x00000cb8      0x378 c:/ti/ccs1220/ccs/tools/compiler/gcc-arm-none-eabi-9-2019-q4-major/bin/../lib/gcc/arm-none-eabi/9.2.1/thumb/v7e-m/nofp\libgcc.a(_arm_addsubdf3.o)
                0x00000cb8                __aeabi_drsub
                0x00000cc0                __aeabi_dsub
                0x00000cc0                __subdf3
                0x00000cc4                __aeabi_dadd
                0x00000cc4                __adddf3
                0x00000f3c                __floatunsidf
                0x00000f3c                __aeabi_ui2d
                0x00000f5c                __floatsidf
                0x00000f5c                __aeabi_i2d
                0x00000f80                __aeabi_f2d
                0x00000f80                __extendsfdf2
                0x00000fc4                __floatundidf
                0x00000fc4                __aeabi_ul2d
                0x00000fd4                __floatdidf
                0x00000fd4                __aeabi_l2d
 .text          0x00001030      0x424 c:/ti/ccs1220/ccs/tools/compiler/gcc-arm-none-eabi-9-2019-q4-major/bin/../lib/gcc/arm-none-eabi/9.2.1/thumb/v7e-m/nofp\libgcc.a(_arm_muldivdf3.o)
                0x00001030                __aeabi_dmul
                0x00001030                __muldf3
                0x00001284                __divdf3
                0x00001284                __aeabi_ddiv
 .text          0x00001454      0x110 c:/ti/ccs1220/ccs/tools/compiler/gcc-arm-none-eabi-9-2019-q4-major/bin/../lib/gcc/arm-none-eabi/9.2.1/thumb/v7e-m/nofp\libgcc.a(_arm_cmpdf2.o)
                0x00001454                __gtdf2
                0x00001454                __gedf2
                0x0000145c                __ltdf2
                0x0000145c                __ledf2
                0x00001464                __nedf2
                0x00001464                __eqdf2
                0x00001464                __cmpdf2
                0x000014e0                __aeabi_cdrcmple
                0x000014f0                __aeabi_cdcmpeq
                0x000014f0                __aeabi_cdcmple
                0x00001500                __aeabi_dcmpeq
                0x00001514                __aeabi_dcmplt
                0x00001528                __aeabi_dcmple
                0x0000153c                __aeabi_dcmpge
                0x00001550                __aeabi_dcmpgt
 .text          0x00001564       0x2c c:/ti/ccs1220/ccs/tools/compiler/gcc-arm-none-eabi-9-2019-q4-major/bin/../lib/gcc/arm-none-eabi/9.2.1/thumb/v7e-m/nofp\libgcc.a(_arm_unorddf2.o)
                0x00001564                __unorddf2
                0x00001564                __aeabi_dcmpun
 .text          0x00001590       0x50 c:/ti/ccs1220/ccs/tools/compiler/gcc-arm-none-eabi-9-2019-q4-major/bin/../lib/gcc/arm-none-eabi/9.2.1/thumb/v7e-m/nofp\libgcc.a(_arm_fixdfsi.o)
                0x00001590                __aeabi_d2iz
                0x00001590                __fixdfsi
 .text          0x000015e0       0xa0 c:/ti/ccs1220/ccs/tools/compiler/gcc-arm-none-eabi-9-2019-q4-major/bin/../lib/gcc/arm-none-eabi/9.2.1/thumb/v7e-m/nofp\libgcc.a(_arm_truncdfsf2.o)
                0x000015e0                __truncdfsf2
                0x000015e0                __aeabi_d2f
 .text          0x00001680      0x21c c:/ti/ccs1220/ccs/tools/compiler/gcc-arm-none-eabi-9-2019-q4-major/bin/../lib/gcc/arm-none-eabi/9.2.1/thumb/v7e-m/nofp\libgcc.a(_arm_addsubsf3.o)
                0x00001680                __aeabi_frsub
                0x00001688                __subsf3
                0x00001688                __aeabi_fsub
                0x0000168c                __aeabi_fadd
                0x0000168c                __addsf3
                0x000017ec                __aeabi_ui2f
                0x000017ec                __floatunsisf
                0x000017f4                __aeabi_i2f
                0x000017f4                __floatsisf
                0x00001810                __aeabi_ul2f
                0x00001810                __floatundisf
                0x00001820                __aeabi_l2f
                0x00001820                __floatdisf
 .text          0x0000189c       0x40 c:/ti/ccs1220/ccs/tools/compiler/gcc-arm-none-eabi-9-2019-q4-major/bin/../lib/gcc/arm-none-eabi/9.2.1/thumb/v7e-m/nofp\libgcc.a(_arm_fixunssfsi.o)
                0x0000189c                __fixunssfsi
                0x0000189c                __aeabi_f2uiz
 .text          0x000018dc       0x30 c:/ti/ccs1220/ccs/tools/compiler/gcc-arm-none-eabi-9-2019-q4-major/bin/../lib/gcc/arm-none-eabi/9.2.1/thumb/v7e-m/nofp\libgcc.a(_aeabi_uldivmod.o)
                0x000018dc                __aeabi_uldivmod
 .text          0x0000190c      0x2c0 c:/ti/ccs1220/ccs/tools/compiler/gcc-arm-none-eabi-9-2019-q4-major/bin/../lib/gcc/arm-none-eabi/9.2.1/thumb/v7e-m/nofp\libgcc.a(_udivmoddi4.o)
                0x0000190c                __udivmoddi4
 .text          0x00001bcc        0x4 c:/ti/ccs1220/ccs/tools/compiler/gcc-arm-none-eabi-9-2019-q4-major/bin/../lib/gcc/arm-none-eabi/9.2.1/thumb/v7e-m/nofp\libgcc.a(_dvmd_tls.o)
                0x00001bcc                __aeabi_idiv0
                0x00001bcc                __aeabi_ldiv0
 .text          0x00001bd0        0x0 c:/ti/ccs1220/ccs/tools/compiler/gcc-arm-none-eabi-9-2019-q4-major/bin/../lib/gcc/arm-none-eabi/9.2.1/../../../../arm-none-eabi/lib/thumb/v7e-m/nofp\libnosys.a(sbrk.o)
 .text          0x00001bd0        0x0 c:/ti/ccs1220/ccs/tools/compiler/gcc-arm-none-eabi-9-2019-q4-major/bin/../lib/gcc/arm-none-eabi/9.2.1/../../../../arm-none-eabi/lib/thumb/v7e-m/nofp\libnosys.a(_exit.o)
 .text          0x00001bd0        0x0 c:/ti/ccs1220/ccs/tools/compiler/gcc-arm-none-eabi-9-2019-q4-major/bin/../lib/gcc/arm-none-eabi/9.2.1/thumb/v7e-m/nofp/crtend.o
 .text          0x00001bd0        0x0 c:/ti/ccs1220/ccs/tools/compiler/gcc-arm-none-eabi-9-2019-q4-major/bin/../lib/gcc/arm-none-eabi/9.2.1/thumb/v7e-m/nofp/crtn.o
 *(.text*)
 .text.downloadNflashApps
                0x00001bd0      0x320 ./Source/App/Main/AppsDownloader.o
                0x00001bd0                downloadNflashApps
 .text.main     0x00001ef0       0xc4 ./Source/App/Main/main.o
                0x00001ef0                main
 .text.verify_apps
                0x00001fb4       0x20 ./Source/App/Main/main.o
                0x00001fb4                verify_apps
 .text.Delay_ms
                0x00001fd4       0x46 ./Source/App/Main/main.o
                0x00001fd4                Delay_ms
 *fill*         0x0000201a        0x2 
 .text.NVIC_SystemReset
                0x0000201c       0x30 ./Source/BSP/bsp.o
 .text.assert_failed
                0x0000204c        0x6 ./Source/BSP/bsp.o
                0x0000204c                assert_failed
 *fill*         0x00002052        0x2 
 .text.Reset_Handler
                0x00002054       0x74 ./Source/BSP/startup_tm4c_gnu.o
                0x00002054                Reset_Handler
 .text.NMI_Handler
                0x000020c8       0x18 ./Source/BSP/startup_tm4c_gnu.o
                0x000020c8                NMI_Handler
 .text.MemManage_Handler
                0x000020e0       0x1c ./Source/BSP/startup_tm4c_gnu.o
                0x000020e0                MemManage_Handler
 .text.HardFault_Handler
                0x000020fc       0x1c ./Source/BSP/startup_tm4c_gnu.o
                0x000020fc                HardFault_Handler
 .text.BusFault_Handler
                0x00002118       0x1c ./Source/BSP/startup_tm4c_gnu.o
                0x00002118                BusFault_Handler
 .text.UsageFault_Handler
                0x00002134       0x20 ./Source/BSP/startup_tm4c_gnu.o
                0x00002134                UsageFault_Handler
 .text.Default_Handler
                0x00002154       0x1c ./Source/BSP/startup_tm4c_gnu.o
                0x00002154                uDMAST_IRQHandler
                0x00002154                GPIOPortP4_IRQHandler
                0x00002154                PWM1Gen3_IRQHandler
                0x00002154                WideTimer5B_IRQHandler
                0x00002154                DebugMon_Handler
                0x00002154                QEI2_IRQHandler
                0x00002154                FlashCtrl_IRQHandler
                0x00002154                GPIOPortP7_IRQHandler
                0x00002154                Timer0B_IRQHandler
                0x00002154                I2C0_IRQHandler
                0x00002154                SysTick_Handler
                0x00002154                WideTimer4B_IRQHandler
                0x00002154                PendSV_Handler
                0x00002154                I2C1_IRQHandler
                0x00002154                GPIOPortP5_IRQHandler
                0x00002154                PWMGen0_IRQHandler
                0x00002154                UART1_IRQHandler
                0x00002154                CAN1_IRQHandler
                0x00002154                Timer1B_IRQHandler
                0x00002154                Watchdog_IRQHandler
                0x00002154                GPIOPortS_IRQHandler
                0x00002154                GPIOPortQ7_IRQHandler
                0x00002154                PWM1Gen2_IRQHandler
                0x00002154                UART0_IRQHandler
                0x00002154                GPIOPortL_IRQHandler
                0x00002154                SSI0_IRQHandler
                0x00002154                GPIOPortM_IRQHandler
                0x00002154                FPU_IRQHandler
                0x00002154                ADCSeq1_IRQHandler
                0x00002154                GPIOPortP0_IRQHandler
                0x00002154                WideTimer0B_IRQHandler
                0x00002154                PWMFault_IRQHandler
                0x00002154                WideTimer1A_IRQHandler
                0x00002154                I2C5_IRQHandler
                0x00002154                I2C4_IRQHandler
                0x00002154                GPIOPortQ5_IRQHandler
                0x00002154                PWMGen1_IRQHandler
                0x00002154                SSI1_IRQHandler
                0x00002154                I2C2_IRQHandler
                0x00002154                UART5_IRQHandler
                0x00002154                GPIOPortC_IRQHandler
                0x00002154                GPIOPortK_IRQHandler
                0x00002154                ADCSeq2_IRQHandler
                0x00002154                PWMGen2_IRQHandler
                0x00002154                UART2_IRQHandler
                0x00002154                GPIOPortP3_IRQHandler
                0x00002154                ADC1Seq0_IRQHandler
                0x00002154                UART4_IRQHandler
                0x00002154                GPIOPortJ_IRQHandler
                0x00002154                Default_Handler
                0x00002154                WideTimer0A_IRQHandler
                0x00002154                Timer5A_IRQHandler
                0x00002154                WideTimer3B_IRQHandler
                0x00002154                WideTimer2B_IRQHandler
                0x00002154                WideTimer5A_IRQHandler
                0x00002154                Timer4A_IRQHandler
                0x00002154                QEI1_IRQHandler
                0x00002154                PWM1Fault_IRQHandler
                0x00002154                GPIOPortP6_IRQHandler
                0x00002154                QEI0_IRQHandler
                0x00002154                ADC1Seq2_IRQHandler
                0x00002154                ADC1Seq1_IRQHandler
                0x00002154                PWMGen3_IRQHandler
                0x00002154                GPIOPortD_IRQHandler
                0x00002154                USB0_IRQHandler
                0x00002154                I2C3_IRQHandler
                0x00002154                SVC_Handler
                0x00002154                GPIOPortP2_IRQHandler
                0x00002154                GPIOPortQ4_IRQHandler
                0x00002154                Timer3B_IRQHandler
                0x00002154                Timer3A_IRQHandler
                0x00002154                GPIOPortA_IRQHandler
                0x00002154                ADC1Seq3_IRQHandler
                0x00002154                Timer0A_IRQHandler
                0x00002154                GPIOPortP1_IRQHandler
                0x00002154                ADCSeq0_IRQHandler
                0x00002154                Timer1A_IRQHandler
                0x00002154                GPIOPortG_IRQHandler
                0x00002154                GPIOPortQ3_IRQHandler
                0x00002154                GPIOPortQ1_IRQHandler
                0x00002154                Timer5B_IRQHandler
                0x00002154                ADCSeq3_IRQHandler
                0x00002154                WideTimer4A_IRQHandler
                0x00002154                GPIOPortE_IRQHandler
                0x00002154                CAN0_IRQHandler
                0x00002154                GPIOPortQ0_IRQHandler
                0x00002154                Comp0_IRQHandler
                0x00002154                Comp1_IRQHandler
                0x00002154                Comp2_IRQHandler
                0x00002154                GPIOPortQ6_IRQHandler
                0x00002154                SSI2_IRQHandler
                0x00002154                PWM1Gen0_IRQHandler
                0x00002154                GPIOPortF_IRQHandler
                0x00002154                UART7_IRQHandler
                0x00002154                UART6_IRQHandler
                0x00002154                WideTimer2A_IRQHandler
                0x00002154                GPIOPortB_IRQHandler
                0x00002154                WideTimer3A_IRQHandler
                0x00002154                CAN2_IRQHandler
                0x00002154                WideTimer1B_IRQHandler
                0x00002154                GPIOPortH_IRQHandler
                0x00002154                GPIOPortQ2_IRQHandler
                0x00002154                GPIOPortR_IRQHandler
                0x00002154                Timer4B_IRQHandler
                0x00002154                Timer2A_IRQHandler
                0x00002154                SSI3_IRQHandler
                0x00002154                Timer2B_IRQHandler
                0x00002154                uDMAError_IRQHandler
                0x00002154                GPIOPortN_IRQHandler
                0x00002154                UART3_IRQHandler
                0x00002154                SysCtrl_IRQHandler
                0x00002154                Hibernate_IRQHandler
                0x00002154                PWM1Gen1_IRQHandler
 .text.ADC_Init
                0x00002170       0x40 ./Source/Driver/ADC/ADC_Driver.o
                0x00002170                ADC_Init
 .text.ADC_port_Init
                0x000021b0       0x9c ./Source/Driver/ADC/ADC_Driver.o
 .text.ADC_SS_Init
                0x0000224c       0x4c ./Source/Driver/ADC/ADC_Driver.o
                0x0000224c                ADC_SS_Init
 .text.analogRead
                0x00002298      0x180 ./Source/Driver/ADC/ADC_Driver.o
                0x00002298                analogRead
 .text.FlashProgram_ByteArr
                0x00002418      0x164 ./Source/Driver/FLASH/FLASH.o
                0x00002418                FlashProgram_ByteArr
 .text.FlashProgram
                0x0000257c       0x90 ./Source/Driver/FLASH/FLASH.o
                0x0000257c                FlashProgram
 .text.FlashErase
                0x0000260c       0x74 ./Source/Driver/FLASH/FLASH.o
                0x0000260c                FlashErase
 .text.GPIO_Init
                0x00002680       0x6c ./Source/Driver/GPIO/GPIOdriver.o
                0x00002680                GPIO_Init
 .text.DigitalWrite
                0x000026ec      0x15c ./Source/Driver/GPIO/GPIOdriver.o
                0x000026ec                DigitalWrite
 .text.DigitalRead
                0x00002848      0x19c ./Source/Driver/GPIO/GPIOdriver.o
                0x00002848                DigitalRead
 .text.I2C_Init
                0x000029e4      0x2b8 ./Source/Driver/I2C/I2C.o
                0x000029e4                I2C_Init
 .text.Check_I2C_BUS_busy
                0x00002c9c        0xc ./Source/Driver/I2C/I2C.o
 .text.Check_I2C_busy
                0x00002ca8       0x34 ./Source/Driver/I2C/I2C.o
 .text.Check_I2C_error
                0x00002cdc       0x88 ./Source/Driver/I2C/I2C.o
 .text.I2C_Write
                0x00002d64       0x2a ./Source/Driver/I2C/I2C.o
                0x00002d64                I2C_Write
 .text.I2C_Write_Memory
                0x00002d8e       0x30 ./Source/Driver/I2C/I2C.o
                0x00002d8e                I2C_Write_Memory
 *fill*         0x00002dbe        0x2 
 .text.I2C_Write_Multiple
                0x00002dc0      0x194 ./Source/Driver/I2C/I2C.o
                0x00002dc0                I2C_Write_Multiple
 .text.I2C_Write_Memory_Multiple
                0x00002f54      0x1cc ./Source/Driver/I2C/I2C.o
                0x00002f54                I2C_Write_Memory_Multiple
 .text.I2C_Read
                0x00003120       0x26 ./Source/Driver/I2C/I2C.o
                0x00003120                I2C_Read
 *fill*         0x00003146        0x2 
 .text.I2C_Read_Multiple
                0x00003148      0x1a4 ./Source/Driver/I2C/I2C.o
                0x00003148                I2C_Read_Multiple
 .text.I2C_Read_Memory
                0x000032ec       0x36 ./Source/Driver/I2C/I2C.o
                0x000032ec                I2C_Read_Memory
 .text.I2C_Read_Memory_Multiple
                0x00003322       0x36 ./Source/Driver/I2C/I2C.o
                0x00003322                I2C_Read_Memory_Multiple
 .text.Timer_Init
                0x00003358       0x68 ./Source/Driver/Timer/Timer.o
                0x00003358                Timer_Init
 .text.Start_Timer_0
                0x000033c0       0x1c ./Source/Driver/Timer/Timer.o
 .text.Stop_Timer_0
                0x000033dc       0x1c ./Source/Driver/Timer/Timer.o
                0x000033dc                Stop_Timer_0
 .text.Refresh_Timer_0
                0x000033f8       0x28 ./Source/Driver/Timer/Timer.o
                0x000033f8                Refresh_Timer_0
 .text.Timer_scheduler
                0x00003420      0x194 ./Source/Driver/Timer/Timer.o
                0x00003420                Timer_scheduler
 .text.Clear_Timer_Flag
                0x000035b4       0x60 ./Source/Driver/Timer/Timer.o
 .text.init_Timer_Counter
                0x00003614       0x6c ./Source/Driver/Timer/timercnter.o
                0x00003614                init_Timer_Counter
 .text.Start_Timer_counter
                0x00003680       0x1c ./Source/Driver/Timer/timercnter.o
                0x00003680                Start_Timer_counter
 .text.Stop_Timer_counter
                0x0000369c       0x24 ./Source/Driver/Timer/timercnter.o
                0x0000369c                Stop_Timer_counter
 .text.Pause_Timer_counter
                0x000036c0       0x1c ./Source/Driver/Timer/timercnter.o
                0x000036c0                Pause_Timer_counter
 .text.Refresh_Timer_counter
                0x000036dc       0x30 ./Source/Driver/Timer/timercnter.o
                0x000036dc                Refresh_Timer_counter
 .text.millis   0x0000370c       0x24 ./Source/Driver/Timer/timercnter.o
                0x0000370c                millis
 .text.UART_init
                0x00003730      0x394 ./Source/Driver/UART/UART.o
                0x00003730                UART_init
 .text.UART_print
                0x00003ac4       0x40 ./Source/Driver/UART/UART.o
                0x00003ac4                UART_print
 .text.UART_Transmit
                0x00003b04       0x50 ./Source/Driver/UART/UART.o
                0x00003b04                UART_Transmit
 .text.Delay    0x00003b54       0x2c ./Source/Driver/UART/UART.o
                0x00003b54                Delay
 .text.UART_Receive
                0x00003b80       0x40 ./Source/Driver/UART/UART.o
                0x00003b80                UART_Receive
 .text.UART_Receive_Long
                0x00003bc0       0x58 ./Source/Driver/UART/UART.o
                0x00003bc0                UART_Receive_Long
 .text.UART_RxReady
                0x00003c18       0x38 ./Source/Driver/UART/UART.o
                0x00003c18                UART_RxReady
 .text.ssd1306_command
                0x00003c50       0x1e ./Source/Middleware/OLED_SSD1306/SSD1306.o
                0x00003c50                ssd1306_command
 .text.ssd1306_data
                0x00003c6e       0x1e ./Source/Middleware/OLED_SSD1306/SSD1306.o
                0x00003c6e                ssd1306_data
 .text.ssd1306_init
                0x00003c8c       0xd6 ./Source/Middleware/OLED_SSD1306/SSD1306.o
                0x00003c8c                ssd1306_init
 *fill*         0x00003d62        0x2 
 .text.ssd1306_clear
                0x00003d64       0x34 ./Source/Middleware/OLED_SSD1306/SSD1306.o
                0x00003d64                ssd1306_clear
 .text.ssd1306_clear_row
                0x00003d98       0x36 ./Source/Middleware/OLED_SSD1306/SSD1306.o
                0x00003d98                ssd1306_clear_row
 *fill*         0x00003dce        0x2 
 .text.ssd1306_draw_pixel
                0x00003dd0       0xa4 ./Source/Middleware/OLED_SSD1306/SSD1306.o
                0x00003dd0                ssd1306_draw_pixel
 .text.ssd1306_draw_line
                0x00003e74      0x110 ./Source/Middleware/OLED_SSD1306/SSD1306.o
                0x00003e74                ssd1306_draw_line
 .text.ssd1306_refresh
                0x00003f84       0x58 ./Source/Middleware/OLED_SSD1306/SSD1306.o
                0x00003f84                ssd1306_refresh
 .text.ssd1306_setcursor
                0x00003fdc       0x64 ./Source/Middleware/OLED_SSD1306/SSD1306.o
                0x00003fdc                ssd1306_setcursor
 .text.ssd1306_Print_String
                0x00004040       0xe8 ./Source/Middleware/OLED_SSD1306/SSD1306.o
                0x00004040                ssd1306_Print_String
 .text.ssd1306_set_text_size
                0x00004128       0x34 ./Source/Middleware/OLED_SSD1306/SSD1306.o
                0x00004128                ssd1306_set_text_size
 .text.ssd1306_shiva_logo
                0x0000415c       0x3c ./Source/Middleware/OLED_SSD1306/SSD1306.o
                0x0000415c                ssd1306_shiva_logo
 .text.ssd1306_fill_rect
                0x00004198       0x78 ./Source/Middleware/OLED_SSD1306/SSD1306.o
                0x00004198                ssd1306_fill_rect
 .text.ssd1306_DrawRect
                0x00004210       0xa8 ./Source/Middleware/OLED_SSD1306/SSD1306.o
                0x00004210                ssd1306_DrawRect
 .text.ssd1306_SetDrawWindow
                0x000042b8       0x5a ./Source/Middleware/OLED_SSD1306/SSD1306.o
                0x000042b8                ssd1306_SetDrawWindow
 .text.ssd1306_set_display_mode
                0x00004312       0x40 ./Source/Middleware/OLED_SSD1306/SSD1306.o
                0x00004312                ssd1306_set_display_mode
 .text.ssd1306_DrawCircle
                0x00004352      0x182 ./Source/Middleware/OLED_SSD1306/SSD1306.o
                0x00004352                ssd1306_DrawCircle
 .text.ssd1306_clear_refresh
                0x000044d4       0x4e ./Source/Middleware/OLED_SSD1306/SSD1306.o
                0x000044d4                ssd1306_clear_refresh
 *fill*         0x00004522        0x2 
 .text.exit     0x00004524       0x20 c:/ti/ccs1220/ccs/tools/compiler/gcc-arm-none-eabi-9-2019-q4-major/bin/../lib/gcc/arm-none-eabi/9.2.1/../../../../arm-none-eabi/lib/thumb/v7e-m/nofp\libc.a(lib_a-exit.o)
                0x00004524                exit
 .text.__libc_init_array
                0x00004544       0x48 c:/ti/ccs1220/ccs/tools/compiler/gcc-arm-none-eabi-9-2019-q4-major/bin/../lib/gcc/arm-none-eabi/9.2.1/../../../../arm-none-eabi/lib/thumb/v7e-m/nofp\libc.a(lib_a-init.o)
                0x00004544                __libc_init_array
 .text.memset   0x0000458c       0xa0 c:/ti/ccs1220/ccs/tools/compiler/gcc-arm-none-eabi-9-2019-q4-major/bin/../lib/gcc/arm-none-eabi/9.2.1/../../../../arm-none-eabi/lib/thumb/v7e-m/nofp\libc.a(lib_a-memset.o)
                0x0000458c                memset
 .text._sprintf_r
                0x0000462c       0x38 c:/ti/ccs1220/ccs/tools/compiler/gcc-arm-none-eabi-9-2019-q4-major/bin/../lib/gcc/arm-none-eabi/9.2.1/../../../../arm-none-eabi/lib/thumb/v7e-m/nofp\libc.a(lib_a-sprintf.o)
                0x0000462c                _sprintf_r
 .text.sprintf  0x00004664       0x44 c:/ti/ccs1220/ccs/tools/compiler/gcc-arm-none-eabi-9-2019-q4-major/bin/../lib/gcc/arm-none-eabi/9.2.1/../../../../arm-none-eabi/lib/thumb/v7e-m/nofp\libc.a(lib_a-sprintf.o)
                0x00004664                sprintf
 .text._svfprintf_r
                0x000046a8     0x1acc c:/ti/ccs1220/ccs/tools/compiler/gcc-arm-none-eabi-9-2019-q4-major/bin/../lib/gcc/arm-none-eabi/9.2.1/../../../../arm-none-eabi/lib/thumb/v7e-m/nofp\libc.a(lib_a-svfprintf.o)
                0x000046a8                _svfprintf_r
 .text.startup.register_fini
                0x00006174       0x14 c:/ti/ccs1220/ccs/tools/compiler/gcc-arm-none-eabi-9-2019-q4-major/bin/../lib/gcc/arm-none-eabi/9.2.1/../../../../arm-none-eabi/lib/thumb/v7e-m/nofp\libc.a(lib_a-__call_atexit.o)
 .text.__call_exitprocs
                0x00006188       0xc4 c:/ti/ccs1220/ccs/tools/compiler/gcc-arm-none-eabi-9-2019-q4-major/bin/../lib/gcc/arm-none-eabi/9.2.1/../../../../arm-none-eabi/lib/thumb/v7e-m/nofp\libc.a(lib_a-__call_atexit.o)
                0x00006188                __call_exitprocs
 .text.atexit   0x0000624c        0xc c:/ti/ccs1220/ccs/tools/compiler/gcc-arm-none-eabi-9-2019-q4-major/bin/../lib/gcc/arm-none-eabi/9.2.1/../../../../arm-none-eabi/lib/thumb/v7e-m/nofp\libc.a(lib_a-atexit.o)
                0x0000624c                atexit
 .text.quorem   0x00006258      0x11c c:/ti/ccs1220/ccs/tools/compiler/gcc-arm-none-eabi-9-2019-q4-major/bin/../lib/gcc/arm-none-eabi/9.2.1/../../../../arm-none-eabi/lib/thumb/v7e-m/nofp\libc.a(lib_a-dtoa.o)
 *fill*         0x00006374        0x4 
 .text._dtoa_r  0x00006378      0xeb8 c:/ti/ccs1220/ccs/tools/compiler/gcc-arm-none-eabi-9-2019-q4-major/bin/../lib/gcc/arm-none-eabi/9.2.1/../../../../arm-none-eabi/lib/thumb/v7e-m/nofp\libc.a(lib_a-dtoa.o)
                0x00006378                _dtoa_r
 .text.__libc_fini_array
                0x00007230       0x2c c:/ti/ccs1220/ccs/tools/compiler/gcc-arm-none-eabi-9-2019-q4-major/bin/../lib/gcc/arm-none-eabi/9.2.1/../../../../arm-none-eabi/lib/thumb/v7e-m/nofp\libc.a(lib_a-fini.o)
                0x00007230                __libc_fini_array
 .text._malloc_trim_r
                0x0000725c       0xa0 c:/ti/ccs1220/ccs/tools/compiler/gcc-arm-none-eabi-9-2019-q4-major/bin/../lib/gcc/arm-none-eabi/9.2.1/../../../../arm-none-eabi/lib/thumb/v7e-m/nofp\libc.a(lib_a-freer.o)
                0x0000725c                _malloc_trim_r
 .text._free_r  0x000072fc      0x208 c:/ti/ccs1220/ccs/tools/compiler/gcc-arm-none-eabi-9-2019-q4-major/bin/../lib/gcc/arm-none-eabi/9.2.1/../../../../arm-none-eabi/lib/thumb/v7e-m/nofp\libc.a(lib_a-freer.o)
                0x000072fc                _free_r
 .text.__localeconv_l
                0x00007504        0x4 c:/ti/ccs1220/ccs/tools/compiler/gcc-arm-none-eabi-9-2019-q4-major/bin/../lib/gcc/arm-none-eabi/9.2.1/../../../../arm-none-eabi/lib/thumb/v7e-m/nofp\libc.a(lib_a-localeconv.o)
                0x00007504                __localeconv_l
 .text._localeconv_r
                0x00007508        0x8 c:/ti/ccs1220/ccs/tools/compiler/gcc-arm-none-eabi-9-2019-q4-major/bin/../lib/gcc/arm-none-eabi/9.2.1/../../../../arm-none-eabi/lib/thumb/v7e-m/nofp\libc.a(lib_a-localeconv.o)
                0x00007508                _localeconv_r
 .text.localeconv
                0x00007510        0x8 c:/ti/ccs1220/ccs/tools/compiler/gcc-arm-none-eabi-9-2019-q4-major/bin/../lib/gcc/arm-none-eabi/9.2.1/../../../../arm-none-eabi/lib/thumb/v7e-m/nofp\libc.a(lib_a-localeconv.o)
                0x00007510                localeconv
 .text.__retarget_lock_init
                0x00007518        0x4 c:/ti/ccs1220/ccs/tools/compiler/gcc-arm-none-eabi-9-2019-q4-major/bin/../lib/gcc/arm-none-eabi/9.2.1/../../../../arm-none-eabi/lib/thumb/v7e-m/nofp\libc.a(lib_a-lock.o)
                0x00007518                __retarget_lock_init
 .text.__retarget_lock_init_recursive
                0x0000751c        0x4 c:/ti/ccs1220/ccs/tools/compiler/gcc-arm-none-eabi-9-2019-q4-major/bin/../lib/gcc/arm-none-eabi/9.2.1/../../../../arm-none-eabi/lib/thumb/v7e-m/nofp\libc.a(lib_a-lock.o)
                0x0000751c                __retarget_lock_init_recursive
 .text.__retarget_lock_close
                0x00007520        0x4 c:/ti/ccs1220/ccs/tools/compiler/gcc-arm-none-eabi-9-2019-q4-major/bin/../lib/gcc/arm-none-eabi/9.2.1/../../../../arm-none-eabi/lib/thumb/v7e-m/nofp\libc.a(lib_a-lock.o)
                0x00007520                __retarget_lock_close
 .text.__retarget_lock_close_recursive
                0x00007524        0x4 c:/ti/ccs1220/ccs/tools/compiler/gcc-arm-none-eabi-9-2019-q4-major/bin/../lib/gcc/arm-none-eabi/9.2.1/../../../../arm-none-eabi/lib/thumb/v7e-m/nofp\libc.a(lib_a-lock.o)
                0x00007524                __retarget_lock_close_recursive
 .text.__retarget_lock_acquire
                0x00007528        0x4 c:/ti/ccs1220/ccs/tools/compiler/gcc-arm-none-eabi-9-2019-q4-major/bin/../lib/gcc/arm-none-eabi/9.2.1/../../../../arm-none-eabi/lib/thumb/v7e-m/nofp\libc.a(lib_a-lock.o)
                0x00007528                __retarget_lock_acquire
 .text.__retarget_lock_acquire_recursive
                0x0000752c        0x4 c:/ti/ccs1220/ccs/tools/compiler/gcc-arm-none-eabi-9-2019-q4-major/bin/../lib/gcc/arm-none-eabi/9.2.1/../../../../arm-none-eabi/lib/thumb/v7e-m/nofp\libc.a(lib_a-lock.o)
                0x0000752c                __retarget_lock_acquire_recursive
 .text.__retarget_lock_try_acquire
                0x00007530        0x4 c:/ti/ccs1220/ccs/tools/compiler/gcc-arm-none-eabi-9-2019-q4-major/bin/../lib/gcc/arm-none-eabi/9.2.1/../../../../arm-none-eabi/lib/thumb/v7e-m/nofp\libc.a(lib_a-lock.o)
                0x00007530                __retarget_lock_try_acquire
 .text.__retarget_lock_try_acquire_recursive
                0x00007534        0x4 c:/ti/ccs1220/ccs/tools/compiler/gcc-arm-none-eabi-9-2019-q4-major/bin/../lib/gcc/arm-none-eabi/9.2.1/../../../../arm-none-eabi/lib/thumb/v7e-m/nofp\libc.a(lib_a-lock.o)
                0x00007534                __retarget_lock_try_acquire_recursive
 .text.__retarget_lock_release
                0x00007538        0x4 c:/ti/ccs1220/ccs/tools/compiler/gcc-arm-none-eabi-9-2019-q4-major/bin/../lib/gcc/arm-none-eabi/9.2.1/../../../../arm-none-eabi/lib/thumb/v7e-m/nofp\libc.a(lib_a-lock.o)
                0x00007538                __retarget_lock_release
 .text.__retarget_lock_release_recursive
                0x0000753c        0x4 c:/ti/ccs1220/ccs/tools/compiler/gcc-arm-none-eabi-9-2019-q4-major/bin/../lib/gcc/arm-none-eabi/9.2.1/../../../../arm-none-eabi/lib/thumb/v7e-m/nofp\libc.a(lib_a-lock.o)
                0x0000753c                __retarget_lock_release_recursive
 .text._malloc_r
                0x00007540      0x574 c:/ti/ccs1220/ccs/tools/compiler/gcc-arm-none-eabi-9-2019-q4-major/bin/../lib/gcc/arm-none-eabi/9.2.1/../../../../arm-none-eabi/lib/thumb/v7e-m/nofp\libc.a(lib_a-mallocr.o)
                0x00007540                _malloc_r
 .text.__malloc_lock
                0x00007ab4        0xc c:/ti/ccs1220/ccs/tools/compiler/gcc-arm-none-eabi-9-2019-q4-major/bin/../lib/gcc/arm-none-eabi/9.2.1/../../../../arm-none-eabi/lib/thumb/v7e-m/nofp\libc.a(lib_a-mlock.o)
                0x00007ab4                __malloc_lock
 .text.__malloc_unlock
                0x00007ac0        0xc c:/ti/ccs1220/ccs/tools/compiler/gcc-arm-none-eabi-9-2019-q4-major/bin/../lib/gcc/arm-none-eabi/9.2.1/../../../../arm-none-eabi/lib/thumb/v7e-m/nofp\libc.a(lib_a-mlock.o)
                0x00007ac0                __malloc_unlock
 .text._Balloc  0x00007acc       0x4c c:/ti/ccs1220/ccs/tools/compiler/gcc-arm-none-eabi-9-2019-q4-major/bin/../lib/gcc/arm-none-eabi/9.2.1/../../../../arm-none-eabi/lib/thumb/v7e-m/nofp\libc.a(lib_a-mprec.o)
                0x00007acc                _Balloc
 .text._Bfree   0x00007b18       0x14 c:/ti/ccs1220/ccs/tools/compiler/gcc-arm-none-eabi-9-2019-q4-major/bin/../lib/gcc/arm-none-eabi/9.2.1/../../../../arm-none-eabi/lib/thumb/v7e-m/nofp\libc.a(lib_a-mprec.o)
                0x00007b18                _Bfree
 .text.__multadd
                0x00007b2c       0x80 c:/ti/ccs1220/ccs/tools/compiler/gcc-arm-none-eabi-9-2019-q4-major/bin/../lib/gcc/arm-none-eabi/9.2.1/../../../../arm-none-eabi/lib/thumb/v7e-m/nofp\libc.a(lib_a-mprec.o)
                0x00007b2c                __multadd
 .text.__s2b    0x00007bac       0xa0 c:/ti/ccs1220/ccs/tools/compiler/gcc-arm-none-eabi-9-2019-q4-major/bin/../lib/gcc/arm-none-eabi/9.2.1/../../../../arm-none-eabi/lib/thumb/v7e-m/nofp\libc.a(lib_a-mprec.o)
                0x00007bac                __s2b
 .text.__hi0bits
                0x00007c4c       0x40 c:/ti/ccs1220/ccs/tools/compiler/gcc-arm-none-eabi-9-2019-q4-major/bin/../lib/gcc/arm-none-eabi/9.2.1/../../../../arm-none-eabi/lib/thumb/v7e-m/nofp\libc.a(lib_a-mprec.o)
                0x00007c4c                __hi0bits
 .text.__lo0bits
                0x00007c8c       0x60 c:/ti/ccs1220/ccs/tools/compiler/gcc-arm-none-eabi-9-2019-q4-major/bin/../lib/gcc/arm-none-eabi/9.2.1/../../../../arm-none-eabi/lib/thumb/v7e-m/nofp\libc.a(lib_a-mprec.o)
                0x00007c8c                __lo0bits
 .text.__i2b    0x00007cec       0x14 c:/ti/ccs1220/ccs/tools/compiler/gcc-arm-none-eabi-9-2019-q4-major/bin/../lib/gcc/arm-none-eabi/9.2.1/../../../../arm-none-eabi/lib/thumb/v7e-m/nofp\libc.a(lib_a-mprec.o)
                0x00007cec                __i2b
 .text.__multiply
                0x00007d00      0x144 c:/ti/ccs1220/ccs/tools/compiler/gcc-arm-none-eabi-9-2019-q4-major/bin/../lib/gcc/arm-none-eabi/9.2.1/../../../../arm-none-eabi/lib/thumb/v7e-m/nofp\libc.a(lib_a-mprec.o)
                0x00007d00                __multiply
 .text.__pow5mult
                0x00007e44       0xa0 c:/ti/ccs1220/ccs/tools/compiler/gcc-arm-none-eabi-9-2019-q4-major/bin/../lib/gcc/arm-none-eabi/9.2.1/../../../../arm-none-eabi/lib/thumb/v7e-m/nofp\libc.a(lib_a-mprec.o)
                0x00007e44                __pow5mult
 .text.__lshift
                0x00007ee4       0xd4 c:/ti/ccs1220/ccs/tools/compiler/gcc-arm-none-eabi-9-2019-q4-major/bin/../lib/gcc/arm-none-eabi/9.2.1/../../../../arm-none-eabi/lib/thumb/v7e-m/nofp\libc.a(lib_a-mprec.o)
                0x00007ee4                __lshift
 .text.__mcmp   0x00007fb8       0x3c c:/ti/ccs1220/ccs/tools/compiler/gcc-arm-none-eabi-9-2019-q4-major/bin/../lib/gcc/arm-none-eabi/9.2.1/../../../../arm-none-eabi/lib/thumb/v7e-m/nofp\libc.a(lib_a-mprec.o)
                0x00007fb8                __mcmp
 .text.__mdiff  0x00007ff4      0x138 c:/ti/ccs1220/ccs/tools/compiler/gcc-arm-none-eabi-9-2019-q4-major/bin/../lib/gcc/arm-none-eabi/9.2.1/../../../../arm-none-eabi/lib/thumb/v7e-m/nofp\libc.a(lib_a-mprec.o)
                0x00007ff4                __mdiff
 .text.__ulp    0x0000812c       0x44 c:/ti/ccs1220/ccs/tools/compiler/gcc-arm-none-eabi-9-2019-q4-major/bin/../lib/gcc/arm-none-eabi/9.2.1/../../../../arm-none-eabi/lib/thumb/v7e-m/nofp\libc.a(lib_a-mprec.o)
                0x0000812c                __ulp
 .text.__b2d    0x00008170       0xcc c:/ti/ccs1220/ccs/tools/compiler/gcc-arm-none-eabi-9-2019-q4-major/bin/../lib/gcc/arm-none-eabi/9.2.1/../../../../arm-none-eabi/lib/thumb/v7e-m/nofp\libc.a(lib_a-mprec.o)
                0x00008170                __b2d
 .text.__d2b    0x0000823c       0xa8 c:/ti/ccs1220/ccs/tools/compiler/gcc-arm-none-eabi-9-2019-q4-major/bin/../lib/gcc/arm-none-eabi/9.2.1/../../../../arm-none-eabi/lib/thumb/v7e-m/nofp\libc.a(lib_a-mprec.o)
                0x0000823c                __d2b
 .text.__ratio  0x000082e4       0x60 c:/ti/ccs1220/ccs/tools/compiler/gcc-arm-none-eabi-9-2019-q4-major/bin/../lib/gcc/arm-none-eabi/9.2.1/../../../../arm-none-eabi/lib/thumb/v7e-m/nofp\libc.a(lib_a-mprec.o)
                0x000082e4                __ratio
 .text._mprec_log10
                0x00008344       0x38 c:/ti/ccs1220/ccs/tools/compiler/gcc-arm-none-eabi-9-2019-q4-major/bin/../lib/gcc/arm-none-eabi/9.2.1/../../../../arm-none-eabi/lib/thumb/v7e-m/nofp\libc.a(lib_a-mprec.o)
                0x00008344                _mprec_log10
 .text.__copybits
                0x0000837c       0x48 c:/ti/ccs1220/ccs/tools/compiler/gcc-arm-none-eabi-9-2019-q4-major/bin/../lib/gcc/arm-none-eabi/9.2.1/../../../../arm-none-eabi/lib/thumb/v7e-m/nofp\libc.a(lib_a-mprec.o)
                0x0000837c                __copybits
 .text.__any_on
                0x000083c4       0x60 c:/ti/ccs1220/ccs/tools/compiler/gcc-arm-none-eabi-9-2019-q4-major/bin/../lib/gcc/arm-none-eabi/9.2.1/../../../../arm-none-eabi/lib/thumb/v7e-m/nofp\libc.a(lib_a-mprec.o)
                0x000083c4                __any_on
 .text.frexp    0x00008424       0x70 c:/ti/ccs1220/ccs/tools/compiler/gcc-arm-none-eabi-9-2019-q4-major/bin/../lib/gcc/arm-none-eabi/9.2.1/../../../../arm-none-eabi/lib/thumb/v7e-m/nofp\libc.a(lib_a-s_frexp.o)
                0x00008424                frexp
 .text._sbrk_r  0x00008494       0x24 c:/ti/ccs1220/ccs/tools/compiler/gcc-arm-none-eabi-9-2019-q4-major/bin/../lib/gcc/arm-none-eabi/9.2.1/../../../../arm-none-eabi/lib/thumb/v7e-m/nofp\libc.a(lib_a-sbrkr.o)
                0x00008494                _sbrk_r
 .text.strncpy  0x000084b8       0x68 c:/ti/ccs1220/ccs/tools/compiler/gcc-arm-none-eabi-9-2019-q4-major/bin/../lib/gcc/arm-none-eabi/9.2.1/../../../../arm-none-eabi/lib/thumb/v7e-m/nofp\libc.a(lib_a-strncpy.o)
                0x000084b8                strncpy
 .text.__ssprint_r
                0x00008520       0xf8 c:/ti/ccs1220/ccs/tools/compiler/gcc-arm-none-eabi-9-2019-q4-major/bin/../lib/gcc/arm-none-eabi/9.2.1/../../../../arm-none-eabi/lib/thumb/v7e-m/nofp\libc.a(lib_a-svfiprintf.o)
                0x00008520                __ssprint_r
 .text._svfiprintf_r
                0x00008618      0xb14 c:/ti/ccs1220/ccs/tools/compiler/gcc-arm-none-eabi-9-2019-q4-major/bin/../lib/gcc/arm-none-eabi/9.2.1/../../../../arm-none-eabi/lib/thumb/v7e-m/nofp\libc.a(lib_a-svfiprintf.o)
                0x00008618                _svfiprintf_r
 .text.__register_exitproc
                0x0000912c       0x8c c:/ti/ccs1220/ccs/tools/compiler/gcc-arm-none-eabi-9-2019-q4-major/bin/../lib/gcc/arm-none-eabi/9.2.1/../../../../arm-none-eabi/lib/thumb/v7e-m/nofp\libc.a(lib_a-__atexit.o)
                0x0000912c                __register_exitproc
 .text._calloc_r
                0x000091b8       0x60 c:/ti/ccs1220/ccs/tools/compiler/gcc-arm-none-eabi-9-2019-q4-major/bin/../lib/gcc/arm-none-eabi/9.2.1/../../../../arm-none-eabi/lib/thumb/v7e-m/nofp\libc.a(lib_a-callocr.o)
                0x000091b8                _calloc_r
 .text._setlocale_r
                0x00009218       0x40 c:/ti/ccs1220/ccs/tools/compiler/gcc-arm-none-eabi-9-2019-q4-major/bin/../lib/gcc/arm-none-eabi/9.2.1/../../../../arm-none-eabi/lib/thumb/v7e-m/nofp\libc.a(lib_a-locale.o)
                0x00009218                _setlocale_r
 .text.__locale_mb_cur_max
                0x00009258        0xc c:/ti/ccs1220/ccs/tools/compiler/gcc-arm-none-eabi-9-2019-q4-major/bin/../lib/gcc/arm-none-eabi/9.2.1/../../../../arm-none-eabi/lib/thumb/v7e-m/nofp\libc.a(lib_a-locale.o)
                0x00009258                __locale_mb_cur_max
 .text.setlocale
                0x00009264       0x10 c:/ti/ccs1220/ccs/tools/compiler/gcc-arm-none-eabi-9-2019-q4-major/bin/../lib/gcc/arm-none-eabi/9.2.1/../../../../arm-none-eabi/lib/thumb/v7e-m/nofp\libc.a(lib_a-locale.o)
                0x00009264                setlocale
 .text._mbtowc_r
                0x00009274       0x14 c:/ti/ccs1220/ccs/tools/compiler/gcc-arm-none-eabi-9-2019-q4-major/bin/../lib/gcc/arm-none-eabi/9.2.1/../../../../arm-none-eabi/lib/thumb/v7e-m/nofp\libc.a(lib_a-mbtowc_r.o)
                0x00009274                _mbtowc_r
 .text.__ascii_mbtowc
                0x00009288       0x2c c:/ti/ccs1220/ccs/tools/compiler/gcc-arm-none-eabi-9-2019-q4-major/bin/../lib/gcc/arm-none-eabi/9.2.1/../../../../arm-none-eabi/lib/thumb/v7e-m/nofp\libc.a(lib_a-mbtowc_r.o)
                0x00009288                __ascii_mbtowc
 .text.memmove  0x000092b4       0xd8 c:/ti/ccs1220/ccs/tools/compiler/gcc-arm-none-eabi-9-2019-q4-major/bin/../lib/gcc/arm-none-eabi/9.2.1/../../../../arm-none-eabi/lib/thumb/v7e-m/nofp\libc.a(lib_a-memmove.o)
                0x000092b4                memmove
 .text._realloc_r
                0x0000938c      0x3e0 c:/ti/ccs1220/ccs/tools/compiler/gcc-arm-none-eabi-9-2019-q4-major/bin/../lib/gcc/arm-none-eabi/9.2.1/../../../../arm-none-eabi/lib/thumb/v7e-m/nofp\libc.a(lib_a-reallocr.o)
                0x0000938c                _realloc_r
 .text.cleanup_glue
                0x0000976c       0x1c c:/ti/ccs1220/ccs/tools/compiler/gcc-arm-none-eabi-9-2019-q4-major/bin/../lib/gcc/arm-none-eabi/9.2.1/../../../../arm-none-eabi/lib/thumb/v7e-m/nofp\libc.a(lib_a-reent.o)
                0x0000976c                cleanup_glue
 .text._reclaim_reent
                0x00009788       0x84 c:/ti/ccs1220/ccs/tools/compiler/gcc-arm-none-eabi-9-2019-q4-major/bin/../lib/gcc/arm-none-eabi/9.2.1/../../../../arm-none-eabi/lib/thumb/v7e-m/nofp\libc.a(lib_a-reent.o)
                0x00009788                _reclaim_reent
 .text._wctomb_r
                0x0000980c       0x14 c:/ti/ccs1220/ccs/tools/compiler/gcc-arm-none-eabi-9-2019-q4-major/bin/../lib/gcc/arm-none-eabi/9.2.1/../../../../arm-none-eabi/lib/thumb/v7e-m/nofp\libc.a(lib_a-wctomb_r.o)
                0x0000980c                _wctomb_r
 .text.__ascii_wctomb
                0x00009820       0x1c c:/ti/ccs1220/ccs/tools/compiler/gcc-arm-none-eabi-9-2019-q4-major/bin/../lib/gcc/arm-none-eabi/9.2.1/../../../../arm-none-eabi/lib/thumb/v7e-m/nofp\libc.a(lib_a-wctomb_r.o)
                0x00009820                __ascii_wctomb
 .text._sbrk    0x0000983c       0x1c c:/ti/ccs1220/ccs/tools/compiler/gcc-arm-none-eabi-9-2019-q4-major/bin/../lib/gcc/arm-none-eabi/9.2.1/../../../../arm-none-eabi/lib/thumb/v7e-m/nofp\libnosys.a(sbrk.o)
                0x0000983c                _sbrk
 .text._exit    0x00009858        0x4 c:/ti/ccs1220/ccs/tools/compiler/gcc-arm-none-eabi-9-2019-q4-major/bin/../lib/gcc/arm-none-eabi/9.2.1/../../../../arm-none-eabi/lib/thumb/v7e-m/nofp\libnosys.a(_exit.o)
                0x00009858                _exit
 *(.rodata)
 .rodata        0x0000985c       0x44 ./Source/App/Main/AppsDownloader.o
 .rodata        0x000098a0       0x21 ./Source/App/Main/main.o
 *fill*         0x000098c1        0x3 
 .rodata        0x000098c4        0xe ./Source/BSP/startup_tm4c_gnu.o
 *(.rodata*)
 *fill*         0x000098d2        0x2 
 .rodata.PORT   0x000098d4       0x18 ./Source/Driver/GPIO/GPIOdriver.o
                0x000098d4                PORT
 .rodata.font_width
                0x000098ec        0x1 ./Source/Middleware/OLED_SSD1306/SSD1306.o
                0x000098ec                font_width
 *fill*         0x000098ed        0x3 
 .rodata.font_5x8
                0x000098f0      0x2a0 ./Source/Middleware/OLED_SSD1306/SSD1306.o
                0x000098f0                font_5x8
 .rodata.shiva_logo
                0x00009b90      0x400 ./Source/Middleware/OLED_SSD1306/SSD1306.o
                0x00009b90                shiva_logo
 .rodata._global_impure_ptr
                0x00009f90        0x4 c:/ti/ccs1220/ccs/tools/compiler/gcc-arm-none-eabi-9-2019-q4-major/bin/../lib/gcc/arm-none-eabi/9.2.1/../../../../arm-none-eabi/lib/thumb/v7e-m/nofp\libc.a(lib_a-impure.o)
                0x00009f90                _global_impure_ptr
 .rodata._svfprintf_r.str1.4
                0x00009f94       0x42 c:/ti/ccs1220/ccs/tools/compiler/gcc-arm-none-eabi-9-2019-q4-major/bin/../lib/gcc/arm-none-eabi/9.2.1/../../../../arm-none-eabi/lib/thumb/v7e-m/nofp\libc.a(lib_a-svfprintf.o)
 *fill*         0x00009fd6        0x2 
 .rodata.blanks.7345
                0x00009fd8       0x10 c:/ti/ccs1220/ccs/tools/compiler/gcc-arm-none-eabi-9-2019-q4-major/bin/../lib/gcc/arm-none-eabi/9.2.1/../../../../arm-none-eabi/lib/thumb/v7e-m/nofp\libc.a(lib_a-svfprintf.o)
 .rodata.zeroes.7346
                0x00009fe8       0x10 c:/ti/ccs1220/ccs/tools/compiler/gcc-arm-none-eabi-9-2019-q4-major/bin/../lib/gcc/arm-none-eabi/9.2.1/../../../../arm-none-eabi/lib/thumb/v7e-m/nofp\libc.a(lib_a-svfprintf.o)
 .rodata._dtoa_r.str1.4
                0x00009ff8        0xd c:/ti/ccs1220/ccs/tools/compiler/gcc-arm-none-eabi-9-2019-q4-major/bin/../lib/gcc/arm-none-eabi/9.2.1/../../../../arm-none-eabi/lib/thumb/v7e-m/nofp\libc.a(lib_a-dtoa.o)
                                 0x12 (size before relaxing)
 *fill*         0x0000a005        0x3 
 .rodata.__mprec_bigtens
                0x0000a008       0x28 c:/ti/ccs1220/ccs/tools/compiler/gcc-arm-none-eabi-9-2019-q4-major/bin/../lib/gcc/arm-none-eabi/9.2.1/../../../../arm-none-eabi/lib/thumb/v7e-m/nofp\libc.a(lib_a-mprec.o)
                0x0000a008                __mprec_bigtens
 .rodata.__mprec_tens
                0x0000a030       0xc8 c:/ti/ccs1220/ccs/tools/compiler/gcc-arm-none-eabi-9-2019-q4-major/bin/../lib/gcc/arm-none-eabi/9.2.1/../../../../arm-none-eabi/lib/thumb/v7e-m/nofp\libc.a(lib_a-mprec.o)
                0x0000a030                __mprec_tens
 .rodata.__mprec_tinytens
                0x0000a0f8       0x28 c:/ti/ccs1220/ccs/tools/compiler/gcc-arm-none-eabi-9-2019-q4-major/bin/../lib/gcc/arm-none-eabi/9.2.1/../../../../arm-none-eabi/lib/thumb/v7e-m/nofp\libc.a(lib_a-mprec.o)
                0x0000a0f8                __mprec_tinytens
 .rodata.p05.6115
                0x0000a120        0xc c:/ti/ccs1220/ccs/tools/compiler/gcc-arm-none-eabi-9-2019-q4-major/bin/../lib/gcc/arm-none-eabi/9.2.1/../../../../arm-none-eabi/lib/thumb/v7e-m/nofp\libc.a(lib_a-mprec.o)
 .rodata._svfiprintf_r.str1.4
                0x0000a12c       0x2f c:/ti/ccs1220/ccs/tools/compiler/gcc-arm-none-eabi-9-2019-q4-major/bin/../lib/gcc/arm-none-eabi/9.2.1/../../../../arm-none-eabi/lib/thumb/v7e-m/nofp\libc.a(lib_a-svfiprintf.o)
 .rodata.blanks.7324
                0x0000a12c       0x10 c:/ti/ccs1220/ccs/tools/compiler/gcc-arm-none-eabi-9-2019-q4-major/bin/../lib/gcc/arm-none-eabi/9.2.1/../../../../arm-none-eabi/lib/thumb/v7e-m/nofp\libc.a(lib_a-svfiprintf.o)
 .rodata.zeroes.7325
                0x0000a13c       0x10 c:/ti/ccs1220/ccs/tools/compiler/gcc-arm-none-eabi-9-2019-q4-major/bin/../lib/gcc/arm-none-eabi/9.2.1/../../../../arm-none-eabi/lib/thumb/v7e-m/nofp\libc.a(lib_a-svfiprintf.o)
 .rodata._setlocale_r.str1.4
                0x0000a14c        0xa c:/ti/ccs1220/ccs/tools/compiler/gcc-arm-none-eabi-9-2019-q4-major/bin/../lib/gcc/arm-none-eabi/9.2.1/../../../../arm-none-eabi/lib/thumb/v7e-m/nofp\libc.a(lib_a-locale.o)
                                  0xd (size before relaxing)
 *fill*         0x0000a156        0x2 
 .rodata.str1.4
                0x0000a158        0x2 c:/ti/ccs1220/ccs/tools/compiler/gcc-arm-none-eabi-9-2019-q4-major/bin/../lib/gcc/arm-none-eabi/9.2.1/../../../../arm-none-eabi/lib/thumb/v7e-m/nofp\libc.a(lib_a-locale.o)
 *fill*         0x0000a15a        0x2 
 .rodata._ctype_
                0x0000a15c      0x101 c:/ti/ccs1220/ccs/tools/compiler/gcc-arm-none-eabi-9-2019-q4-major/bin/../lib/gcc/arm-none-eabi/9.2.1/../../../../arm-none-eabi/lib/thumb/v7e-m/nofp\libc.a(lib_a-ctype_.o)
                0x0000a15c                _ctype_
 *(.init)
 *fill*         0x0000a25d        0x3 
 .init          0x0000a260        0x4 c:/ti/ccs1220/ccs/tools/compiler/gcc-arm-none-eabi-9-2019-q4-major/bin/../lib/gcc/arm-none-eabi/9.2.1/thumb/v7e-m/nofp/crti.o
                0x0000a260                _init
 .init          0x0000a264        0x8 c:/ti/ccs1220/ccs/tools/compiler/gcc-arm-none-eabi-9-2019-q4-major/bin/../lib/gcc/arm-none-eabi/9.2.1/thumb/v7e-m/nofp/crtn.o
 *(.fini)
 .fini          0x0000a26c        0x4 c:/ti/ccs1220/ccs/tools/compiler/gcc-arm-none-eabi-9-2019-q4-major/bin/../lib/gcc/arm-none-eabi/9.2.1/thumb/v7e-m/nofp/crti.o
                0x0000a26c                _fini
 .fini          0x0000a270        0x8 c:/ti/ccs1220/ccs/tools/compiler/gcc-arm-none-eabi-9-2019-q4-major/bin/../lib/gcc/arm-none-eabi/9.2.1/thumb/v7e-m/nofp/crtn.o
                0x0000a278                . = ALIGN (0x4)

.glue_7         0x0000a278        0x0
 .glue_7        0x0000a278        0x0 linker stubs

.glue_7t        0x0000a278        0x0
 .glue_7t       0x0000a278        0x0 linker stubs

.vfp11_veneer   0x0000a278        0x0
 .vfp11_veneer  0x0000a278        0x0 linker stubs

.v4_bx          0x0000a278        0x0
 .v4_bx         0x0000a278        0x0 linker stubs

.iplt           0x0000a278        0x0
 .iplt          0x0000a278        0x0 c:/ti/ccs1220/ccs/tools/compiler/gcc-arm-none-eabi-9-2019-q4-major/bin/../lib/gcc/arm-none-eabi/9.2.1/thumb/v7e-m/nofp/crtbegin.o

.rel.dyn        0x0000a278        0x0
 .rel.iplt      0x0000a278        0x0 c:/ti/ccs1220/ccs/tools/compiler/gcc-arm-none-eabi-9-2019-q4-major/bin/../lib/gcc/arm-none-eabi/9.2.1/thumb/v7e-m/nofp/crtbegin.o

.preinit_array  0x0000a278        0x0
                0x0000a278                PROVIDE (__preinit_array_start = .)
 *(.preinit_array*)
                0x0000a278                PROVIDE (__preinit_array_end = .)

.init_array     0x0000a278        0x8
                0x0000a278                PROVIDE (__init_array_start = .)
 *(SORT_BY_NAME(.init_array.*))
 .init_array.00000
                0x0000a278        0x4 c:/ti/ccs1220/ccs/tools/compiler/gcc-arm-none-eabi-9-2019-q4-major/bin/../lib/gcc/arm-none-eabi/9.2.1/../../../../arm-none-eabi/lib/thumb/v7e-m/nofp\libc.a(lib_a-__call_atexit.o)
 *(.init_array*)
 .init_array    0x0000a27c        0x4 c:/ti/ccs1220/ccs/tools/compiler/gcc-arm-none-eabi-9-2019-q4-major/bin/../lib/gcc/arm-none-eabi/9.2.1/thumb/v7e-m/nofp/crtbegin.o
                0x0000a280                PROVIDE (__init_array_end = .)

.fini_array     0x0000a280        0x4
                0x0000a280                PROVIDE (__fini_array_start = .)
 *(.fini_array*)
 .fini_array    0x0000a280        0x4 c:/ti/ccs1220/ccs/tools/compiler/gcc-arm-none-eabi-9-2019-q4-major/bin/../lib/gcc/arm-none-eabi/9.2.1/thumb/v7e-m/nofp/crtbegin.o
 *(SORT_BY_NAME(.fini_array.*))
                0x0000a284                PROVIDE (__fini_array_end = .)
                0x0000a284                _etext = .

.data           0x20000000      0xa40 load address 0x0000a284
                0x0000a284                __data_load__ = LOADADDR (.data)
                0x20000000                __data_start__ = .
 *(.data)
 .data          0x20000000        0x0 c:/ti/ccs1220/ccs/tools/compiler/gcc-arm-none-eabi-9-2019-q4-major/bin/../lib/gcc/arm-none-eabi/9.2.1/thumb/v7e-m/nofp/crti.o
 .data          0x20000000        0x4 c:/ti/ccs1220/ccs/tools/compiler/gcc-arm-none-eabi-9-2019-q4-major/bin/../lib/gcc/arm-none-eabi/9.2.1/thumb/v7e-m/nofp/crtbegin.o
                0x20000000                __dso_handle
 .data          0x20000004        0x0 c:/ti/ccs1220/ccs/tools/compiler/gcc-arm-none-eabi-9-2019-q4-major/bin/../lib/gcc/arm-none-eabi/9.2.1/../../../../arm-none-eabi/lib/thumb/v7e-m/nofp/crt0.o
 .data          0x20000004        0x0 ./Source/App/Main/AppsDownloader.o
 .data          0x20000004        0x0 ./Source/App/Main/main.o
 .data          0x20000004        0x0 ./Source/BSP/bsp.o
 .data          0x20000004        0x0 ./Source/BSP/startup_tm4c_gnu.o
 .data          0x20000004        0x0 ./Source/Driver/ADC/ADC_Driver.o
 .data          0x20000004        0x0 ./Source/Driver/FLASH/FLASH.o
 .data          0x20000004        0x0 ./Source/Driver/GPIO/GPIOdriver.o
 .data          0x20000004        0x0 ./Source/Driver/I2C/I2C.o
 .data          0x20000004        0x0 ./Source/Driver/Timer/Timer.o
 .data          0x20000004        0x0 ./Source/Driver/Timer/timercnter.o
 .data          0x20000004        0x0 ./Source/Driver/UART/UART.o
 .data          0x20000004        0x0 ./Source/Middleware/OLED_SSD1306/SSD1306.o
 .data          0x20000004        0x0 c:/ti/ccs1220/ccs/tools/compiler/gcc-arm-none-eabi-9-2019-q4-major/bin/../lib/gcc/arm-none-eabi/9.2.1/../../../../arm-none-eabi/lib/thumb/v7e-m/nofp\libc.a(lib_a-exit.o)
 .data          0x20000004        0x0 c:/ti/ccs1220/ccs/tools/compiler/gcc-arm-none-eabi-9-2019-q4-major/bin/../lib/gcc/arm-none-eabi/9.2.1/../../../../arm-none-eabi/lib/thumb/v7e-m/nofp\libc.a(lib_a-impure.o)
 .data          0x20000004        0x0 c:/ti/ccs1220/ccs/tools/compiler/gcc-arm-none-eabi-9-2019-q4-major/bin/../lib/gcc/arm-none-eabi/9.2.1/../../../../arm-none-eabi/lib/thumb/v7e-m/nofp\libc.a(lib_a-init.o)
 .data          0x20000004        0x0 c:/ti/ccs1220/ccs/tools/compiler/gcc-arm-none-eabi-9-2019-q4-major/bin/../lib/gcc/arm-none-eabi/9.2.1/../../../../arm-none-eabi/lib/thumb/v7e-m/nofp\libc.a(lib_a-memset.o)
 .data          0x20000004        0x0 c:/ti/ccs1220/ccs/tools/compiler/gcc-arm-none-eabi-9-2019-q4-major/bin/../lib/gcc/arm-none-eabi/9.2.1/../../../../arm-none-eabi/lib/thumb/v7e-m/nofp\libc.a(lib_a-sprintf.o)
 .data          0x20000004        0x0 c:/ti/ccs1220/ccs/tools/compiler/gcc-arm-none-eabi-9-2019-q4-major/bin/../lib/gcc/arm-none-eabi/9.2.1/../../../../arm-none-eabi/lib/thumb/v7e-m/nofp\libc.a(lib_a-svfprintf.o)
 .data          0x20000004        0x0 c:/ti/ccs1220/ccs/tools/compiler/gcc-arm-none-eabi-9-2019-q4-major/bin/../lib/gcc/arm-none-eabi/9.2.1/../../../../arm-none-eabi/lib/thumb/v7e-m/nofp\libc.a(lib_a-__call_atexit.o)
 .data          0x20000004        0x0 c:/ti/ccs1220/ccs/tools/compiler/gcc-arm-none-eabi-9-2019-q4-major/bin/../lib/gcc/arm-none-eabi/9.2.1/../../../../arm-none-eabi/lib/thumb/v7e-m/nofp\libc.a(lib_a-atexit.o)
 .data          0x20000004        0x0 c:/ti/ccs1220/ccs/tools/compiler/gcc-arm-none-eabi-9-2019-q4-major/bin/../lib/gcc/arm-none-eabi/9.2.1/../../../../arm-none-eabi/lib/thumb/v7e-m/nofp\libc.a(lib_a-dtoa.o)
 .data          0x20000004        0x0 c:/ti/ccs1220/ccs/tools/compiler/gcc-arm-none-eabi-9-2019-q4-major/bin/../lib/gcc/arm-none-eabi/9.2.1/../../../../arm-none-eabi/lib/thumb/v7e-m/nofp\libc.a(lib_a-fini.o)
 .data          0x20000004        0x0 c:/ti/ccs1220/ccs/tools/compiler/gcc-arm-none-eabi-9-2019-q4-major/bin/../lib/gcc/arm-none-eabi/9.2.1/../../../../arm-none-eabi/lib/thumb/v7e-m/nofp\libc.a(lib_a-freer.o)
 .data          0x20000004        0x0 c:/ti/ccs1220/ccs/tools/compiler/gcc-arm-none-eabi-9-2019-q4-major/bin/../lib/gcc/arm-none-eabi/9.2.1/../../../../arm-none-eabi/lib/thumb/v7e-m/nofp\libc.a(lib_a-localeconv.o)
 .data          0x20000004        0x0 c:/ti/ccs1220/ccs/tools/compiler/gcc-arm-none-eabi-9-2019-q4-major/bin/../lib/gcc/arm-none-eabi/9.2.1/../../../../arm-none-eabi/lib/thumb/v7e-m/nofp\libc.a(lib_a-lock.o)
 .data          0x20000004        0x0 c:/ti/ccs1220/ccs/tools/compiler/gcc-arm-none-eabi-9-2019-q4-major/bin/../lib/gcc/arm-none-eabi/9.2.1/../../../../arm-none-eabi/lib/thumb/v7e-m/nofp\libc.a(lib_a-mallocr.o)
 .data          0x20000004        0x0 c:/ti/ccs1220/ccs/tools/compiler/gcc-arm-none-eabi-9-2019-q4-major/bin/../lib/gcc/arm-none-eabi/9.2.1/../../../../arm-none-eabi/lib/thumb/v7e-m/nofp\libc.a(lib_a-memchr.o)
 .data          0x20000004        0x0 c:/ti/ccs1220/ccs/tools/compiler/gcc-arm-none-eabi-9-2019-q4-major/bin/../lib/gcc/arm-none-eabi/9.2.1/../../../../arm-none-eabi/lib/thumb/v7e-m/nofp\libc.a(lib_a-memcpy.o)
 .data          0x20000004        0x0 c:/ti/ccs1220/ccs/tools/compiler/gcc-arm-none-eabi-9-2019-q4-major/bin/../lib/gcc/arm-none-eabi/9.2.1/../../../../arm-none-eabi/lib/thumb/v7e-m/nofp\libc.a(lib_a-mlock.o)
 .data          0x20000004        0x0 c:/ti/ccs1220/ccs/tools/compiler/gcc-arm-none-eabi-9-2019-q4-major/bin/../lib/gcc/arm-none-eabi/9.2.1/../../../../arm-none-eabi/lib/thumb/v7e-m/nofp\libc.a(lib_a-mprec.o)
 .data          0x20000004        0x0 c:/ti/ccs1220/ccs/tools/compiler/gcc-arm-none-eabi-9-2019-q4-major/bin/../lib/gcc/arm-none-eabi/9.2.1/../../../../arm-none-eabi/lib/thumb/v7e-m/nofp\libc.a(lib_a-s_frexp.o)
 .data          0x20000004        0x0 c:/ti/ccs1220/ccs/tools/compiler/gcc-arm-none-eabi-9-2019-q4-major/bin/../lib/gcc/arm-none-eabi/9.2.1/../../../../arm-none-eabi/lib/thumb/v7e-m/nofp\libc.a(lib_a-sbrkr.o)
 .data          0x20000004        0x0 c:/ti/ccs1220/ccs/tools/compiler/gcc-arm-none-eabi-9-2019-q4-major/bin/../lib/gcc/arm-none-eabi/9.2.1/../../../../arm-none-eabi/lib/thumb/v7e-m/nofp\libc.a(lib_a-strlen.o)
 .data          0x20000004        0x0 c:/ti/ccs1220/ccs/tools/compiler/gcc-arm-none-eabi-9-2019-q4-major/bin/../lib/gcc/arm-none-eabi/9.2.1/../../../../arm-none-eabi/lib/thumb/v7e-m/nofp\libc.a(lib_a-strncpy.o)
 .data          0x20000004        0x0 c:/ti/ccs1220/ccs/tools/compiler/gcc-arm-none-eabi-9-2019-q4-major/bin/../lib/gcc/arm-none-eabi/9.2.1/../../../../arm-none-eabi/lib/thumb/v7e-m/nofp\libc.a(lib_a-svfiprintf.o)
 .data          0x20000004        0x0 c:/ti/ccs1220/ccs/tools/compiler/gcc-arm-none-eabi-9-2019-q4-major/bin/../lib/gcc/arm-none-eabi/9.2.1/../../../../arm-none-eabi/lib/thumb/v7e-m/nofp\libc.a(lib_a-__atexit.o)
 .data          0x20000004        0x0 c:/ti/ccs1220/ccs/tools/compiler/gcc-arm-none-eabi-9-2019-q4-major/bin/../lib/gcc/arm-none-eabi/9.2.1/../../../../arm-none-eabi/lib/thumb/v7e-m/nofp\libc.a(lib_a-callocr.o)
 .data          0x20000004        0x0 c:/ti/ccs1220/ccs/tools/compiler/gcc-arm-none-eabi-9-2019-q4-major/bin/../lib/gcc/arm-none-eabi/9.2.1/../../../../arm-none-eabi/lib/thumb/v7e-m/nofp\libc.a(lib_a-locale.o)
 .data          0x20000004        0x0 c:/ti/ccs1220/ccs/tools/compiler/gcc-arm-none-eabi-9-2019-q4-major/bin/../lib/gcc/arm-none-eabi/9.2.1/../../../../arm-none-eabi/lib/thumb/v7e-m/nofp\libc.a(lib_a-mbtowc_r.o)
 .data          0x20000004        0x0 c:/ti/ccs1220/ccs/tools/compiler/gcc-arm-none-eabi-9-2019-q4-major/bin/../lib/gcc/arm-none-eabi/9.2.1/../../../../arm-none-eabi/lib/thumb/v7e-m/nofp\libc.a(lib_a-memmove.o)
 .data          0x20000004        0x0 c:/ti/ccs1220/ccs/tools/compiler/gcc-arm-none-eabi-9-2019-q4-major/bin/../lib/gcc/arm-none-eabi/9.2.1/../../../../arm-none-eabi/lib/thumb/v7e-m/nofp\libc.a(lib_a-reallocr.o)
 .data          0x20000004        0x0 c:/ti/ccs1220/ccs/tools/compiler/gcc-arm-none-eabi-9-2019-q4-major/bin/../lib/gcc/arm-none-eabi/9.2.1/../../../../arm-none-eabi/lib/thumb/v7e-m/nofp\libc.a(lib_a-reent.o)
 .data          0x20000004        0x0 c:/ti/ccs1220/ccs/tools/compiler/gcc-arm-none-eabi-9-2019-q4-major/bin/../lib/gcc/arm-none-eabi/9.2.1/../../../../arm-none-eabi/lib/thumb/v7e-m/nofp\libc.a(lib_a-strcmp.o)
 .data          0x20000004        0x0 c:/ti/ccs1220/ccs/tools/compiler/gcc-arm-none-eabi-9-2019-q4-major/bin/../lib/gcc/arm-none-eabi/9.2.1/../../../../arm-none-eabi/lib/thumb/v7e-m/nofp\libc.a(lib_a-wctomb_r.o)
 .data          0x20000004        0x0 c:/ti/ccs1220/ccs/tools/compiler/gcc-arm-none-eabi-9-2019-q4-major/bin/../lib/gcc/arm-none-eabi/9.2.1/../../../../arm-none-eabi/lib/thumb/v7e-m/nofp\libc.a(lib_a-ctype_.o)
 .data          0x20000004        0x0 c:/ti/ccs1220/ccs/tools/compiler/gcc-arm-none-eabi-9-2019-q4-major/bin/../lib/gcc/arm-none-eabi/9.2.1/thumb/v7e-m/nofp\libgcc.a(_arm_muldf3.o)
 .data          0x20000004        0x0 c:/ti/ccs1220/ccs/tools/compiler/gcc-arm-none-eabi-9-2019-q4-major/bin/../lib/gcc/arm-none-eabi/9.2.1/thumb/v7e-m/nofp\libgcc.a(_arm_mulsf3.o)
 .data          0x20000004        0x0 c:/ti/ccs1220/ccs/tools/compiler/gcc-arm-none-eabi-9-2019-q4-major/bin/../lib/gcc/arm-none-eabi/9.2.1/thumb/v7e-m/nofp\libgcc.a(_arm_addsubdf3.o)
 .data          0x20000004        0x0 c:/ti/ccs1220/ccs/tools/compiler/gcc-arm-none-eabi-9-2019-q4-major/bin/../lib/gcc/arm-none-eabi/9.2.1/thumb/v7e-m/nofp\libgcc.a(_arm_muldivdf3.o)
 .data          0x20000004        0x0 c:/ti/ccs1220/ccs/tools/compiler/gcc-arm-none-eabi-9-2019-q4-major/bin/../lib/gcc/arm-none-eabi/9.2.1/thumb/v7e-m/nofp\libgcc.a(_arm_cmpdf2.o)
 .data          0x20000004        0x0 c:/ti/ccs1220/ccs/tools/compiler/gcc-arm-none-eabi-9-2019-q4-major/bin/../lib/gcc/arm-none-eabi/9.2.1/thumb/v7e-m/nofp\libgcc.a(_arm_unorddf2.o)
 .data          0x20000004        0x0 c:/ti/ccs1220/ccs/tools/compiler/gcc-arm-none-eabi-9-2019-q4-major/bin/../lib/gcc/arm-none-eabi/9.2.1/thumb/v7e-m/nofp\libgcc.a(_arm_fixdfsi.o)
 .data          0x20000004        0x0 c:/ti/ccs1220/ccs/tools/compiler/gcc-arm-none-eabi-9-2019-q4-major/bin/../lib/gcc/arm-none-eabi/9.2.1/thumb/v7e-m/nofp\libgcc.a(_arm_truncdfsf2.o)
 .data          0x20000004        0x0 c:/ti/ccs1220/ccs/tools/compiler/gcc-arm-none-eabi-9-2019-q4-major/bin/../lib/gcc/arm-none-eabi/9.2.1/thumb/v7e-m/nofp\libgcc.a(_arm_addsubsf3.o)
 .data          0x20000004        0x0 c:/ti/ccs1220/ccs/tools/compiler/gcc-arm-none-eabi-9-2019-q4-major/bin/../lib/gcc/arm-none-eabi/9.2.1/thumb/v7e-m/nofp\libgcc.a(_arm_fixunssfsi.o)
 .data          0x20000004        0x0 c:/ti/ccs1220/ccs/tools/compiler/gcc-arm-none-eabi-9-2019-q4-major/bin/../lib/gcc/arm-none-eabi/9.2.1/thumb/v7e-m/nofp\libgcc.a(_aeabi_uldivmod.o)
 .data          0x20000004        0x0 c:/ti/ccs1220/ccs/tools/compiler/gcc-arm-none-eabi-9-2019-q4-major/bin/../lib/gcc/arm-none-eabi/9.2.1/thumb/v7e-m/nofp\libgcc.a(_udivmoddi4.o)
 .data          0x20000004        0x0 c:/ti/ccs1220/ccs/tools/compiler/gcc-arm-none-eabi-9-2019-q4-major/bin/../lib/gcc/arm-none-eabi/9.2.1/thumb/v7e-m/nofp\libgcc.a(_dvmd_tls.o)
 .data          0x20000004        0x0 c:/ti/ccs1220/ccs/tools/compiler/gcc-arm-none-eabi-9-2019-q4-major/bin/../lib/gcc/arm-none-eabi/9.2.1/../../../../arm-none-eabi/lib/thumb/v7e-m/nofp\libnosys.a(sbrk.o)
 .data          0x20000004        0x0 c:/ti/ccs1220/ccs/tools/compiler/gcc-arm-none-eabi-9-2019-q4-major/bin/../lib/gcc/arm-none-eabi/9.2.1/../../../../arm-none-eabi/lib/thumb/v7e-m/nofp\libnosys.a(_exit.o)
 .data          0x20000004        0x0 c:/ti/ccs1220/ccs/tools/compiler/gcc-arm-none-eabi-9-2019-q4-major/bin/../lib/gcc/arm-none-eabi/9.2.1/thumb/v7e-m/nofp/crtend.o
 .data          0x20000004        0x0 c:/ti/ccs1220/ccs/tools/compiler/gcc-arm-none-eabi-9-2019-q4-major/bin/../lib/gcc/arm-none-eabi/9.2.1/thumb/v7e-m/nofp/crtn.o
 *(.data*)
 .data.I2C_config
                0x20000004       0x30 ./Source/Driver/I2C/I2C.o
                0x20000004                I2C_config
 .data.UART_config
                0x20000034       0x60 ./Source/Driver/UART/UART.o
                0x20000034                UART_config
 .data._impure_ptr
                0x20000094        0x4 c:/ti/ccs1220/ccs/tools/compiler/gcc-arm-none-eabi-9-2019-q4-major/bin/../lib/gcc/arm-none-eabi/9.2.1/../../../../arm-none-eabi/lib/thumb/v7e-m/nofp\libc.a(lib_a-impure.o)
                0x20000094                _impure_ptr
 .data.impure_data
                0x20000098      0x428 c:/ti/ccs1220/ccs/tools/compiler/gcc-arm-none-eabi-9-2019-q4-major/bin/../lib/gcc/arm-none-eabi/9.2.1/../../../../arm-none-eabi/lib/thumb/v7e-m/nofp\libc.a(lib_a-impure.o)
 .data.__atexit_recursive_mutex
                0x200004c0        0x4 c:/ti/ccs1220/ccs/tools/compiler/gcc-arm-none-eabi-9-2019-q4-major/bin/../lib/gcc/arm-none-eabi/9.2.1/../../../../arm-none-eabi/lib/thumb/v7e-m/nofp\libc.a(lib_a-__call_atexit.o)
                0x200004c0                __atexit_recursive_mutex
 .data.__malloc_av_
                0x200004c4      0x408 c:/ti/ccs1220/ccs/tools/compiler/gcc-arm-none-eabi-9-2019-q4-major/bin/../lib/gcc/arm-none-eabi/9.2.1/../../../../arm-none-eabi/lib/thumb/v7e-m/nofp\libc.a(lib_a-mallocr.o)
                0x200004c4                __malloc_av_
 .data.__malloc_sbrk_base
                0x200008cc        0x4 c:/ti/ccs1220/ccs/tools/compiler/gcc-arm-none-eabi-9-2019-q4-major/bin/../lib/gcc/arm-none-eabi/9.2.1/../../../../arm-none-eabi/lib/thumb/v7e-m/nofp\libc.a(lib_a-mallocr.o)
                0x200008cc                __malloc_sbrk_base
 .data.__malloc_trim_threshold
                0x200008d0        0x4 c:/ti/ccs1220/ccs/tools/compiler/gcc-arm-none-eabi-9-2019-q4-major/bin/../lib/gcc/arm-none-eabi/9.2.1/../../../../arm-none-eabi/lib/thumb/v7e-m/nofp\libc.a(lib_a-mallocr.o)
                0x200008d0                __malloc_trim_threshold
 .data.__global_locale
                0x200008d4      0x16c c:/ti/ccs1220/ccs/tools/compiler/gcc-arm-none-eabi-9-2019-q4-major/bin/../lib/gcc/arm-none-eabi/9.2.1/../../../../arm-none-eabi/lib/thumb/v7e-m/nofp\libc.a(lib_a-locale.o)
                0x200008d4                __global_locale
                0x20000a40                . = ALIGN (0x4)
                0x20000a40                __data_end__ = .
                0x20000a40                _edata = __data_end__

.igot.plt       0x20000a40        0x0 load address 0x0000acc4
 .igot.plt      0x20000a40        0x0 c:/ti/ccs1220/ccs/tools/compiler/gcc-arm-none-eabi-9-2019-q4-major/bin/../lib/gcc/arm-none-eabi/9.2.1/thumb/v7e-m/nofp/crtbegin.o

.bss            0x20000a40      0x4d4 load address 0x0000acc4
                0x20000a40                __bss_start__ = .
 *(.bss)
 .bss           0x20000a40        0x0 c:/ti/ccs1220/ccs/tools/compiler/gcc-arm-none-eabi-9-2019-q4-major/bin/../lib/gcc/arm-none-eabi/9.2.1/thumb/v7e-m/nofp/crti.o
 .bss           0x20000a40       0x1c c:/ti/ccs1220/ccs/tools/compiler/gcc-arm-none-eabi-9-2019-q4-major/bin/../lib/gcc/arm-none-eabi/9.2.1/thumb/v7e-m/nofp/crtbegin.o
 .bss           0x20000a5c        0x0 c:/ti/ccs1220/ccs/tools/compiler/gcc-arm-none-eabi-9-2019-q4-major/bin/../lib/gcc/arm-none-eabi/9.2.1/../../../../arm-none-eabi/lib/thumb/v7e-m/nofp/crt0.o
 .bss           0x20000a5c        0x0 ./Source/App/Main/AppsDownloader.o
 .bss           0x20000a5c        0x0 ./Source/App/Main/main.o
 .bss           0x20000a5c        0x0 ./Source/BSP/bsp.o
 .bss           0x20000a5c        0x0 ./Source/BSP/startup_tm4c_gnu.o
 .bss           0x20000a5c        0x0 ./Source/Driver/ADC/ADC_Driver.o
 .bss           0x20000a5c        0x0 ./Source/Driver/FLASH/FLASH.o
 .bss           0x20000a5c        0x0 ./Source/Driver/GPIO/GPIOdriver.o
 .bss           0x20000a5c        0x0 ./Source/Driver/I2C/I2C.o
 .bss           0x20000a5c        0x0 ./Source/Driver/Timer/Timer.o
 .bss           0x20000a5c        0x0 ./Source/Driver/Timer/timercnter.o
 .bss           0x20000a5c        0x0 ./Source/Driver/UART/UART.o
 .bss           0x20000a5c        0x0 ./Source/Middleware/OLED_SSD1306/SSD1306.o
 .bss           0x20000a5c        0x0 c:/ti/ccs1220/ccs/tools/compiler/gcc-arm-none-eabi-9-2019-q4-major/bin/../lib/gcc/arm-none-eabi/9.2.1/../../../../arm-none-eabi/lib/thumb/v7e-m/nofp\libc.a(lib_a-exit.o)
 .bss           0x20000a5c        0x0 c:/ti/ccs1220/ccs/tools/compiler/gcc-arm-none-eabi-9-2019-q4-major/bin/../lib/gcc/arm-none-eabi/9.2.1/../../../../arm-none-eabi/lib/thumb/v7e-m/nofp\libc.a(lib_a-impure.o)
 .bss           0x20000a5c        0x0 c:/ti/ccs1220/ccs/tools/compiler/gcc-arm-none-eabi-9-2019-q4-major/bin/../lib/gcc/arm-none-eabi/9.2.1/../../../../arm-none-eabi/lib/thumb/v7e-m/nofp\libc.a(lib_a-init.o)
 .bss           0x20000a5c        0x0 c:/ti/ccs1220/ccs/tools/compiler/gcc-arm-none-eabi-9-2019-q4-major/bin/../lib/gcc/arm-none-eabi/9.2.1/../../../../arm-none-eabi/lib/thumb/v7e-m/nofp\libc.a(lib_a-memset.o)
 .bss           0x20000a5c        0x0 c:/ti/ccs1220/ccs/tools/compiler/gcc-arm-none-eabi-9-2019-q4-major/bin/../lib/gcc/arm-none-eabi/9.2.1/../../../../arm-none-eabi/lib/thumb/v7e-m/nofp\libc.a(lib_a-sprintf.o)
 .bss           0x20000a5c        0x0 c:/ti/ccs1220/ccs/tools/compiler/gcc-arm-none-eabi-9-2019-q4-major/bin/../lib/gcc/arm-none-eabi/9.2.1/../../../../arm-none-eabi/lib/thumb/v7e-m/nofp\libc.a(lib_a-svfprintf.o)
 .bss           0x20000a5c        0x0 c:/ti/ccs1220/ccs/tools/compiler/gcc-arm-none-eabi-9-2019-q4-major/bin/../lib/gcc/arm-none-eabi/9.2.1/../../../../arm-none-eabi/lib/thumb/v7e-m/nofp\libc.a(lib_a-__call_atexit.o)
 .bss           0x20000a5c        0x0 c:/ti/ccs1220/ccs/tools/compiler/gcc-arm-none-eabi-9-2019-q4-major/bin/../lib/gcc/arm-none-eabi/9.2.1/../../../../arm-none-eabi/lib/thumb/v7e-m/nofp\libc.a(lib_a-atexit.o)
 .bss           0x20000a5c        0x0 c:/ti/ccs1220/ccs/tools/compiler/gcc-arm-none-eabi-9-2019-q4-major/bin/../lib/gcc/arm-none-eabi/9.2.1/../../../../arm-none-eabi/lib/thumb/v7e-m/nofp\libc.a(lib_a-dtoa.o)
 .bss           0x20000a5c        0x0 c:/ti/ccs1220/ccs/tools/compiler/gcc-arm-none-eabi-9-2019-q4-major/bin/../lib/gcc/arm-none-eabi/9.2.1/../../../../arm-none-eabi/lib/thumb/v7e-m/nofp\libc.a(lib_a-fini.o)
 .bss           0x20000a5c        0x0 c:/ti/ccs1220/ccs/tools/compiler/gcc-arm-none-eabi-9-2019-q4-major/bin/../lib/gcc/arm-none-eabi/9.2.1/../../../../arm-none-eabi/lib/thumb/v7e-m/nofp\libc.a(lib_a-freer.o)
 .bss           0x20000a5c        0x0 c:/ti/ccs1220/ccs/tools/compiler/gcc-arm-none-eabi-9-2019-q4-major/bin/../lib/gcc/arm-none-eabi/9.2.1/../../../../arm-none-eabi/lib/thumb/v7e-m/nofp\libc.a(lib_a-localeconv.o)
 .bss           0x20000a5c        0x0 c:/ti/ccs1220/ccs/tools/compiler/gcc-arm-none-eabi-9-2019-q4-major/bin/../lib/gcc/arm-none-eabi/9.2.1/../../../../arm-none-eabi/lib/thumb/v7e-m/nofp\libc.a(lib_a-lock.o)
 .bss           0x20000a5c        0x0 c:/ti/ccs1220/ccs/tools/compiler/gcc-arm-none-eabi-9-2019-q4-major/bin/../lib/gcc/arm-none-eabi/9.2.1/../../../../arm-none-eabi/lib/thumb/v7e-m/nofp\libc.a(lib_a-mallocr.o)
 .bss           0x20000a5c        0x0 c:/ti/ccs1220/ccs/tools/compiler/gcc-arm-none-eabi-9-2019-q4-major/bin/../lib/gcc/arm-none-eabi/9.2.1/../../../../arm-none-eabi/lib/thumb/v7e-m/nofp\libc.a(lib_a-memchr.o)
 .bss           0x20000a5c        0x0 c:/ti/ccs1220/ccs/tools/compiler/gcc-arm-none-eabi-9-2019-q4-major/bin/../lib/gcc/arm-none-eabi/9.2.1/../../../../arm-none-eabi/lib/thumb/v7e-m/nofp\libc.a(lib_a-memcpy.o)
 .bss           0x20000a5c        0x0 c:/ti/ccs1220/ccs/tools/compiler/gcc-arm-none-eabi-9-2019-q4-major/bin/../lib/gcc/arm-none-eabi/9.2.1/../../../../arm-none-eabi/lib/thumb/v7e-m/nofp\libc.a(lib_a-mlock.o)
 .bss           0x20000a5c        0x0 c:/ti/ccs1220/ccs/tools/compiler/gcc-arm-none-eabi-9-2019-q4-major/bin/../lib/gcc/arm-none-eabi/9.2.1/../../../../arm-none-eabi/lib/thumb/v7e-m/nofp\libc.a(lib_a-mprec.o)
 .bss           0x20000a5c        0x0 c:/ti/ccs1220/ccs/tools/compiler/gcc-arm-none-eabi-9-2019-q4-major/bin/../lib/gcc/arm-none-eabi/9.2.1/../../../../arm-none-eabi/lib/thumb/v7e-m/nofp\libc.a(lib_a-s_frexp.o)
 .bss           0x20000a5c        0x0 c:/ti/ccs1220/ccs/tools/compiler/gcc-arm-none-eabi-9-2019-q4-major/bin/../lib/gcc/arm-none-eabi/9.2.1/../../../../arm-none-eabi/lib/thumb/v7e-m/nofp\libc.a(lib_a-sbrkr.o)
 .bss           0x20000a5c        0x0 c:/ti/ccs1220/ccs/tools/compiler/gcc-arm-none-eabi-9-2019-q4-major/bin/../lib/gcc/arm-none-eabi/9.2.1/../../../../arm-none-eabi/lib/thumb/v7e-m/nofp\libc.a(lib_a-strlen.o)
 .bss           0x20000a5c        0x0 c:/ti/ccs1220/ccs/tools/compiler/gcc-arm-none-eabi-9-2019-q4-major/bin/../lib/gcc/arm-none-eabi/9.2.1/../../../../arm-none-eabi/lib/thumb/v7e-m/nofp\libc.a(lib_a-strncpy.o)
 .bss           0x20000a5c        0x0 c:/ti/ccs1220/ccs/tools/compiler/gcc-arm-none-eabi-9-2019-q4-major/bin/../lib/gcc/arm-none-eabi/9.2.1/../../../../arm-none-eabi/lib/thumb/v7e-m/nofp\libc.a(lib_a-svfiprintf.o)
 .bss           0x20000a5c        0x0 c:/ti/ccs1220/ccs/tools/compiler/gcc-arm-none-eabi-9-2019-q4-major/bin/../lib/gcc/arm-none-eabi/9.2.1/../../../../arm-none-eabi/lib/thumb/v7e-m/nofp\libc.a(lib_a-__atexit.o)
 .bss           0x20000a5c        0x0 c:/ti/ccs1220/ccs/tools/compiler/gcc-arm-none-eabi-9-2019-q4-major/bin/../lib/gcc/arm-none-eabi/9.2.1/../../../../arm-none-eabi/lib/thumb/v7e-m/nofp\libc.a(lib_a-callocr.o)
 .bss           0x20000a5c        0x0 c:/ti/ccs1220/ccs/tools/compiler/gcc-arm-none-eabi-9-2019-q4-major/bin/../lib/gcc/arm-none-eabi/9.2.1/../../../../arm-none-eabi/lib/thumb/v7e-m/nofp\libc.a(lib_a-locale.o)
 .bss           0x20000a5c        0x0 c:/ti/ccs1220/ccs/tools/compiler/gcc-arm-none-eabi-9-2019-q4-major/bin/../lib/gcc/arm-none-eabi/9.2.1/../../../../arm-none-eabi/lib/thumb/v7e-m/nofp\libc.a(lib_a-mbtowc_r.o)
 .bss           0x20000a5c        0x0 c:/ti/ccs1220/ccs/tools/compiler/gcc-arm-none-eabi-9-2019-q4-major/bin/../lib/gcc/arm-none-eabi/9.2.1/../../../../arm-none-eabi/lib/thumb/v7e-m/nofp\libc.a(lib_a-memmove.o)
 .bss           0x20000a5c        0x0 c:/ti/ccs1220/ccs/tools/compiler/gcc-arm-none-eabi-9-2019-q4-major/bin/../lib/gcc/arm-none-eabi/9.2.1/../../../../arm-none-eabi/lib/thumb/v7e-m/nofp\libc.a(lib_a-reallocr.o)
 .bss           0x20000a5c        0x0 c:/ti/ccs1220/ccs/tools/compiler/gcc-arm-none-eabi-9-2019-q4-major/bin/../lib/gcc/arm-none-eabi/9.2.1/../../../../arm-none-eabi/lib/thumb/v7e-m/nofp\libc.a(lib_a-reent.o)
 .bss           0x20000a5c        0x0 c:/ti/ccs1220/ccs/tools/compiler/gcc-arm-none-eabi-9-2019-q4-major/bin/../lib/gcc/arm-none-eabi/9.2.1/../../../../arm-none-eabi/lib/thumb/v7e-m/nofp\libc.a(lib_a-strcmp.o)
 .bss           0x20000a5c        0x0 c:/ti/ccs1220/ccs/tools/compiler/gcc-arm-none-eabi-9-2019-q4-major/bin/../lib/gcc/arm-none-eabi/9.2.1/../../../../arm-none-eabi/lib/thumb/v7e-m/nofp\libc.a(lib_a-wctomb_r.o)
 .bss           0x20000a5c        0x0 c:/ti/ccs1220/ccs/tools/compiler/gcc-arm-none-eabi-9-2019-q4-major/bin/../lib/gcc/arm-none-eabi/9.2.1/../../../../arm-none-eabi/lib/thumb/v7e-m/nofp\libc.a(lib_a-ctype_.o)
 .bss           0x20000a5c        0x0 c:/ti/ccs1220/ccs/tools/compiler/gcc-arm-none-eabi-9-2019-q4-major/bin/../lib/gcc/arm-none-eabi/9.2.1/thumb/v7e-m/nofp\libgcc.a(_arm_muldf3.o)
 .bss           0x20000a5c        0x0 c:/ti/ccs1220/ccs/tools/compiler/gcc-arm-none-eabi-9-2019-q4-major/bin/../lib/gcc/arm-none-eabi/9.2.1/thumb/v7e-m/nofp\libgcc.a(_arm_mulsf3.o)
 .bss           0x20000a5c        0x0 c:/ti/ccs1220/ccs/tools/compiler/gcc-arm-none-eabi-9-2019-q4-major/bin/../lib/gcc/arm-none-eabi/9.2.1/thumb/v7e-m/nofp\libgcc.a(_arm_addsubdf3.o)
 .bss           0x20000a5c        0x0 c:/ti/ccs1220/ccs/tools/compiler/gcc-arm-none-eabi-9-2019-q4-major/bin/../lib/gcc/arm-none-eabi/9.2.1/thumb/v7e-m/nofp\libgcc.a(_arm_muldivdf3.o)
 .bss           0x20000a5c        0x0 c:/ti/ccs1220/ccs/tools/compiler/gcc-arm-none-eabi-9-2019-q4-major/bin/../lib/gcc/arm-none-eabi/9.2.1/thumb/v7e-m/nofp\libgcc.a(_arm_cmpdf2.o)
 .bss           0x20000a5c        0x0 c:/ti/ccs1220/ccs/tools/compiler/gcc-arm-none-eabi-9-2019-q4-major/bin/../lib/gcc/arm-none-eabi/9.2.1/thumb/v7e-m/nofp\libgcc.a(_arm_unorddf2.o)
 .bss           0x20000a5c        0x0 c:/ti/ccs1220/ccs/tools/compiler/gcc-arm-none-eabi-9-2019-q4-major/bin/../lib/gcc/arm-none-eabi/9.2.1/thumb/v7e-m/nofp\libgcc.a(_arm_fixdfsi.o)
 .bss           0x20000a5c        0x0 c:/ti/ccs1220/ccs/tools/compiler/gcc-arm-none-eabi-9-2019-q4-major/bin/../lib/gcc/arm-none-eabi/9.2.1/thumb/v7e-m/nofp\libgcc.a(_arm_truncdfsf2.o)
 .bss           0x20000a5c        0x0 c:/ti/ccs1220/ccs/tools/compiler/gcc-arm-none-eabi-9-2019-q4-major/bin/../lib/gcc/arm-none-eabi/9.2.1/thumb/v7e-m/nofp\libgcc.a(_arm_addsubsf3.o)
 .bss           0x20000a5c        0x0 c:/ti/ccs1220/ccs/tools/compiler/gcc-arm-none-eabi-9-2019-q4-major/bin/../lib/gcc/arm-none-eabi/9.2.1/thumb/v7e-m/nofp\libgcc.a(_arm_fixunssfsi.o)
 .bss           0x20000a5c        0x0 c:/ti/ccs1220/ccs/tools/compiler/gcc-arm-none-eabi-9-2019-q4-major/bin/../lib/gcc/arm-none-eabi/9.2.1/thumb/v7e-m/nofp\libgcc.a(_aeabi_uldivmod.o)
 .bss           0x20000a5c        0x0 c:/ti/ccs1220/ccs/tools/compiler/gcc-arm-none-eabi-9-2019-q4-major/bin/../lib/gcc/arm-none-eabi/9.2.1/thumb/v7e-m/nofp\libgcc.a(_udivmoddi4.o)
 .bss           0x20000a5c        0x0 c:/ti/ccs1220/ccs/tools/compiler/gcc-arm-none-eabi-9-2019-q4-major/bin/../lib/gcc/arm-none-eabi/9.2.1/thumb/v7e-m/nofp\libgcc.a(_dvmd_tls.o)
 .bss           0x20000a5c        0x0 c:/ti/ccs1220/ccs/tools/compiler/gcc-arm-none-eabi-9-2019-q4-major/bin/../lib/gcc/arm-none-eabi/9.2.1/../../../../arm-none-eabi/lib/thumb/v7e-m/nofp\libnosys.a(sbrk.o)
 .bss           0x20000a5c        0x0 c:/ti/ccs1220/ccs/tools/compiler/gcc-arm-none-eabi-9-2019-q4-major/bin/../lib/gcc/arm-none-eabi/9.2.1/../../../../arm-none-eabi/lib/thumb/v7e-m/nofp\libnosys.a(_exit.o)
 .bss           0x20000a5c        0x0 c:/ti/ccs1220/ccs/tools/compiler/gcc-arm-none-eabi-9-2019-q4-major/bin/../lib/gcc/arm-none-eabi/9.2.1/thumb/v7e-m/nofp/crtend.o
 .bss           0x20000a5c        0x0 c:/ti/ccs1220/ccs/tools/compiler/gcc-arm-none-eabi-9-2019-q4-major/bin/../lib/gcc/arm-none-eabi/9.2.1/thumb/v7e-m/nofp/crtn.o
 *(.bss*)
 .bss.l_tickCtr
                0x20000a5c        0x4 ./Source/BSP/bsp.o
 .bss.ADC_port_Flag
                0x20000a60        0xc ./Source/Driver/ADC/ADC_Driver.o
 .bss.ADC_Init_Flag
                0x20000a6c        0x1 ./Source/Driver/ADC/ADC_Driver.o
 *fill*         0x20000a6d        0x3 
 .bss.Port_IO_flag
                0x20000a70        0x6 ./Source/Driver/GPIO/GPIOdriver.o
 .bss.GPIO_Init_flag
                0x20000a76        0x1 ./Source/Driver/GPIO/GPIOdriver.o
 *fill*         0x20000a77        0x1 
 .bss.I2C_Index
                0x20000a78        0x4 ./Source/Driver/I2C/I2C.o
 .bss.error_code
                0x20000a7c        0x4 ./Source/Driver/I2C/I2C.o
 .bss.I2C_Init_Flag
                0x20000a80        0x1 ./Source/Driver/I2C/I2C.o
 *fill*         0x20000a81        0x3 
 .bss.I2C_TPR   0x20000a84        0x4 ./Source/Driver/I2C/I2C.o
 .bss.Timer_Flag
                0x20000a88        0x1 ./Source/Driver/Timer/Timer.o
                0x20000a88                Timer_Flag
 .bss.Timer0_Init_flag
                0x20000a89        0x1 ./Source/Driver/Timer/Timer.o
 .bss.Count_20ms
                0x20000a8a        0x2 ./Source/Driver/Timer/Timer.o
 .bss.Count_30ms
                0x20000a8c        0x2 ./Source/Driver/Timer/Timer.o
 .bss.Count_50ms
                0x20000a8e        0x2 ./Source/Driver/Timer/Timer.o
 .bss.Count_100ms
                0x20000a90        0x2 ./Source/Driver/Timer/Timer.o
 .bss.Count_200ms
                0x20000a92        0x2 ./Source/Driver/Timer/Timer.o
 .bss.Count_500ms
                0x20000a94        0x2 ./Source/Driver/Timer/Timer.o
 .bss.Count_1000ms
                0x20000a96        0x2 ./Source/Driver/Timer/Timer.o
 .bss.Count_2000ms
                0x20000a98        0x2 ./Source/Driver/Timer/Timer.o
 .bss.UART_Init_Flag
                0x20000a9a        0x1 ./Source/Driver/UART/UART.o
 *fill*         0x20000a9b        0x1 
 .bss.UART_Index
                0x20000a9c        0x4 ./Source/Driver/UART/UART.o
 .bss.BaudRate_Integer
                0x20000aa0        0x4 ./Source/Driver/UART/UART.o
 .bss.BaudRate_Float
                0x20000aa4        0x4 ./Source/Driver/UART/UART.o
 .bss.ssd1306_current_col
                0x20000aa8        0x1 ./Source/Middleware/OLED_SSD1306/SSD1306.o
                0x20000aa8                ssd1306_current_col
 .bss.ssd1306_current_page
                0x20000aa9        0x1 ./Source/Middleware/OLED_SSD1306/SSD1306.o
                0x20000aa9                ssd1306_current_page
 *fill*         0x20000aaa        0x2 
 .bss.__malloc_current_mallinfo
                0x20000aac       0x28 c:/ti/ccs1220/ccs/tools/compiler/gcc-arm-none-eabi-9-2019-q4-major/bin/../lib/gcc/arm-none-eabi/9.2.1/../../../../arm-none-eabi/lib/thumb/v7e-m/nofp\libc.a(lib_a-mallocr.o)
                0x20000aac                __malloc_current_mallinfo
 .bss.__malloc_max_sbrked_mem
                0x20000ad4        0x4 c:/ti/ccs1220/ccs/tools/compiler/gcc-arm-none-eabi-9-2019-q4-major/bin/../lib/gcc/arm-none-eabi/9.2.1/../../../../arm-none-eabi/lib/thumb/v7e-m/nofp\libc.a(lib_a-mallocr.o)
                0x20000ad4                __malloc_max_sbrked_mem
 .bss.__malloc_max_total_mem
                0x20000ad8        0x4 c:/ti/ccs1220/ccs/tools/compiler/gcc-arm-none-eabi-9-2019-q4-major/bin/../lib/gcc/arm-none-eabi/9.2.1/../../../../arm-none-eabi/lib/thumb/v7e-m/nofp\libc.a(lib_a-mallocr.o)
                0x20000ad8                __malloc_max_total_mem
 .bss.__malloc_top_pad
                0x20000adc        0x4 c:/ti/ccs1220/ccs/tools/compiler/gcc-arm-none-eabi-9-2019-q4-major/bin/../lib/gcc/arm-none-eabi/9.2.1/../../../../arm-none-eabi/lib/thumb/v7e-m/nofp\libc.a(lib_a-mallocr.o)
                0x20000adc                __malloc_top_pad
 .bss._PathLocale
                0x20000ae0        0x4 c:/ti/ccs1220/ccs/tools/compiler/gcc-arm-none-eabi-9-2019-q4-major/bin/../lib/gcc/arm-none-eabi/9.2.1/../../../../arm-none-eabi/lib/thumb/v7e-m/nofp\libc.a(lib_a-locale.o)
                0x20000ae0                _PathLocale
 .bss.heap_end.4144
                0x20000ae4        0x4 c:/ti/ccs1220/ccs/tools/compiler/gcc-arm-none-eabi-9-2019-q4-major/bin/../lib/gcc/arm-none-eabi/9.2.1/../../../../arm-none-eabi/lib/thumb/v7e-m/nofp\libnosys.a(sbrk.o)
 *(COMMON)
 COMMON         0x20000ae8        0x4 ./Source/Driver/UART/UART.o
                0x20000ae8                temp
 COMMON         0x20000aec      0x400 ./Source/Middleware/OLED_SSD1306/SSD1306.o
                0x20000aec                ssd1306_buffer
 COMMON         0x20000eec       0x21 c:/ti/ccs1220/ccs/tools/compiler/gcc-arm-none-eabi-9-2019-q4-major/bin/../lib/gcc/arm-none-eabi/9.2.1/../../../../arm-none-eabi/lib/thumb/v7e-m/nofp\libc.a(lib_a-lock.o)
                0x20000eec                __lock___atexit_recursive_mutex
                0x20000ef0                __lock___arc4random_mutex
                0x20000ef4                __lock___env_recursive_mutex
                0x20000ef8                __lock___sinit_recursive_mutex
                0x20000efc                __lock___malloc_recursive_mutex
                0x20000f00                __lock___at_quick_exit_mutex
                0x20000f04                __lock___dd_hash_mutex
                0x20000f08                __lock___tz_mutex
                0x20000f0c                __lock___sfp_recursive_mutex
 *fill*         0x20000f0d        0x3 
 COMMON         0x20000f10        0x4 c:/ti/ccs1220/ccs/tools/compiler/gcc-arm-none-eabi-9-2019-q4-major/bin/../lib/gcc/arm-none-eabi/9.2.1/../../../../arm-none-eabi/lib/thumb/v7e-m/nofp\libc.a(lib_a-reent.o)
                0x20000f10                errno
                0x20000f14                . = ALIGN (0x4)
                0x20000f14                _ebss = .
                0x20000f14                __bss_end__ = .
                0x20000f14                PROVIDE (end = _ebss)
                [!provide]                PROVIDE (_end = _ebss)
                [!provide]                PROVIDE (__end__ = _ebss)

.heap           0x20000f14        0x0
                0x20000f14                __heap_start__ = .
                0x20000f14                . = (. + HEAP_SIZE)
                0x20000f14                . = ALIGN (0x4)
                0x20000f14                __heap_end__ = .

.stack          0x20000f14     0x1000 load address 0x0000b198
                0x20000f14                __stack_start__ = .
                0x20001f14                . = (. + STACK_SIZE)
 *fill*         0x20000f14     0x1000 